
> miro-clone@0.1.0 test
> jest

FAIL src/lib/__tests__/canvas-engine.test.ts
  ● CanvasEngine › Canvas Initialization › should resize canvas when container resizes

    TypeError: Cannot read properties of undefined (reading 'calls')

      113 |       
      114 |       // Trigger resize observer callback
    > 115 |       const resizeObserverCallback = jest.mocked(ResizeObserver).mock.calls[0][0]
          |                                                                      ^
      116 |       resizeObserverCallback([{ target: container } as any], {} as any)
      117 |       
      118 |       // Wait for async operations

      at Object.<anonymous> (src/lib/__tests__/canvas-engine.test.ts:115:70)

  ● CanvasEngine › Canvas Initialization › should maintain canvas aspect ratio on resize

    TypeError: Cannot read properties of undefined (reading 'calls')

      140 |       })
      141 |       
    > 142 |       const resizeObserverCallback = jest.mocked(ResizeObserver).mock.calls[0][0]
          |                                                                      ^
      143 |       resizeObserverCallback([{ target: container } as any], {} as any)
      144 |       
      145 |       // The canvas should update to new dimensions

      at Object.<anonymous> (src/lib/__tests__/canvas-engine.test.ts:142:70)

  ● CanvasEngine › Smooth Interactions › should handle drag operations smoothly

    TypeError: Cannot read properties of undefined (reading 'Rect')

      200 |       
      201 |       // Create a test element
    > 202 |       const rect = new (window as any).fabric.Rect({
          |                                               ^
      203 |         left: 100,
      204 |         top: 100,
      205 |         width: 100,

      at Object.Rect (src/lib/__tests__/canvas-engine.test.ts:202:47)

  ● CanvasEngine › Smooth Interactions › should handle resize operations smoothly

    TypeError: Cannot read properties of undefined (reading 'Rect')

      242 |       
      243 |       // Create a test element
    > 244 |       const rect = new (window as any).fabric.Rect({
          |                                               ^
      245 |         left: 100,
      246 |         top: 100,
      247 |         width: 100,

      at Object.Rect (src/lib/__tests__/canvas-engine.test.ts:244:47)

  ● CanvasEngine › Smooth Interactions › should debounce rapid create operations

    TypeError: Cannot read properties of undefined (reading 'Rect')

      278 |       
      279 |       positions.forEach(pos => {
    > 280 |         const rect = new (window as any).fabric.Rect({
          |                                                 ^
      281 |           left: pos.x,
      282 |           top: pos.y,
      283 |           width: 50,

      at Rect (src/lib/__tests__/canvas-engine.test.ts:280:49)
          at Array.forEach (<anonymous>)
      at Object.forEach (src/lib/__tests__/canvas-engine.test.ts:279:17)

  ● CanvasEngine › Touch and Gesture Support › should handle pinch zoom smoothly

    ReferenceError: Touch is not defined

      307 |       const touchStartEvent = new TouchEvent('touchstart', {
      308 |         touches: [
    > 309 |           new Touch({ identifier: 1, target: container, ...touch1Start }),
          |               ^
      310 |           new Touch({ identifier: 2, target: container, ...touch2Start })
      311 |         ] as any,
      312 |         bubbles: true

      at Object.Touch (src/lib/__tests__/canvas-engine.test.ts:309:15)

  ● CanvasEngine › Smooth Rendering Setup › should configure canvas for optimal performance

    expect(received).toBe(expected) // Object.is equality

    Expected: false
    Received: undefined

      380 |       
      381 |       // Check performance-related canvas settings
    > 382 |       expect((canvas as any).renderOnAddRemove).toBe(false)
          |                                                 ^
      383 |       expect((canvas as any).skipOffscreen).toBe(true)
      384 |       expect((canvas as any).stateful).toBe(false)
      385 |     })

      at Object.toBe (src/lib/__tests__/canvas-engine.test.ts:382:49)

PASS src/__tests__/element-creation.test.ts
  ● Console

    console.warn
      Failed to create sticky note Fabric object: Error: Canvas add failed
          at Object.<anonymous> (/Users/shuhaozhang/Project/miro-clone/src/__tests__/element-creation.test.ts:444:15)
          at /Users/shuhaozhang/Project/miro-clone/node_modules/jest-mock/build/index.js:397:39
          at Object.<anonymous> (/Users/shuhaozhang/Project/miro-clone/node_modules/jest-mock/build/index.js:404:13)
          at Object.mockConstructor [as add] (/Users/shuhaozhang/Project/miro-clone/node_modules/jest-mock/build/index.js:148:19)
          at ElementManager.add [as createStickyNoteFabricObject] (/Users/shuhaozhang/Project/miro-clone/src/lib/element-manager.ts:497:19)
          at ElementManager.createStickyNoteFabricObject [as createStickyNote] (/Users/shuhaozhang/Project/miro-clone/src/lib/element-manager.ts:122:10)
          at createStickyNote (/Users/shuhaozhang/Project/miro-clone/src/__tests__/element-creation.test.ts:448:24)
          at Object.<anonymous> (/Users/shuhaozhang/Project/miro-clone/node_modules/expect/build/toThrowMatchers.js:74:11)
          at Object.throwingMatcher [as toThrow] (/Users/shuhaozhang/Project/miro-clone/node_modules/expect/build/index.js:320:21)
          at Object.toThrow (/Users/shuhaozhang/Project/miro-clone/src/__tests__/element-creation.test.ts:449:14)
          at Promise.then.completed (/Users/shuhaozhang/Project/miro-clone/node_modules/jest-circus/build/utils.js:298:28)
          at new Promise (<anonymous>)
          at callAsyncCircusFn (/Users/shuhaozhang/Project/miro-clone/node_modules/jest-circus/build/utils.js:231:10)
          at _callCircusTest (/Users/shuhaozhang/Project/miro-clone/node_modules/jest-circus/build/run.js:316:40)
          at processTicksAndRejections (node:internal/process/task_queues:105:5)
          at _runTest (/Users/shuhaozhang/Project/miro-clone/node_modules/jest-circus/build/run.js:252:3)
          at _runTestsForDescribeBlock (/Users/shuhaozhang/Project/miro-clone/node_modules/jest-circus/build/run.js:126:9)
          at _runTestsForDescribeBlock (/Users/shuhaozhang/Project/miro-clone/node_modules/jest-circus/build/run.js:121:9)
          at _runTestsForDescribeBlock (/Users/shuhaozhang/Project/miro-clone/node_modules/jest-circus/build/run.js:121:9)
          at run (/Users/shuhaozhang/Project/miro-clone/node_modules/jest-circus/build/run.js:71:3)
          at runAndTransformResultsToJestFormat (/Users/shuhaozhang/Project/miro-clone/node_modules/jest-circus/build/legacy-code-todo-rewrite/jestAdapterInit.js:122:21)
          at jestAdapter (/Users/shuhaozhang/Project/miro-clone/node_modules/jest-circus/build/legacy-code-todo-rewrite/jestAdapter.js:79:19)
          at runTestInternal (/Users/shuhaozhang/Project/miro-clone/node_modules/jest-runner/build/runTest.js:367:16)
          at runTest (/Users/shuhaozhang/Project/miro-clone/node_modules/jest-runner/build/runTest.js:444:34)
          at Object.worker (/Users/shuhaozhang/Project/miro-clone/node_modules/jest-runner/build/testWorker.js:106:12)

      499 |
      500 |     } catch (error) {
    > 501 |       console.warn('Failed to create sticky note Fabric object:', error)
          |               ^
      502 |     }
      503 |   }
      504 |

      at ElementManager.warn [as createStickyNoteFabricObject] (src/lib/element-manager.ts:501:15)
      at ElementManager.createStickyNoteFabricObject [as createStickyNote] (src/lib/element-manager.ts:122:10)
      at createStickyNote (src/__tests__/element-creation.test.ts:448:24)
      at Object.<anonymous> (node_modules/expect/build/toThrowMatchers.js:74:11)
      at Object.throwingMatcher [as toThrow] (node_modules/expect/build/index.js:320:21)
      at Object.toThrow (src/__tests__/element-creation.test.ts:449:14)

    console.warn
      Failed to create image Fabric object: TypeError: _fabric.fabric.Image.fromURL is not a function
          at ElementManager.fromURL [as createImageFabricObject] (/Users/shuhaozhang/Project/miro-clone/src/lib/element-manager.ts:943:20)
          at ElementManager.createImageFabricObject [as createImage] (/Users/shuhaozhang/Project/miro-clone/src/lib/element-manager.ts:851:10)
          at Object.createImage (/Users/shuhaozhang/Project/miro-clone/src/__tests__/element-creation.test.ts:659:36)
          at Promise.then.completed (/Users/shuhaozhang/Project/miro-clone/node_modules/jest-circus/build/utils.js:298:28)
          at new Promise (<anonymous>)
          at callAsyncCircusFn (/Users/shuhaozhang/Project/miro-clone/node_modules/jest-circus/build/utils.js:231:10)
          at _callCircusTest (/Users/shuhaozhang/Project/miro-clone/node_modules/jest-circus/build/run.js:316:40)
          at processTicksAndRejections (node:internal/process/task_queues:105:5)
          at _runTest (/Users/shuhaozhang/Project/miro-clone/node_modules/jest-circus/build/run.js:252:3)
          at _runTestsForDescribeBlock (/Users/shuhaozhang/Project/miro-clone/node_modules/jest-circus/build/run.js:126:9)
          at _runTestsForDescribeBlock (/Users/shuhaozhang/Project/miro-clone/node_modules/jest-circus/build/run.js:121:9)
          at _runTestsForDescribeBlock (/Users/shuhaozhang/Project/miro-clone/node_modules/jest-circus/build/run.js:121:9)
          at run (/Users/shuhaozhang/Project/miro-clone/node_modules/jest-circus/build/run.js:71:3)
          at runAndTransformResultsToJestFormat (/Users/shuhaozhang/Project/miro-clone/node_modules/jest-circus/build/legacy-code-todo-rewrite/jestAdapterInit.js:122:21)
          at jestAdapter (/Users/shuhaozhang/Project/miro-clone/node_modules/jest-circus/build/legacy-code-todo-rewrite/jestAdapter.js:79:19)
          at runTestInternal (/Users/shuhaozhang/Project/miro-clone/node_modules/jest-runner/build/runTest.js:367:16)
          at runTest (/Users/shuhaozhang/Project/miro-clone/node_modules/jest-runner/build/runTest.js:444:34)
          at Object.worker (/Users/shuhaozhang/Project/miro-clone/node_modules/jest-runner/build/testWorker.js:106:12)

      956 |       })
      957 |     } catch (error) {
    > 958 |       console.warn('Failed to create image Fabric object:', error)
          |               ^
      959 |     }
      960 |   }
      961 | }

      at ElementManager.warn [as createImageFabricObject] (src/lib/element-manager.ts:958:15)
      at ElementManager.createImageFabricObject [as createImage] (src/lib/element-manager.ts:851:10)
      at Object.createImage (src/__tests__/element-creation.test.ts:659:36)

    console.warn
      Failed to create image Fabric object: TypeError: _fabric.fabric.Image.fromURL is not a function
          at ElementManager.fromURL [as createImageFabricObject] (/Users/shuhaozhang/Project/miro-clone/src/lib/element-manager.ts:943:20)
          at ElementManager.createImageFabricObject [as createImage] (/Users/shuhaozhang/Project/miro-clone/src/lib/element-manager.ts:851:10)
          at Object.createImage (/Users/shuhaozhang/Project/miro-clone/src/__tests__/element-creation.test.ts:678:36)
          at Promise.then.completed (/Users/shuhaozhang/Project/miro-clone/node_modules/jest-circus/build/utils.js:298:28)
          at new Promise (<anonymous>)
          at callAsyncCircusFn (/Users/shuhaozhang/Project/miro-clone/node_modules/jest-circus/build/utils.js:231:10)
          at _callCircusTest (/Users/shuhaozhang/Project/miro-clone/node_modules/jest-circus/build/run.js:316:40)
          at processTicksAndRejections (node:internal/process/task_queues:105:5)
          at _runTest (/Users/shuhaozhang/Project/miro-clone/node_modules/jest-circus/build/run.js:252:3)
          at _runTestsForDescribeBlock (/Users/shuhaozhang/Project/miro-clone/node_modules/jest-circus/build/run.js:126:9)
          at _runTestsForDescribeBlock (/Users/shuhaozhang/Project/miro-clone/node_modules/jest-circus/build/run.js:121:9)
          at _runTestsForDescribeBlock (/Users/shuhaozhang/Project/miro-clone/node_modules/jest-circus/build/run.js:121:9)
          at run (/Users/shuhaozhang/Project/miro-clone/node_modules/jest-circus/build/run.js:71:3)
          at runAndTransformResultsToJestFormat (/Users/shuhaozhang/Project/miro-clone/node_modules/jest-circus/build/legacy-code-todo-rewrite/jestAdapterInit.js:122:21)
          at jestAdapter (/Users/shuhaozhang/Project/miro-clone/node_modules/jest-circus/build/legacy-code-todo-rewrite/jestAdapter.js:79:19)
          at runTestInternal (/Users/shuhaozhang/Project/miro-clone/node_modules/jest-runner/build/runTest.js:367:16)
          at runTest (/Users/shuhaozhang/Project/miro-clone/node_modules/jest-runner/build/runTest.js:444:34)
          at Object.worker (/Users/shuhaozhang/Project/miro-clone/node_modules/jest-runner/build/testWorker.js:106:12)

      956 |       })
      957 |     } catch (error) {
    > 958 |       console.warn('Failed to create image Fabric object:', error)
          |               ^
      959 |     }
      960 |   }
      961 | }

      at ElementManager.warn [as createImageFabricObject] (src/lib/element-manager.ts:958:15)
      at ElementManager.createImageFabricObject [as createImage] (src/lib/element-manager.ts:851:10)
      at Object.createImage (src/__tests__/element-creation.test.ts:678:36)

    console.warn
      Failed to create image Fabric object: TypeError: _fabric.fabric.Image.fromURL is not a function
          at ElementManager.fromURL [as createImageFabricObject] (/Users/shuhaozhang/Project/miro-clone/src/lib/element-manager.ts:943:20)
          at ElementManager.createImageFabricObject [as createImage] (/Users/shuhaozhang/Project/miro-clone/src/lib/element-manager.ts:851:10)
          at Object.createImage (/Users/shuhaozhang/Project/miro-clone/src/__tests__/element-creation.test.ts:693:36)
          at Promise.then.completed (/Users/shuhaozhang/Project/miro-clone/node_modules/jest-circus/build/utils.js:298:28)
          at new Promise (<anonymous>)
          at callAsyncCircusFn (/Users/shuhaozhang/Project/miro-clone/node_modules/jest-circus/build/utils.js:231:10)
          at _callCircusTest (/Users/shuhaozhang/Project/miro-clone/node_modules/jest-circus/build/run.js:316:40)
          at processTicksAndRejections (node:internal/process/task_queues:105:5)
          at _runTest (/Users/shuhaozhang/Project/miro-clone/node_modules/jest-circus/build/run.js:252:3)
          at _runTestsForDescribeBlock (/Users/shuhaozhang/Project/miro-clone/node_modules/jest-circus/build/run.js:126:9)
          at _runTestsForDescribeBlock (/Users/shuhaozhang/Project/miro-clone/node_modules/jest-circus/build/run.js:121:9)
          at _runTestsForDescribeBlock (/Users/shuhaozhang/Project/miro-clone/node_modules/jest-circus/build/run.js:121:9)
          at run (/Users/shuhaozhang/Project/miro-clone/node_modules/jest-circus/build/run.js:71:3)
          at runAndTransformResultsToJestFormat (/Users/shuhaozhang/Project/miro-clone/node_modules/jest-circus/build/legacy-code-todo-rewrite/jestAdapterInit.js:122:21)
          at jestAdapter (/Users/shuhaozhang/Project/miro-clone/node_modules/jest-circus/build/legacy-code-todo-rewrite/jestAdapter.js:79:19)
          at runTestInternal (/Users/shuhaozhang/Project/miro-clone/node_modules/jest-runner/build/runTest.js:367:16)
          at runTest (/Users/shuhaozhang/Project/miro-clone/node_modules/jest-runner/build/runTest.js:444:34)
          at Object.worker (/Users/shuhaozhang/Project/miro-clone/node_modules/jest-runner/build/testWorker.js:106:12)

      956 |       })
      957 |     } catch (error) {
    > 958 |       console.warn('Failed to create image Fabric object:', error)
          |               ^
      959 |     }
      960 |   }
      961 | }

      at ElementManager.warn [as createImageFabricObject] (src/lib/element-manager.ts:958:15)
      at ElementManager.createImageFabricObject [as createImage] (src/lib/element-manager.ts:851:10)
      at Object.createImage (src/__tests__/element-creation.test.ts:693:36)

    console.warn
      Failed to create image Fabric object: TypeError: _fabric.fabric.Image.fromURL is not a function
          at ElementManager.fromURL [as createImageFabricObject] (/Users/shuhaozhang/Project/miro-clone/src/lib/element-manager.ts:943:20)
          at ElementManager.createImageFabricObject [as createImage] (/Users/shuhaozhang/Project/miro-clone/src/lib/element-manager.ts:851:10)
          at Object.createImage (/Users/shuhaozhang/Project/miro-clone/src/__tests__/element-creation.test.ts:731:22)
          at processTicksAndRejections (node:internal/process/task_queues:105:5)

      956 |       })
      957 |     } catch (error) {
    > 958 |       console.warn('Failed to create image Fabric object:', error)
          |               ^
      959 |     }
      960 |   }
      961 | }

      at ElementManager.warn [as createImageFabricObject] (src/lib/element-manager.ts:958:15)
      at ElementManager.createImageFabricObject [as createImage] (src/lib/element-manager.ts:851:10)
      at Object.createImage (src/__tests__/element-creation.test.ts:731:22)

FAIL src/__tests__/smooth-interactions.test.ts
  ● Smooth Interactions Tests › Frame Rate Management › should throttle render calls to prevent frame drops

    expect(jest.fn()).toHaveBeenCalledTimes(expected)

    Expected number of calls: 1
    Received number of calls: 2

      122 |       
      123 |       // Should only schedule one render per frame
    > 124 |       expect(requestAnimationFrame).toHaveBeenCalledTimes(1)
          |                                     ^
      125 |     })
      126 |
      127 |     it('should use RAF for smooth animations', () => {

      at Object.toHaveBeenCalledTimes (src/__tests__/smooth-interactions.test.ts:124:37)

  ● Smooth Interactions Tests › Frame Rate Management › should use RAF for smooth animations

    expect(jest.fn()).toHaveBeenCalledTimes(expected)

    Expected number of calls: 2
    Received number of calls: 6

      136 |       
      137 |       // Should request next frame
    > 138 |       expect(requestAnimationFrame).toHaveBeenCalledTimes(2)
          |                                     ^
      139 |     })
      140 |   })
      141 |

      at Object.toHaveBeenCalledTimes (src/__tests__/smooth-interactions.test.ts:138:37)

  ● Smooth Interactions Tests › Drag Operations › should handle drag momentum physics

    expect(received).toBeGreaterThan(expected)

    Expected: > 200
    Received:   100

      202 |         // Should have momentum (moving beyond release point)
      203 |         if (i < 10) {
    > 204 |           expect(currentPos.x).toBeGreaterThan(lastPos.x)
          |                                ^
      205 |         }
      206 |         
      207 |         lastPos = currentPos

      at Object.toBeGreaterThan (src/__tests__/smooth-interactions.test.ts:204:32)

  ● Smooth Interactions Tests › Drag Operations › should debounce drag events for performance

    expect(jest.fn()).toHaveBeenCalledTimes(expected)

    Expected number of calls: 1
    Received number of calls: 0

      222 |       
      223 |       // Should batch updates, not call 100 times
    > 224 |       expect(updateSpy).toHaveBeenCalledTimes(1) // Throttled
          |                         ^
      225 |     })
      226 |   })
      227 |

      at Object.toHaveBeenCalledTimes (src/__tests__/smooth-interactions.test.ts:224:25)

  ● Smooth Interactions Tests › Resize Operations › should handle resize with aspect ratio constraints

    expect(received).toBe(expected) // Object.is equality

    Expected: 200
    Received: 100

      280 |       // Height should scale proportionally
      281 |       expect(size.width).toBe(400)
    > 282 |       expect(size.height).toBe(200) // Maintains 2:1 ratio
          |                           ^
      283 |     })
      284 |
      285 |     it('should smooth resize transitions with easing', () => {

      at Object.toBe (src/__tests__/smooth-interactions.test.ts:282:27)

  ● Smooth Interactions Tests › Element Creation › should animate element creation smoothly

    expect(received).toBeLessThan(expected)

    Expected: < 1
    Received:   1

      340 |       // Initial state should be scaled down
      341 |       let scale = canvasEngine.getElementScale(element.id)
    > 342 |       expect(scale).toBeLessThan(1)
          |                     ^
      343 |       
      344 |       // Animate creation
      345 |       for (let i = 0; i <= 18; i++) { // 300ms at 60fps

      at Object.toBeLessThan (src/__tests__/smooth-interactions.test.ts:342:21)

  ● Smooth Interactions Tests › Element Creation › should provide ghost preview during creation

    expect(received).toEqual(expected) // deep equality

    - Expected  - 2
    + Received  + 2

      Object {
    -   "x": 200,
    -   "y": 150,
    +   "x": 0,
    +   "y": 0,
      }

      369 |       const preview = canvasEngine.getCreationPreview()
      370 |       expect(preview).toBeDefined()
    > 371 |       expect(preview.position).toEqual({ x: 200, y: 150 })
          |                                ^
      372 |       expect(preview.opacity).toBeLessThan(1) // Ghost effect
      373 |       
      374 |       // Finish creation

      at Object.toEqual (src/__tests__/smooth-interactions.test.ts:371:32)

  ● Smooth Interactions Tests › Element Creation › should smooth creation drag for shapes

    expect(received).toBeGreaterThan(expected)

    Expected: > 0
    Received:   0

      402 |       // Should show smooth size updates
      403 |       const preview = canvasEngine.getCreationPreview()
    > 404 |       expect(preview.width).toBeGreaterThan(0)
          |                             ^
      405 |       expect(preview.height).toBeGreaterThan(0)
      406 |       
      407 |       // Finish creation

      at Object.toBeGreaterThan (src/__tests__/smooth-interactions.test.ts:404:29)

  ● Smooth Interactions Tests › Pan and Zoom › should provide smooth zoom with center point

    TypeError: this.canvas.setZoom is not a function

      376 |     
      377 |     this.camera.zoom = clampedZoom
    > 378 |     this.canvas.setZoom(clampedZoom)
          |                 ^
      379 |     this.throttledRender()
      380 |     
      381 |     // Emit zoom event

      at CanvasEngine.setZoom [as zoomTo] (src/lib/canvas-engine.ts:378:17)
      at zoomTo (src/lib/canvas-engine.ts:423:14)
      at cb (src/__tests__/smooth-interactions.test.ts:464:33)
          at Array.forEach (<anonymous>)
      at Object.forEach (src/__tests__/smooth-interactions.test.ts:464:19)

  ● Smooth Interactions Tests › Pan and Zoom › should handle pinch zoom gestures smoothly

    TypeError: this.canvas.setZoom is not a function

      401 |     
      402 |     this.camera.zoom = clampedZoom
    > 403 |     this.canvas.setZoom(clampedZoom)
          |                 ^
      404 |     
      405 |     // Adjust pan to maintain zoom center
      406 |     this.panBy({ x: -offsetX / clampedZoom, y: -offsetY / clampedZoom })

      at CanvasEngine.setZoom [as zoomToPoint] (src/lib/canvas-engine.ts:403:17)
      at CanvasEngine.zoomToPoint [as updatePinchZoom] (src/lib/canvas-engine.ts:1250:12)
      at Object.updatePinchZoom (src/__tests__/smooth-interactions.test.ts:500:22)

  ● Smooth Interactions Tests › Performance Monitoring › should auto-adjust quality for performance

    expect(received).toBe(expected) // Object.is equality

    Expected: "reduced"
    Received: "high"

      555 |       // Should reduce quality settings
      556 |       const quality = canvasEngine.getRenderQuality()
    > 557 |       expect(quality).toBe('reduced') // Auto-adjusted for performance
          |                       ^
      558 |     })
      559 |
      560 |     it('should batch render operations efficiently', () => {

      at Object.toBe (src/__tests__/smooth-interactions.test.ts:557:23)

FAIL src/lib/__tests__/resize-handler.test.ts
  ● Resize Handler Tests › Canvas Resize Integration › should maintain aspect ratio during resize

    expect(jest.fn()).toHaveBeenCalledWith(...expected)

    Expected: {"height": 900, "width": 1600}
    Received
           1
              Object {
            -   "height": 900,
            -   "width": 1600,
            +   "height": 1080,
            +   "width": 1920,
              },
           2
              Object {
            -   "height": 900,
            -   "width": 1600,
            +   "height": 1000,
            +   "width": 1777.7777777777776,
              },

    Number of calls: 2

      131 |       
      132 |       // Should adjust height to maintain 16:9
    > 133 |       expect(resizeCallback).toHaveBeenCalledWith({ 
          |                              ^
      134 |         width: 1600, 
      135 |         height: 900 
      136 |       })

      at Object.toHaveBeenCalledWith (src/lib/__tests__/resize-handler.test.ts:133:30)

PASS src/__tests__/undo-redo.test.ts
PASS src/__tests__/store.test.ts
PASS src/__tests__/layering.test.ts
PASS src/__tests__/auth.test.ts
PASS src/__tests__/drawing-tools.test.ts
FAIL src/__tests__/canvas-engine.test.ts
  ● CanvasEngine › Canvas Initialization › should set up event listeners for canvas interactions

    expect(jest.fn()).toHaveBeenCalledWith(...expected)

    Expected: "mouse:wheel", Any<Function>

    Number of calls: 0

      64 |
      65 |     it('should set up event listeners for canvas interactions', () => {
    > 66 |       expect(mockCanvas.on).toHaveBeenCalledWith('mouse:wheel', expect.any(Function))
         |                             ^
      67 |       expect(mockCanvas.on).toHaveBeenCalledWith('mouse:down', expect.any(Function))
      68 |       expect(mockCanvas.on).toHaveBeenCalledWith('mouse:move', expect.any(Function))
      69 |       expect(mockCanvas.on).toHaveBeenCalledWith('mouse:up', expect.any(Function))

      at Object.toHaveBeenCalledWith (src/__tests__/canvas-engine.test.ts:66:29)

  ● CanvasEngine › Camera Controls - Pan › should pan to absolute position

    expect(jest.fn()).toHaveBeenCalled()

    Expected number of calls: >= 1
    Received number of calls:    0

      86 |       expect(camera.y).toBe(150)
      87 |       expect(mockCanvas.absolutePan).toHaveBeenCalledWith({ x: -100, y: -150 })
    > 88 |       expect(mockCanvas.renderAll).toHaveBeenCalled()
         |                                    ^
      89 |     })
      90 |
      91 |     it('should pan by relative offset', () => {

      at Object.toHaveBeenCalled (src/__tests__/canvas-engine.test.ts:88:36)

  ● CanvasEngine › Camera Controls - Pan › should pan by relative offset

    expect(jest.fn()).toHaveBeenCalled()

    Expected number of calls: >= 1
    Received number of calls:    0

       99 |       expect(camera.y).toBe(initialCamera.y - 30)
      100 |       expect(mockCanvas.relativePan).toHaveBeenCalledWith(panDelta)
    > 101 |       expect(mockCanvas.renderAll).toHaveBeenCalled()
          |                                    ^
      102 |     })
      103 |
      104 |     it('should smoothly animate pan to position', async () => {

      at Object.toHaveBeenCalled (src/__tests__/canvas-engine.test.ts:101:36)

  ● CanvasEngine › Camera Controls - Zoom › should zoom to specific level

    expect(jest.fn()).toHaveBeenCalled()

    Expected number of calls: >= 1
    Received number of calls:    0

      154 |       
      155 |       expect(mockCanvas.setZoom).toHaveBeenCalledWith(1.5)
    > 156 |       expect(mockCanvas.renderAll).toHaveBeenCalled()
          |                                    ^
      157 |       expect(canvasEngine.getCamera().zoom).toBe(1.5)
      158 |     })
      159 |

      at Object.toHaveBeenCalled (src/__tests__/canvas-engine.test.ts:156:36)

  ● CanvasEngine › Mouse/Touch Interaction Handling › should handle mouse wheel zoom

    TypeError: Cannot read properties of undefined (reading '1')

      245 |       const wheelHandler = mockCanvas.on.mock.calls.find(
      246 |         call => call[0] === 'mouse:wheel'
    > 247 |       )[1]
          |        ^
      248 |       
      249 |       wheelHandler(wheelEvent)
      250 |       

      at Object.<anonymous> (src/__tests__/canvas-engine.test.ts:247:8)

  ● CanvasEngine › Performance Optimization › should throttle render calls during rapid interactions

    expect(jest.fn()).toHaveBeenCalledTimes(expected)

    Expected number of calls: 1
    Received number of calls: 0

      389 |       
      390 |       // Should throttle to avoid excessive renders (one per frame)
    > 391 |       expect(renderSpy).toHaveBeenCalledTimes(1)
          |                         ^
      392 |     })
      393 |
      394 |     it('should maintain 60fps during smooth animations', async () => {

      at Object.toHaveBeenCalledTimes (src/__tests__/canvas-engine.test.ts:391:25)

FAIL src/components/__tests__/FPSCounter.test.tsx
  ● FPSCounter › should update FPS value based on frame rate

    expect(element).toHaveTextContent()

    Expected element to have text content:
      /[5-6][0-9] FPS/
    Received:
      0 FPS

      42 |     
      43 |     const fpsDisplay = screen.getByTestId('fps-value')
    > 44 |     expect(fpsDisplay).toHaveTextContent(/[5-6][0-9] FPS/)
         |                        ^
      45 |   })
      46 |
      47 |   it('should show performance indicator color', () => {

      at Object.toHaveTextContent (src/components/__tests__/FPSCounter.test.tsx:44:24)

  ● FPSCounter › should show performance indicator color

    expect(element).toHaveClass("fps-medium")

    Expected the element to have class:
      fps-medium
    Received:
      fps-good

      66 |       jest.advanceTimersByTime(1000)
      67 |     })
    > 68 |     expect(indicator).toHaveClass('fps-medium')
         |                       ^
      69 |     
      70 |     // Poor performance (< 30 FPS)
      71 |     act(() => {

      at Object.toHaveClass (src/components/__tests__/FPSCounter.test.tsx:68:23)

  ● FPSCounter › should calculate average FPS over time window

    expect(element).toHaveTextContent()

    Expected element to have text content:
      /4[0-9] FPS/
    Received:
      0 FPS

       98 |     const fpsDisplay = screen.getByTestId('fps-value')
       99 |     // Average should be around 45 FPS
    > 100 |     expect(fpsDisplay).toHaveTextContent(/4[0-9] FPS/)
          |                        ^
      101 |   })
      102 |
      103 |   it('should be toggleable via visibility prop', () => {

      at Object.toHaveTextContent (src/components/__tests__/FPSCounter.test.tsx:100:24)

  ● FPSCounter › should expose FPS data via callback

    expect(jest.fn()).toHaveBeenCalledWith(...expected)

    Expected: ObjectContaining {"average": Any<Number>, "current": Any<Number>, "max": Any<Number>, "min": Any<Number>}

    Number of calls: 0

      122 |     })
      123 |     
    > 124 |     expect(onFPSUpdate).toHaveBeenCalledWith(expect.objectContaining({
          |                         ^
      125 |       current: expect.any(Number),
      126 |       average: expect.any(Number),
      127 |       min: expect.any(Number),

      at Object.toHaveBeenCalledWith (src/components/__tests__/FPSCounter.test.tsx:124:25)

PASS src/components/__tests__/PerformanceMetrics.test.tsx
FAIL src/__tests__/utils/test-helpers.tsx
  ● Test suite failed to run

    Your test suite must contain at least one test.

      at onResult (node_modules/@jest/core/build/TestScheduler.js:133:18)
      at node_modules/@jest/core/build/TestScheduler.js:254:19
      at node_modules/emittery/index.js:363:13
          at Array.map (<anonymous>)
      at Emittery.emit (node_modules/emittery/index.js:361:23)

PASS src/__tests__/canvas-disposal.test.tsx
  ● Console

    console.warn
      Error disposing fabric canvas: Error [NotFoundError]: Failed to execute removeChild on Node
          at Object.<anonymous> (/Users/shuhaozhang/Project/miro-clone/src/__tests__/canvas-disposal.test.tsx:101:23)
          at /Users/shuhaozhang/Project/miro-clone/node_modules/jest-mock/build/index.js:397:39
          at Object.<anonymous> (/Users/shuhaozhang/Project/miro-clone/node_modules/jest-mock/build/index.js:404:13)
          at Object.mockConstructor [as dispose] (/Users/shuhaozhang/Project/miro-clone/node_modules/jest-mock/build/index.js:148:19)
          at dispose (/Users/shuhaozhang/Project/miro-clone/src/hooks/useCanvas.ts:95:35)
          at safelyCallDestroy (/Users/shuhaozhang/Project/miro-clone/node_modules/react-dom/cjs/react-dom.development.js:22971:5)
          at commitHookEffectListUnmount (/Users/shuhaozhang/Project/miro-clone/node_modules/react-dom/cjs/react-dom.development.js:23139:11)
          at commitPassiveUnmountInsideDeletedTreeOnFiber (/Users/shuhaozhang/Project/miro-clone/node_modules/react-dom/cjs/react-dom.development.js:25140:11)
          at commitPassiveUnmountEffectsInsideOfDeletedTree_begin (/Users/shuhaozhang/Project/miro-clone/node_modules/react-dom/cjs/react-dom.development.js:25087:5)
          at commitPassiveUnmountEffects_begin (/Users/shuhaozhang/Project/miro-clone/node_modules/react-dom/cjs/react-dom.development.js:24995:11)
          at commitPassiveUnmountEffects (/Users/shuhaozhang/Project/miro-clone/node_modules/react-dom/cjs/react-dom.development.js:24980:3)
          at flushPassiveEffectsImpl (/Users/shuhaozhang/Project/miro-clone/node_modules/react-dom/cjs/react-dom.development.js:27077:3)
          at flushPassiveEffects (/Users/shuhaozhang/Project/miro-clone/node_modules/react-dom/cjs/react-dom.development.js:27023:14)
          at commitRootImpl (/Users/shuhaozhang/Project/miro-clone/node_modules/react-dom/cjs/react-dom.development.js:26974:5)
          at commitRoot (/Users/shuhaozhang/Project/miro-clone/node_modules/react-dom/cjs/react-dom.development.js:26721:5)
          at performSyncWorkOnRoot (/Users/shuhaozhang/Project/miro-clone/node_modules/react-dom/cjs/react-dom.development.js:26156:3)
          at flushSyncCallbacks (/Users/shuhaozhang/Project/miro-clone/node_modules/react-dom/cjs/react-dom.development.js:12042:22)
          at flushSync (/Users/shuhaozhang/Project/miro-clone/node_modules/react-dom/cjs/react-dom.development.js:26240:7)
          at ReactDOMRoot.Object.<anonymous>.ReactDOMHydrationRoot.unmount.ReactDOMRoot.unmount [as unmount] (/Users/shuhaozhang/Project/miro-clone/node_modules/react-dom/cjs/react-dom.development.js:29375:5)
          at Object.unmount (/Users/shuhaozhang/Project/miro-clone/node_modules/@testing-library/react/dist/pure.js:155:12)
          at /Users/shuhaozhang/Project/miro-clone/node_modules/@testing-library/react/dist/pure.js:197:14
          at /Users/shuhaozhang/Project/miro-clone/node_modules/@testing-library/react/dist/act-compat.js:48:24
          at act (/Users/shuhaozhang/Project/miro-clone/node_modules/react/cjs/react.development.js:2512:16)
          at /Users/shuhaozhang/Project/miro-clone/node_modules/@testing-library/react/dist/act-compat.js:47:25
          at unmount (/Users/shuhaozhang/Project/miro-clone/node_modules/@testing-library/react/dist/pure.js:196:30)
          at unmount (/Users/shuhaozhang/Project/miro-clone/src/__tests__/canvas-disposal.test.tsx:107:20)
          at Object.<anonymous> (/Users/shuhaozhang/Project/miro-clone/node_modules/expect/build/toThrowMatchers.js:74:11)
          at Object.throwingMatcher [as toThrow] (/Users/shuhaozhang/Project/miro-clone/node_modules/expect/build/index.js:320:21)
          at Object.toThrow (/Users/shuhaozhang/Project/miro-clone/src/__tests__/canvas-disposal.test.tsx:107:35)

      102 |         error.name = 'NotFoundError'
      103 |         // Should catch and handle gracefully
    > 104 |         console.warn('Error disposing fabric canvas:', error)
          |                 ^
      105 |       })
      106 |
      107 |       expect(() => unmount()).not.toThrow()

      at Object.warn (src/__tests__/canvas-disposal.test.tsx:104:17)
      at dispose (src/hooks/useCanvas.ts:95:35)
      at safelyCallDestroy (node_modules/react-dom/cjs/react-dom.development.js:22971:5)
      at commitHookEffectListUnmount (node_modules/react-dom/cjs/react-dom.development.js:23139:11)
      at commitPassiveUnmountInsideDeletedTreeOnFiber (node_modules/react-dom/cjs/react-dom.development.js:25140:11)
      at commitPassiveUnmountEffectsInsideOfDeletedTree_begin (node_modules/react-dom/cjs/react-dom.development.js:25087:5)
      at commitPassiveUnmountEffects_begin (node_modules/react-dom/cjs/react-dom.development.js:24995:11)
      at commitPassiveUnmountEffects (node_modules/react-dom/cjs/react-dom.development.js:24980:3)
      at flushPassiveEffectsImpl (node_modules/react-dom/cjs/react-dom.development.js:27077:3)
      at flushPassiveEffects (node_modules/react-dom/cjs/react-dom.development.js:27023:14)
      at commitRootImpl (node_modules/react-dom/cjs/react-dom.development.js:26974:5)
      at commitRoot (node_modules/react-dom/cjs/react-dom.development.js:26721:5)
      at performSyncWorkOnRoot (node_modules/react-dom/cjs/react-dom.development.js:26156:3)
      at flushSyncCallbacks (node_modules/react-dom/cjs/react-dom.development.js:12042:22)
      at flushSync (node_modules/react-dom/cjs/react-dom.development.js:26240:7)
      at ReactDOMRoot.Object.<anonymous>.ReactDOMHydrationRoot.unmount.ReactDOMRoot.unmount [as unmount] (node_modules/react-dom/cjs/react-dom.development.js:29375:5)
      at Object.unmount (node_modules/@testing-library/react/dist/pure.js:155:12)
      at node_modules/@testing-library/react/dist/pure.js:197:14
      at node_modules/@testing-library/react/dist/act-compat.js:48:24
      at act (node_modules/react/cjs/react.development.js:2512:16)
      at node_modules/@testing-library/react/dist/act-compat.js:47:25
      at unmount (node_modules/@testing-library/react/dist/pure.js:196:30)
      at unmount (src/__tests__/canvas-disposal.test.tsx:107:20)
      at Object.<anonymous> (node_modules/expect/build/toThrowMatchers.js:74:11)
      at Object.throwingMatcher [as toThrow] (node_modules/expect/build/index.js:320:21)
      at Object.toThrow (src/__tests__/canvas-disposal.test.tsx:107:35)

FAIL src/components/__tests__/Whiteboard.test.tsx
  ● Console

    console.error
      Failed to initialize canvas: TypeError: engine.panTo is not a function
          at panTo (/Users/shuhaozhang/Project/miro-clone/src/hooks/useCanvas.ts:71:16)
          at initCanvas (/Users/shuhaozhang/Project/miro-clone/src/hooks/useCanvas.ts:87:5)
          at commitHookEffectListMount (/Users/shuhaozhang/Project/miro-clone/node_modules/react-dom/cjs/react-dom.development.js:23189:26)
          at commitPassiveMountOnFiber (/Users/shuhaozhang/Project/miro-clone/node_modules/react-dom/cjs/react-dom.development.js:24970:11)
          at commitPassiveMountEffects_complete (/Users/shuhaozhang/Project/miro-clone/node_modules/react-dom/cjs/react-dom.development.js:24930:9)
          at commitPassiveMountEffects_begin (/Users/shuhaozhang/Project/miro-clone/node_modules/react-dom/cjs/react-dom.development.js:24917:7)
          at commitPassiveMountEffects (/Users/shuhaozhang/Project/miro-clone/node_modules/react-dom/cjs/react-dom.development.js:24905:3)
          at flushPassiveEffectsImpl (/Users/shuhaozhang/Project/miro-clone/node_modules/react-dom/cjs/react-dom.development.js:27078:3)
          at flushPassiveEffects (/Users/shuhaozhang/Project/miro-clone/node_modules/react-dom/cjs/react-dom.development.js:27023:14)
          at /Users/shuhaozhang/Project/miro-clone/node_modules/react-dom/cjs/react-dom.development.js:26808:9
          at flushActQueue (/Users/shuhaozhang/Project/miro-clone/node_modules/react/cjs/react.development.js:2667:24)
          at act (/Users/shuhaozhang/Project/miro-clone/node_modules/react/cjs/react.development.js:2582:11)
          at /Users/shuhaozhang/Project/miro-clone/node_modules/@testing-library/react/dist/act-compat.js:47:25
          at renderRoot (/Users/shuhaozhang/Project/miro-clone/node_modules/@testing-library/react/dist/pure.js:180:26)
          at render (/Users/shuhaozhang/Project/miro-clone/node_modules/@testing-library/react/dist/pure.js:271:10)
          at Object.<anonymous> (/Users/shuhaozhang/Project/miro-clone/src/components/__tests__/Whiteboard.test.tsx:54:35)
          at Promise.then.completed (/Users/shuhaozhang/Project/miro-clone/node_modules/jest-circus/build/utils.js:298:28)
          at new Promise (<anonymous>)
          at callAsyncCircusFn (/Users/shuhaozhang/Project/miro-clone/node_modules/jest-circus/build/utils.js:231:10)
          at _callCircusTest (/Users/shuhaozhang/Project/miro-clone/node_modules/jest-circus/build/run.js:316:40)
          at processTicksAndRejections (node:internal/process/task_queues:105:5)
          at _runTest (/Users/shuhaozhang/Project/miro-clone/node_modules/jest-circus/build/run.js:252:3)
          at _runTestsForDescribeBlock (/Users/shuhaozhang/Project/miro-clone/node_modules/jest-circus/build/run.js:126:9)
          at _runTestsForDescribeBlock (/Users/shuhaozhang/Project/miro-clone/node_modules/jest-circus/build/run.js:121:9)
          at _runTestsForDescribeBlock (/Users/shuhaozhang/Project/miro-clone/node_modules/jest-circus/build/run.js:121:9)
          at run (/Users/shuhaozhang/Project/miro-clone/node_modules/jest-circus/build/run.js:71:3)
          at runAndTransformResultsToJestFormat (/Users/shuhaozhang/Project/miro-clone/node_modules/jest-circus/build/legacy-code-todo-rewrite/jestAdapterInit.js:122:21)
          at jestAdapter (/Users/shuhaozhang/Project/miro-clone/node_modules/jest-circus/build/legacy-code-todo-rewrite/jestAdapter.js:79:19)
          at runTestInternal (/Users/shuhaozhang/Project/miro-clone/node_modules/jest-runner/build/runTest.js:367:16)
          at runTest (/Users/shuhaozhang/Project/miro-clone/node_modules/jest-runner/build/runTest.js:444:34)
          at Object.worker (/Users/shuhaozhang/Project/miro-clone/node_modules/jest-runner/build/testWorker.js:106:12)

      74 |         setIsInitialized(true)
      75 |       } catch (error) {
    > 76 |         console.error('Failed to initialize canvas:', error)
         |                 ^
      77 |         if (engine && !disposed) {
      78 |           try {
      79 |             engine.dispose()

      at error (src/hooks/useCanvas.ts:76:17)
      at initCanvas (src/hooks/useCanvas.ts:87:5)
      at commitHookEffectListMount (node_modules/react-dom/cjs/react-dom.development.js:23189:26)
      at commitPassiveMountOnFiber (node_modules/react-dom/cjs/react-dom.development.js:24970:11)
      at commitPassiveMountEffects_complete (node_modules/react-dom/cjs/react-dom.development.js:24930:9)
      at commitPassiveMountEffects_begin (node_modules/react-dom/cjs/react-dom.development.js:24917:7)
      at commitPassiveMountEffects (node_modules/react-dom/cjs/react-dom.development.js:24905:3)
      at flushPassiveEffectsImpl (node_modules/react-dom/cjs/react-dom.development.js:27078:3)
      at flushPassiveEffects (node_modules/react-dom/cjs/react-dom.development.js:27023:14)
      at node_modules/react-dom/cjs/react-dom.development.js:26808:9
      at flushActQueue (node_modules/react/cjs/react.development.js:2667:24)
      at act (node_modules/react/cjs/react.development.js:2582:11)
      at node_modules/@testing-library/react/dist/act-compat.js:47:25
      at renderRoot (node_modules/@testing-library/react/dist/pure.js:180:26)
      at render (node_modules/@testing-library/react/dist/pure.js:271:10)
      at Object.<anonymous> (src/components/__tests__/Whiteboard.test.tsx:54:35)

    console.error
      Failed to initialize canvas: TypeError: engine.panTo is not a function
          at panTo (/Users/shuhaozhang/Project/miro-clone/src/hooks/useCanvas.ts:71:16)
          at initCanvas (/Users/shuhaozhang/Project/miro-clone/src/hooks/useCanvas.ts:87:5)
          at commitHookEffectListMount (/Users/shuhaozhang/Project/miro-clone/node_modules/react-dom/cjs/react-dom.development.js:23189:26)
          at commitPassiveMountOnFiber (/Users/shuhaozhang/Project/miro-clone/node_modules/react-dom/cjs/react-dom.development.js:24970:11)
          at commitPassiveMountEffects_complete (/Users/shuhaozhang/Project/miro-clone/node_modules/react-dom/cjs/react-dom.development.js:24930:9)
          at commitPassiveMountEffects_begin (/Users/shuhaozhang/Project/miro-clone/node_modules/react-dom/cjs/react-dom.development.js:24917:7)
          at commitPassiveMountEffects (/Users/shuhaozhang/Project/miro-clone/node_modules/react-dom/cjs/react-dom.development.js:24905:3)
          at flushPassiveEffectsImpl (/Users/shuhaozhang/Project/miro-clone/node_modules/react-dom/cjs/react-dom.development.js:27078:3)
          at flushPassiveEffects (/Users/shuhaozhang/Project/miro-clone/node_modules/react-dom/cjs/react-dom.development.js:27023:14)
          at /Users/shuhaozhang/Project/miro-clone/node_modules/react-dom/cjs/react-dom.development.js:26808:9
          at flushActQueue (/Users/shuhaozhang/Project/miro-clone/node_modules/react/cjs/react.development.js:2667:24)
          at act (/Users/shuhaozhang/Project/miro-clone/node_modules/react/cjs/react.development.js:2582:11)
          at /Users/shuhaozhang/Project/miro-clone/node_modules/@testing-library/react/dist/act-compat.js:47:25
          at renderRoot (/Users/shuhaozhang/Project/miro-clone/node_modules/@testing-library/react/dist/pure.js:180:26)
          at render (/Users/shuhaozhang/Project/miro-clone/node_modules/@testing-library/react/dist/pure.js:271:10)
          at Object.<anonymous> (/Users/shuhaozhang/Project/miro-clone/src/components/__tests__/Whiteboard.test.tsx:70:35)
          at Promise.then.completed (/Users/shuhaozhang/Project/miro-clone/node_modules/jest-circus/build/utils.js:298:28)
          at new Promise (<anonymous>)
          at callAsyncCircusFn (/Users/shuhaozhang/Project/miro-clone/node_modules/jest-circus/build/utils.js:231:10)
          at _callCircusTest (/Users/shuhaozhang/Project/miro-clone/node_modules/jest-circus/build/run.js:316:40)
          at processTicksAndRejections (node:internal/process/task_queues:105:5)
          at _runTest (/Users/shuhaozhang/Project/miro-clone/node_modules/jest-circus/build/run.js:252:3)
          at _runTestsForDescribeBlock (/Users/shuhaozhang/Project/miro-clone/node_modules/jest-circus/build/run.js:126:9)
          at _runTestsForDescribeBlock (/Users/shuhaozhang/Project/miro-clone/node_modules/jest-circus/build/run.js:121:9)
          at _runTestsForDescribeBlock (/Users/shuhaozhang/Project/miro-clone/node_modules/jest-circus/build/run.js:121:9)
          at run (/Users/shuhaozhang/Project/miro-clone/node_modules/jest-circus/build/run.js:71:3)
          at runAndTransformResultsToJestFormat (/Users/shuhaozhang/Project/miro-clone/node_modules/jest-circus/build/legacy-code-todo-rewrite/jestAdapterInit.js:122:21)
          at jestAdapter (/Users/shuhaozhang/Project/miro-clone/node_modules/jest-circus/build/legacy-code-todo-rewrite/jestAdapter.js:79:19)
          at runTestInternal (/Users/shuhaozhang/Project/miro-clone/node_modules/jest-runner/build/runTest.js:367:16)
          at runTest (/Users/shuhaozhang/Project/miro-clone/node_modules/jest-runner/build/runTest.js:444:34)
          at Object.worker (/Users/shuhaozhang/Project/miro-clone/node_modules/jest-runner/build/testWorker.js:106:12)

      74 |         setIsInitialized(true)
      75 |       } catch (error) {
    > 76 |         console.error('Failed to initialize canvas:', error)
         |                 ^
      77 |         if (engine && !disposed) {
      78 |           try {
      79 |             engine.dispose()

      at error (src/hooks/useCanvas.ts:76:17)
      at initCanvas (src/hooks/useCanvas.ts:87:5)
      at commitHookEffectListMount (node_modules/react-dom/cjs/react-dom.development.js:23189:26)
      at commitPassiveMountOnFiber (node_modules/react-dom/cjs/react-dom.development.js:24970:11)
      at commitPassiveMountEffects_complete (node_modules/react-dom/cjs/react-dom.development.js:24930:9)
      at commitPassiveMountEffects_begin (node_modules/react-dom/cjs/react-dom.development.js:24917:7)
      at commitPassiveMountEffects (node_modules/react-dom/cjs/react-dom.development.js:24905:3)
      at flushPassiveEffectsImpl (node_modules/react-dom/cjs/react-dom.development.js:27078:3)
      at flushPassiveEffects (node_modules/react-dom/cjs/react-dom.development.js:27023:14)
      at node_modules/react-dom/cjs/react-dom.development.js:26808:9
      at flushActQueue (node_modules/react/cjs/react.development.js:2667:24)
      at act (node_modules/react/cjs/react.development.js:2582:11)
      at node_modules/@testing-library/react/dist/act-compat.js:47:25
      at renderRoot (node_modules/@testing-library/react/dist/pure.js:180:26)
      at render (node_modules/@testing-library/react/dist/pure.js:271:10)
      at Object.<anonymous> (src/components/__tests__/Whiteboard.test.tsx:70:35)

    console.error
      Failed to initialize canvas: TypeError: engine.panTo is not a function
          at panTo (/Users/shuhaozhang/Project/miro-clone/src/hooks/useCanvas.ts:71:16)
          at initCanvas (/Users/shuhaozhang/Project/miro-clone/src/hooks/useCanvas.ts:87:5)
          at commitHookEffectListMount (/Users/shuhaozhang/Project/miro-clone/node_modules/react-dom/cjs/react-dom.development.js:23189:26)
          at commitPassiveMountOnFiber (/Users/shuhaozhang/Project/miro-clone/node_modules/react-dom/cjs/react-dom.development.js:24970:11)
          at commitPassiveMountEffects_complete (/Users/shuhaozhang/Project/miro-clone/node_modules/react-dom/cjs/react-dom.development.js:24930:9)
          at commitPassiveMountEffects_begin (/Users/shuhaozhang/Project/miro-clone/node_modules/react-dom/cjs/react-dom.development.js:24917:7)
          at commitPassiveMountEffects (/Users/shuhaozhang/Project/miro-clone/node_modules/react-dom/cjs/react-dom.development.js:24905:3)
          at flushPassiveEffectsImpl (/Users/shuhaozhang/Project/miro-clone/node_modules/react-dom/cjs/react-dom.development.js:27078:3)
          at flushPassiveEffects (/Users/shuhaozhang/Project/miro-clone/node_modules/react-dom/cjs/react-dom.development.js:27023:14)
          at /Users/shuhaozhang/Project/miro-clone/node_modules/react-dom/cjs/react-dom.development.js:26808:9
          at flushActQueue (/Users/shuhaozhang/Project/miro-clone/node_modules/react/cjs/react.development.js:2667:24)
          at act (/Users/shuhaozhang/Project/miro-clone/node_modules/react/cjs/react.development.js:2582:11)
          at /Users/shuhaozhang/Project/miro-clone/node_modules/@testing-library/react/dist/act-compat.js:47:25
          at renderRoot (/Users/shuhaozhang/Project/miro-clone/node_modules/@testing-library/react/dist/pure.js:180:26)
          at render (/Users/shuhaozhang/Project/miro-clone/node_modules/@testing-library/react/dist/pure.js:271:10)
          at Object.<anonymous> (/Users/shuhaozhang/Project/miro-clone/src/components/__tests__/Whiteboard.test.tsx:88:35)
          at Promise.then.completed (/Users/shuhaozhang/Project/miro-clone/node_modules/jest-circus/build/utils.js:298:28)
          at new Promise (<anonymous>)
          at callAsyncCircusFn (/Users/shuhaozhang/Project/miro-clone/node_modules/jest-circus/build/utils.js:231:10)
          at _callCircusTest (/Users/shuhaozhang/Project/miro-clone/node_modules/jest-circus/build/run.js:316:40)
          at processTicksAndRejections (node:internal/process/task_queues:105:5)
          at _runTest (/Users/shuhaozhang/Project/miro-clone/node_modules/jest-circus/build/run.js:252:3)
          at _runTestsForDescribeBlock (/Users/shuhaozhang/Project/miro-clone/node_modules/jest-circus/build/run.js:126:9)
          at _runTestsForDescribeBlock (/Users/shuhaozhang/Project/miro-clone/node_modules/jest-circus/build/run.js:121:9)
          at _runTestsForDescribeBlock (/Users/shuhaozhang/Project/miro-clone/node_modules/jest-circus/build/run.js:121:9)
          at run (/Users/shuhaozhang/Project/miro-clone/node_modules/jest-circus/build/run.js:71:3)
          at runAndTransformResultsToJestFormat (/Users/shuhaozhang/Project/miro-clone/node_modules/jest-circus/build/legacy-code-todo-rewrite/jestAdapterInit.js:122:21)
          at jestAdapter (/Users/shuhaozhang/Project/miro-clone/node_modules/jest-circus/build/legacy-code-todo-rewrite/jestAdapter.js:79:19)
          at runTestInternal (/Users/shuhaozhang/Project/miro-clone/node_modules/jest-runner/build/runTest.js:367:16)
          at runTest (/Users/shuhaozhang/Project/miro-clone/node_modules/jest-runner/build/runTest.js:444:34)
          at Object.worker (/Users/shuhaozhang/Project/miro-clone/node_modules/jest-runner/build/testWorker.js:106:12)

      74 |         setIsInitialized(true)
      75 |       } catch (error) {
    > 76 |         console.error('Failed to initialize canvas:', error)
         |                 ^
      77 |         if (engine && !disposed) {
      78 |           try {
      79 |             engine.dispose()

      at error (src/hooks/useCanvas.ts:76:17)
      at initCanvas (src/hooks/useCanvas.ts:87:5)
      at commitHookEffectListMount (node_modules/react-dom/cjs/react-dom.development.js:23189:26)
      at commitPassiveMountOnFiber (node_modules/react-dom/cjs/react-dom.development.js:24970:11)
      at commitPassiveMountEffects_complete (node_modules/react-dom/cjs/react-dom.development.js:24930:9)
      at commitPassiveMountEffects_begin (node_modules/react-dom/cjs/react-dom.development.js:24917:7)
      at commitPassiveMountEffects (node_modules/react-dom/cjs/react-dom.development.js:24905:3)
      at flushPassiveEffectsImpl (node_modules/react-dom/cjs/react-dom.development.js:27078:3)
      at flushPassiveEffects (node_modules/react-dom/cjs/react-dom.development.js:27023:14)
      at node_modules/react-dom/cjs/react-dom.development.js:26808:9
      at flushActQueue (node_modules/react/cjs/react.development.js:2667:24)
      at act (node_modules/react/cjs/react.development.js:2582:11)
      at node_modules/@testing-library/react/dist/act-compat.js:47:25
      at renderRoot (node_modules/@testing-library/react/dist/pure.js:180:26)
      at render (node_modules/@testing-library/react/dist/pure.js:271:10)
      at Object.<anonymous> (src/components/__tests__/Whiteboard.test.tsx:88:35)

    console.error
      Failed to initialize canvas: TypeError: engine.panTo is not a function
          at panTo (/Users/shuhaozhang/Project/miro-clone/src/hooks/useCanvas.ts:71:16)
          at initCanvas (/Users/shuhaozhang/Project/miro-clone/src/hooks/useCanvas.ts:87:5)
          at commitHookEffectListMount (/Users/shuhaozhang/Project/miro-clone/node_modules/react-dom/cjs/react-dom.development.js:23189:26)
          at commitPassiveMountOnFiber (/Users/shuhaozhang/Project/miro-clone/node_modules/react-dom/cjs/react-dom.development.js:24970:11)
          at commitPassiveMountEffects_complete (/Users/shuhaozhang/Project/miro-clone/node_modules/react-dom/cjs/react-dom.development.js:24930:9)
          at commitPassiveMountEffects_begin (/Users/shuhaozhang/Project/miro-clone/node_modules/react-dom/cjs/react-dom.development.js:24917:7)
          at commitPassiveMountEffects (/Users/shuhaozhang/Project/miro-clone/node_modules/react-dom/cjs/react-dom.development.js:24905:3)
          at flushPassiveEffectsImpl (/Users/shuhaozhang/Project/miro-clone/node_modules/react-dom/cjs/react-dom.development.js:27078:3)
          at flushPassiveEffects (/Users/shuhaozhang/Project/miro-clone/node_modules/react-dom/cjs/react-dom.development.js:27023:14)
          at /Users/shuhaozhang/Project/miro-clone/node_modules/react-dom/cjs/react-dom.development.js:26808:9
          at flushActQueue (/Users/shuhaozhang/Project/miro-clone/node_modules/react/cjs/react.development.js:2667:24)
          at act (/Users/shuhaozhang/Project/miro-clone/node_modules/react/cjs/react.development.js:2582:11)
          at /Users/shuhaozhang/Project/miro-clone/node_modules/@testing-library/react/dist/act-compat.js:47:25
          at renderRoot (/Users/shuhaozhang/Project/miro-clone/node_modules/@testing-library/react/dist/pure.js:180:26)
          at render (/Users/shuhaozhang/Project/miro-clone/node_modules/@testing-library/react/dist/pure.js:271:10)
          at Object.<anonymous> (/Users/shuhaozhang/Project/miro-clone/src/components/__tests__/Whiteboard.test.tsx:102:35)
          at Promise.then.completed (/Users/shuhaozhang/Project/miro-clone/node_modules/jest-circus/build/utils.js:298:28)
          at new Promise (<anonymous>)
          at callAsyncCircusFn (/Users/shuhaozhang/Project/miro-clone/node_modules/jest-circus/build/utils.js:231:10)
          at _callCircusTest (/Users/shuhaozhang/Project/miro-clone/node_modules/jest-circus/build/run.js:316:40)
          at processTicksAndRejections (node:internal/process/task_queues:105:5)
          at _runTest (/Users/shuhaozhang/Project/miro-clone/node_modules/jest-circus/build/run.js:252:3)
          at _runTestsForDescribeBlock (/Users/shuhaozhang/Project/miro-clone/node_modules/jest-circus/build/run.js:126:9)
          at _runTestsForDescribeBlock (/Users/shuhaozhang/Project/miro-clone/node_modules/jest-circus/build/run.js:121:9)
          at _runTestsForDescribeBlock (/Users/shuhaozhang/Project/miro-clone/node_modules/jest-circus/build/run.js:121:9)
          at run (/Users/shuhaozhang/Project/miro-clone/node_modules/jest-circus/build/run.js:71:3)
          at runAndTransformResultsToJestFormat (/Users/shuhaozhang/Project/miro-clone/node_modules/jest-circus/build/legacy-code-todo-rewrite/jestAdapterInit.js:122:21)
          at jestAdapter (/Users/shuhaozhang/Project/miro-clone/node_modules/jest-circus/build/legacy-code-todo-rewrite/jestAdapter.js:79:19)
          at runTestInternal (/Users/shuhaozhang/Project/miro-clone/node_modules/jest-runner/build/runTest.js:367:16)
          at runTest (/Users/shuhaozhang/Project/miro-clone/node_modules/jest-runner/build/runTest.js:444:34)
          at Object.worker (/Users/shuhaozhang/Project/miro-clone/node_modules/jest-runner/build/testWorker.js:106:12)

      74 |         setIsInitialized(true)
      75 |       } catch (error) {
    > 76 |         console.error('Failed to initialize canvas:', error)
         |                 ^
      77 |         if (engine && !disposed) {
      78 |           try {
      79 |             engine.dispose()

      at error (src/hooks/useCanvas.ts:76:17)
      at initCanvas (src/hooks/useCanvas.ts:87:5)
      at commitHookEffectListMount (node_modules/react-dom/cjs/react-dom.development.js:23189:26)
      at commitPassiveMountOnFiber (node_modules/react-dom/cjs/react-dom.development.js:24970:11)
      at commitPassiveMountEffects_complete (node_modules/react-dom/cjs/react-dom.development.js:24930:9)
      at commitPassiveMountEffects_begin (node_modules/react-dom/cjs/react-dom.development.js:24917:7)
      at commitPassiveMountEffects (node_modules/react-dom/cjs/react-dom.development.js:24905:3)
      at flushPassiveEffectsImpl (node_modules/react-dom/cjs/react-dom.development.js:27078:3)
      at flushPassiveEffects (node_modules/react-dom/cjs/react-dom.development.js:27023:14)
      at node_modules/react-dom/cjs/react-dom.development.js:26808:9
      at flushActQueue (node_modules/react/cjs/react.development.js:2667:24)
      at act (node_modules/react/cjs/react.development.js:2582:11)
      at node_modules/@testing-library/react/dist/act-compat.js:47:25
      at renderRoot (node_modules/@testing-library/react/dist/pure.js:180:26)
      at render (node_modules/@testing-library/react/dist/pure.js:271:10)
      at Object.<anonymous> (src/components/__tests__/Whiteboard.test.tsx:102:35)

    console.error
      Failed to initialize canvas: TypeError: engine.panTo is not a function
          at panTo (/Users/shuhaozhang/Project/miro-clone/src/hooks/useCanvas.ts:71:16)
          at initCanvas (/Users/shuhaozhang/Project/miro-clone/src/hooks/useCanvas.ts:87:5)
          at commitHookEffectListMount (/Users/shuhaozhang/Project/miro-clone/node_modules/react-dom/cjs/react-dom.development.js:23189:26)
          at commitPassiveMountOnFiber (/Users/shuhaozhang/Project/miro-clone/node_modules/react-dom/cjs/react-dom.development.js:24970:11)
          at commitPassiveMountEffects_complete (/Users/shuhaozhang/Project/miro-clone/node_modules/react-dom/cjs/react-dom.development.js:24930:9)
          at commitPassiveMountEffects_begin (/Users/shuhaozhang/Project/miro-clone/node_modules/react-dom/cjs/react-dom.development.js:24917:7)
          at commitPassiveMountEffects (/Users/shuhaozhang/Project/miro-clone/node_modules/react-dom/cjs/react-dom.development.js:24905:3)
          at flushPassiveEffectsImpl (/Users/shuhaozhang/Project/miro-clone/node_modules/react-dom/cjs/react-dom.development.js:27078:3)
          at flushPassiveEffects (/Users/shuhaozhang/Project/miro-clone/node_modules/react-dom/cjs/react-dom.development.js:27023:14)
          at /Users/shuhaozhang/Project/miro-clone/node_modules/react-dom/cjs/react-dom.development.js:26808:9
          at flushActQueue (/Users/shuhaozhang/Project/miro-clone/node_modules/react/cjs/react.development.js:2667:24)
          at act (/Users/shuhaozhang/Project/miro-clone/node_modules/react/cjs/react.development.js:2582:11)
          at /Users/shuhaozhang/Project/miro-clone/node_modules/@testing-library/react/dist/act-compat.js:47:25
          at renderRoot (/Users/shuhaozhang/Project/miro-clone/node_modules/@testing-library/react/dist/pure.js:180:26)
          at render (/Users/shuhaozhang/Project/miro-clone/node_modules/@testing-library/react/dist/pure.js:271:10)
          at Object.<anonymous> (/Users/shuhaozhang/Project/miro-clone/src/components/__tests__/Whiteboard.test.tsx:116:35)
          at Promise.then.completed (/Users/shuhaozhang/Project/miro-clone/node_modules/jest-circus/build/utils.js:298:28)
          at new Promise (<anonymous>)
          at callAsyncCircusFn (/Users/shuhaozhang/Project/miro-clone/node_modules/jest-circus/build/utils.js:231:10)
          at _callCircusTest (/Users/shuhaozhang/Project/miro-clone/node_modules/jest-circus/build/run.js:316:40)
          at processTicksAndRejections (node:internal/process/task_queues:105:5)
          at _runTest (/Users/shuhaozhang/Project/miro-clone/node_modules/jest-circus/build/run.js:252:3)
          at _runTestsForDescribeBlock (/Users/shuhaozhang/Project/miro-clone/node_modules/jest-circus/build/run.js:126:9)
          at _runTestsForDescribeBlock (/Users/shuhaozhang/Project/miro-clone/node_modules/jest-circus/build/run.js:121:9)
          at _runTestsForDescribeBlock (/Users/shuhaozhang/Project/miro-clone/node_modules/jest-circus/build/run.js:121:9)
          at run (/Users/shuhaozhang/Project/miro-clone/node_modules/jest-circus/build/run.js:71:3)
          at runAndTransformResultsToJestFormat (/Users/shuhaozhang/Project/miro-clone/node_modules/jest-circus/build/legacy-code-todo-rewrite/jestAdapterInit.js:122:21)
          at jestAdapter (/Users/shuhaozhang/Project/miro-clone/node_modules/jest-circus/build/legacy-code-todo-rewrite/jestAdapter.js:79:19)
          at runTestInternal (/Users/shuhaozhang/Project/miro-clone/node_modules/jest-runner/build/runTest.js:367:16)
          at runTest (/Users/shuhaozhang/Project/miro-clone/node_modules/jest-runner/build/runTest.js:444:34)
          at Object.worker (/Users/shuhaozhang/Project/miro-clone/node_modules/jest-runner/build/testWorker.js:106:12)

      74 |         setIsInitialized(true)
      75 |       } catch (error) {
    > 76 |         console.error('Failed to initialize canvas:', error)
         |                 ^
      77 |         if (engine && !disposed) {
      78 |           try {
      79 |             engine.dispose()

      at error (src/hooks/useCanvas.ts:76:17)
      at initCanvas (src/hooks/useCanvas.ts:87:5)
      at commitHookEffectListMount (node_modules/react-dom/cjs/react-dom.development.js:23189:26)
      at commitPassiveMountOnFiber (node_modules/react-dom/cjs/react-dom.development.js:24970:11)
      at commitPassiveMountEffects_complete (node_modules/react-dom/cjs/react-dom.development.js:24930:9)
      at commitPassiveMountEffects_begin (node_modules/react-dom/cjs/react-dom.development.js:24917:7)
      at commitPassiveMountEffects (node_modules/react-dom/cjs/react-dom.development.js:24905:3)
      at flushPassiveEffectsImpl (node_modules/react-dom/cjs/react-dom.development.js:27078:3)
      at flushPassiveEffects (node_modules/react-dom/cjs/react-dom.development.js:27023:14)
      at node_modules/react-dom/cjs/react-dom.development.js:26808:9
      at flushActQueue (node_modules/react/cjs/react.development.js:2667:24)
      at act (node_modules/react/cjs/react.development.js:2582:11)
      at node_modules/@testing-library/react/dist/act-compat.js:47:25
      at renderRoot (node_modules/@testing-library/react/dist/pure.js:180:26)
      at render (node_modules/@testing-library/react/dist/pure.js:271:10)
      at Object.<anonymous> (src/components/__tests__/Whiteboard.test.tsx:116:35)

    console.error
      Failed to initialize canvas: TypeError: engine.panTo is not a function
          at panTo (/Users/shuhaozhang/Project/miro-clone/src/hooks/useCanvas.ts:71:16)
          at initCanvas (/Users/shuhaozhang/Project/miro-clone/src/hooks/useCanvas.ts:87:5)
          at commitHookEffectListMount (/Users/shuhaozhang/Project/miro-clone/node_modules/react-dom/cjs/react-dom.development.js:23189:26)
          at commitPassiveMountOnFiber (/Users/shuhaozhang/Project/miro-clone/node_modules/react-dom/cjs/react-dom.development.js:24970:11)
          at commitPassiveMountEffects_complete (/Users/shuhaozhang/Project/miro-clone/node_modules/react-dom/cjs/react-dom.development.js:24930:9)
          at commitPassiveMountEffects_begin (/Users/shuhaozhang/Project/miro-clone/node_modules/react-dom/cjs/react-dom.development.js:24917:7)
          at commitPassiveMountEffects (/Users/shuhaozhang/Project/miro-clone/node_modules/react-dom/cjs/react-dom.development.js:24905:3)
          at flushPassiveEffectsImpl (/Users/shuhaozhang/Project/miro-clone/node_modules/react-dom/cjs/react-dom.development.js:27078:3)
          at flushPassiveEffects (/Users/shuhaozhang/Project/miro-clone/node_modules/react-dom/cjs/react-dom.development.js:27023:14)
          at /Users/shuhaozhang/Project/miro-clone/node_modules/react-dom/cjs/react-dom.development.js:26808:9
          at flushActQueue (/Users/shuhaozhang/Project/miro-clone/node_modules/react/cjs/react.development.js:2667:24)
          at act (/Users/shuhaozhang/Project/miro-clone/node_modules/react/cjs/react.development.js:2582:11)
          at /Users/shuhaozhang/Project/miro-clone/node_modules/@testing-library/react/dist/act-compat.js:47:25
          at renderRoot (/Users/shuhaozhang/Project/miro-clone/node_modules/@testing-library/react/dist/pure.js:180:26)
          at render (/Users/shuhaozhang/Project/miro-clone/node_modules/@testing-library/react/dist/pure.js:271:10)
          at Object.<anonymous> (/Users/shuhaozhang/Project/miro-clone/src/components/__tests__/Whiteboard.test.tsx:135:35)
          at Promise.then.completed (/Users/shuhaozhang/Project/miro-clone/node_modules/jest-circus/build/utils.js:298:28)
          at new Promise (<anonymous>)
          at callAsyncCircusFn (/Users/shuhaozhang/Project/miro-clone/node_modules/jest-circus/build/utils.js:231:10)
          at _callCircusTest (/Users/shuhaozhang/Project/miro-clone/node_modules/jest-circus/build/run.js:316:40)
          at processTicksAndRejections (node:internal/process/task_queues:105:5)
          at _runTest (/Users/shuhaozhang/Project/miro-clone/node_modules/jest-circus/build/run.js:252:3)
          at _runTestsForDescribeBlock (/Users/shuhaozhang/Project/miro-clone/node_modules/jest-circus/build/run.js:126:9)
          at _runTestsForDescribeBlock (/Users/shuhaozhang/Project/miro-clone/node_modules/jest-circus/build/run.js:121:9)
          at _runTestsForDescribeBlock (/Users/shuhaozhang/Project/miro-clone/node_modules/jest-circus/build/run.js:121:9)
          at run (/Users/shuhaozhang/Project/miro-clone/node_modules/jest-circus/build/run.js:71:3)
          at runAndTransformResultsToJestFormat (/Users/shuhaozhang/Project/miro-clone/node_modules/jest-circus/build/legacy-code-todo-rewrite/jestAdapterInit.js:122:21)
          at jestAdapter (/Users/shuhaozhang/Project/miro-clone/node_modules/jest-circus/build/legacy-code-todo-rewrite/jestAdapter.js:79:19)
          at runTestInternal (/Users/shuhaozhang/Project/miro-clone/node_modules/jest-runner/build/runTest.js:367:16)
          at runTest (/Users/shuhaozhang/Project/miro-clone/node_modules/jest-runner/build/runTest.js:444:34)
          at Object.worker (/Users/shuhaozhang/Project/miro-clone/node_modules/jest-runner/build/testWorker.js:106:12)

      74 |         setIsInitialized(true)
      75 |       } catch (error) {
    > 76 |         console.error('Failed to initialize canvas:', error)
         |                 ^
      77 |         if (engine && !disposed) {
      78 |           try {
      79 |             engine.dispose()

      at error (src/hooks/useCanvas.ts:76:17)
      at initCanvas (src/hooks/useCanvas.ts:87:5)
      at commitHookEffectListMount (node_modules/react-dom/cjs/react-dom.development.js:23189:26)
      at commitPassiveMountOnFiber (node_modules/react-dom/cjs/react-dom.development.js:24970:11)
      at commitPassiveMountEffects_complete (node_modules/react-dom/cjs/react-dom.development.js:24930:9)
      at commitPassiveMountEffects_begin (node_modules/react-dom/cjs/react-dom.development.js:24917:7)
      at commitPassiveMountEffects (node_modules/react-dom/cjs/react-dom.development.js:24905:3)
      at flushPassiveEffectsImpl (node_modules/react-dom/cjs/react-dom.development.js:27078:3)
      at flushPassiveEffects (node_modules/react-dom/cjs/react-dom.development.js:27023:14)
      at node_modules/react-dom/cjs/react-dom.development.js:26808:9
      at flushActQueue (node_modules/react/cjs/react.development.js:2667:24)
      at act (node_modules/react/cjs/react.development.js:2582:11)
      at node_modules/@testing-library/react/dist/act-compat.js:47:25
      at renderRoot (node_modules/@testing-library/react/dist/pure.js:180:26)
      at render (node_modules/@testing-library/react/dist/pure.js:271:10)
      at Object.<anonymous> (src/components/__tests__/Whiteboard.test.tsx:135:35)

    console.error
      Failed to initialize canvas: TypeError: engine.panTo is not a function
          at panTo (/Users/shuhaozhang/Project/miro-clone/src/hooks/useCanvas.ts:71:16)
          at initCanvas (/Users/shuhaozhang/Project/miro-clone/src/hooks/useCanvas.ts:87:5)
          at commitHookEffectListMount (/Users/shuhaozhang/Project/miro-clone/node_modules/react-dom/cjs/react-dom.development.js:23189:26)
          at commitPassiveMountOnFiber (/Users/shuhaozhang/Project/miro-clone/node_modules/react-dom/cjs/react-dom.development.js:24970:11)
          at commitPassiveMountEffects_complete (/Users/shuhaozhang/Project/miro-clone/node_modules/react-dom/cjs/react-dom.development.js:24930:9)
          at commitPassiveMountEffects_begin (/Users/shuhaozhang/Project/miro-clone/node_modules/react-dom/cjs/react-dom.development.js:24917:7)
          at commitPassiveMountEffects (/Users/shuhaozhang/Project/miro-clone/node_modules/react-dom/cjs/react-dom.development.js:24905:3)
          at flushPassiveEffectsImpl (/Users/shuhaozhang/Project/miro-clone/node_modules/react-dom/cjs/react-dom.development.js:27078:3)
          at flushPassiveEffects (/Users/shuhaozhang/Project/miro-clone/node_modules/react-dom/cjs/react-dom.development.js:27023:14)
          at /Users/shuhaozhang/Project/miro-clone/node_modules/react-dom/cjs/react-dom.development.js:26808:9
          at flushActQueue (/Users/shuhaozhang/Project/miro-clone/node_modules/react/cjs/react.development.js:2667:24)
          at act (/Users/shuhaozhang/Project/miro-clone/node_modules/react/cjs/react.development.js:2582:11)
          at /Users/shuhaozhang/Project/miro-clone/node_modules/@testing-library/react/dist/act-compat.js:47:25
          at renderRoot (/Users/shuhaozhang/Project/miro-clone/node_modules/@testing-library/react/dist/pure.js:180:26)
          at render (/Users/shuhaozhang/Project/miro-clone/node_modules/@testing-library/react/dist/pure.js:271:10)
          at Object.<anonymous> (/Users/shuhaozhang/Project/miro-clone/src/components/__tests__/Whiteboard.test.tsx:161:35)
          at Promise.then.completed (/Users/shuhaozhang/Project/miro-clone/node_modules/jest-circus/build/utils.js:298:28)
          at new Promise (<anonymous>)
          at callAsyncCircusFn (/Users/shuhaozhang/Project/miro-clone/node_modules/jest-circus/build/utils.js:231:10)
          at _callCircusTest (/Users/shuhaozhang/Project/miro-clone/node_modules/jest-circus/build/run.js:316:40)
          at _runTest (/Users/shuhaozhang/Project/miro-clone/node_modules/jest-circus/build/run.js:252:3)
          at _runTestsForDescribeBlock (/Users/shuhaozhang/Project/miro-clone/node_modules/jest-circus/build/run.js:126:9)
          at _runTestsForDescribeBlock (/Users/shuhaozhang/Project/miro-clone/node_modules/jest-circus/build/run.js:121:9)
          at _runTestsForDescribeBlock (/Users/shuhaozhang/Project/miro-clone/node_modules/jest-circus/build/run.js:121:9)
          at run (/Users/shuhaozhang/Project/miro-clone/node_modules/jest-circus/build/run.js:71:3)
          at runAndTransformResultsToJestFormat (/Users/shuhaozhang/Project/miro-clone/node_modules/jest-circus/build/legacy-code-todo-rewrite/jestAdapterInit.js:122:21)
          at jestAdapter (/Users/shuhaozhang/Project/miro-clone/node_modules/jest-circus/build/legacy-code-todo-rewrite/jestAdapter.js:79:19)
          at runTestInternal (/Users/shuhaozhang/Project/miro-clone/node_modules/jest-runner/build/runTest.js:367:16)
          at runTest (/Users/shuhaozhang/Project/miro-clone/node_modules/jest-runner/build/runTest.js:444:34)
          at Object.worker (/Users/shuhaozhang/Project/miro-clone/node_modules/jest-runner/build/testWorker.js:106:12)

      74 |         setIsInitialized(true)
      75 |       } catch (error) {
    > 76 |         console.error('Failed to initialize canvas:', error)
         |                 ^
      77 |         if (engine && !disposed) {
      78 |           try {
      79 |             engine.dispose()

      at error (src/hooks/useCanvas.ts:76:17)
      at initCanvas (src/hooks/useCanvas.ts:87:5)
      at commitHookEffectListMount (node_modules/react-dom/cjs/react-dom.development.js:23189:26)
      at commitPassiveMountOnFiber (node_modules/react-dom/cjs/react-dom.development.js:24970:11)
      at commitPassiveMountEffects_complete (node_modules/react-dom/cjs/react-dom.development.js:24930:9)
      at commitPassiveMountEffects_begin (node_modules/react-dom/cjs/react-dom.development.js:24917:7)
      at commitPassiveMountEffects (node_modules/react-dom/cjs/react-dom.development.js:24905:3)
      at flushPassiveEffectsImpl (node_modules/react-dom/cjs/react-dom.development.js:27078:3)
      at flushPassiveEffects (node_modules/react-dom/cjs/react-dom.development.js:27023:14)
      at node_modules/react-dom/cjs/react-dom.development.js:26808:9
      at flushActQueue (node_modules/react/cjs/react.development.js:2667:24)
      at act (node_modules/react/cjs/react.development.js:2582:11)
      at node_modules/@testing-library/react/dist/act-compat.js:47:25
      at renderRoot (node_modules/@testing-library/react/dist/pure.js:180:26)
      at render (node_modules/@testing-library/react/dist/pure.js:271:10)
      at Object.<anonymous> (src/components/__tests__/Whiteboard.test.tsx:161:35)

    console.error
      Failed to initialize canvas: TypeError: engine.panTo is not a function
          at panTo (/Users/shuhaozhang/Project/miro-clone/src/hooks/useCanvas.ts:71:16)
          at initCanvas (/Users/shuhaozhang/Project/miro-clone/src/hooks/useCanvas.ts:87:5)
          at commitHookEffectListMount (/Users/shuhaozhang/Project/miro-clone/node_modules/react-dom/cjs/react-dom.development.js:23189:26)
          at commitPassiveMountOnFiber (/Users/shuhaozhang/Project/miro-clone/node_modules/react-dom/cjs/react-dom.development.js:24970:11)
          at commitPassiveMountEffects_complete (/Users/shuhaozhang/Project/miro-clone/node_modules/react-dom/cjs/react-dom.development.js:24930:9)
          at commitPassiveMountEffects_begin (/Users/shuhaozhang/Project/miro-clone/node_modules/react-dom/cjs/react-dom.development.js:24917:7)
          at commitPassiveMountEffects (/Users/shuhaozhang/Project/miro-clone/node_modules/react-dom/cjs/react-dom.development.js:24905:3)
          at flushPassiveEffectsImpl (/Users/shuhaozhang/Project/miro-clone/node_modules/react-dom/cjs/react-dom.development.js:27078:3)
          at flushPassiveEffects (/Users/shuhaozhang/Project/miro-clone/node_modules/react-dom/cjs/react-dom.development.js:27023:14)
          at /Users/shuhaozhang/Project/miro-clone/node_modules/react-dom/cjs/react-dom.development.js:26808:9
          at flushActQueue (/Users/shuhaozhang/Project/miro-clone/node_modules/react/cjs/react.development.js:2667:24)
          at act (/Users/shuhaozhang/Project/miro-clone/node_modules/react/cjs/react.development.js:2582:11)
          at /Users/shuhaozhang/Project/miro-clone/node_modules/@testing-library/react/dist/act-compat.js:47:25
          at renderRoot (/Users/shuhaozhang/Project/miro-clone/node_modules/@testing-library/react/dist/pure.js:180:26)
          at render (/Users/shuhaozhang/Project/miro-clone/node_modules/@testing-library/react/dist/pure.js:271:10)
          at Object.<anonymous> (/Users/shuhaozhang/Project/miro-clone/src/components/__tests__/Whiteboard.test.tsx:197:35)
          at Promise.then.completed (/Users/shuhaozhang/Project/miro-clone/node_modules/jest-circus/build/utils.js:298:28)
          at new Promise (<anonymous>)
          at callAsyncCircusFn (/Users/shuhaozhang/Project/miro-clone/node_modules/jest-circus/build/utils.js:231:10)
          at _callCircusTest (/Users/shuhaozhang/Project/miro-clone/node_modules/jest-circus/build/run.js:316:40)
          at _runTest (/Users/shuhaozhang/Project/miro-clone/node_modules/jest-circus/build/run.js:252:3)
          at _runTestsForDescribeBlock (/Users/shuhaozhang/Project/miro-clone/node_modules/jest-circus/build/run.js:126:9)
          at _runTestsForDescribeBlock (/Users/shuhaozhang/Project/miro-clone/node_modules/jest-circus/build/run.js:121:9)
          at _runTestsForDescribeBlock (/Users/shuhaozhang/Project/miro-clone/node_modules/jest-circus/build/run.js:121:9)
          at run (/Users/shuhaozhang/Project/miro-clone/node_modules/jest-circus/build/run.js:71:3)
          at runAndTransformResultsToJestFormat (/Users/shuhaozhang/Project/miro-clone/node_modules/jest-circus/build/legacy-code-todo-rewrite/jestAdapterInit.js:122:21)
          at jestAdapter (/Users/shuhaozhang/Project/miro-clone/node_modules/jest-circus/build/legacy-code-todo-rewrite/jestAdapter.js:79:19)
          at runTestInternal (/Users/shuhaozhang/Project/miro-clone/node_modules/jest-runner/build/runTest.js:367:16)
          at runTest (/Users/shuhaozhang/Project/miro-clone/node_modules/jest-runner/build/runTest.js:444:34)
          at Object.worker (/Users/shuhaozhang/Project/miro-clone/node_modules/jest-runner/build/testWorker.js:106:12)

      74 |         setIsInitialized(true)
      75 |       } catch (error) {
    > 76 |         console.error('Failed to initialize canvas:', error)
         |                 ^
      77 |         if (engine && !disposed) {
      78 |           try {
      79 |             engine.dispose()

      at error (src/hooks/useCanvas.ts:76:17)
      at initCanvas (src/hooks/useCanvas.ts:87:5)
      at commitHookEffectListMount (node_modules/react-dom/cjs/react-dom.development.js:23189:26)
      at commitPassiveMountOnFiber (node_modules/react-dom/cjs/react-dom.development.js:24970:11)
      at commitPassiveMountEffects_complete (node_modules/react-dom/cjs/react-dom.development.js:24930:9)
      at commitPassiveMountEffects_begin (node_modules/react-dom/cjs/react-dom.development.js:24917:7)
      at commitPassiveMountEffects (node_modules/react-dom/cjs/react-dom.development.js:24905:3)
      at flushPassiveEffectsImpl (node_modules/react-dom/cjs/react-dom.development.js:27078:3)
      at flushPassiveEffects (node_modules/react-dom/cjs/react-dom.development.js:27023:14)
      at node_modules/react-dom/cjs/react-dom.development.js:26808:9
      at flushActQueue (node_modules/react/cjs/react.development.js:2667:24)
      at act (node_modules/react/cjs/react.development.js:2582:11)
      at node_modules/@testing-library/react/dist/act-compat.js:47:25
      at renderRoot (node_modules/@testing-library/react/dist/pure.js:180:26)
      at render (node_modules/@testing-library/react/dist/pure.js:271:10)
      at Object.<anonymous> (src/components/__tests__/Whiteboard.test.tsx:197:35)

    console.error
      Failed to initialize canvas: TypeError: engine.panTo is not a function
          at panTo (/Users/shuhaozhang/Project/miro-clone/src/hooks/useCanvas.ts:71:16)
          at initCanvas (/Users/shuhaozhang/Project/miro-clone/src/hooks/useCanvas.ts:87:5)
          at commitHookEffectListMount (/Users/shuhaozhang/Project/miro-clone/node_modules/react-dom/cjs/react-dom.development.js:23189:26)
          at commitPassiveMountOnFiber (/Users/shuhaozhang/Project/miro-clone/node_modules/react-dom/cjs/react-dom.development.js:24970:11)
          at commitPassiveMountEffects_complete (/Users/shuhaozhang/Project/miro-clone/node_modules/react-dom/cjs/react-dom.development.js:24930:9)
          at commitPassiveMountEffects_begin (/Users/shuhaozhang/Project/miro-clone/node_modules/react-dom/cjs/react-dom.development.js:24917:7)
          at commitPassiveMountEffects (/Users/shuhaozhang/Project/miro-clone/node_modules/react-dom/cjs/react-dom.development.js:24905:3)
          at flushPassiveEffectsImpl (/Users/shuhaozhang/Project/miro-clone/node_modules/react-dom/cjs/react-dom.development.js:27078:3)
          at flushPassiveEffects (/Users/shuhaozhang/Project/miro-clone/node_modules/react-dom/cjs/react-dom.development.js:27023:14)
          at /Users/shuhaozhang/Project/miro-clone/node_modules/react-dom/cjs/react-dom.development.js:26808:9
          at flushActQueue (/Users/shuhaozhang/Project/miro-clone/node_modules/react/cjs/react.development.js:2667:24)
          at act (/Users/shuhaozhang/Project/miro-clone/node_modules/react/cjs/react.development.js:2582:11)
          at /Users/shuhaozhang/Project/miro-clone/node_modules/@testing-library/react/dist/act-compat.js:47:25
          at renderRoot (/Users/shuhaozhang/Project/miro-clone/node_modules/@testing-library/react/dist/pure.js:180:26)
          at render (/Users/shuhaozhang/Project/miro-clone/node_modules/@testing-library/react/dist/pure.js:271:10)
          at Object.<anonymous> (/Users/shuhaozhang/Project/miro-clone/src/components/__tests__/Whiteboard.test.tsx:212:35)
          at Promise.then.completed (/Users/shuhaozhang/Project/miro-clone/node_modules/jest-circus/build/utils.js:298:28)
          at new Promise (<anonymous>)
          at callAsyncCircusFn (/Users/shuhaozhang/Project/miro-clone/node_modules/jest-circus/build/utils.js:231:10)
          at _callCircusTest (/Users/shuhaozhang/Project/miro-clone/node_modules/jest-circus/build/run.js:316:40)
          at _runTest (/Users/shuhaozhang/Project/miro-clone/node_modules/jest-circus/build/run.js:252:3)
          at _runTestsForDescribeBlock (/Users/shuhaozhang/Project/miro-clone/node_modules/jest-circus/build/run.js:126:9)
          at _runTestsForDescribeBlock (/Users/shuhaozhang/Project/miro-clone/node_modules/jest-circus/build/run.js:121:9)
          at _runTestsForDescribeBlock (/Users/shuhaozhang/Project/miro-clone/node_modules/jest-circus/build/run.js:121:9)
          at run (/Users/shuhaozhang/Project/miro-clone/node_modules/jest-circus/build/run.js:71:3)
          at runAndTransformResultsToJestFormat (/Users/shuhaozhang/Project/miro-clone/node_modules/jest-circus/build/legacy-code-todo-rewrite/jestAdapterInit.js:122:21)
          at jestAdapter (/Users/shuhaozhang/Project/miro-clone/node_modules/jest-circus/build/legacy-code-todo-rewrite/jestAdapter.js:79:19)
          at runTestInternal (/Users/shuhaozhang/Project/miro-clone/node_modules/jest-runner/build/runTest.js:367:16)
          at runTest (/Users/shuhaozhang/Project/miro-clone/node_modules/jest-runner/build/runTest.js:444:34)
          at Object.worker (/Users/shuhaozhang/Project/miro-clone/node_modules/jest-runner/build/testWorker.js:106:12)

      74 |         setIsInitialized(true)
      75 |       } catch (error) {
    > 76 |         console.error('Failed to initialize canvas:', error)
         |                 ^
      77 |         if (engine && !disposed) {
      78 |           try {
      79 |             engine.dispose()

      at error (src/hooks/useCanvas.ts:76:17)
      at initCanvas (src/hooks/useCanvas.ts:87:5)
      at commitHookEffectListMount (node_modules/react-dom/cjs/react-dom.development.js:23189:26)
      at commitPassiveMountOnFiber (node_modules/react-dom/cjs/react-dom.development.js:24970:11)
      at commitPassiveMountEffects_complete (node_modules/react-dom/cjs/react-dom.development.js:24930:9)
      at commitPassiveMountEffects_begin (node_modules/react-dom/cjs/react-dom.development.js:24917:7)
      at commitPassiveMountEffects (node_modules/react-dom/cjs/react-dom.development.js:24905:3)
      at flushPassiveEffectsImpl (node_modules/react-dom/cjs/react-dom.development.js:27078:3)
      at flushPassiveEffects (node_modules/react-dom/cjs/react-dom.development.js:27023:14)
      at node_modules/react-dom/cjs/react-dom.development.js:26808:9
      at flushActQueue (node_modules/react/cjs/react.development.js:2667:24)
      at act (node_modules/react/cjs/react.development.js:2582:11)
      at node_modules/@testing-library/react/dist/act-compat.js:47:25
      at renderRoot (node_modules/@testing-library/react/dist/pure.js:180:26)
      at render (node_modules/@testing-library/react/dist/pure.js:271:10)
      at Object.<anonymous> (src/components/__tests__/Whiteboard.test.tsx:212:35)

  ● Whiteboard Full-Screen Tests › Canvas Performance › should enable GPU acceleration styles

    expect(received).toBe(expected) // Object.is equality

    Expected: "transform"
    Received: ""

      204 |       if (canvas) {
      205 |         const styles = window.getComputedStyle(canvas)
    > 206 |         expect(styles.willChange).toBe('transform')
          |                                   ^
      207 |         expect(styles.transform).toContain('translateZ')
      208 |       }
      209 |     })

      at Object.toBe (src/components/__tests__/Whiteboard.test.tsx:206:35)

  ● Whiteboard Full-Screen Tests › Canvas Performance › should use hardware acceleration hints

    expect(received).toBe(expected) // Object.is equality

    Expected: "hidden"
    Received: ""

      220 |       
      221 |       // Check for performance optimization styles
    > 222 |       expect(styles.backfaceVisibility || styles.webkitBackfaceVisibility).toBe('hidden')
          |                                                                            ^
      223 |     })
      224 |   })
      225 | })

      at Object.toBe (src/components/__tests__/Whiteboard.test.tsx:222:76)

FAIL src/__tests__/canvas-fullscreen.test.tsx
  ● Console

    console.error
      Error: Uncaught [TypeError: Cannot read properties of undefined (reading 'values')]
          at Object.<anonymous> (src/__tests__/canvas-fullscreen.test.tsx:77:35)
          at new Promise (<anonymous>) {
        detail: TypeError: Cannot read properties of undefined (reading 'values')
            at values (/Users/shuhaozhang/Project/miro-clone/src/components/CollaborationPanel.tsx:16:54)
            at renderWithHooks (/Users/shuhaozhang/Project/miro-clone/node_modules/react-dom/cjs/react-dom.development.js:15486:18)
            at mountIndeterminateComponent (/Users/shuhaozhang/Project/miro-clone/node_modules/react-dom/cjs/react-dom.development.js:20103:13)
            at beginWork (/Users/shuhaozhang/Project/miro-clone/node_modules/react-dom/cjs/react-dom.development.js:21626:16)
            at HTMLUnknownElement.callCallback (/Users/shuhaozhang/Project/miro-clone/node_modules/react-dom/cjs/react-dom.development.js:4164:14)
            at HTMLUnknownElement.callTheUserObjectsOperation (/Users/shuhaozhang/Project/miro-clone/node_modules/jest-environment-jsdom/node_modules/jsdom/lib/jsdom/living/generated/EventListener.js:26:30)
            at innerInvokeEventListeners (/Users/shuhaozhang/Project/miro-clone/node_modules/jest-environment-jsdom/node_modules/jsdom/lib/jsdom/living/events/EventTarget-impl.js:350:25)
            at invokeEventListeners (/Users/shuhaozhang/Project/miro-clone/node_modules/jest-environment-jsdom/node_modules/jsdom/lib/jsdom/living/events/EventTarget-impl.js:286:3)
            at HTMLUnknownElementImpl._dispatch (/Users/shuhaozhang/Project/miro-clone/node_modules/jest-environment-jsdom/node_modules/jsdom/lib/jsdom/living/events/EventTarget-impl.js:233:9)
            at HTMLUnknownElementImpl.dispatchEvent (/Users/shuhaozhang/Project/miro-clone/node_modules/jest-environment-jsdom/node_modules/jsdom/lib/jsdom/living/events/EventTarget-impl.js:104:17)
            at HTMLUnknownElement.dispatchEvent (/Users/shuhaozhang/Project/miro-clone/node_modules/jest-environment-jsdom/node_modules/jsdom/lib/jsdom/living/generated/EventTarget.js:241:34)
            at Object.invokeGuardedCallbackDev (/Users/shuhaozhang/Project/miro-clone/node_modules/react-dom/cjs/react-dom.development.js:4213:16)
            at invokeGuardedCallback (/Users/shuhaozhang/Project/miro-clone/node_modules/react-dom/cjs/react-dom.development.js:4277:31)
            at beginWork$1 (/Users/shuhaozhang/Project/miro-clone/node_modules/react-dom/cjs/react-dom.development.js:27490:7)
            at performUnitOfWork (/Users/shuhaozhang/Project/miro-clone/node_modules/react-dom/cjs/react-dom.development.js:26599:12)
            at workLoopSync (/Users/shuhaozhang/Project/miro-clone/node_modules/react-dom/cjs/react-dom.development.js:26505:5)
            at renderRootSync (/Users/shuhaozhang/Project/miro-clone/node_modules/react-dom/cjs/react-dom.development.js:26473:7)
            at performConcurrentWorkOnRoot (/Users/shuhaozhang/Project/miro-clone/node_modules/react-dom/cjs/react-dom.development.js:25777:74)
            at flushActQueue (/Users/shuhaozhang/Project/miro-clone/node_modules/react/cjs/react.development.js:2667:24)
            at act (/Users/shuhaozhang/Project/miro-clone/node_modules/react/cjs/react.development.js:2582:11)
            at /Users/shuhaozhang/Project/miro-clone/node_modules/@testing-library/react/dist/act-compat.js:47:25
            at renderRoot (/Users/shuhaozhang/Project/miro-clone/node_modules/@testing-library/react/dist/pure.js:180:26)
            at render (/Users/shuhaozhang/Project/miro-clone/node_modules/@testing-library/react/dist/pure.js:271:10)
            at Object.<anonymous> (/Users/shuhaozhang/Project/miro-clone/src/__tests__/canvas-fullscreen.test.tsx:77:35)
            at Promise.then.completed (/Users/shuhaozhang/Project/miro-clone/node_modules/jest-circus/build/utils.js:298:28)
            at new Promise (<anonymous>)
            at callAsyncCircusFn (/Users/shuhaozhang/Project/miro-clone/node_modules/jest-circus/build/utils.js:231:10)
            at _callCircusTest (/Users/shuhaozhang/Project/miro-clone/node_modules/jest-circus/build/run.js:316:40)
            at processTicksAndRejections (node:internal/process/task_queues:105:5)
            at _runTest (/Users/shuhaozhang/Project/miro-clone/node_modules/jest-circus/build/run.js:252:3)
            at _runTestsForDescribeBlock (/Users/shuhaozhang/Project/miro-clone/node_modules/jest-circus/build/run.js:126:9)
            at _runTestsForDescribeBlock (/Users/shuhaozhang/Project/miro-clone/node_modules/jest-circus/build/run.js:121:9)
            at _runTestsForDescribeBlock (/Users/shuhaozhang/Project/miro-clone/node_modules/jest-circus/build/run.js:121:9)
            at run (/Users/shuhaozhang/Project/miro-clone/node_modules/jest-circus/build/run.js:71:3)
            at runAndTransformResultsToJestFormat (/Users/shuhaozhang/Project/miro-clone/node_modules/jest-circus/build/legacy-code-todo-rewrite/jestAdapterInit.js:122:21)
            at jestAdapter (/Users/shuhaozhang/Project/miro-clone/node_modules/jest-circus/build/legacy-code-todo-rewrite/jestAdapter.js:79:19)
            at runTestInternal (/Users/shuhaozhang/Project/miro-clone/node_modules/jest-runner/build/runTest.js:367:16)
            at runTest (/Users/shuhaozhang/Project/miro-clone/node_modules/jest-runner/build/runTest.js:444:34)
            at Object.worker (/Users/shuhaozhang/Project/miro-clone/node_modules/jest-runner/build/testWorker.js:106:12),
        type: 'unhandled exception'
      }

      75 |   describe('Canvas Container Positioning', () => {
      76 |     it('should render canvas with fixed positioning', () => {
    > 77 |       const { container } = render(<Whiteboard boardId="test-board" />)
         |                                   ^
      78 |       const canvasContainer = container.querySelector('.canvas-container')
      79 |       
      80 |       expect(canvasContainer).toBeInTheDocument()

      at VirtualConsole.<anonymous> (node_modules/jest-environment-jsdom/build/index.js:63:23)
      at Object.invokeGuardedCallbackDev (node_modules/react-dom/cjs/react-dom.development.js:4213:16)
      at invokeGuardedCallback (node_modules/react-dom/cjs/react-dom.development.js:4277:31)
      at beginWork$1 (node_modules/react-dom/cjs/react-dom.development.js:27490:7)
      at performUnitOfWork (node_modules/react-dom/cjs/react-dom.development.js:26599:12)
      at workLoopSync (node_modules/react-dom/cjs/react-dom.development.js:26505:5)
      at renderRootSync (node_modules/react-dom/cjs/react-dom.development.js:26473:7)
      at performConcurrentWorkOnRoot (node_modules/react-dom/cjs/react-dom.development.js:25777:74)
      at flushActQueue (node_modules/react/cjs/react.development.js:2667:24)
      at act (node_modules/react/cjs/react.development.js:2582:11)
      at node_modules/@testing-library/react/dist/act-compat.js:47:25
      at renderRoot (node_modules/@testing-library/react/dist/pure.js:180:26)
      at render (node_modules/@testing-library/react/dist/pure.js:271:10)
      at Object.<anonymous> (src/__tests__/canvas-fullscreen.test.tsx:77:35)

    console.error
      Error: Uncaught [TypeError: Cannot read properties of undefined (reading 'values')]
          at Object.<anonymous> (src/__tests__/canvas-fullscreen.test.tsx:77:35)
          at new Promise (<anonymous>) {
        detail: TypeError: Cannot read properties of undefined (reading 'values')
            at values (/Users/shuhaozhang/Project/miro-clone/src/components/CollaborationPanel.tsx:16:54)
            at renderWithHooks (/Users/shuhaozhang/Project/miro-clone/node_modules/react-dom/cjs/react-dom.development.js:15486:18)
            at mountIndeterminateComponent (/Users/shuhaozhang/Project/miro-clone/node_modules/react-dom/cjs/react-dom.development.js:20103:13)
            at beginWork (/Users/shuhaozhang/Project/miro-clone/node_modules/react-dom/cjs/react-dom.development.js:21626:16)
            at HTMLUnknownElement.callCallback (/Users/shuhaozhang/Project/miro-clone/node_modules/react-dom/cjs/react-dom.development.js:4164:14)
            at HTMLUnknownElement.callTheUserObjectsOperation (/Users/shuhaozhang/Project/miro-clone/node_modules/jest-environment-jsdom/node_modules/jsdom/lib/jsdom/living/generated/EventListener.js:26:30)
            at innerInvokeEventListeners (/Users/shuhaozhang/Project/miro-clone/node_modules/jest-environment-jsdom/node_modules/jsdom/lib/jsdom/living/events/EventTarget-impl.js:350:25)
            at invokeEventListeners (/Users/shuhaozhang/Project/miro-clone/node_modules/jest-environment-jsdom/node_modules/jsdom/lib/jsdom/living/events/EventTarget-impl.js:286:3)
            at HTMLUnknownElementImpl._dispatch (/Users/shuhaozhang/Project/miro-clone/node_modules/jest-environment-jsdom/node_modules/jsdom/lib/jsdom/living/events/EventTarget-impl.js:233:9)
            at HTMLUnknownElementImpl.dispatchEvent (/Users/shuhaozhang/Project/miro-clone/node_modules/jest-environment-jsdom/node_modules/jsdom/lib/jsdom/living/events/EventTarget-impl.js:104:17)
            at HTMLUnknownElement.dispatchEvent (/Users/shuhaozhang/Project/miro-clone/node_modules/jest-environment-jsdom/node_modules/jsdom/lib/jsdom/living/generated/EventTarget.js:241:34)
            at Object.invokeGuardedCallbackDev (/Users/shuhaozhang/Project/miro-clone/node_modules/react-dom/cjs/react-dom.development.js:4213:16)
            at invokeGuardedCallback (/Users/shuhaozhang/Project/miro-clone/node_modules/react-dom/cjs/react-dom.development.js:4277:31)
            at beginWork$1 (/Users/shuhaozhang/Project/miro-clone/node_modules/react-dom/cjs/react-dom.development.js:27490:7)
            at performUnitOfWork (/Users/shuhaozhang/Project/miro-clone/node_modules/react-dom/cjs/react-dom.development.js:26599:12)
            at workLoopSync (/Users/shuhaozhang/Project/miro-clone/node_modules/react-dom/cjs/react-dom.development.js:26505:5)
            at renderRootSync (/Users/shuhaozhang/Project/miro-clone/node_modules/react-dom/cjs/react-dom.development.js:26473:7)
            at recoverFromConcurrentError (/Users/shuhaozhang/Project/miro-clone/node_modules/react-dom/cjs/react-dom.development.js:25889:20)
            at performConcurrentWorkOnRoot (/Users/shuhaozhang/Project/miro-clone/node_modules/react-dom/cjs/react-dom.development.js:25789:22)
            at flushActQueue (/Users/shuhaozhang/Project/miro-clone/node_modules/react/cjs/react.development.js:2667:24)
            at act (/Users/shuhaozhang/Project/miro-clone/node_modules/react/cjs/react.development.js:2582:11)
            at /Users/shuhaozhang/Project/miro-clone/node_modules/@testing-library/react/dist/act-compat.js:47:25
            at renderRoot (/Users/shuhaozhang/Project/miro-clone/node_modules/@testing-library/react/dist/pure.js:180:26)
            at render (/Users/shuhaozhang/Project/miro-clone/node_modules/@testing-library/react/dist/pure.js:271:10)
            at Object.<anonymous> (/Users/shuhaozhang/Project/miro-clone/src/__tests__/canvas-fullscreen.test.tsx:77:35)
            at Promise.then.completed (/Users/shuhaozhang/Project/miro-clone/node_modules/jest-circus/build/utils.js:298:28)
            at new Promise (<anonymous>)
            at callAsyncCircusFn (/Users/shuhaozhang/Project/miro-clone/node_modules/jest-circus/build/utils.js:231:10)
            at _callCircusTest (/Users/shuhaozhang/Project/miro-clone/node_modules/jest-circus/build/run.js:316:40)
            at processTicksAndRejections (node:internal/process/task_queues:105:5)
            at _runTest (/Users/shuhaozhang/Project/miro-clone/node_modules/jest-circus/build/run.js:252:3)
            at _runTestsForDescribeBlock (/Users/shuhaozhang/Project/miro-clone/node_modules/jest-circus/build/run.js:126:9)
            at _runTestsForDescribeBlock (/Users/shuhaozhang/Project/miro-clone/node_modules/jest-circus/build/run.js:121:9)
            at _runTestsForDescribeBlock (/Users/shuhaozhang/Project/miro-clone/node_modules/jest-circus/build/run.js:121:9)
            at run (/Users/shuhaozhang/Project/miro-clone/node_modules/jest-circus/build/run.js:71:3)
            at runAndTransformResultsToJestFormat (/Users/shuhaozhang/Project/miro-clone/node_modules/jest-circus/build/legacy-code-todo-rewrite/jestAdapterInit.js:122:21)
            at jestAdapter (/Users/shuhaozhang/Project/miro-clone/node_modules/jest-circus/build/legacy-code-todo-rewrite/jestAdapter.js:79:19)
            at runTestInternal (/Users/shuhaozhang/Project/miro-clone/node_modules/jest-runner/build/runTest.js:367:16)
            at runTest (/Users/shuhaozhang/Project/miro-clone/node_modules/jest-runner/build/runTest.js:444:34)
            at Object.worker (/Users/shuhaozhang/Project/miro-clone/node_modules/jest-runner/build/testWorker.js:106:12),
        type: 'unhandled exception'
      }

      75 |   describe('Canvas Container Positioning', () => {
      76 |     it('should render canvas with fixed positioning', () => {
    > 77 |       const { container } = render(<Whiteboard boardId="test-board" />)
         |                                   ^
      78 |       const canvasContainer = container.querySelector('.canvas-container')
      79 |       
      80 |       expect(canvasContainer).toBeInTheDocument()

      at VirtualConsole.<anonymous> (node_modules/jest-environment-jsdom/build/index.js:63:23)
      at Object.invokeGuardedCallbackDev (node_modules/react-dom/cjs/react-dom.development.js:4213:16)
      at invokeGuardedCallback (node_modules/react-dom/cjs/react-dom.development.js:4277:31)
      at beginWork$1 (node_modules/react-dom/cjs/react-dom.development.js:27490:7)
      at performUnitOfWork (node_modules/react-dom/cjs/react-dom.development.js:26599:12)
      at workLoopSync (node_modules/react-dom/cjs/react-dom.development.js:26505:5)
      at renderRootSync (node_modules/react-dom/cjs/react-dom.development.js:26473:7)
      at recoverFromConcurrentError (node_modules/react-dom/cjs/react-dom.development.js:25889:20)
      at performConcurrentWorkOnRoot (node_modules/react-dom/cjs/react-dom.development.js:25789:22)
      at flushActQueue (node_modules/react/cjs/react.development.js:2667:24)
      at act (node_modules/react/cjs/react.development.js:2582:11)
      at node_modules/@testing-library/react/dist/act-compat.js:47:25
      at renderRoot (node_modules/@testing-library/react/dist/pure.js:180:26)
      at render (node_modules/@testing-library/react/dist/pure.js:271:10)
      at Object.<anonymous> (src/__tests__/canvas-fullscreen.test.tsx:77:35)

    console.error
      The above error occurred in the <CollaborationPanel> component:
      
          at CollaborationPanel (/Users/shuhaozhang/Project/miro-clone/src/components/CollaborationPanel.tsx:14:47)
          at div
          at div
          at boardId (/Users/shuhaozhang/Project/miro-clone/src/components/Whiteboard.tsx:19:57)
      
      Consider adding an error boundary to your tree to customize error handling behavior.
      Visit https://reactjs.org/link/error-boundaries to learn more about error boundaries.

      75 |   describe('Canvas Container Positioning', () => {
      76 |     it('should render canvas with fixed positioning', () => {
    > 77 |       const { container } = render(<Whiteboard boardId="test-board" />)
         |                                   ^
      78 |       const canvasContainer = container.querySelector('.canvas-container')
      79 |       
      80 |       expect(canvasContainer).toBeInTheDocument()

      at logCapturedError (node_modules/react-dom/cjs/react-dom.development.js:18704:23)
      at update.callback (node_modules/react-dom/cjs/react-dom.development.js:18737:5)
      at callCallback (node_modules/react-dom/cjs/react-dom.development.js:15036:12)
      at commitUpdateQueue (node_modules/react-dom/cjs/react-dom.development.js:15057:9)
      at commitLayoutEffectOnFiber (node_modules/react-dom/cjs/react-dom.development.js:23430:13)
      at commitLayoutMountEffects_complete (node_modules/react-dom/cjs/react-dom.development.js:24727:9)
      at commitLayoutEffects_begin (node_modules/react-dom/cjs/react-dom.development.js:24713:7)
      at commitLayoutEffects (node_modules/react-dom/cjs/react-dom.development.js:24651:3)
      at commitRootImpl (node_modules/react-dom/cjs/react-dom.development.js:26862:5)
      at commitRoot (node_modules/react-dom/cjs/react-dom.development.js:26721:5)
      at finishConcurrentRender (node_modules/react-dom/cjs/react-dom.development.js:25931:9)
      at performConcurrentWorkOnRoot (node_modules/react-dom/cjs/react-dom.development.js:25848:7)
      at flushActQueue (node_modules/react/cjs/react.development.js:2667:24)
      at act (node_modules/react/cjs/react.development.js:2582:11)
      at node_modules/@testing-library/react/dist/act-compat.js:47:25
      at renderRoot (node_modules/@testing-library/react/dist/pure.js:180:26)
      at render (node_modules/@testing-library/react/dist/pure.js:271:10)
      at Object.<anonymous> (src/__tests__/canvas-fullscreen.test.tsx:77:35)

    console.error
      Error: Uncaught [TypeError: Cannot read properties of undefined (reading 'values')]
          at Object.<anonymous> (src/__tests__/canvas-fullscreen.test.tsx:86:35)
          at new Promise (<anonymous>) {
        detail: TypeError: Cannot read properties of undefined (reading 'values')
            at values (/Users/shuhaozhang/Project/miro-clone/src/components/CollaborationPanel.tsx:16:54)
            at renderWithHooks (/Users/shuhaozhang/Project/miro-clone/node_modules/react-dom/cjs/react-dom.development.js:15486:18)
            at mountIndeterminateComponent (/Users/shuhaozhang/Project/miro-clone/node_modules/react-dom/cjs/react-dom.development.js:20103:13)
            at beginWork (/Users/shuhaozhang/Project/miro-clone/node_modules/react-dom/cjs/react-dom.development.js:21626:16)
            at HTMLUnknownElement.callCallback (/Users/shuhaozhang/Project/miro-clone/node_modules/react-dom/cjs/react-dom.development.js:4164:14)
            at HTMLUnknownElement.callTheUserObjectsOperation (/Users/shuhaozhang/Project/miro-clone/node_modules/jest-environment-jsdom/node_modules/jsdom/lib/jsdom/living/generated/EventListener.js:26:30)
            at innerInvokeEventListeners (/Users/shuhaozhang/Project/miro-clone/node_modules/jest-environment-jsdom/node_modules/jsdom/lib/jsdom/living/events/EventTarget-impl.js:350:25)
            at invokeEventListeners (/Users/shuhaozhang/Project/miro-clone/node_modules/jest-environment-jsdom/node_modules/jsdom/lib/jsdom/living/events/EventTarget-impl.js:286:3)
            at HTMLUnknownElementImpl._dispatch (/Users/shuhaozhang/Project/miro-clone/node_modules/jest-environment-jsdom/node_modules/jsdom/lib/jsdom/living/events/EventTarget-impl.js:233:9)
            at HTMLUnknownElementImpl.dispatchEvent (/Users/shuhaozhang/Project/miro-clone/node_modules/jest-environment-jsdom/node_modules/jsdom/lib/jsdom/living/events/EventTarget-impl.js:104:17)
            at HTMLUnknownElement.dispatchEvent (/Users/shuhaozhang/Project/miro-clone/node_modules/jest-environment-jsdom/node_modules/jsdom/lib/jsdom/living/generated/EventTarget.js:241:34)
            at Object.invokeGuardedCallbackDev (/Users/shuhaozhang/Project/miro-clone/node_modules/react-dom/cjs/react-dom.development.js:4213:16)
            at invokeGuardedCallback (/Users/shuhaozhang/Project/miro-clone/node_modules/react-dom/cjs/react-dom.development.js:4277:31)
            at beginWork$1 (/Users/shuhaozhang/Project/miro-clone/node_modules/react-dom/cjs/react-dom.development.js:27490:7)
            at performUnitOfWork (/Users/shuhaozhang/Project/miro-clone/node_modules/react-dom/cjs/react-dom.development.js:26599:12)
            at workLoopSync (/Users/shuhaozhang/Project/miro-clone/node_modules/react-dom/cjs/react-dom.development.js:26505:5)
            at renderRootSync (/Users/shuhaozhang/Project/miro-clone/node_modules/react-dom/cjs/react-dom.development.js:26473:7)
            at performConcurrentWorkOnRoot (/Users/shuhaozhang/Project/miro-clone/node_modules/react-dom/cjs/react-dom.development.js:25777:74)
            at flushActQueue (/Users/shuhaozhang/Project/miro-clone/node_modules/react/cjs/react.development.js:2667:24)
            at act (/Users/shuhaozhang/Project/miro-clone/node_modules/react/cjs/react.development.js:2582:11)
            at /Users/shuhaozhang/Project/miro-clone/node_modules/@testing-library/react/dist/act-compat.js:47:25
            at renderRoot (/Users/shuhaozhang/Project/miro-clone/node_modules/@testing-library/react/dist/pure.js:180:26)
            at render (/Users/shuhaozhang/Project/miro-clone/node_modules/@testing-library/react/dist/pure.js:271:10)
            at Object.<anonymous> (/Users/shuhaozhang/Project/miro-clone/src/__tests__/canvas-fullscreen.test.tsx:86:35)
            at Promise.then.completed (/Users/shuhaozhang/Project/miro-clone/node_modules/jest-circus/build/utils.js:298:28)
            at new Promise (<anonymous>)
            at callAsyncCircusFn (/Users/shuhaozhang/Project/miro-clone/node_modules/jest-circus/build/utils.js:231:10)
            at _callCircusTest (/Users/shuhaozhang/Project/miro-clone/node_modules/jest-circus/build/run.js:316:40)
            at processTicksAndRejections (node:internal/process/task_queues:105:5)
            at _runTest (/Users/shuhaozhang/Project/miro-clone/node_modules/jest-circus/build/run.js:252:3)
            at _runTestsForDescribeBlock (/Users/shuhaozhang/Project/miro-clone/node_modules/jest-circus/build/run.js:126:9)
            at _runTestsForDescribeBlock (/Users/shuhaozhang/Project/miro-clone/node_modules/jest-circus/build/run.js:121:9)
            at _runTestsForDescribeBlock (/Users/shuhaozhang/Project/miro-clone/node_modules/jest-circus/build/run.js:121:9)
            at run (/Users/shuhaozhang/Project/miro-clone/node_modules/jest-circus/build/run.js:71:3)
            at runAndTransformResultsToJestFormat (/Users/shuhaozhang/Project/miro-clone/node_modules/jest-circus/build/legacy-code-todo-rewrite/jestAdapterInit.js:122:21)
            at jestAdapter (/Users/shuhaozhang/Project/miro-clone/node_modules/jest-circus/build/legacy-code-todo-rewrite/jestAdapter.js:79:19)
            at runTestInternal (/Users/shuhaozhang/Project/miro-clone/node_modules/jest-runner/build/runTest.js:367:16)
            at runTest (/Users/shuhaozhang/Project/miro-clone/node_modules/jest-runner/build/runTest.js:444:34)
            at Object.worker (/Users/shuhaozhang/Project/miro-clone/node_modules/jest-runner/build/testWorker.js:106:12),
        type: 'unhandled exception'
      }

      84 |
      85 |     it('should have inset-0 positioning (top, right, bottom, left all 0)', () => {
    > 86 |       const { container } = render(<Whiteboard boardId="test-board" />)
         |                                   ^
      87 |       const canvasContainer = container.querySelector('.canvas-container')
      88 |       
      89 |       const styles = window.getComputedStyle(canvasContainer!)

      at VirtualConsole.<anonymous> (node_modules/jest-environment-jsdom/build/index.js:63:23)
      at Object.invokeGuardedCallbackDev (node_modules/react-dom/cjs/react-dom.development.js:4213:16)
      at invokeGuardedCallback (node_modules/react-dom/cjs/react-dom.development.js:4277:31)
      at beginWork$1 (node_modules/react-dom/cjs/react-dom.development.js:27490:7)
      at performUnitOfWork (node_modules/react-dom/cjs/react-dom.development.js:26599:12)
      at workLoopSync (node_modules/react-dom/cjs/react-dom.development.js:26505:5)
      at renderRootSync (node_modules/react-dom/cjs/react-dom.development.js:26473:7)
      at performConcurrentWorkOnRoot (node_modules/react-dom/cjs/react-dom.development.js:25777:74)
      at flushActQueue (node_modules/react/cjs/react.development.js:2667:24)
      at act (node_modules/react/cjs/react.development.js:2582:11)
      at node_modules/@testing-library/react/dist/act-compat.js:47:25
      at renderRoot (node_modules/@testing-library/react/dist/pure.js:180:26)
      at render (node_modules/@testing-library/react/dist/pure.js:271:10)
      at Object.<anonymous> (src/__tests__/canvas-fullscreen.test.tsx:86:35)

    console.error
      Error: Uncaught [TypeError: Cannot read properties of undefined (reading 'values')]
          at Object.<anonymous> (src/__tests__/canvas-fullscreen.test.tsx:86:35)
          at new Promise (<anonymous>) {
        detail: TypeError: Cannot read properties of undefined (reading 'values')
            at values (/Users/shuhaozhang/Project/miro-clone/src/components/CollaborationPanel.tsx:16:54)
            at renderWithHooks (/Users/shuhaozhang/Project/miro-clone/node_modules/react-dom/cjs/react-dom.development.js:15486:18)
            at mountIndeterminateComponent (/Users/shuhaozhang/Project/miro-clone/node_modules/react-dom/cjs/react-dom.development.js:20103:13)
            at beginWork (/Users/shuhaozhang/Project/miro-clone/node_modules/react-dom/cjs/react-dom.development.js:21626:16)
            at HTMLUnknownElement.callCallback (/Users/shuhaozhang/Project/miro-clone/node_modules/react-dom/cjs/react-dom.development.js:4164:14)
            at HTMLUnknownElement.callTheUserObjectsOperation (/Users/shuhaozhang/Project/miro-clone/node_modules/jest-environment-jsdom/node_modules/jsdom/lib/jsdom/living/generated/EventListener.js:26:30)
            at innerInvokeEventListeners (/Users/shuhaozhang/Project/miro-clone/node_modules/jest-environment-jsdom/node_modules/jsdom/lib/jsdom/living/events/EventTarget-impl.js:350:25)
            at invokeEventListeners (/Users/shuhaozhang/Project/miro-clone/node_modules/jest-environment-jsdom/node_modules/jsdom/lib/jsdom/living/events/EventTarget-impl.js:286:3)
            at HTMLUnknownElementImpl._dispatch (/Users/shuhaozhang/Project/miro-clone/node_modules/jest-environment-jsdom/node_modules/jsdom/lib/jsdom/living/events/EventTarget-impl.js:233:9)
            at HTMLUnknownElementImpl.dispatchEvent (/Users/shuhaozhang/Project/miro-clone/node_modules/jest-environment-jsdom/node_modules/jsdom/lib/jsdom/living/events/EventTarget-impl.js:104:17)
            at HTMLUnknownElement.dispatchEvent (/Users/shuhaozhang/Project/miro-clone/node_modules/jest-environment-jsdom/node_modules/jsdom/lib/jsdom/living/generated/EventTarget.js:241:34)
            at Object.invokeGuardedCallbackDev (/Users/shuhaozhang/Project/miro-clone/node_modules/react-dom/cjs/react-dom.development.js:4213:16)
            at invokeGuardedCallback (/Users/shuhaozhang/Project/miro-clone/node_modules/react-dom/cjs/react-dom.development.js:4277:31)
            at beginWork$1 (/Users/shuhaozhang/Project/miro-clone/node_modules/react-dom/cjs/react-dom.development.js:27490:7)
            at performUnitOfWork (/Users/shuhaozhang/Project/miro-clone/node_modules/react-dom/cjs/react-dom.development.js:26599:12)
            at workLoopSync (/Users/shuhaozhang/Project/miro-clone/node_modules/react-dom/cjs/react-dom.development.js:26505:5)
            at renderRootSync (/Users/shuhaozhang/Project/miro-clone/node_modules/react-dom/cjs/react-dom.development.js:26473:7)
            at recoverFromConcurrentError (/Users/shuhaozhang/Project/miro-clone/node_modules/react-dom/cjs/react-dom.development.js:25889:20)
            at performConcurrentWorkOnRoot (/Users/shuhaozhang/Project/miro-clone/node_modules/react-dom/cjs/react-dom.development.js:25789:22)
            at flushActQueue (/Users/shuhaozhang/Project/miro-clone/node_modules/react/cjs/react.development.js:2667:24)
            at act (/Users/shuhaozhang/Project/miro-clone/node_modules/react/cjs/react.development.js:2582:11)
            at /Users/shuhaozhang/Project/miro-clone/node_modules/@testing-library/react/dist/act-compat.js:47:25
            at renderRoot (/Users/shuhaozhang/Project/miro-clone/node_modules/@testing-library/react/dist/pure.js:180:26)
            at render (/Users/shuhaozhang/Project/miro-clone/node_modules/@testing-library/react/dist/pure.js:271:10)
            at Object.<anonymous> (/Users/shuhaozhang/Project/miro-clone/src/__tests__/canvas-fullscreen.test.tsx:86:35)
            at Promise.then.completed (/Users/shuhaozhang/Project/miro-clone/node_modules/jest-circus/build/utils.js:298:28)
            at new Promise (<anonymous>)
            at callAsyncCircusFn (/Users/shuhaozhang/Project/miro-clone/node_modules/jest-circus/build/utils.js:231:10)
            at _callCircusTest (/Users/shuhaozhang/Project/miro-clone/node_modules/jest-circus/build/run.js:316:40)
            at processTicksAndRejections (node:internal/process/task_queues:105:5)
            at _runTest (/Users/shuhaozhang/Project/miro-clone/node_modules/jest-circus/build/run.js:252:3)
            at _runTestsForDescribeBlock (/Users/shuhaozhang/Project/miro-clone/node_modules/jest-circus/build/run.js:126:9)
            at _runTestsForDescribeBlock (/Users/shuhaozhang/Project/miro-clone/node_modules/jest-circus/build/run.js:121:9)
            at _runTestsForDescribeBlock (/Users/shuhaozhang/Project/miro-clone/node_modules/jest-circus/build/run.js:121:9)
            at run (/Users/shuhaozhang/Project/miro-clone/node_modules/jest-circus/build/run.js:71:3)
            at runAndTransformResultsToJestFormat (/Users/shuhaozhang/Project/miro-clone/node_modules/jest-circus/build/legacy-code-todo-rewrite/jestAdapterInit.js:122:21)
            at jestAdapter (/Users/shuhaozhang/Project/miro-clone/node_modules/jest-circus/build/legacy-code-todo-rewrite/jestAdapter.js:79:19)
            at runTestInternal (/Users/shuhaozhang/Project/miro-clone/node_modules/jest-runner/build/runTest.js:367:16)
            at runTest (/Users/shuhaozhang/Project/miro-clone/node_modules/jest-runner/build/runTest.js:444:34)
            at Object.worker (/Users/shuhaozhang/Project/miro-clone/node_modules/jest-runner/build/testWorker.js:106:12),
        type: 'unhandled exception'
      }

      84 |
      85 |     it('should have inset-0 positioning (top, right, bottom, left all 0)', () => {
    > 86 |       const { container } = render(<Whiteboard boardId="test-board" />)
         |                                   ^
      87 |       const canvasContainer = container.querySelector('.canvas-container')
      88 |       
      89 |       const styles = window.getComputedStyle(canvasContainer!)

      at VirtualConsole.<anonymous> (node_modules/jest-environment-jsdom/build/index.js:63:23)
      at Object.invokeGuardedCallbackDev (node_modules/react-dom/cjs/react-dom.development.js:4213:16)
      at invokeGuardedCallback (node_modules/react-dom/cjs/react-dom.development.js:4277:31)
      at beginWork$1 (node_modules/react-dom/cjs/react-dom.development.js:27490:7)
      at performUnitOfWork (node_modules/react-dom/cjs/react-dom.development.js:26599:12)
      at workLoopSync (node_modules/react-dom/cjs/react-dom.development.js:26505:5)
      at renderRootSync (node_modules/react-dom/cjs/react-dom.development.js:26473:7)
      at recoverFromConcurrentError (node_modules/react-dom/cjs/react-dom.development.js:25889:20)
      at performConcurrentWorkOnRoot (node_modules/react-dom/cjs/react-dom.development.js:25789:22)
      at flushActQueue (node_modules/react/cjs/react.development.js:2667:24)
      at act (node_modules/react/cjs/react.development.js:2582:11)
      at node_modules/@testing-library/react/dist/act-compat.js:47:25
      at renderRoot (node_modules/@testing-library/react/dist/pure.js:180:26)
      at render (node_modules/@testing-library/react/dist/pure.js:271:10)
      at Object.<anonymous> (src/__tests__/canvas-fullscreen.test.tsx:86:35)

    console.error
      The above error occurred in the <CollaborationPanel> component:
      
          at CollaborationPanel (/Users/shuhaozhang/Project/miro-clone/src/components/CollaborationPanel.tsx:14:47)
          at div
          at div
          at boardId (/Users/shuhaozhang/Project/miro-clone/src/components/Whiteboard.tsx:19:57)
      
      Consider adding an error boundary to your tree to customize error handling behavior.
      Visit https://reactjs.org/link/error-boundaries to learn more about error boundaries.

      84 |
      85 |     it('should have inset-0 positioning (top, right, bottom, left all 0)', () => {
    > 86 |       const { container } = render(<Whiteboard boardId="test-board" />)
         |                                   ^
      87 |       const canvasContainer = container.querySelector('.canvas-container')
      88 |       
      89 |       const styles = window.getComputedStyle(canvasContainer!)

      at logCapturedError (node_modules/react-dom/cjs/react-dom.development.js:18704:23)
      at update.callback (node_modules/react-dom/cjs/react-dom.development.js:18737:5)
      at callCallback (node_modules/react-dom/cjs/react-dom.development.js:15036:12)
      at commitUpdateQueue (node_modules/react-dom/cjs/react-dom.development.js:15057:9)
      at commitLayoutEffectOnFiber (node_modules/react-dom/cjs/react-dom.development.js:23430:13)
      at commitLayoutMountEffects_complete (node_modules/react-dom/cjs/react-dom.development.js:24727:9)
      at commitLayoutEffects_begin (node_modules/react-dom/cjs/react-dom.development.js:24713:7)
      at commitLayoutEffects (node_modules/react-dom/cjs/react-dom.development.js:24651:3)
      at commitRootImpl (node_modules/react-dom/cjs/react-dom.development.js:26862:5)
      at commitRoot (node_modules/react-dom/cjs/react-dom.development.js:26721:5)
      at finishConcurrentRender (node_modules/react-dom/cjs/react-dom.development.js:25931:9)
      at performConcurrentWorkOnRoot (node_modules/react-dom/cjs/react-dom.development.js:25848:7)
      at flushActQueue (node_modules/react/cjs/react.development.js:2667:24)
      at act (node_modules/react/cjs/react.development.js:2582:11)
      at node_modules/@testing-library/react/dist/act-compat.js:47:25
      at renderRoot (node_modules/@testing-library/react/dist/pure.js:180:26)
      at render (node_modules/@testing-library/react/dist/pure.js:271:10)
      at Object.<anonymous> (src/__tests__/canvas-fullscreen.test.tsx:86:35)

    console.error
      Error: Uncaught [TypeError: Cannot read properties of undefined (reading 'values')]
          at Object.<anonymous> (src/__tests__/canvas-fullscreen.test.tsx:97:35)
          at new Promise (<anonymous>) {
        detail: TypeError: Cannot read properties of undefined (reading 'values')
            at values (/Users/shuhaozhang/Project/miro-clone/src/components/CollaborationPanel.tsx:16:54)
            at renderWithHooks (/Users/shuhaozhang/Project/miro-clone/node_modules/react-dom/cjs/react-dom.development.js:15486:18)
            at mountIndeterminateComponent (/Users/shuhaozhang/Project/miro-clone/node_modules/react-dom/cjs/react-dom.development.js:20103:13)
            at beginWork (/Users/shuhaozhang/Project/miro-clone/node_modules/react-dom/cjs/react-dom.development.js:21626:16)
            at HTMLUnknownElement.callCallback (/Users/shuhaozhang/Project/miro-clone/node_modules/react-dom/cjs/react-dom.development.js:4164:14)
            at HTMLUnknownElement.callTheUserObjectsOperation (/Users/shuhaozhang/Project/miro-clone/node_modules/jest-environment-jsdom/node_modules/jsdom/lib/jsdom/living/generated/EventListener.js:26:30)
            at innerInvokeEventListeners (/Users/shuhaozhang/Project/miro-clone/node_modules/jest-environment-jsdom/node_modules/jsdom/lib/jsdom/living/events/EventTarget-impl.js:350:25)
            at invokeEventListeners (/Users/shuhaozhang/Project/miro-clone/node_modules/jest-environment-jsdom/node_modules/jsdom/lib/jsdom/living/events/EventTarget-impl.js:286:3)
            at HTMLUnknownElementImpl._dispatch (/Users/shuhaozhang/Project/miro-clone/node_modules/jest-environment-jsdom/node_modules/jsdom/lib/jsdom/living/events/EventTarget-impl.js:233:9)
            at HTMLUnknownElementImpl.dispatchEvent (/Users/shuhaozhang/Project/miro-clone/node_modules/jest-environment-jsdom/node_modules/jsdom/lib/jsdom/living/events/EventTarget-impl.js:104:17)
            at HTMLUnknownElement.dispatchEvent (/Users/shuhaozhang/Project/miro-clone/node_modules/jest-environment-jsdom/node_modules/jsdom/lib/jsdom/living/generated/EventTarget.js:241:34)
            at Object.invokeGuardedCallbackDev (/Users/shuhaozhang/Project/miro-clone/node_modules/react-dom/cjs/react-dom.development.js:4213:16)
            at invokeGuardedCallback (/Users/shuhaozhang/Project/miro-clone/node_modules/react-dom/cjs/react-dom.development.js:4277:31)
            at beginWork$1 (/Users/shuhaozhang/Project/miro-clone/node_modules/react-dom/cjs/react-dom.development.js:27490:7)
            at performUnitOfWork (/Users/shuhaozhang/Project/miro-clone/node_modules/react-dom/cjs/react-dom.development.js:26599:12)
            at workLoopSync (/Users/shuhaozhang/Project/miro-clone/node_modules/react-dom/cjs/react-dom.development.js:26505:5)
            at renderRootSync (/Users/shuhaozhang/Project/miro-clone/node_modules/react-dom/cjs/react-dom.development.js:26473:7)
            at performConcurrentWorkOnRoot (/Users/shuhaozhang/Project/miro-clone/node_modules/react-dom/cjs/react-dom.development.js:25777:74)
            at flushActQueue (/Users/shuhaozhang/Project/miro-clone/node_modules/react/cjs/react.development.js:2667:24)
            at act (/Users/shuhaozhang/Project/miro-clone/node_modules/react/cjs/react.development.js:2582:11)
            at /Users/shuhaozhang/Project/miro-clone/node_modules/@testing-library/react/dist/act-compat.js:47:25
            at renderRoot (/Users/shuhaozhang/Project/miro-clone/node_modules/@testing-library/react/dist/pure.js:180:26)
            at render (/Users/shuhaozhang/Project/miro-clone/node_modules/@testing-library/react/dist/pure.js:271:10)
            at Object.<anonymous> (/Users/shuhaozhang/Project/miro-clone/src/__tests__/canvas-fullscreen.test.tsx:97:35)
            at Promise.then.completed (/Users/shuhaozhang/Project/miro-clone/node_modules/jest-circus/build/utils.js:298:28)
            at new Promise (<anonymous>)
            at callAsyncCircusFn (/Users/shuhaozhang/Project/miro-clone/node_modules/jest-circus/build/utils.js:231:10)
            at _callCircusTest (/Users/shuhaozhang/Project/miro-clone/node_modules/jest-circus/build/run.js:316:40)
            at processTicksAndRejections (node:internal/process/task_queues:105:5)
            at _runTest (/Users/shuhaozhang/Project/miro-clone/node_modules/jest-circus/build/run.js:252:3)
            at _runTestsForDescribeBlock (/Users/shuhaozhang/Project/miro-clone/node_modules/jest-circus/build/run.js:126:9)
            at _runTestsForDescribeBlock (/Users/shuhaozhang/Project/miro-clone/node_modules/jest-circus/build/run.js:121:9)
            at _runTestsForDescribeBlock (/Users/shuhaozhang/Project/miro-clone/node_modules/jest-circus/build/run.js:121:9)
            at run (/Users/shuhaozhang/Project/miro-clone/node_modules/jest-circus/build/run.js:71:3)
            at runAndTransformResultsToJestFormat (/Users/shuhaozhang/Project/miro-clone/node_modules/jest-circus/build/legacy-code-todo-rewrite/jestAdapterInit.js:122:21)
            at jestAdapter (/Users/shuhaozhang/Project/miro-clone/node_modules/jest-circus/build/legacy-code-todo-rewrite/jestAdapter.js:79:19)
            at runTestInternal (/Users/shuhaozhang/Project/miro-clone/node_modules/jest-runner/build/runTest.js:367:16)
            at runTest (/Users/shuhaozhang/Project/miro-clone/node_modules/jest-runner/build/runTest.js:444:34)
            at Object.worker (/Users/shuhaozhang/Project/miro-clone/node_modules/jest-runner/build/testWorker.js:106:12),
        type: 'unhandled exception'
      }

       95 |
       96 |     it('should have 100% width and height', () => {
    >  97 |       const { container } = render(<Whiteboard boardId="test-board" />)
          |                                   ^
       98 |       const canvasContainer = container.querySelector('.canvas-container')
       99 |       
      100 |       const styles = window.getComputedStyle(canvasContainer!)

      at VirtualConsole.<anonymous> (node_modules/jest-environment-jsdom/build/index.js:63:23)
      at Object.invokeGuardedCallbackDev (node_modules/react-dom/cjs/react-dom.development.js:4213:16)
      at invokeGuardedCallback (node_modules/react-dom/cjs/react-dom.development.js:4277:31)
      at beginWork$1 (node_modules/react-dom/cjs/react-dom.development.js:27490:7)
      at performUnitOfWork (node_modules/react-dom/cjs/react-dom.development.js:26599:12)
      at workLoopSync (node_modules/react-dom/cjs/react-dom.development.js:26505:5)
      at renderRootSync (node_modules/react-dom/cjs/react-dom.development.js:26473:7)
      at performConcurrentWorkOnRoot (node_modules/react-dom/cjs/react-dom.development.js:25777:74)
      at flushActQueue (node_modules/react/cjs/react.development.js:2667:24)
      at act (node_modules/react/cjs/react.development.js:2582:11)
      at node_modules/@testing-library/react/dist/act-compat.js:47:25
      at renderRoot (node_modules/@testing-library/react/dist/pure.js:180:26)
      at render (node_modules/@testing-library/react/dist/pure.js:271:10)
      at Object.<anonymous> (src/__tests__/canvas-fullscreen.test.tsx:97:35)

    console.error
      Error: Uncaught [TypeError: Cannot read properties of undefined (reading 'values')]
          at Object.<anonymous> (src/__tests__/canvas-fullscreen.test.tsx:97:35)
          at new Promise (<anonymous>) {
        detail: TypeError: Cannot read properties of undefined (reading 'values')
            at values (/Users/shuhaozhang/Project/miro-clone/src/components/CollaborationPanel.tsx:16:54)
            at renderWithHooks (/Users/shuhaozhang/Project/miro-clone/node_modules/react-dom/cjs/react-dom.development.js:15486:18)
            at mountIndeterminateComponent (/Users/shuhaozhang/Project/miro-clone/node_modules/react-dom/cjs/react-dom.development.js:20103:13)
            at beginWork (/Users/shuhaozhang/Project/miro-clone/node_modules/react-dom/cjs/react-dom.development.js:21626:16)
            at HTMLUnknownElement.callCallback (/Users/shuhaozhang/Project/miro-clone/node_modules/react-dom/cjs/react-dom.development.js:4164:14)
            at HTMLUnknownElement.callTheUserObjectsOperation (/Users/shuhaozhang/Project/miro-clone/node_modules/jest-environment-jsdom/node_modules/jsdom/lib/jsdom/living/generated/EventListener.js:26:30)
            at innerInvokeEventListeners (/Users/shuhaozhang/Project/miro-clone/node_modules/jest-environment-jsdom/node_modules/jsdom/lib/jsdom/living/events/EventTarget-impl.js:350:25)
            at invokeEventListeners (/Users/shuhaozhang/Project/miro-clone/node_modules/jest-environment-jsdom/node_modules/jsdom/lib/jsdom/living/events/EventTarget-impl.js:286:3)
            at HTMLUnknownElementImpl._dispatch (/Users/shuhaozhang/Project/miro-clone/node_modules/jest-environment-jsdom/node_modules/jsdom/lib/jsdom/living/events/EventTarget-impl.js:233:9)
            at HTMLUnknownElementImpl.dispatchEvent (/Users/shuhaozhang/Project/miro-clone/node_modules/jest-environment-jsdom/node_modules/jsdom/lib/jsdom/living/events/EventTarget-impl.js:104:17)
            at HTMLUnknownElement.dispatchEvent (/Users/shuhaozhang/Project/miro-clone/node_modules/jest-environment-jsdom/node_modules/jsdom/lib/jsdom/living/generated/EventTarget.js:241:34)
            at Object.invokeGuardedCallbackDev (/Users/shuhaozhang/Project/miro-clone/node_modules/react-dom/cjs/react-dom.development.js:4213:16)
            at invokeGuardedCallback (/Users/shuhaozhang/Project/miro-clone/node_modules/react-dom/cjs/react-dom.development.js:4277:31)
            at beginWork$1 (/Users/shuhaozhang/Project/miro-clone/node_modules/react-dom/cjs/react-dom.development.js:27490:7)
            at performUnitOfWork (/Users/shuhaozhang/Project/miro-clone/node_modules/react-dom/cjs/react-dom.development.js:26599:12)
            at workLoopSync (/Users/shuhaozhang/Project/miro-clone/node_modules/react-dom/cjs/react-dom.development.js:26505:5)
            at renderRootSync (/Users/shuhaozhang/Project/miro-clone/node_modules/react-dom/cjs/react-dom.development.js:26473:7)
            at recoverFromConcurrentError (/Users/shuhaozhang/Project/miro-clone/node_modules/react-dom/cjs/react-dom.development.js:25889:20)
            at performConcurrentWorkOnRoot (/Users/shuhaozhang/Project/miro-clone/node_modules/react-dom/cjs/react-dom.development.js:25789:22)
            at flushActQueue (/Users/shuhaozhang/Project/miro-clone/node_modules/react/cjs/react.development.js:2667:24)
            at act (/Users/shuhaozhang/Project/miro-clone/node_modules/react/cjs/react.development.js:2582:11)
            at /Users/shuhaozhang/Project/miro-clone/node_modules/@testing-library/react/dist/act-compat.js:47:25
            at renderRoot (/Users/shuhaozhang/Project/miro-clone/node_modules/@testing-library/react/dist/pure.js:180:26)
            at render (/Users/shuhaozhang/Project/miro-clone/node_modules/@testing-library/react/dist/pure.js:271:10)
            at Object.<anonymous> (/Users/shuhaozhang/Project/miro-clone/src/__tests__/canvas-fullscreen.test.tsx:97:35)
            at Promise.then.completed (/Users/shuhaozhang/Project/miro-clone/node_modules/jest-circus/build/utils.js:298:28)
            at new Promise (<anonymous>)
            at callAsyncCircusFn (/Users/shuhaozhang/Project/miro-clone/node_modules/jest-circus/build/utils.js:231:10)
            at _callCircusTest (/Users/shuhaozhang/Project/miro-clone/node_modules/jest-circus/build/run.js:316:40)
            at processTicksAndRejections (node:internal/process/task_queues:105:5)
            at _runTest (/Users/shuhaozhang/Project/miro-clone/node_modules/jest-circus/build/run.js:252:3)
            at _runTestsForDescribeBlock (/Users/shuhaozhang/Project/miro-clone/node_modules/jest-circus/build/run.js:126:9)
            at _runTestsForDescribeBlock (/Users/shuhaozhang/Project/miro-clone/node_modules/jest-circus/build/run.js:121:9)
            at _runTestsForDescribeBlock (/Users/shuhaozhang/Project/miro-clone/node_modules/jest-circus/build/run.js:121:9)
            at run (/Users/shuhaozhang/Project/miro-clone/node_modules/jest-circus/build/run.js:71:3)
            at runAndTransformResultsToJestFormat (/Users/shuhaozhang/Project/miro-clone/node_modules/jest-circus/build/legacy-code-todo-rewrite/jestAdapterInit.js:122:21)
            at jestAdapter (/Users/shuhaozhang/Project/miro-clone/node_modules/jest-circus/build/legacy-code-todo-rewrite/jestAdapter.js:79:19)
            at runTestInternal (/Users/shuhaozhang/Project/miro-clone/node_modules/jest-runner/build/runTest.js:367:16)
            at runTest (/Users/shuhaozhang/Project/miro-clone/node_modules/jest-runner/build/runTest.js:444:34)
            at Object.worker (/Users/shuhaozhang/Project/miro-clone/node_modules/jest-runner/build/testWorker.js:106:12),
        type: 'unhandled exception'
      }

       95 |
       96 |     it('should have 100% width and height', () => {
    >  97 |       const { container } = render(<Whiteboard boardId="test-board" />)
          |                                   ^
       98 |       const canvasContainer = container.querySelector('.canvas-container')
       99 |       
      100 |       const styles = window.getComputedStyle(canvasContainer!)

      at VirtualConsole.<anonymous> (node_modules/jest-environment-jsdom/build/index.js:63:23)
      at Object.invokeGuardedCallbackDev (node_modules/react-dom/cjs/react-dom.development.js:4213:16)
      at invokeGuardedCallback (node_modules/react-dom/cjs/react-dom.development.js:4277:31)
      at beginWork$1 (node_modules/react-dom/cjs/react-dom.development.js:27490:7)
      at performUnitOfWork (node_modules/react-dom/cjs/react-dom.development.js:26599:12)
      at workLoopSync (node_modules/react-dom/cjs/react-dom.development.js:26505:5)
      at renderRootSync (node_modules/react-dom/cjs/react-dom.development.js:26473:7)
      at recoverFromConcurrentError (node_modules/react-dom/cjs/react-dom.development.js:25889:20)
      at performConcurrentWorkOnRoot (node_modules/react-dom/cjs/react-dom.development.js:25789:22)
      at flushActQueue (node_modules/react/cjs/react.development.js:2667:24)
      at act (node_modules/react/cjs/react.development.js:2582:11)
      at node_modules/@testing-library/react/dist/act-compat.js:47:25
      at renderRoot (node_modules/@testing-library/react/dist/pure.js:180:26)
      at render (node_modules/@testing-library/react/dist/pure.js:271:10)
      at Object.<anonymous> (src/__tests__/canvas-fullscreen.test.tsx:97:35)

    console.error
      The above error occurred in the <CollaborationPanel> component:
      
          at CollaborationPanel (/Users/shuhaozhang/Project/miro-clone/src/components/CollaborationPanel.tsx:14:47)
          at div
          at div
          at boardId (/Users/shuhaozhang/Project/miro-clone/src/components/Whiteboard.tsx:19:57)
      
      Consider adding an error boundary to your tree to customize error handling behavior.
      Visit https://reactjs.org/link/error-boundaries to learn more about error boundaries.

       95 |
       96 |     it('should have 100% width and height', () => {
    >  97 |       const { container } = render(<Whiteboard boardId="test-board" />)
          |                                   ^
       98 |       const canvasContainer = container.querySelector('.canvas-container')
       99 |       
      100 |       const styles = window.getComputedStyle(canvasContainer!)

      at logCapturedError (node_modules/react-dom/cjs/react-dom.development.js:18704:23)
      at update.callback (node_modules/react-dom/cjs/react-dom.development.js:18737:5)
      at callCallback (node_modules/react-dom/cjs/react-dom.development.js:15036:12)
      at commitUpdateQueue (node_modules/react-dom/cjs/react-dom.development.js:15057:9)
      at commitLayoutEffectOnFiber (node_modules/react-dom/cjs/react-dom.development.js:23430:13)
      at commitLayoutMountEffects_complete (node_modules/react-dom/cjs/react-dom.development.js:24727:9)
      at commitLayoutEffects_begin (node_modules/react-dom/cjs/react-dom.development.js:24713:7)
      at commitLayoutEffects (node_modules/react-dom/cjs/react-dom.development.js:24651:3)
      at commitRootImpl (node_modules/react-dom/cjs/react-dom.development.js:26862:5)
      at commitRoot (node_modules/react-dom/cjs/react-dom.development.js:26721:5)
      at finishConcurrentRender (node_modules/react-dom/cjs/react-dom.development.js:25931:9)
      at performConcurrentWorkOnRoot (node_modules/react-dom/cjs/react-dom.development.js:25848:7)
      at flushActQueue (node_modules/react/cjs/react.development.js:2667:24)
      at act (node_modules/react/cjs/react.development.js:2582:11)
      at node_modules/@testing-library/react/dist/act-compat.js:47:25
      at renderRoot (node_modules/@testing-library/react/dist/pure.js:180:26)
      at render (node_modules/@testing-library/react/dist/pure.js:271:10)
      at Object.<anonymous> (src/__tests__/canvas-fullscreen.test.tsx:97:35)

    console.error
      Error: Uncaught [TypeError: Cannot read properties of undefined (reading 'values')]
          at Object.<anonymous> (src/__tests__/canvas-fullscreen.test.tsx:106:35)
          at new Promise (<anonymous>) {
        detail: TypeError: Cannot read properties of undefined (reading 'values')
            at values (/Users/shuhaozhang/Project/miro-clone/src/components/CollaborationPanel.tsx:16:54)
            at renderWithHooks (/Users/shuhaozhang/Project/miro-clone/node_modules/react-dom/cjs/react-dom.development.js:15486:18)
            at mountIndeterminateComponent (/Users/shuhaozhang/Project/miro-clone/node_modules/react-dom/cjs/react-dom.development.js:20103:13)
            at beginWork (/Users/shuhaozhang/Project/miro-clone/node_modules/react-dom/cjs/react-dom.development.js:21626:16)
            at HTMLUnknownElement.callCallback (/Users/shuhaozhang/Project/miro-clone/node_modules/react-dom/cjs/react-dom.development.js:4164:14)
            at HTMLUnknownElement.callTheUserObjectsOperation (/Users/shuhaozhang/Project/miro-clone/node_modules/jest-environment-jsdom/node_modules/jsdom/lib/jsdom/living/generated/EventListener.js:26:30)
            at innerInvokeEventListeners (/Users/shuhaozhang/Project/miro-clone/node_modules/jest-environment-jsdom/node_modules/jsdom/lib/jsdom/living/events/EventTarget-impl.js:350:25)
            at invokeEventListeners (/Users/shuhaozhang/Project/miro-clone/node_modules/jest-environment-jsdom/node_modules/jsdom/lib/jsdom/living/events/EventTarget-impl.js:286:3)
            at HTMLUnknownElementImpl._dispatch (/Users/shuhaozhang/Project/miro-clone/node_modules/jest-environment-jsdom/node_modules/jsdom/lib/jsdom/living/events/EventTarget-impl.js:233:9)
            at HTMLUnknownElementImpl.dispatchEvent (/Users/shuhaozhang/Project/miro-clone/node_modules/jest-environment-jsdom/node_modules/jsdom/lib/jsdom/living/events/EventTarget-impl.js:104:17)
            at HTMLUnknownElement.dispatchEvent (/Users/shuhaozhang/Project/miro-clone/node_modules/jest-environment-jsdom/node_modules/jsdom/lib/jsdom/living/generated/EventTarget.js:241:34)
            at Object.invokeGuardedCallbackDev (/Users/shuhaozhang/Project/miro-clone/node_modules/react-dom/cjs/react-dom.development.js:4213:16)
            at invokeGuardedCallback (/Users/shuhaozhang/Project/miro-clone/node_modules/react-dom/cjs/react-dom.development.js:4277:31)
            at beginWork$1 (/Users/shuhaozhang/Project/miro-clone/node_modules/react-dom/cjs/react-dom.development.js:27490:7)
            at performUnitOfWork (/Users/shuhaozhang/Project/miro-clone/node_modules/react-dom/cjs/react-dom.development.js:26599:12)
            at workLoopSync (/Users/shuhaozhang/Project/miro-clone/node_modules/react-dom/cjs/react-dom.development.js:26505:5)
            at renderRootSync (/Users/shuhaozhang/Project/miro-clone/node_modules/react-dom/cjs/react-dom.development.js:26473:7)
            at performConcurrentWorkOnRoot (/Users/shuhaozhang/Project/miro-clone/node_modules/react-dom/cjs/react-dom.development.js:25777:74)
            at flushActQueue (/Users/shuhaozhang/Project/miro-clone/node_modules/react/cjs/react.development.js:2667:24)
            at act (/Users/shuhaozhang/Project/miro-clone/node_modules/react/cjs/react.development.js:2582:11)
            at /Users/shuhaozhang/Project/miro-clone/node_modules/@testing-library/react/dist/act-compat.js:47:25
            at renderRoot (/Users/shuhaozhang/Project/miro-clone/node_modules/@testing-library/react/dist/pure.js:180:26)
            at render (/Users/shuhaozhang/Project/miro-clone/node_modules/@testing-library/react/dist/pure.js:271:10)
            at Object.<anonymous> (/Users/shuhaozhang/Project/miro-clone/src/__tests__/canvas-fullscreen.test.tsx:106:35)
            at Promise.then.completed (/Users/shuhaozhang/Project/miro-clone/node_modules/jest-circus/build/utils.js:298:28)
            at new Promise (<anonymous>)
            at callAsyncCircusFn (/Users/shuhaozhang/Project/miro-clone/node_modules/jest-circus/build/utils.js:231:10)
            at _callCircusTest (/Users/shuhaozhang/Project/miro-clone/node_modules/jest-circus/build/run.js:316:40)
            at processTicksAndRejections (node:internal/process/task_queues:105:5)
            at _runTest (/Users/shuhaozhang/Project/miro-clone/node_modules/jest-circus/build/run.js:252:3)
            at _runTestsForDescribeBlock (/Users/shuhaozhang/Project/miro-clone/node_modules/jest-circus/build/run.js:126:9)
            at _runTestsForDescribeBlock (/Users/shuhaozhang/Project/miro-clone/node_modules/jest-circus/build/run.js:121:9)
            at _runTestsForDescribeBlock (/Users/shuhaozhang/Project/miro-clone/node_modules/jest-circus/build/run.js:121:9)
            at run (/Users/shuhaozhang/Project/miro-clone/node_modules/jest-circus/build/run.js:71:3)
            at runAndTransformResultsToJestFormat (/Users/shuhaozhang/Project/miro-clone/node_modules/jest-circus/build/legacy-code-todo-rewrite/jestAdapterInit.js:122:21)
            at jestAdapter (/Users/shuhaozhang/Project/miro-clone/node_modules/jest-circus/build/legacy-code-todo-rewrite/jestAdapter.js:79:19)
            at runTestInternal (/Users/shuhaozhang/Project/miro-clone/node_modules/jest-runner/build/runTest.js:367:16)
            at runTest (/Users/shuhaozhang/Project/miro-clone/node_modules/jest-runner/build/runTest.js:444:34)
            at Object.worker (/Users/shuhaozhang/Project/miro-clone/node_modules/jest-runner/build/testWorker.js:106:12),
        type: 'unhandled exception'
      }

      104 |
      105 |     it('should have no margin or padding', () => {
    > 106 |       const { container } = render(<Whiteboard boardId="test-board" />)
          |                                   ^
      107 |       const canvasContainer = container.querySelector('.canvas-container')
      108 |       
      109 |       const styles = window.getComputedStyle(canvasContainer!)

      at VirtualConsole.<anonymous> (node_modules/jest-environment-jsdom/build/index.js:63:23)
      at Object.invokeGuardedCallbackDev (node_modules/react-dom/cjs/react-dom.development.js:4213:16)
      at invokeGuardedCallback (node_modules/react-dom/cjs/react-dom.development.js:4277:31)
      at beginWork$1 (node_modules/react-dom/cjs/react-dom.development.js:27490:7)
      at performUnitOfWork (node_modules/react-dom/cjs/react-dom.development.js:26599:12)
      at workLoopSync (node_modules/react-dom/cjs/react-dom.development.js:26505:5)
      at renderRootSync (node_modules/react-dom/cjs/react-dom.development.js:26473:7)
      at performConcurrentWorkOnRoot (node_modules/react-dom/cjs/react-dom.development.js:25777:74)
      at flushActQueue (node_modules/react/cjs/react.development.js:2667:24)
      at act (node_modules/react/cjs/react.development.js:2582:11)
      at node_modules/@testing-library/react/dist/act-compat.js:47:25
      at renderRoot (node_modules/@testing-library/react/dist/pure.js:180:26)
      at render (node_modules/@testing-library/react/dist/pure.js:271:10)
      at Object.<anonymous> (src/__tests__/canvas-fullscreen.test.tsx:106:35)

    console.error
      Error: Uncaught [TypeError: Cannot read properties of undefined (reading 'values')]
          at Object.<anonymous> (src/__tests__/canvas-fullscreen.test.tsx:106:35)
          at new Promise (<anonymous>) {
        detail: TypeError: Cannot read properties of undefined (reading 'values')
            at values (/Users/shuhaozhang/Project/miro-clone/src/components/CollaborationPanel.tsx:16:54)
            at renderWithHooks (/Users/shuhaozhang/Project/miro-clone/node_modules/react-dom/cjs/react-dom.development.js:15486:18)
            at mountIndeterminateComponent (/Users/shuhaozhang/Project/miro-clone/node_modules/react-dom/cjs/react-dom.development.js:20103:13)
            at beginWork (/Users/shuhaozhang/Project/miro-clone/node_modules/react-dom/cjs/react-dom.development.js:21626:16)
            at HTMLUnknownElement.callCallback (/Users/shuhaozhang/Project/miro-clone/node_modules/react-dom/cjs/react-dom.development.js:4164:14)
            at HTMLUnknownElement.callTheUserObjectsOperation (/Users/shuhaozhang/Project/miro-clone/node_modules/jest-environment-jsdom/node_modules/jsdom/lib/jsdom/living/generated/EventListener.js:26:30)
            at innerInvokeEventListeners (/Users/shuhaozhang/Project/miro-clone/node_modules/jest-environment-jsdom/node_modules/jsdom/lib/jsdom/living/events/EventTarget-impl.js:350:25)
            at invokeEventListeners (/Users/shuhaozhang/Project/miro-clone/node_modules/jest-environment-jsdom/node_modules/jsdom/lib/jsdom/living/events/EventTarget-impl.js:286:3)
            at HTMLUnknownElementImpl._dispatch (/Users/shuhaozhang/Project/miro-clone/node_modules/jest-environment-jsdom/node_modules/jsdom/lib/jsdom/living/events/EventTarget-impl.js:233:9)
            at HTMLUnknownElementImpl.dispatchEvent (/Users/shuhaozhang/Project/miro-clone/node_modules/jest-environment-jsdom/node_modules/jsdom/lib/jsdom/living/events/EventTarget-impl.js:104:17)
            at HTMLUnknownElement.dispatchEvent (/Users/shuhaozhang/Project/miro-clone/node_modules/jest-environment-jsdom/node_modules/jsdom/lib/jsdom/living/generated/EventTarget.js:241:34)
            at Object.invokeGuardedCallbackDev (/Users/shuhaozhang/Project/miro-clone/node_modules/react-dom/cjs/react-dom.development.js:4213:16)
            at invokeGuardedCallback (/Users/shuhaozhang/Project/miro-clone/node_modules/react-dom/cjs/react-dom.development.js:4277:31)
            at beginWork$1 (/Users/shuhaozhang/Project/miro-clone/node_modules/react-dom/cjs/react-dom.development.js:27490:7)
            at performUnitOfWork (/Users/shuhaozhang/Project/miro-clone/node_modules/react-dom/cjs/react-dom.development.js:26599:12)
            at workLoopSync (/Users/shuhaozhang/Project/miro-clone/node_modules/react-dom/cjs/react-dom.development.js:26505:5)
            at renderRootSync (/Users/shuhaozhang/Project/miro-clone/node_modules/react-dom/cjs/react-dom.development.js:26473:7)
            at recoverFromConcurrentError (/Users/shuhaozhang/Project/miro-clone/node_modules/react-dom/cjs/react-dom.development.js:25889:20)
            at performConcurrentWorkOnRoot (/Users/shuhaozhang/Project/miro-clone/node_modules/react-dom/cjs/react-dom.development.js:25789:22)
            at flushActQueue (/Users/shuhaozhang/Project/miro-clone/node_modules/react/cjs/react.development.js:2667:24)
            at act (/Users/shuhaozhang/Project/miro-clone/node_modules/react/cjs/react.development.js:2582:11)
            at /Users/shuhaozhang/Project/miro-clone/node_modules/@testing-library/react/dist/act-compat.js:47:25
            at renderRoot (/Users/shuhaozhang/Project/miro-clone/node_modules/@testing-library/react/dist/pure.js:180:26)
            at render (/Users/shuhaozhang/Project/miro-clone/node_modules/@testing-library/react/dist/pure.js:271:10)
            at Object.<anonymous> (/Users/shuhaozhang/Project/miro-clone/src/__tests__/canvas-fullscreen.test.tsx:106:35)
            at Promise.then.completed (/Users/shuhaozhang/Project/miro-clone/node_modules/jest-circus/build/utils.js:298:28)
            at new Promise (<anonymous>)
            at callAsyncCircusFn (/Users/shuhaozhang/Project/miro-clone/node_modules/jest-circus/build/utils.js:231:10)
            at _callCircusTest (/Users/shuhaozhang/Project/miro-clone/node_modules/jest-circus/build/run.js:316:40)
            at processTicksAndRejections (node:internal/process/task_queues:105:5)
            at _runTest (/Users/shuhaozhang/Project/miro-clone/node_modules/jest-circus/build/run.js:252:3)
            at _runTestsForDescribeBlock (/Users/shuhaozhang/Project/miro-clone/node_modules/jest-circus/build/run.js:126:9)
            at _runTestsForDescribeBlock (/Users/shuhaozhang/Project/miro-clone/node_modules/jest-circus/build/run.js:121:9)
            at _runTestsForDescribeBlock (/Users/shuhaozhang/Project/miro-clone/node_modules/jest-circus/build/run.js:121:9)
            at run (/Users/shuhaozhang/Project/miro-clone/node_modules/jest-circus/build/run.js:71:3)
            at runAndTransformResultsToJestFormat (/Users/shuhaozhang/Project/miro-clone/node_modules/jest-circus/build/legacy-code-todo-rewrite/jestAdapterInit.js:122:21)
            at jestAdapter (/Users/shuhaozhang/Project/miro-clone/node_modules/jest-circus/build/legacy-code-todo-rewrite/jestAdapter.js:79:19)
            at runTestInternal (/Users/shuhaozhang/Project/miro-clone/node_modules/jest-runner/build/runTest.js:367:16)
            at runTest (/Users/shuhaozhang/Project/miro-clone/node_modules/jest-runner/build/runTest.js:444:34)
            at Object.worker (/Users/shuhaozhang/Project/miro-clone/node_modules/jest-runner/build/testWorker.js:106:12),
        type: 'unhandled exception'
      }

      104 |
      105 |     it('should have no margin or padding', () => {
    > 106 |       const { container } = render(<Whiteboard boardId="test-board" />)
          |                                   ^
      107 |       const canvasContainer = container.querySelector('.canvas-container')
      108 |       
      109 |       const styles = window.getComputedStyle(canvasContainer!)

      at VirtualConsole.<anonymous> (node_modules/jest-environment-jsdom/build/index.js:63:23)
      at Object.invokeGuardedCallbackDev (node_modules/react-dom/cjs/react-dom.development.js:4213:16)
      at invokeGuardedCallback (node_modules/react-dom/cjs/react-dom.development.js:4277:31)
      at beginWork$1 (node_modules/react-dom/cjs/react-dom.development.js:27490:7)
      at performUnitOfWork (node_modules/react-dom/cjs/react-dom.development.js:26599:12)
      at workLoopSync (node_modules/react-dom/cjs/react-dom.development.js:26505:5)
      at renderRootSync (node_modules/react-dom/cjs/react-dom.development.js:26473:7)
      at recoverFromConcurrentError (node_modules/react-dom/cjs/react-dom.development.js:25889:20)
      at performConcurrentWorkOnRoot (node_modules/react-dom/cjs/react-dom.development.js:25789:22)
      at flushActQueue (node_modules/react/cjs/react.development.js:2667:24)
      at act (node_modules/react/cjs/react.development.js:2582:11)
      at node_modules/@testing-library/react/dist/act-compat.js:47:25
      at renderRoot (node_modules/@testing-library/react/dist/pure.js:180:26)
      at render (node_modules/@testing-library/react/dist/pure.js:271:10)
      at Object.<anonymous> (src/__tests__/canvas-fullscreen.test.tsx:106:35)

    console.error
      The above error occurred in the <CollaborationPanel> component:
      
          at CollaborationPanel (/Users/shuhaozhang/Project/miro-clone/src/components/CollaborationPanel.tsx:14:47)
          at div
          at div
          at boardId (/Users/shuhaozhang/Project/miro-clone/src/components/Whiteboard.tsx:19:57)
      
      Consider adding an error boundary to your tree to customize error handling behavior.
      Visit https://reactjs.org/link/error-boundaries to learn more about error boundaries.

      104 |
      105 |     it('should have no margin or padding', () => {
    > 106 |       const { container } = render(<Whiteboard boardId="test-board" />)
          |                                   ^
      107 |       const canvasContainer = container.querySelector('.canvas-container')
      108 |       
      109 |       const styles = window.getComputedStyle(canvasContainer!)

      at logCapturedError (node_modules/react-dom/cjs/react-dom.development.js:18704:23)
      at update.callback (node_modules/react-dom/cjs/react-dom.development.js:18737:5)
      at callCallback (node_modules/react-dom/cjs/react-dom.development.js:15036:12)
      at commitUpdateQueue (node_modules/react-dom/cjs/react-dom.development.js:15057:9)
      at commitLayoutEffectOnFiber (node_modules/react-dom/cjs/react-dom.development.js:23430:13)
      at commitLayoutMountEffects_complete (node_modules/react-dom/cjs/react-dom.development.js:24727:9)
      at commitLayoutEffects_begin (node_modules/react-dom/cjs/react-dom.development.js:24713:7)
      at commitLayoutEffects (node_modules/react-dom/cjs/react-dom.development.js:24651:3)
      at commitRootImpl (node_modules/react-dom/cjs/react-dom.development.js:26862:5)
      at commitRoot (node_modules/react-dom/cjs/react-dom.development.js:26721:5)
      at finishConcurrentRender (node_modules/react-dom/cjs/react-dom.development.js:25931:9)
      at performConcurrentWorkOnRoot (node_modules/react-dom/cjs/react-dom.development.js:25848:7)
      at flushActQueue (node_modules/react/cjs/react.development.js:2667:24)
      at act (node_modules/react/cjs/react.development.js:2582:11)
      at node_modules/@testing-library/react/dist/act-compat.js:47:25
      at renderRoot (node_modules/@testing-library/react/dist/pure.js:180:26)
      at render (node_modules/@testing-library/react/dist/pure.js:271:10)
      at Object.<anonymous> (src/__tests__/canvas-fullscreen.test.tsx:106:35)

    console.error
      Error: Uncaught [TypeError: Cannot read properties of undefined (reading 'values')]
          at Object.<anonymous> (src/__tests__/canvas-fullscreen.test.tsx:117:35)
          at new Promise (<anonymous>) {
        detail: TypeError: Cannot read properties of undefined (reading 'values')
            at values (/Users/shuhaozhang/Project/miro-clone/src/components/CollaborationPanel.tsx:16:54)
            at renderWithHooks (/Users/shuhaozhang/Project/miro-clone/node_modules/react-dom/cjs/react-dom.development.js:15486:18)
            at mountIndeterminateComponent (/Users/shuhaozhang/Project/miro-clone/node_modules/react-dom/cjs/react-dom.development.js:20103:13)
            at beginWork (/Users/shuhaozhang/Project/miro-clone/node_modules/react-dom/cjs/react-dom.development.js:21626:16)
            at HTMLUnknownElement.callCallback (/Users/shuhaozhang/Project/miro-clone/node_modules/react-dom/cjs/react-dom.development.js:4164:14)
            at HTMLUnknownElement.callTheUserObjectsOperation (/Users/shuhaozhang/Project/miro-clone/node_modules/jest-environment-jsdom/node_modules/jsdom/lib/jsdom/living/generated/EventListener.js:26:30)
            at innerInvokeEventListeners (/Users/shuhaozhang/Project/miro-clone/node_modules/jest-environment-jsdom/node_modules/jsdom/lib/jsdom/living/events/EventTarget-impl.js:350:25)
            at invokeEventListeners (/Users/shuhaozhang/Project/miro-clone/node_modules/jest-environment-jsdom/node_modules/jsdom/lib/jsdom/living/events/EventTarget-impl.js:286:3)
            at HTMLUnknownElementImpl._dispatch (/Users/shuhaozhang/Project/miro-clone/node_modules/jest-environment-jsdom/node_modules/jsdom/lib/jsdom/living/events/EventTarget-impl.js:233:9)
            at HTMLUnknownElementImpl.dispatchEvent (/Users/shuhaozhang/Project/miro-clone/node_modules/jest-environment-jsdom/node_modules/jsdom/lib/jsdom/living/events/EventTarget-impl.js:104:17)
            at HTMLUnknownElement.dispatchEvent (/Users/shuhaozhang/Project/miro-clone/node_modules/jest-environment-jsdom/node_modules/jsdom/lib/jsdom/living/generated/EventTarget.js:241:34)
            at Object.invokeGuardedCallbackDev (/Users/shuhaozhang/Project/miro-clone/node_modules/react-dom/cjs/react-dom.development.js:4213:16)
            at invokeGuardedCallback (/Users/shuhaozhang/Project/miro-clone/node_modules/react-dom/cjs/react-dom.development.js:4277:31)
            at beginWork$1 (/Users/shuhaozhang/Project/miro-clone/node_modules/react-dom/cjs/react-dom.development.js:27490:7)
            at performUnitOfWork (/Users/shuhaozhang/Project/miro-clone/node_modules/react-dom/cjs/react-dom.development.js:26599:12)
            at workLoopSync (/Users/shuhaozhang/Project/miro-clone/node_modules/react-dom/cjs/react-dom.development.js:26505:5)
            at renderRootSync (/Users/shuhaozhang/Project/miro-clone/node_modules/react-dom/cjs/react-dom.development.js:26473:7)
            at performConcurrentWorkOnRoot (/Users/shuhaozhang/Project/miro-clone/node_modules/react-dom/cjs/react-dom.development.js:25777:74)
            at flushActQueue (/Users/shuhaozhang/Project/miro-clone/node_modules/react/cjs/react.development.js:2667:24)
            at act (/Users/shuhaozhang/Project/miro-clone/node_modules/react/cjs/react.development.js:2582:11)
            at /Users/shuhaozhang/Project/miro-clone/node_modules/@testing-library/react/dist/act-compat.js:47:25
            at renderRoot (/Users/shuhaozhang/Project/miro-clone/node_modules/@testing-library/react/dist/pure.js:180:26)
            at render (/Users/shuhaozhang/Project/miro-clone/node_modules/@testing-library/react/dist/pure.js:271:10)
            at Object.<anonymous> (/Users/shuhaozhang/Project/miro-clone/src/__tests__/canvas-fullscreen.test.tsx:117:35)
            at Promise.then.completed (/Users/shuhaozhang/Project/miro-clone/node_modules/jest-circus/build/utils.js:298:28)
            at new Promise (<anonymous>)
            at callAsyncCircusFn (/Users/shuhaozhang/Project/miro-clone/node_modules/jest-circus/build/utils.js:231:10)
            at _callCircusTest (/Users/shuhaozhang/Project/miro-clone/node_modules/jest-circus/build/run.js:316:40)
            at processTicksAndRejections (node:internal/process/task_queues:105:5)
            at _runTest (/Users/shuhaozhang/Project/miro-clone/node_modules/jest-circus/build/run.js:252:3)
            at _runTestsForDescribeBlock (/Users/shuhaozhang/Project/miro-clone/node_modules/jest-circus/build/run.js:126:9)
            at _runTestsForDescribeBlock (/Users/shuhaozhang/Project/miro-clone/node_modules/jest-circus/build/run.js:121:9)
            at _runTestsForDescribeBlock (/Users/shuhaozhang/Project/miro-clone/node_modules/jest-circus/build/run.js:121:9)
            at run (/Users/shuhaozhang/Project/miro-clone/node_modules/jest-circus/build/run.js:71:3)
            at runAndTransformResultsToJestFormat (/Users/shuhaozhang/Project/miro-clone/node_modules/jest-circus/build/legacy-code-todo-rewrite/jestAdapterInit.js:122:21)
            at jestAdapter (/Users/shuhaozhang/Project/miro-clone/node_modules/jest-circus/build/legacy-code-todo-rewrite/jestAdapter.js:79:19)
            at runTestInternal (/Users/shuhaozhang/Project/miro-clone/node_modules/jest-runner/build/runTest.js:367:16)
            at runTest (/Users/shuhaozhang/Project/miro-clone/node_modules/jest-runner/build/runTest.js:444:34)
            at Object.worker (/Users/shuhaozhang/Project/miro-clone/node_modules/jest-runner/build/testWorker.js:106:12),
        type: 'unhandled exception'
      }

      115 |   describe('Viewport Coverage', () => {
      116 |     it('should fill entire viewport without gaps', () => {
    > 117 |       const { container } = render(<Whiteboard boardId="test-board" />)
          |                                   ^
      118 |       const canvasContainer = container.querySelector('.canvas-container')
      119 |       
      120 |       // Check that canvas container fills viewport

      at VirtualConsole.<anonymous> (node_modules/jest-environment-jsdom/build/index.js:63:23)
      at Object.invokeGuardedCallbackDev (node_modules/react-dom/cjs/react-dom.development.js:4213:16)
      at invokeGuardedCallback (node_modules/react-dom/cjs/react-dom.development.js:4277:31)
      at beginWork$1 (node_modules/react-dom/cjs/react-dom.development.js:27490:7)
      at performUnitOfWork (node_modules/react-dom/cjs/react-dom.development.js:26599:12)
      at workLoopSync (node_modules/react-dom/cjs/react-dom.development.js:26505:5)
      at renderRootSync (node_modules/react-dom/cjs/react-dom.development.js:26473:7)
      at performConcurrentWorkOnRoot (node_modules/react-dom/cjs/react-dom.development.js:25777:74)
      at flushActQueue (node_modules/react/cjs/react.development.js:2667:24)
      at act (node_modules/react/cjs/react.development.js:2582:11)
      at node_modules/@testing-library/react/dist/act-compat.js:47:25
      at renderRoot (node_modules/@testing-library/react/dist/pure.js:180:26)
      at render (node_modules/@testing-library/react/dist/pure.js:271:10)
      at Object.<anonymous> (src/__tests__/canvas-fullscreen.test.tsx:117:35)

    console.error
      Error: Uncaught [TypeError: Cannot read properties of undefined (reading 'values')]
          at Object.<anonymous> (src/__tests__/canvas-fullscreen.test.tsx:117:35)
          at new Promise (<anonymous>) {
        detail: TypeError: Cannot read properties of undefined (reading 'values')
            at values (/Users/shuhaozhang/Project/miro-clone/src/components/CollaborationPanel.tsx:16:54)
            at renderWithHooks (/Users/shuhaozhang/Project/miro-clone/node_modules/react-dom/cjs/react-dom.development.js:15486:18)
            at mountIndeterminateComponent (/Users/shuhaozhang/Project/miro-clone/node_modules/react-dom/cjs/react-dom.development.js:20103:13)
            at beginWork (/Users/shuhaozhang/Project/miro-clone/node_modules/react-dom/cjs/react-dom.development.js:21626:16)
            at HTMLUnknownElement.callCallback (/Users/shuhaozhang/Project/miro-clone/node_modules/react-dom/cjs/react-dom.development.js:4164:14)
            at HTMLUnknownElement.callTheUserObjectsOperation (/Users/shuhaozhang/Project/miro-clone/node_modules/jest-environment-jsdom/node_modules/jsdom/lib/jsdom/living/generated/EventListener.js:26:30)
            at innerInvokeEventListeners (/Users/shuhaozhang/Project/miro-clone/node_modules/jest-environment-jsdom/node_modules/jsdom/lib/jsdom/living/events/EventTarget-impl.js:350:25)
            at invokeEventListeners (/Users/shuhaozhang/Project/miro-clone/node_modules/jest-environment-jsdom/node_modules/jsdom/lib/jsdom/living/events/EventTarget-impl.js:286:3)
            at HTMLUnknownElementImpl._dispatch (/Users/shuhaozhang/Project/miro-clone/node_modules/jest-environment-jsdom/node_modules/jsdom/lib/jsdom/living/events/EventTarget-impl.js:233:9)
            at HTMLUnknownElementImpl.dispatchEvent (/Users/shuhaozhang/Project/miro-clone/node_modules/jest-environment-jsdom/node_modules/jsdom/lib/jsdom/living/events/EventTarget-impl.js:104:17)
            at HTMLUnknownElement.dispatchEvent (/Users/shuhaozhang/Project/miro-clone/node_modules/jest-environment-jsdom/node_modules/jsdom/lib/jsdom/living/generated/EventTarget.js:241:34)
            at Object.invokeGuardedCallbackDev (/Users/shuhaozhang/Project/miro-clone/node_modules/react-dom/cjs/react-dom.development.js:4213:16)
            at invokeGuardedCallback (/Users/shuhaozhang/Project/miro-clone/node_modules/react-dom/cjs/react-dom.development.js:4277:31)
            at beginWork$1 (/Users/shuhaozhang/Project/miro-clone/node_modules/react-dom/cjs/react-dom.development.js:27490:7)
            at performUnitOfWork (/Users/shuhaozhang/Project/miro-clone/node_modules/react-dom/cjs/react-dom.development.js:26599:12)
            at workLoopSync (/Users/shuhaozhang/Project/miro-clone/node_modules/react-dom/cjs/react-dom.development.js:26505:5)
            at renderRootSync (/Users/shuhaozhang/Project/miro-clone/node_modules/react-dom/cjs/react-dom.development.js:26473:7)
            at recoverFromConcurrentError (/Users/shuhaozhang/Project/miro-clone/node_modules/react-dom/cjs/react-dom.development.js:25889:20)
            at performConcurrentWorkOnRoot (/Users/shuhaozhang/Project/miro-clone/node_modules/react-dom/cjs/react-dom.development.js:25789:22)
            at flushActQueue (/Users/shuhaozhang/Project/miro-clone/node_modules/react/cjs/react.development.js:2667:24)
            at act (/Users/shuhaozhang/Project/miro-clone/node_modules/react/cjs/react.development.js:2582:11)
            at /Users/shuhaozhang/Project/miro-clone/node_modules/@testing-library/react/dist/act-compat.js:47:25
            at renderRoot (/Users/shuhaozhang/Project/miro-clone/node_modules/@testing-library/react/dist/pure.js:180:26)
            at render (/Users/shuhaozhang/Project/miro-clone/node_modules/@testing-library/react/dist/pure.js:271:10)
            at Object.<anonymous> (/Users/shuhaozhang/Project/miro-clone/src/__tests__/canvas-fullscreen.test.tsx:117:35)
            at Promise.then.completed (/Users/shuhaozhang/Project/miro-clone/node_modules/jest-circus/build/utils.js:298:28)
            at new Promise (<anonymous>)
            at callAsyncCircusFn (/Users/shuhaozhang/Project/miro-clone/node_modules/jest-circus/build/utils.js:231:10)
            at _callCircusTest (/Users/shuhaozhang/Project/miro-clone/node_modules/jest-circus/build/run.js:316:40)
            at processTicksAndRejections (node:internal/process/task_queues:105:5)
            at _runTest (/Users/shuhaozhang/Project/miro-clone/node_modules/jest-circus/build/run.js:252:3)
            at _runTestsForDescribeBlock (/Users/shuhaozhang/Project/miro-clone/node_modules/jest-circus/build/run.js:126:9)
            at _runTestsForDescribeBlock (/Users/shuhaozhang/Project/miro-clone/node_modules/jest-circus/build/run.js:121:9)
            at _runTestsForDescribeBlock (/Users/shuhaozhang/Project/miro-clone/node_modules/jest-circus/build/run.js:121:9)
            at run (/Users/shuhaozhang/Project/miro-clone/node_modules/jest-circus/build/run.js:71:3)
            at runAndTransformResultsToJestFormat (/Users/shuhaozhang/Project/miro-clone/node_modules/jest-circus/build/legacy-code-todo-rewrite/jestAdapterInit.js:122:21)
            at jestAdapter (/Users/shuhaozhang/Project/miro-clone/node_modules/jest-circus/build/legacy-code-todo-rewrite/jestAdapter.js:79:19)
            at runTestInternal (/Users/shuhaozhang/Project/miro-clone/node_modules/jest-runner/build/runTest.js:367:16)
            at runTest (/Users/shuhaozhang/Project/miro-clone/node_modules/jest-runner/build/runTest.js:444:34)
            at Object.worker (/Users/shuhaozhang/Project/miro-clone/node_modules/jest-runner/build/testWorker.js:106:12),
        type: 'unhandled exception'
      }

      115 |   describe('Viewport Coverage', () => {
      116 |     it('should fill entire viewport without gaps', () => {
    > 117 |       const { container } = render(<Whiteboard boardId="test-board" />)
          |                                   ^
      118 |       const canvasContainer = container.querySelector('.canvas-container')
      119 |       
      120 |       // Check that canvas container fills viewport

      at VirtualConsole.<anonymous> (node_modules/jest-environment-jsdom/build/index.js:63:23)
      at Object.invokeGuardedCallbackDev (node_modules/react-dom/cjs/react-dom.development.js:4213:16)
      at invokeGuardedCallback (node_modules/react-dom/cjs/react-dom.development.js:4277:31)
      at beginWork$1 (node_modules/react-dom/cjs/react-dom.development.js:27490:7)
      at performUnitOfWork (node_modules/react-dom/cjs/react-dom.development.js:26599:12)
      at workLoopSync (node_modules/react-dom/cjs/react-dom.development.js:26505:5)
      at renderRootSync (node_modules/react-dom/cjs/react-dom.development.js:26473:7)
      at recoverFromConcurrentError (node_modules/react-dom/cjs/react-dom.development.js:25889:20)
      at performConcurrentWorkOnRoot (node_modules/react-dom/cjs/react-dom.development.js:25789:22)
      at flushActQueue (node_modules/react/cjs/react.development.js:2667:24)
      at act (node_modules/react/cjs/react.development.js:2582:11)
      at node_modules/@testing-library/react/dist/act-compat.js:47:25
      at renderRoot (node_modules/@testing-library/react/dist/pure.js:180:26)
      at render (node_modules/@testing-library/react/dist/pure.js:271:10)
      at Object.<anonymous> (src/__tests__/canvas-fullscreen.test.tsx:117:35)

    console.error
      The above error occurred in the <CollaborationPanel> component:
      
          at CollaborationPanel (/Users/shuhaozhang/Project/miro-clone/src/components/CollaborationPanel.tsx:14:47)
          at div
          at div
          at boardId (/Users/shuhaozhang/Project/miro-clone/src/components/Whiteboard.tsx:19:57)
      
      Consider adding an error boundary to your tree to customize error handling behavior.
      Visit https://reactjs.org/link/error-boundaries to learn more about error boundaries.

      115 |   describe('Viewport Coverage', () => {
      116 |     it('should fill entire viewport without gaps', () => {
    > 117 |       const { container } = render(<Whiteboard boardId="test-board" />)
          |                                   ^
      118 |       const canvasContainer = container.querySelector('.canvas-container')
      119 |       
      120 |       // Check that canvas container fills viewport

      at logCapturedError (node_modules/react-dom/cjs/react-dom.development.js:18704:23)
      at update.callback (node_modules/react-dom/cjs/react-dom.development.js:18737:5)
      at callCallback (node_modules/react-dom/cjs/react-dom.development.js:15036:12)
      at commitUpdateQueue (node_modules/react-dom/cjs/react-dom.development.js:15057:9)
      at commitLayoutEffectOnFiber (node_modules/react-dom/cjs/react-dom.development.js:23430:13)
      at commitLayoutMountEffects_complete (node_modules/react-dom/cjs/react-dom.development.js:24727:9)
      at commitLayoutEffects_begin (node_modules/react-dom/cjs/react-dom.development.js:24713:7)
      at commitLayoutEffects (node_modules/react-dom/cjs/react-dom.development.js:24651:3)
      at commitRootImpl (node_modules/react-dom/cjs/react-dom.development.js:26862:5)
      at commitRoot (node_modules/react-dom/cjs/react-dom.development.js:26721:5)
      at finishConcurrentRender (node_modules/react-dom/cjs/react-dom.development.js:25931:9)
      at performConcurrentWorkOnRoot (node_modules/react-dom/cjs/react-dom.development.js:25848:7)
      at flushActQueue (node_modules/react/cjs/react.development.js:2667:24)
      at act (node_modules/react/cjs/react.development.js:2582:11)
      at node_modules/@testing-library/react/dist/act-compat.js:47:25
      at renderRoot (node_modules/@testing-library/react/dist/pure.js:180:26)
      at render (node_modules/@testing-library/react/dist/pure.js:271:10)
      at Object.<anonymous> (src/__tests__/canvas-fullscreen.test.tsx:117:35)

    console.error
      Error: Uncaught [TypeError: Cannot read properties of undefined (reading 'values')]
          at Object.<anonymous> (src/__tests__/canvas-fullscreen.test.tsx:129:35)
          at new Promise (<anonymous>) {
        detail: TypeError: Cannot read properties of undefined (reading 'values')
            at values (/Users/shuhaozhang/Project/miro-clone/src/components/CollaborationPanel.tsx:16:54)
            at renderWithHooks (/Users/shuhaozhang/Project/miro-clone/node_modules/react-dom/cjs/react-dom.development.js:15486:18)
            at mountIndeterminateComponent (/Users/shuhaozhang/Project/miro-clone/node_modules/react-dom/cjs/react-dom.development.js:20103:13)
            at beginWork (/Users/shuhaozhang/Project/miro-clone/node_modules/react-dom/cjs/react-dom.development.js:21626:16)
            at HTMLUnknownElement.callCallback (/Users/shuhaozhang/Project/miro-clone/node_modules/react-dom/cjs/react-dom.development.js:4164:14)
            at HTMLUnknownElement.callTheUserObjectsOperation (/Users/shuhaozhang/Project/miro-clone/node_modules/jest-environment-jsdom/node_modules/jsdom/lib/jsdom/living/generated/EventListener.js:26:30)
            at innerInvokeEventListeners (/Users/shuhaozhang/Project/miro-clone/node_modules/jest-environment-jsdom/node_modules/jsdom/lib/jsdom/living/events/EventTarget-impl.js:350:25)
            at invokeEventListeners (/Users/shuhaozhang/Project/miro-clone/node_modules/jest-environment-jsdom/node_modules/jsdom/lib/jsdom/living/events/EventTarget-impl.js:286:3)
            at HTMLUnknownElementImpl._dispatch (/Users/shuhaozhang/Project/miro-clone/node_modules/jest-environment-jsdom/node_modules/jsdom/lib/jsdom/living/events/EventTarget-impl.js:233:9)
            at HTMLUnknownElementImpl.dispatchEvent (/Users/shuhaozhang/Project/miro-clone/node_modules/jest-environment-jsdom/node_modules/jsdom/lib/jsdom/living/events/EventTarget-impl.js:104:17)
            at HTMLUnknownElement.dispatchEvent (/Users/shuhaozhang/Project/miro-clone/node_modules/jest-environment-jsdom/node_modules/jsdom/lib/jsdom/living/generated/EventTarget.js:241:34)
            at Object.invokeGuardedCallbackDev (/Users/shuhaozhang/Project/miro-clone/node_modules/react-dom/cjs/react-dom.development.js:4213:16)
            at invokeGuardedCallback (/Users/shuhaozhang/Project/miro-clone/node_modules/react-dom/cjs/react-dom.development.js:4277:31)
            at beginWork$1 (/Users/shuhaozhang/Project/miro-clone/node_modules/react-dom/cjs/react-dom.development.js:27490:7)
            at performUnitOfWork (/Users/shuhaozhang/Project/miro-clone/node_modules/react-dom/cjs/react-dom.development.js:26599:12)
            at workLoopSync (/Users/shuhaozhang/Project/miro-clone/node_modules/react-dom/cjs/react-dom.development.js:26505:5)
            at renderRootSync (/Users/shuhaozhang/Project/miro-clone/node_modules/react-dom/cjs/react-dom.development.js:26473:7)
            at performConcurrentWorkOnRoot (/Users/shuhaozhang/Project/miro-clone/node_modules/react-dom/cjs/react-dom.development.js:25777:74)
            at flushActQueue (/Users/shuhaozhang/Project/miro-clone/node_modules/react/cjs/react.development.js:2667:24)
            at act (/Users/shuhaozhang/Project/miro-clone/node_modules/react/cjs/react.development.js:2582:11)
            at /Users/shuhaozhang/Project/miro-clone/node_modules/@testing-library/react/dist/act-compat.js:47:25
            at renderRoot (/Users/shuhaozhang/Project/miro-clone/node_modules/@testing-library/react/dist/pure.js:180:26)
            at render (/Users/shuhaozhang/Project/miro-clone/node_modules/@testing-library/react/dist/pure.js:271:10)
            at Object.<anonymous> (/Users/shuhaozhang/Project/miro-clone/src/__tests__/canvas-fullscreen.test.tsx:129:35)
            at Promise.then.completed (/Users/shuhaozhang/Project/miro-clone/node_modules/jest-circus/build/utils.js:298:28)
            at new Promise (<anonymous>)
            at callAsyncCircusFn (/Users/shuhaozhang/Project/miro-clone/node_modules/jest-circus/build/utils.js:231:10)
            at _callCircusTest (/Users/shuhaozhang/Project/miro-clone/node_modules/jest-circus/build/run.js:316:40)
            at processTicksAndRejections (node:internal/process/task_queues:105:5)
            at _runTest (/Users/shuhaozhang/Project/miro-clone/node_modules/jest-circus/build/run.js:252:3)
            at _runTestsForDescribeBlock (/Users/shuhaozhang/Project/miro-clone/node_modules/jest-circus/build/run.js:126:9)
            at _runTestsForDescribeBlock (/Users/shuhaozhang/Project/miro-clone/node_modules/jest-circus/build/run.js:121:9)
            at _runTestsForDescribeBlock (/Users/shuhaozhang/Project/miro-clone/node_modules/jest-circus/build/run.js:121:9)
            at run (/Users/shuhaozhang/Project/miro-clone/node_modules/jest-circus/build/run.js:71:3)
            at runAndTransformResultsToJestFormat (/Users/shuhaozhang/Project/miro-clone/node_modules/jest-circus/build/legacy-code-todo-rewrite/jestAdapterInit.js:122:21)
            at jestAdapter (/Users/shuhaozhang/Project/miro-clone/node_modules/jest-circus/build/legacy-code-todo-rewrite/jestAdapter.js:79:19)
            at runTestInternal (/Users/shuhaozhang/Project/miro-clone/node_modules/jest-runner/build/runTest.js:367:16)
            at runTest (/Users/shuhaozhang/Project/miro-clone/node_modules/jest-runner/build/runTest.js:444:34)
            at Object.worker (/Users/shuhaozhang/Project/miro-clone/node_modules/jest-runner/build/testWorker.js:106:12),
        type: 'unhandled exception'
      }

      127 |
      128 |     it('should have proper z-index layering', () => {
    > 129 |       const { container } = render(<Whiteboard boardId="test-board" />)
          |                                   ^
      130 |       const canvasContainer = container.querySelector('.canvas-container')
      131 |       
      132 |       const styles = window.getComputedStyle(canvasContainer!)

      at VirtualConsole.<anonymous> (node_modules/jest-environment-jsdom/build/index.js:63:23)
      at Object.invokeGuardedCallbackDev (node_modules/react-dom/cjs/react-dom.development.js:4213:16)
      at invokeGuardedCallback (node_modules/react-dom/cjs/react-dom.development.js:4277:31)
      at beginWork$1 (node_modules/react-dom/cjs/react-dom.development.js:27490:7)
      at performUnitOfWork (node_modules/react-dom/cjs/react-dom.development.js:26599:12)
      at workLoopSync (node_modules/react-dom/cjs/react-dom.development.js:26505:5)
      at renderRootSync (node_modules/react-dom/cjs/react-dom.development.js:26473:7)
      at performConcurrentWorkOnRoot (node_modules/react-dom/cjs/react-dom.development.js:25777:74)
      at flushActQueue (node_modules/react/cjs/react.development.js:2667:24)
      at act (node_modules/react/cjs/react.development.js:2582:11)
      at node_modules/@testing-library/react/dist/act-compat.js:47:25
      at renderRoot (node_modules/@testing-library/react/dist/pure.js:180:26)
      at render (node_modules/@testing-library/react/dist/pure.js:271:10)
      at Object.<anonymous> (src/__tests__/canvas-fullscreen.test.tsx:129:35)

    console.error
      Error: Uncaught [TypeError: Cannot read properties of undefined (reading 'values')]
          at Object.<anonymous> (src/__tests__/canvas-fullscreen.test.tsx:129:35)
          at new Promise (<anonymous>) {
        detail: TypeError: Cannot read properties of undefined (reading 'values')
            at values (/Users/shuhaozhang/Project/miro-clone/src/components/CollaborationPanel.tsx:16:54)
            at renderWithHooks (/Users/shuhaozhang/Project/miro-clone/node_modules/react-dom/cjs/react-dom.development.js:15486:18)
            at mountIndeterminateComponent (/Users/shuhaozhang/Project/miro-clone/node_modules/react-dom/cjs/react-dom.development.js:20103:13)
            at beginWork (/Users/shuhaozhang/Project/miro-clone/node_modules/react-dom/cjs/react-dom.development.js:21626:16)
            at HTMLUnknownElement.callCallback (/Users/shuhaozhang/Project/miro-clone/node_modules/react-dom/cjs/react-dom.development.js:4164:14)
            at HTMLUnknownElement.callTheUserObjectsOperation (/Users/shuhaozhang/Project/miro-clone/node_modules/jest-environment-jsdom/node_modules/jsdom/lib/jsdom/living/generated/EventListener.js:26:30)
            at innerInvokeEventListeners (/Users/shuhaozhang/Project/miro-clone/node_modules/jest-environment-jsdom/node_modules/jsdom/lib/jsdom/living/events/EventTarget-impl.js:350:25)
            at invokeEventListeners (/Users/shuhaozhang/Project/miro-clone/node_modules/jest-environment-jsdom/node_modules/jsdom/lib/jsdom/living/events/EventTarget-impl.js:286:3)
            at HTMLUnknownElementImpl._dispatch (/Users/shuhaozhang/Project/miro-clone/node_modules/jest-environment-jsdom/node_modules/jsdom/lib/jsdom/living/events/EventTarget-impl.js:233:9)
            at HTMLUnknownElementImpl.dispatchEvent (/Users/shuhaozhang/Project/miro-clone/node_modules/jest-environment-jsdom/node_modules/jsdom/lib/jsdom/living/events/EventTarget-impl.js:104:17)
            at HTMLUnknownElement.dispatchEvent (/Users/shuhaozhang/Project/miro-clone/node_modules/jest-environment-jsdom/node_modules/jsdom/lib/jsdom/living/generated/EventTarget.js:241:34)
            at Object.invokeGuardedCallbackDev (/Users/shuhaozhang/Project/miro-clone/node_modules/react-dom/cjs/react-dom.development.js:4213:16)
            at invokeGuardedCallback (/Users/shuhaozhang/Project/miro-clone/node_modules/react-dom/cjs/react-dom.development.js:4277:31)
            at beginWork$1 (/Users/shuhaozhang/Project/miro-clone/node_modules/react-dom/cjs/react-dom.development.js:27490:7)
            at performUnitOfWork (/Users/shuhaozhang/Project/miro-clone/node_modules/react-dom/cjs/react-dom.development.js:26599:12)
            at workLoopSync (/Users/shuhaozhang/Project/miro-clone/node_modules/react-dom/cjs/react-dom.development.js:26505:5)
            at renderRootSync (/Users/shuhaozhang/Project/miro-clone/node_modules/react-dom/cjs/react-dom.development.js:26473:7)
            at recoverFromConcurrentError (/Users/shuhaozhang/Project/miro-clone/node_modules/react-dom/cjs/react-dom.development.js:25889:20)
            at performConcurrentWorkOnRoot (/Users/shuhaozhang/Project/miro-clone/node_modules/react-dom/cjs/react-dom.development.js:25789:22)
            at flushActQueue (/Users/shuhaozhang/Project/miro-clone/node_modules/react/cjs/react.development.js:2667:24)
            at act (/Users/shuhaozhang/Project/miro-clone/node_modules/react/cjs/react.development.js:2582:11)
            at /Users/shuhaozhang/Project/miro-clone/node_modules/@testing-library/react/dist/act-compat.js:47:25
            at renderRoot (/Users/shuhaozhang/Project/miro-clone/node_modules/@testing-library/react/dist/pure.js:180:26)
            at render (/Users/shuhaozhang/Project/miro-clone/node_modules/@testing-library/react/dist/pure.js:271:10)
            at Object.<anonymous> (/Users/shuhaozhang/Project/miro-clone/src/__tests__/canvas-fullscreen.test.tsx:129:35)
            at Promise.then.completed (/Users/shuhaozhang/Project/miro-clone/node_modules/jest-circus/build/utils.js:298:28)
            at new Promise (<anonymous>)
            at callAsyncCircusFn (/Users/shuhaozhang/Project/miro-clone/node_modules/jest-circus/build/utils.js:231:10)
            at _callCircusTest (/Users/shuhaozhang/Project/miro-clone/node_modules/jest-circus/build/run.js:316:40)
            at processTicksAndRejections (node:internal/process/task_queues:105:5)
            at _runTest (/Users/shuhaozhang/Project/miro-clone/node_modules/jest-circus/build/run.js:252:3)
            at _runTestsForDescribeBlock (/Users/shuhaozhang/Project/miro-clone/node_modules/jest-circus/build/run.js:126:9)
            at _runTestsForDescribeBlock (/Users/shuhaozhang/Project/miro-clone/node_modules/jest-circus/build/run.js:121:9)
            at _runTestsForDescribeBlock (/Users/shuhaozhang/Project/miro-clone/node_modules/jest-circus/build/run.js:121:9)
            at run (/Users/shuhaozhang/Project/miro-clone/node_modules/jest-circus/build/run.js:71:3)
            at runAndTransformResultsToJestFormat (/Users/shuhaozhang/Project/miro-clone/node_modules/jest-circus/build/legacy-code-todo-rewrite/jestAdapterInit.js:122:21)
            at jestAdapter (/Users/shuhaozhang/Project/miro-clone/node_modules/jest-circus/build/legacy-code-todo-rewrite/jestAdapter.js:79:19)
            at runTestInternal (/Users/shuhaozhang/Project/miro-clone/node_modules/jest-runner/build/runTest.js:367:16)
            at runTest (/Users/shuhaozhang/Project/miro-clone/node_modules/jest-runner/build/runTest.js:444:34)
            at Object.worker (/Users/shuhaozhang/Project/miro-clone/node_modules/jest-runner/build/testWorker.js:106:12),
        type: 'unhandled exception'
      }

      127 |
      128 |     it('should have proper z-index layering', () => {
    > 129 |       const { container } = render(<Whiteboard boardId="test-board" />)
          |                                   ^
      130 |       const canvasContainer = container.querySelector('.canvas-container')
      131 |       
      132 |       const styles = window.getComputedStyle(canvasContainer!)

      at VirtualConsole.<anonymous> (node_modules/jest-environment-jsdom/build/index.js:63:23)
      at Object.invokeGuardedCallbackDev (node_modules/react-dom/cjs/react-dom.development.js:4213:16)
      at invokeGuardedCallback (node_modules/react-dom/cjs/react-dom.development.js:4277:31)
      at beginWork$1 (node_modules/react-dom/cjs/react-dom.development.js:27490:7)
      at performUnitOfWork (node_modules/react-dom/cjs/react-dom.development.js:26599:12)
      at workLoopSync (node_modules/react-dom/cjs/react-dom.development.js:26505:5)
      at renderRootSync (node_modules/react-dom/cjs/react-dom.development.js:26473:7)
      at recoverFromConcurrentError (node_modules/react-dom/cjs/react-dom.development.js:25889:20)
      at performConcurrentWorkOnRoot (node_modules/react-dom/cjs/react-dom.development.js:25789:22)
      at flushActQueue (node_modules/react/cjs/react.development.js:2667:24)
      at act (node_modules/react/cjs/react.development.js:2582:11)
      at node_modules/@testing-library/react/dist/act-compat.js:47:25
      at renderRoot (node_modules/@testing-library/react/dist/pure.js:180:26)
      at render (node_modules/@testing-library/react/dist/pure.js:271:10)
      at Object.<anonymous> (src/__tests__/canvas-fullscreen.test.tsx:129:35)

    console.error
      The above error occurred in the <CollaborationPanel> component:
      
          at CollaborationPanel (/Users/shuhaozhang/Project/miro-clone/src/components/CollaborationPanel.tsx:14:47)
          at div
          at div
          at boardId (/Users/shuhaozhang/Project/miro-clone/src/components/Whiteboard.tsx:19:57)
      
      Consider adding an error boundary to your tree to customize error handling behavior.
      Visit https://reactjs.org/link/error-boundaries to learn more about error boundaries.

      127 |
      128 |     it('should have proper z-index layering', () => {
    > 129 |       const { container } = render(<Whiteboard boardId="test-board" />)
          |                                   ^
      130 |       const canvasContainer = container.querySelector('.canvas-container')
      131 |       
      132 |       const styles = window.getComputedStyle(canvasContainer!)

      at logCapturedError (node_modules/react-dom/cjs/react-dom.development.js:18704:23)
      at update.callback (node_modules/react-dom/cjs/react-dom.development.js:18737:5)
      at callCallback (node_modules/react-dom/cjs/react-dom.development.js:15036:12)
      at commitUpdateQueue (node_modules/react-dom/cjs/react-dom.development.js:15057:9)
      at commitLayoutEffectOnFiber (node_modules/react-dom/cjs/react-dom.development.js:23430:13)
      at commitLayoutMountEffects_complete (node_modules/react-dom/cjs/react-dom.development.js:24727:9)
      at commitLayoutEffects_begin (node_modules/react-dom/cjs/react-dom.development.js:24713:7)
      at commitLayoutEffects (node_modules/react-dom/cjs/react-dom.development.js:24651:3)
      at commitRootImpl (node_modules/react-dom/cjs/react-dom.development.js:26862:5)
      at commitRoot (node_modules/react-dom/cjs/react-dom.development.js:26721:5)
      at finishConcurrentRender (node_modules/react-dom/cjs/react-dom.development.js:25931:9)
      at performConcurrentWorkOnRoot (node_modules/react-dom/cjs/react-dom.development.js:25848:7)
      at flushActQueue (node_modules/react/cjs/react.development.js:2667:24)
      at act (node_modules/react/cjs/react.development.js:2582:11)
      at node_modules/@testing-library/react/dist/act-compat.js:47:25
      at renderRoot (node_modules/@testing-library/react/dist/pure.js:180:26)
      at render (node_modules/@testing-library/react/dist/pure.js:271:10)
      at Object.<anonymous> (src/__tests__/canvas-fullscreen.test.tsx:129:35)

    console.error
      Error: Uncaught [TypeError: Cannot read properties of undefined (reading 'values')]
          at Object.<anonymous> (src/__tests__/canvas-fullscreen.test.tsx:137:35)
          at new Promise (<anonymous>) {
        detail: TypeError: Cannot read properties of undefined (reading 'values')
            at values (/Users/shuhaozhang/Project/miro-clone/src/components/CollaborationPanel.tsx:16:54)
            at renderWithHooks (/Users/shuhaozhang/Project/miro-clone/node_modules/react-dom/cjs/react-dom.development.js:15486:18)
            at mountIndeterminateComponent (/Users/shuhaozhang/Project/miro-clone/node_modules/react-dom/cjs/react-dom.development.js:20103:13)
            at beginWork (/Users/shuhaozhang/Project/miro-clone/node_modules/react-dom/cjs/react-dom.development.js:21626:16)
            at HTMLUnknownElement.callCallback (/Users/shuhaozhang/Project/miro-clone/node_modules/react-dom/cjs/react-dom.development.js:4164:14)
            at HTMLUnknownElement.callTheUserObjectsOperation (/Users/shuhaozhang/Project/miro-clone/node_modules/jest-environment-jsdom/node_modules/jsdom/lib/jsdom/living/generated/EventListener.js:26:30)
            at innerInvokeEventListeners (/Users/shuhaozhang/Project/miro-clone/node_modules/jest-environment-jsdom/node_modules/jsdom/lib/jsdom/living/events/EventTarget-impl.js:350:25)
            at invokeEventListeners (/Users/shuhaozhang/Project/miro-clone/node_modules/jest-environment-jsdom/node_modules/jsdom/lib/jsdom/living/events/EventTarget-impl.js:286:3)
            at HTMLUnknownElementImpl._dispatch (/Users/shuhaozhang/Project/miro-clone/node_modules/jest-environment-jsdom/node_modules/jsdom/lib/jsdom/living/events/EventTarget-impl.js:233:9)
            at HTMLUnknownElementImpl.dispatchEvent (/Users/shuhaozhang/Project/miro-clone/node_modules/jest-environment-jsdom/node_modules/jsdom/lib/jsdom/living/events/EventTarget-impl.js:104:17)
            at HTMLUnknownElement.dispatchEvent (/Users/shuhaozhang/Project/miro-clone/node_modules/jest-environment-jsdom/node_modules/jsdom/lib/jsdom/living/generated/EventTarget.js:241:34)
            at Object.invokeGuardedCallbackDev (/Users/shuhaozhang/Project/miro-clone/node_modules/react-dom/cjs/react-dom.development.js:4213:16)
            at invokeGuardedCallback (/Users/shuhaozhang/Project/miro-clone/node_modules/react-dom/cjs/react-dom.development.js:4277:31)
            at beginWork$1 (/Users/shuhaozhang/Project/miro-clone/node_modules/react-dom/cjs/react-dom.development.js:27490:7)
            at performUnitOfWork (/Users/shuhaozhang/Project/miro-clone/node_modules/react-dom/cjs/react-dom.development.js:26599:12)
            at workLoopSync (/Users/shuhaozhang/Project/miro-clone/node_modules/react-dom/cjs/react-dom.development.js:26505:5)
            at renderRootSync (/Users/shuhaozhang/Project/miro-clone/node_modules/react-dom/cjs/react-dom.development.js:26473:7)
            at performConcurrentWorkOnRoot (/Users/shuhaozhang/Project/miro-clone/node_modules/react-dom/cjs/react-dom.development.js:25777:74)
            at flushActQueue (/Users/shuhaozhang/Project/miro-clone/node_modules/react/cjs/react.development.js:2667:24)
            at act (/Users/shuhaozhang/Project/miro-clone/node_modules/react/cjs/react.development.js:2582:11)
            at /Users/shuhaozhang/Project/miro-clone/node_modules/@testing-library/react/dist/act-compat.js:47:25
            at renderRoot (/Users/shuhaozhang/Project/miro-clone/node_modules/@testing-library/react/dist/pure.js:180:26)
            at render (/Users/shuhaozhang/Project/miro-clone/node_modules/@testing-library/react/dist/pure.js:271:10)
            at Object.<anonymous> (/Users/shuhaozhang/Project/miro-clone/src/__tests__/canvas-fullscreen.test.tsx:137:35)
            at Promise.then.completed (/Users/shuhaozhang/Project/miro-clone/node_modules/jest-circus/build/utils.js:298:28)
            at new Promise (<anonymous>)
            at callAsyncCircusFn (/Users/shuhaozhang/Project/miro-clone/node_modules/jest-circus/build/utils.js:231:10)
            at _callCircusTest (/Users/shuhaozhang/Project/miro-clone/node_modules/jest-circus/build/run.js:316:40)
            at processTicksAndRejections (node:internal/process/task_queues:105:5)
            at _runTest (/Users/shuhaozhang/Project/miro-clone/node_modules/jest-circus/build/run.js:252:3)
            at _runTestsForDescribeBlock (/Users/shuhaozhang/Project/miro-clone/node_modules/jest-circus/build/run.js:126:9)
            at _runTestsForDescribeBlock (/Users/shuhaozhang/Project/miro-clone/node_modules/jest-circus/build/run.js:121:9)
            at _runTestsForDescribeBlock (/Users/shuhaozhang/Project/miro-clone/node_modules/jest-circus/build/run.js:121:9)
            at run (/Users/shuhaozhang/Project/miro-clone/node_modules/jest-circus/build/run.js:71:3)
            at runAndTransformResultsToJestFormat (/Users/shuhaozhang/Project/miro-clone/node_modules/jest-circus/build/legacy-code-todo-rewrite/jestAdapterInit.js:122:21)
            at jestAdapter (/Users/shuhaozhang/Project/miro-clone/node_modules/jest-circus/build/legacy-code-todo-rewrite/jestAdapter.js:79:19)
            at runTestInternal (/Users/shuhaozhang/Project/miro-clone/node_modules/jest-runner/build/runTest.js:367:16)
            at runTest (/Users/shuhaozhang/Project/miro-clone/node_modules/jest-runner/build/runTest.js:444:34)
            at Object.worker (/Users/shuhaozhang/Project/miro-clone/node_modules/jest-runner/build/testWorker.js:106:12),
        type: 'unhandled exception'
      }

      135 |
      136 |     it('should have GPU acceleration styles', () => {
    > 137 |       const { container } = render(<Whiteboard boardId="test-board" />)
          |                                   ^
      138 |       const canvasContainer = container.querySelector('.canvas-container')
      139 |       
      140 |       const styles = window.getComputedStyle(canvasContainer!)

      at VirtualConsole.<anonymous> (node_modules/jest-environment-jsdom/build/index.js:63:23)
      at Object.invokeGuardedCallbackDev (node_modules/react-dom/cjs/react-dom.development.js:4213:16)
      at invokeGuardedCallback (node_modules/react-dom/cjs/react-dom.development.js:4277:31)
      at beginWork$1 (node_modules/react-dom/cjs/react-dom.development.js:27490:7)
      at performUnitOfWork (node_modules/react-dom/cjs/react-dom.development.js:26599:12)
      at workLoopSync (node_modules/react-dom/cjs/react-dom.development.js:26505:5)
      at renderRootSync (node_modules/react-dom/cjs/react-dom.development.js:26473:7)
      at performConcurrentWorkOnRoot (node_modules/react-dom/cjs/react-dom.development.js:25777:74)
      at flushActQueue (node_modules/react/cjs/react.development.js:2667:24)
      at act (node_modules/react/cjs/react.development.js:2582:11)
      at node_modules/@testing-library/react/dist/act-compat.js:47:25
      at renderRoot (node_modules/@testing-library/react/dist/pure.js:180:26)
      at render (node_modules/@testing-library/react/dist/pure.js:271:10)
      at Object.<anonymous> (src/__tests__/canvas-fullscreen.test.tsx:137:35)

    console.error
      Error: Uncaught [TypeError: Cannot read properties of undefined (reading 'values')]
          at Object.<anonymous> (src/__tests__/canvas-fullscreen.test.tsx:137:35)
          at new Promise (<anonymous>) {
        detail: TypeError: Cannot read properties of undefined (reading 'values')
            at values (/Users/shuhaozhang/Project/miro-clone/src/components/CollaborationPanel.tsx:16:54)
            at renderWithHooks (/Users/shuhaozhang/Project/miro-clone/node_modules/react-dom/cjs/react-dom.development.js:15486:18)
            at mountIndeterminateComponent (/Users/shuhaozhang/Project/miro-clone/node_modules/react-dom/cjs/react-dom.development.js:20103:13)
            at beginWork (/Users/shuhaozhang/Project/miro-clone/node_modules/react-dom/cjs/react-dom.development.js:21626:16)
            at HTMLUnknownElement.callCallback (/Users/shuhaozhang/Project/miro-clone/node_modules/react-dom/cjs/react-dom.development.js:4164:14)
            at HTMLUnknownElement.callTheUserObjectsOperation (/Users/shuhaozhang/Project/miro-clone/node_modules/jest-environment-jsdom/node_modules/jsdom/lib/jsdom/living/generated/EventListener.js:26:30)
            at innerInvokeEventListeners (/Users/shuhaozhang/Project/miro-clone/node_modules/jest-environment-jsdom/node_modules/jsdom/lib/jsdom/living/events/EventTarget-impl.js:350:25)
            at invokeEventListeners (/Users/shuhaozhang/Project/miro-clone/node_modules/jest-environment-jsdom/node_modules/jsdom/lib/jsdom/living/events/EventTarget-impl.js:286:3)
            at HTMLUnknownElementImpl._dispatch (/Users/shuhaozhang/Project/miro-clone/node_modules/jest-environment-jsdom/node_modules/jsdom/lib/jsdom/living/events/EventTarget-impl.js:233:9)
            at HTMLUnknownElementImpl.dispatchEvent (/Users/shuhaozhang/Project/miro-clone/node_modules/jest-environment-jsdom/node_modules/jsdom/lib/jsdom/living/events/EventTarget-impl.js:104:17)
            at HTMLUnknownElement.dispatchEvent (/Users/shuhaozhang/Project/miro-clone/node_modules/jest-environment-jsdom/node_modules/jsdom/lib/jsdom/living/generated/EventTarget.js:241:34)
            at Object.invokeGuardedCallbackDev (/Users/shuhaozhang/Project/miro-clone/node_modules/react-dom/cjs/react-dom.development.js:4213:16)
            at invokeGuardedCallback (/Users/shuhaozhang/Project/miro-clone/node_modules/react-dom/cjs/react-dom.development.js:4277:31)
            at beginWork$1 (/Users/shuhaozhang/Project/miro-clone/node_modules/react-dom/cjs/react-dom.development.js:27490:7)
            at performUnitOfWork (/Users/shuhaozhang/Project/miro-clone/node_modules/react-dom/cjs/react-dom.development.js:26599:12)
            at workLoopSync (/Users/shuhaozhang/Project/miro-clone/node_modules/react-dom/cjs/react-dom.development.js:26505:5)
            at renderRootSync (/Users/shuhaozhang/Project/miro-clone/node_modules/react-dom/cjs/react-dom.development.js:26473:7)
            at recoverFromConcurrentError (/Users/shuhaozhang/Project/miro-clone/node_modules/react-dom/cjs/react-dom.development.js:25889:20)
            at performConcurrentWorkOnRoot (/Users/shuhaozhang/Project/miro-clone/node_modules/react-dom/cjs/react-dom.development.js:25789:22)
            at flushActQueue (/Users/shuhaozhang/Project/miro-clone/node_modules/react/cjs/react.development.js:2667:24)
            at act (/Users/shuhaozhang/Project/miro-clone/node_modules/react/cjs/react.development.js:2582:11)
            at /Users/shuhaozhang/Project/miro-clone/node_modules/@testing-library/react/dist/act-compat.js:47:25
            at renderRoot (/Users/shuhaozhang/Project/miro-clone/node_modules/@testing-library/react/dist/pure.js:180:26)
            at render (/Users/shuhaozhang/Project/miro-clone/node_modules/@testing-library/react/dist/pure.js:271:10)
            at Object.<anonymous> (/Users/shuhaozhang/Project/miro-clone/src/__tests__/canvas-fullscreen.test.tsx:137:35)
            at Promise.then.completed (/Users/shuhaozhang/Project/miro-clone/node_modules/jest-circus/build/utils.js:298:28)
            at new Promise (<anonymous>)
            at callAsyncCircusFn (/Users/shuhaozhang/Project/miro-clone/node_modules/jest-circus/build/utils.js:231:10)
            at _callCircusTest (/Users/shuhaozhang/Project/miro-clone/node_modules/jest-circus/build/run.js:316:40)
            at processTicksAndRejections (node:internal/process/task_queues:105:5)
            at _runTest (/Users/shuhaozhang/Project/miro-clone/node_modules/jest-circus/build/run.js:252:3)
            at _runTestsForDescribeBlock (/Users/shuhaozhang/Project/miro-clone/node_modules/jest-circus/build/run.js:126:9)
            at _runTestsForDescribeBlock (/Users/shuhaozhang/Project/miro-clone/node_modules/jest-circus/build/run.js:121:9)
            at _runTestsForDescribeBlock (/Users/shuhaozhang/Project/miro-clone/node_modules/jest-circus/build/run.js:121:9)
            at run (/Users/shuhaozhang/Project/miro-clone/node_modules/jest-circus/build/run.js:71:3)
            at runAndTransformResultsToJestFormat (/Users/shuhaozhang/Project/miro-clone/node_modules/jest-circus/build/legacy-code-todo-rewrite/jestAdapterInit.js:122:21)
            at jestAdapter (/Users/shuhaozhang/Project/miro-clone/node_modules/jest-circus/build/legacy-code-todo-rewrite/jestAdapter.js:79:19)
            at runTestInternal (/Users/shuhaozhang/Project/miro-clone/node_modules/jest-runner/build/runTest.js:367:16)
            at runTest (/Users/shuhaozhang/Project/miro-clone/node_modules/jest-runner/build/runTest.js:444:34)
            at Object.worker (/Users/shuhaozhang/Project/miro-clone/node_modules/jest-runner/build/testWorker.js:106:12),
        type: 'unhandled exception'
      }

      135 |
      136 |     it('should have GPU acceleration styles', () => {
    > 137 |       const { container } = render(<Whiteboard boardId="test-board" />)
          |                                   ^
      138 |       const canvasContainer = container.querySelector('.canvas-container')
      139 |       
      140 |       const styles = window.getComputedStyle(canvasContainer!)

      at VirtualConsole.<anonymous> (node_modules/jest-environment-jsdom/build/index.js:63:23)
      at Object.invokeGuardedCallbackDev (node_modules/react-dom/cjs/react-dom.development.js:4213:16)
      at invokeGuardedCallback (node_modules/react-dom/cjs/react-dom.development.js:4277:31)
      at beginWork$1 (node_modules/react-dom/cjs/react-dom.development.js:27490:7)
      at performUnitOfWork (node_modules/react-dom/cjs/react-dom.development.js:26599:12)
      at workLoopSync (node_modules/react-dom/cjs/react-dom.development.js:26505:5)
      at renderRootSync (node_modules/react-dom/cjs/react-dom.development.js:26473:7)
      at recoverFromConcurrentError (node_modules/react-dom/cjs/react-dom.development.js:25889:20)
      at performConcurrentWorkOnRoot (node_modules/react-dom/cjs/react-dom.development.js:25789:22)
      at flushActQueue (node_modules/react/cjs/react.development.js:2667:24)
      at act (node_modules/react/cjs/react.development.js:2582:11)
      at node_modules/@testing-library/react/dist/act-compat.js:47:25
      at renderRoot (node_modules/@testing-library/react/dist/pure.js:180:26)
      at render (node_modules/@testing-library/react/dist/pure.js:271:10)
      at Object.<anonymous> (src/__tests__/canvas-fullscreen.test.tsx:137:35)

    console.error
      The above error occurred in the <CollaborationPanel> component:
      
          at CollaborationPanel (/Users/shuhaozhang/Project/miro-clone/src/components/CollaborationPanel.tsx:14:47)
          at div
          at div
          at boardId (/Users/shuhaozhang/Project/miro-clone/src/components/Whiteboard.tsx:19:57)
      
      Consider adding an error boundary to your tree to customize error handling behavior.
      Visit https://reactjs.org/link/error-boundaries to learn more about error boundaries.

      135 |
      136 |     it('should have GPU acceleration styles', () => {
    > 137 |       const { container } = render(<Whiteboard boardId="test-board" />)
          |                                   ^
      138 |       const canvasContainer = container.querySelector('.canvas-container')
      139 |       
      140 |       const styles = window.getComputedStyle(canvasContainer!)

      at logCapturedError (node_modules/react-dom/cjs/react-dom.development.js:18704:23)
      at update.callback (node_modules/react-dom/cjs/react-dom.development.js:18737:5)
      at callCallback (node_modules/react-dom/cjs/react-dom.development.js:15036:12)
      at commitUpdateQueue (node_modules/react-dom/cjs/react-dom.development.js:15057:9)
      at commitLayoutEffectOnFiber (node_modules/react-dom/cjs/react-dom.development.js:23430:13)
      at commitLayoutMountEffects_complete (node_modules/react-dom/cjs/react-dom.development.js:24727:9)
      at commitLayoutEffects_begin (node_modules/react-dom/cjs/react-dom.development.js:24713:7)
      at commitLayoutEffects (node_modules/react-dom/cjs/react-dom.development.js:24651:3)
      at commitRootImpl (node_modules/react-dom/cjs/react-dom.development.js:26862:5)
      at commitRoot (node_modules/react-dom/cjs/react-dom.development.js:26721:5)
      at finishConcurrentRender (node_modules/react-dom/cjs/react-dom.development.js:25931:9)
      at performConcurrentWorkOnRoot (node_modules/react-dom/cjs/react-dom.development.js:25848:7)
      at flushActQueue (node_modules/react/cjs/react.development.js:2667:24)
      at act (node_modules/react/cjs/react.development.js:2582:11)
      at node_modules/@testing-library/react/dist/act-compat.js:47:25
      at renderRoot (node_modules/@testing-library/react/dist/pure.js:180:26)
      at render (node_modules/@testing-library/react/dist/pure.js:271:10)
      at Object.<anonymous> (src/__tests__/canvas-fullscreen.test.tsx:137:35)

    console.error
      Error: Uncaught [TypeError: Cannot read properties of undefined (reading 'values')]
          at Object.<anonymous> (src/__tests__/canvas-fullscreen.test.tsx:148:13)
          at new Promise (<anonymous>) {
        detail: TypeError: Cannot read properties of undefined (reading 'values')
            at values (/Users/shuhaozhang/Project/miro-clone/src/components/CollaborationPanel.tsx:16:54)
            at renderWithHooks (/Users/shuhaozhang/Project/miro-clone/node_modules/react-dom/cjs/react-dom.development.js:15486:18)
            at mountIndeterminateComponent (/Users/shuhaozhang/Project/miro-clone/node_modules/react-dom/cjs/react-dom.development.js:20103:13)
            at beginWork (/Users/shuhaozhang/Project/miro-clone/node_modules/react-dom/cjs/react-dom.development.js:21626:16)
            at HTMLUnknownElement.callCallback (/Users/shuhaozhang/Project/miro-clone/node_modules/react-dom/cjs/react-dom.development.js:4164:14)
            at HTMLUnknownElement.callTheUserObjectsOperation (/Users/shuhaozhang/Project/miro-clone/node_modules/jest-environment-jsdom/node_modules/jsdom/lib/jsdom/living/generated/EventListener.js:26:30)
            at innerInvokeEventListeners (/Users/shuhaozhang/Project/miro-clone/node_modules/jest-environment-jsdom/node_modules/jsdom/lib/jsdom/living/events/EventTarget-impl.js:350:25)
            at invokeEventListeners (/Users/shuhaozhang/Project/miro-clone/node_modules/jest-environment-jsdom/node_modules/jsdom/lib/jsdom/living/events/EventTarget-impl.js:286:3)
            at HTMLUnknownElementImpl._dispatch (/Users/shuhaozhang/Project/miro-clone/node_modules/jest-environment-jsdom/node_modules/jsdom/lib/jsdom/living/events/EventTarget-impl.js:233:9)
            at HTMLUnknownElementImpl.dispatchEvent (/Users/shuhaozhang/Project/miro-clone/node_modules/jest-environment-jsdom/node_modules/jsdom/lib/jsdom/living/events/EventTarget-impl.js:104:17)
            at HTMLUnknownElement.dispatchEvent (/Users/shuhaozhang/Project/miro-clone/node_modules/jest-environment-jsdom/node_modules/jsdom/lib/jsdom/living/generated/EventTarget.js:241:34)
            at Object.invokeGuardedCallbackDev (/Users/shuhaozhang/Project/miro-clone/node_modules/react-dom/cjs/react-dom.development.js:4213:16)
            at invokeGuardedCallback (/Users/shuhaozhang/Project/miro-clone/node_modules/react-dom/cjs/react-dom.development.js:4277:31)
            at beginWork$1 (/Users/shuhaozhang/Project/miro-clone/node_modules/react-dom/cjs/react-dom.development.js:27490:7)
            at performUnitOfWork (/Users/shuhaozhang/Project/miro-clone/node_modules/react-dom/cjs/react-dom.development.js:26599:12)
            at workLoopSync (/Users/shuhaozhang/Project/miro-clone/node_modules/react-dom/cjs/react-dom.development.js:26505:5)
            at renderRootSync (/Users/shuhaozhang/Project/miro-clone/node_modules/react-dom/cjs/react-dom.development.js:26473:7)
            at performConcurrentWorkOnRoot (/Users/shuhaozhang/Project/miro-clone/node_modules/react-dom/cjs/react-dom.development.js:25777:74)
            at flushActQueue (/Users/shuhaozhang/Project/miro-clone/node_modules/react/cjs/react.development.js:2667:24)
            at act (/Users/shuhaozhang/Project/miro-clone/node_modules/react/cjs/react.development.js:2582:11)
            at /Users/shuhaozhang/Project/miro-clone/node_modules/@testing-library/react/dist/act-compat.js:47:25
            at renderRoot (/Users/shuhaozhang/Project/miro-clone/node_modules/@testing-library/react/dist/pure.js:180:26)
            at render (/Users/shuhaozhang/Project/miro-clone/node_modules/@testing-library/react/dist/pure.js:271:10)
            at Object.<anonymous> (/Users/shuhaozhang/Project/miro-clone/src/__tests__/canvas-fullscreen.test.tsx:148:13)
            at Promise.then.completed (/Users/shuhaozhang/Project/miro-clone/node_modules/jest-circus/build/utils.js:298:28)
            at new Promise (<anonymous>)
            at callAsyncCircusFn (/Users/shuhaozhang/Project/miro-clone/node_modules/jest-circus/build/utils.js:231:10)
            at _callCircusTest (/Users/shuhaozhang/Project/miro-clone/node_modules/jest-circus/build/run.js:316:40)
            at processTicksAndRejections (node:internal/process/task_queues:105:5)
            at _runTest (/Users/shuhaozhang/Project/miro-clone/node_modules/jest-circus/build/run.js:252:3)
            at _runTestsForDescribeBlock (/Users/shuhaozhang/Project/miro-clone/node_modules/jest-circus/build/run.js:126:9)
            at _runTestsForDescribeBlock (/Users/shuhaozhang/Project/miro-clone/node_modules/jest-circus/build/run.js:121:9)
            at _runTestsForDescribeBlock (/Users/shuhaozhang/Project/miro-clone/node_modules/jest-circus/build/run.js:121:9)
            at run (/Users/shuhaozhang/Project/miro-clone/node_modules/jest-circus/build/run.js:71:3)
            at runAndTransformResultsToJestFormat (/Users/shuhaozhang/Project/miro-clone/node_modules/jest-circus/build/legacy-code-todo-rewrite/jestAdapterInit.js:122:21)
            at jestAdapter (/Users/shuhaozhang/Project/miro-clone/node_modules/jest-circus/build/legacy-code-todo-rewrite/jestAdapter.js:79:19)
            at runTestInternal (/Users/shuhaozhang/Project/miro-clone/node_modules/jest-runner/build/runTest.js:367:16)
            at runTest (/Users/shuhaozhang/Project/miro-clone/node_modules/jest-runner/build/runTest.js:444:34)
            at Object.worker (/Users/shuhaozhang/Project/miro-clone/node_modules/jest-runner/build/testWorker.js:106:12),
        type: 'unhandled exception'
      }

      146 |   describe('Responsive Behavior', () => {
      147 |     it('should handle window resize events', async () => {
    > 148 |       render(<Whiteboard boardId="test-board" />)
          |             ^
      149 |       
      150 |       // Simulate window resize
      151 |       await act(async () => {

      at VirtualConsole.<anonymous> (node_modules/jest-environment-jsdom/build/index.js:63:23)
      at Object.invokeGuardedCallbackDev (node_modules/react-dom/cjs/react-dom.development.js:4213:16)
      at invokeGuardedCallback (node_modules/react-dom/cjs/react-dom.development.js:4277:31)
      at beginWork$1 (node_modules/react-dom/cjs/react-dom.development.js:27490:7)
      at performUnitOfWork (node_modules/react-dom/cjs/react-dom.development.js:26599:12)
      at workLoopSync (node_modules/react-dom/cjs/react-dom.development.js:26505:5)
      at renderRootSync (node_modules/react-dom/cjs/react-dom.development.js:26473:7)
      at performConcurrentWorkOnRoot (node_modules/react-dom/cjs/react-dom.development.js:25777:74)
      at flushActQueue (node_modules/react/cjs/react.development.js:2667:24)
      at act (node_modules/react/cjs/react.development.js:2582:11)
      at node_modules/@testing-library/react/dist/act-compat.js:47:25
      at renderRoot (node_modules/@testing-library/react/dist/pure.js:180:26)
      at render (node_modules/@testing-library/react/dist/pure.js:271:10)
      at Object.<anonymous> (src/__tests__/canvas-fullscreen.test.tsx:148:13)

    console.error
      Error: Uncaught [TypeError: Cannot read properties of undefined (reading 'values')]
          at Object.<anonymous> (src/__tests__/canvas-fullscreen.test.tsx:148:13)
          at new Promise (<anonymous>) {
        detail: TypeError: Cannot read properties of undefined (reading 'values')
            at values (/Users/shuhaozhang/Project/miro-clone/src/components/CollaborationPanel.tsx:16:54)
            at renderWithHooks (/Users/shuhaozhang/Project/miro-clone/node_modules/react-dom/cjs/react-dom.development.js:15486:18)
            at mountIndeterminateComponent (/Users/shuhaozhang/Project/miro-clone/node_modules/react-dom/cjs/react-dom.development.js:20103:13)
            at beginWork (/Users/shuhaozhang/Project/miro-clone/node_modules/react-dom/cjs/react-dom.development.js:21626:16)
            at HTMLUnknownElement.callCallback (/Users/shuhaozhang/Project/miro-clone/node_modules/react-dom/cjs/react-dom.development.js:4164:14)
            at HTMLUnknownElement.callTheUserObjectsOperation (/Users/shuhaozhang/Project/miro-clone/node_modules/jest-environment-jsdom/node_modules/jsdom/lib/jsdom/living/generated/EventListener.js:26:30)
            at innerInvokeEventListeners (/Users/shuhaozhang/Project/miro-clone/node_modules/jest-environment-jsdom/node_modules/jsdom/lib/jsdom/living/events/EventTarget-impl.js:350:25)
            at invokeEventListeners (/Users/shuhaozhang/Project/miro-clone/node_modules/jest-environment-jsdom/node_modules/jsdom/lib/jsdom/living/events/EventTarget-impl.js:286:3)
            at HTMLUnknownElementImpl._dispatch (/Users/shuhaozhang/Project/miro-clone/node_modules/jest-environment-jsdom/node_modules/jsdom/lib/jsdom/living/events/EventTarget-impl.js:233:9)
            at HTMLUnknownElementImpl.dispatchEvent (/Users/shuhaozhang/Project/miro-clone/node_modules/jest-environment-jsdom/node_modules/jsdom/lib/jsdom/living/events/EventTarget-impl.js:104:17)
            at HTMLUnknownElement.dispatchEvent (/Users/shuhaozhang/Project/miro-clone/node_modules/jest-environment-jsdom/node_modules/jsdom/lib/jsdom/living/generated/EventTarget.js:241:34)
            at Object.invokeGuardedCallbackDev (/Users/shuhaozhang/Project/miro-clone/node_modules/react-dom/cjs/react-dom.development.js:4213:16)
            at invokeGuardedCallback (/Users/shuhaozhang/Project/miro-clone/node_modules/react-dom/cjs/react-dom.development.js:4277:31)
            at beginWork$1 (/Users/shuhaozhang/Project/miro-clone/node_modules/react-dom/cjs/react-dom.development.js:27490:7)
            at performUnitOfWork (/Users/shuhaozhang/Project/miro-clone/node_modules/react-dom/cjs/react-dom.development.js:26599:12)
            at workLoopSync (/Users/shuhaozhang/Project/miro-clone/node_modules/react-dom/cjs/react-dom.development.js:26505:5)
            at renderRootSync (/Users/shuhaozhang/Project/miro-clone/node_modules/react-dom/cjs/react-dom.development.js:26473:7)
            at recoverFromConcurrentError (/Users/shuhaozhang/Project/miro-clone/node_modules/react-dom/cjs/react-dom.development.js:25889:20)
            at performConcurrentWorkOnRoot (/Users/shuhaozhang/Project/miro-clone/node_modules/react-dom/cjs/react-dom.development.js:25789:22)
            at flushActQueue (/Users/shuhaozhang/Project/miro-clone/node_modules/react/cjs/react.development.js:2667:24)
            at act (/Users/shuhaozhang/Project/miro-clone/node_modules/react/cjs/react.development.js:2582:11)
            at /Users/shuhaozhang/Project/miro-clone/node_modules/@testing-library/react/dist/act-compat.js:47:25
            at renderRoot (/Users/shuhaozhang/Project/miro-clone/node_modules/@testing-library/react/dist/pure.js:180:26)
            at render (/Users/shuhaozhang/Project/miro-clone/node_modules/@testing-library/react/dist/pure.js:271:10)
            at Object.<anonymous> (/Users/shuhaozhang/Project/miro-clone/src/__tests__/canvas-fullscreen.test.tsx:148:13)
            at Promise.then.completed (/Users/shuhaozhang/Project/miro-clone/node_modules/jest-circus/build/utils.js:298:28)
            at new Promise (<anonymous>)
            at callAsyncCircusFn (/Users/shuhaozhang/Project/miro-clone/node_modules/jest-circus/build/utils.js:231:10)
            at _callCircusTest (/Users/shuhaozhang/Project/miro-clone/node_modules/jest-circus/build/run.js:316:40)
            at processTicksAndRejections (node:internal/process/task_queues:105:5)
            at _runTest (/Users/shuhaozhang/Project/miro-clone/node_modules/jest-circus/build/run.js:252:3)
            at _runTestsForDescribeBlock (/Users/shuhaozhang/Project/miro-clone/node_modules/jest-circus/build/run.js:126:9)
            at _runTestsForDescribeBlock (/Users/shuhaozhang/Project/miro-clone/node_modules/jest-circus/build/run.js:121:9)
            at _runTestsForDescribeBlock (/Users/shuhaozhang/Project/miro-clone/node_modules/jest-circus/build/run.js:121:9)
            at run (/Users/shuhaozhang/Project/miro-clone/node_modules/jest-circus/build/run.js:71:3)
            at runAndTransformResultsToJestFormat (/Users/shuhaozhang/Project/miro-clone/node_modules/jest-circus/build/legacy-code-todo-rewrite/jestAdapterInit.js:122:21)
            at jestAdapter (/Users/shuhaozhang/Project/miro-clone/node_modules/jest-circus/build/legacy-code-todo-rewrite/jestAdapter.js:79:19)
            at runTestInternal (/Users/shuhaozhang/Project/miro-clone/node_modules/jest-runner/build/runTest.js:367:16)
            at runTest (/Users/shuhaozhang/Project/miro-clone/node_modules/jest-runner/build/runTest.js:444:34)
            at Object.worker (/Users/shuhaozhang/Project/miro-clone/node_modules/jest-runner/build/testWorker.js:106:12),
        type: 'unhandled exception'
      }

      146 |   describe('Responsive Behavior', () => {
      147 |     it('should handle window resize events', async () => {
    > 148 |       render(<Whiteboard boardId="test-board" />)
          |             ^
      149 |       
      150 |       // Simulate window resize
      151 |       await act(async () => {

      at VirtualConsole.<anonymous> (node_modules/jest-environment-jsdom/build/index.js:63:23)
      at Object.invokeGuardedCallbackDev (node_modules/react-dom/cjs/react-dom.development.js:4213:16)
      at invokeGuardedCallback (node_modules/react-dom/cjs/react-dom.development.js:4277:31)
      at beginWork$1 (node_modules/react-dom/cjs/react-dom.development.js:27490:7)
      at performUnitOfWork (node_modules/react-dom/cjs/react-dom.development.js:26599:12)
      at workLoopSync (node_modules/react-dom/cjs/react-dom.development.js:26505:5)
      at renderRootSync (node_modules/react-dom/cjs/react-dom.development.js:26473:7)
      at recoverFromConcurrentError (node_modules/react-dom/cjs/react-dom.development.js:25889:20)
      at performConcurrentWorkOnRoot (node_modules/react-dom/cjs/react-dom.development.js:25789:22)
      at flushActQueue (node_modules/react/cjs/react.development.js:2667:24)
      at act (node_modules/react/cjs/react.development.js:2582:11)
      at node_modules/@testing-library/react/dist/act-compat.js:47:25
      at renderRoot (node_modules/@testing-library/react/dist/pure.js:180:26)
      at render (node_modules/@testing-library/react/dist/pure.js:271:10)
      at Object.<anonymous> (src/__tests__/canvas-fullscreen.test.tsx:148:13)

    console.error
      The above error occurred in the <CollaborationPanel> component:
      
          at CollaborationPanel (/Users/shuhaozhang/Project/miro-clone/src/components/CollaborationPanel.tsx:14:47)
          at div
          at div
          at boardId (/Users/shuhaozhang/Project/miro-clone/src/components/Whiteboard.tsx:19:57)
      
      Consider adding an error boundary to your tree to customize error handling behavior.
      Visit https://reactjs.org/link/error-boundaries to learn more about error boundaries.

      146 |   describe('Responsive Behavior', () => {
      147 |     it('should handle window resize events', async () => {
    > 148 |       render(<Whiteboard boardId="test-board" />)
          |             ^
      149 |       
      150 |       // Simulate window resize
      151 |       await act(async () => {

      at logCapturedError (node_modules/react-dom/cjs/react-dom.development.js:18704:23)
      at update.callback (node_modules/react-dom/cjs/react-dom.development.js:18737:5)
      at callCallback (node_modules/react-dom/cjs/react-dom.development.js:15036:12)
      at commitUpdateQueue (node_modules/react-dom/cjs/react-dom.development.js:15057:9)
      at commitLayoutEffectOnFiber (node_modules/react-dom/cjs/react-dom.development.js:23430:13)
      at commitLayoutMountEffects_complete (node_modules/react-dom/cjs/react-dom.development.js:24727:9)
      at commitLayoutEffects_begin (node_modules/react-dom/cjs/react-dom.development.js:24713:7)
      at commitLayoutEffects (node_modules/react-dom/cjs/react-dom.development.js:24651:3)
      at commitRootImpl (node_modules/react-dom/cjs/react-dom.development.js:26862:5)
      at commitRoot (node_modules/react-dom/cjs/react-dom.development.js:26721:5)
      at finishConcurrentRender (node_modules/react-dom/cjs/react-dom.development.js:25931:9)
      at performConcurrentWorkOnRoot (node_modules/react-dom/cjs/react-dom.development.js:25848:7)
      at flushActQueue (node_modules/react/cjs/react.development.js:2667:24)
      at act (node_modules/react/cjs/react.development.js:2582:11)
      at node_modules/@testing-library/react/dist/act-compat.js:47:25
      at renderRoot (node_modules/@testing-library/react/dist/pure.js:180:26)
      at render (node_modules/@testing-library/react/dist/pure.js:271:10)
      at Object.<anonymous> (src/__tests__/canvas-fullscreen.test.tsx:148:13)

    console.error
      Error: Uncaught [TypeError: Cannot read properties of undefined (reading 'values')]
          at Object.<anonymous> (src/__tests__/canvas-fullscreen.test.tsx:163:35)
          at new Promise (<anonymous>) {
        detail: TypeError: Cannot read properties of undefined (reading 'values')
            at values (/Users/shuhaozhang/Project/miro-clone/src/components/CollaborationPanel.tsx:16:54)
            at renderWithHooks (/Users/shuhaozhang/Project/miro-clone/node_modules/react-dom/cjs/react-dom.development.js:15486:18)
            at mountIndeterminateComponent (/Users/shuhaozhang/Project/miro-clone/node_modules/react-dom/cjs/react-dom.development.js:20103:13)
            at beginWork (/Users/shuhaozhang/Project/miro-clone/node_modules/react-dom/cjs/react-dom.development.js:21626:16)
            at HTMLUnknownElement.callCallback (/Users/shuhaozhang/Project/miro-clone/node_modules/react-dom/cjs/react-dom.development.js:4164:14)
            at HTMLUnknownElement.callTheUserObjectsOperation (/Users/shuhaozhang/Project/miro-clone/node_modules/jest-environment-jsdom/node_modules/jsdom/lib/jsdom/living/generated/EventListener.js:26:30)
            at innerInvokeEventListeners (/Users/shuhaozhang/Project/miro-clone/node_modules/jest-environment-jsdom/node_modules/jsdom/lib/jsdom/living/events/EventTarget-impl.js:350:25)
            at invokeEventListeners (/Users/shuhaozhang/Project/miro-clone/node_modules/jest-environment-jsdom/node_modules/jsdom/lib/jsdom/living/events/EventTarget-impl.js:286:3)
            at HTMLUnknownElementImpl._dispatch (/Users/shuhaozhang/Project/miro-clone/node_modules/jest-environment-jsdom/node_modules/jsdom/lib/jsdom/living/events/EventTarget-impl.js:233:9)
            at HTMLUnknownElementImpl.dispatchEvent (/Users/shuhaozhang/Project/miro-clone/node_modules/jest-environment-jsdom/node_modules/jsdom/lib/jsdom/living/events/EventTarget-impl.js:104:17)
            at HTMLUnknownElement.dispatchEvent (/Users/shuhaozhang/Project/miro-clone/node_modules/jest-environment-jsdom/node_modules/jsdom/lib/jsdom/living/generated/EventTarget.js:241:34)
            at Object.invokeGuardedCallbackDev (/Users/shuhaozhang/Project/miro-clone/node_modules/react-dom/cjs/react-dom.development.js:4213:16)
            at invokeGuardedCallback (/Users/shuhaozhang/Project/miro-clone/node_modules/react-dom/cjs/react-dom.development.js:4277:31)
            at beginWork$1 (/Users/shuhaozhang/Project/miro-clone/node_modules/react-dom/cjs/react-dom.development.js:27490:7)
            at performUnitOfWork (/Users/shuhaozhang/Project/miro-clone/node_modules/react-dom/cjs/react-dom.development.js:26599:12)
            at workLoopSync (/Users/shuhaozhang/Project/miro-clone/node_modules/react-dom/cjs/react-dom.development.js:26505:5)
            at renderRootSync (/Users/shuhaozhang/Project/miro-clone/node_modules/react-dom/cjs/react-dom.development.js:26473:7)
            at performConcurrentWorkOnRoot (/Users/shuhaozhang/Project/miro-clone/node_modules/react-dom/cjs/react-dom.development.js:25777:74)
            at flushActQueue (/Users/shuhaozhang/Project/miro-clone/node_modules/react/cjs/react.development.js:2667:24)
            at act (/Users/shuhaozhang/Project/miro-clone/node_modules/react/cjs/react.development.js:2582:11)
            at /Users/shuhaozhang/Project/miro-clone/node_modules/@testing-library/react/dist/act-compat.js:47:25
            at renderRoot (/Users/shuhaozhang/Project/miro-clone/node_modules/@testing-library/react/dist/pure.js:180:26)
            at render (/Users/shuhaozhang/Project/miro-clone/node_modules/@testing-library/react/dist/pure.js:271:10)
            at Object.<anonymous> (/Users/shuhaozhang/Project/miro-clone/src/__tests__/canvas-fullscreen.test.tsx:163:35)
            at Promise.then.completed (/Users/shuhaozhang/Project/miro-clone/node_modules/jest-circus/build/utils.js:298:28)
            at new Promise (<anonymous>)
            at callAsyncCircusFn (/Users/shuhaozhang/Project/miro-clone/node_modules/jest-circus/build/utils.js:231:10)
            at _callCircusTest (/Users/shuhaozhang/Project/miro-clone/node_modules/jest-circus/build/run.js:316:40)
            at processTicksAndRejections (node:internal/process/task_queues:105:5)
            at _runTest (/Users/shuhaozhang/Project/miro-clone/node_modules/jest-circus/build/run.js:252:3)
            at _runTestsForDescribeBlock (/Users/shuhaozhang/Project/miro-clone/node_modules/jest-circus/build/run.js:126:9)
            at _runTestsForDescribeBlock (/Users/shuhaozhang/Project/miro-clone/node_modules/jest-circus/build/run.js:121:9)
            at _runTestsForDescribeBlock (/Users/shuhaozhang/Project/miro-clone/node_modules/jest-circus/build/run.js:121:9)
            at run (/Users/shuhaozhang/Project/miro-clone/node_modules/jest-circus/build/run.js:71:3)
            at runAndTransformResultsToJestFormat (/Users/shuhaozhang/Project/miro-clone/node_modules/jest-circus/build/legacy-code-todo-rewrite/jestAdapterInit.js:122:21)
            at jestAdapter (/Users/shuhaozhang/Project/miro-clone/node_modules/jest-circus/build/legacy-code-todo-rewrite/jestAdapter.js:79:19)
            at runTestInternal (/Users/shuhaozhang/Project/miro-clone/node_modules/jest-runner/build/runTest.js:367:16)
            at runTest (/Users/shuhaozhang/Project/miro-clone/node_modules/jest-runner/build/runTest.js:444:34)
            at Object.worker (/Users/shuhaozhang/Project/miro-clone/node_modules/jest-runner/build/testWorker.js:106:12),
        type: 'unhandled exception'
      }

      161 |
      162 |     it('should maintain full coverage after resize', async () => {
    > 163 |       const { container } = render(<Whiteboard boardId="test-board" />)
          |                                   ^
      164 |       const canvasContainer = container.querySelector('.canvas-container')
      165 |       
      166 |       // Simulate resize

      at VirtualConsole.<anonymous> (node_modules/jest-environment-jsdom/build/index.js:63:23)
      at Object.invokeGuardedCallbackDev (node_modules/react-dom/cjs/react-dom.development.js:4213:16)
      at invokeGuardedCallback (node_modules/react-dom/cjs/react-dom.development.js:4277:31)
      at beginWork$1 (node_modules/react-dom/cjs/react-dom.development.js:27490:7)
      at performUnitOfWork (node_modules/react-dom/cjs/react-dom.development.js:26599:12)
      at workLoopSync (node_modules/react-dom/cjs/react-dom.development.js:26505:5)
      at renderRootSync (node_modules/react-dom/cjs/react-dom.development.js:26473:7)
      at performConcurrentWorkOnRoot (node_modules/react-dom/cjs/react-dom.development.js:25777:74)
      at flushActQueue (node_modules/react/cjs/react.development.js:2667:24)
      at act (node_modules/react/cjs/react.development.js:2582:11)
      at node_modules/@testing-library/react/dist/act-compat.js:47:25
      at renderRoot (node_modules/@testing-library/react/dist/pure.js:180:26)
      at render (node_modules/@testing-library/react/dist/pure.js:271:10)
      at Object.<anonymous> (src/__tests__/canvas-fullscreen.test.tsx:163:35)

    console.error
      Error: Uncaught [TypeError: Cannot read properties of undefined (reading 'values')]
          at Object.<anonymous> (src/__tests__/canvas-fullscreen.test.tsx:163:35)
          at new Promise (<anonymous>) {
        detail: TypeError: Cannot read properties of undefined (reading 'values')
            at values (/Users/shuhaozhang/Project/miro-clone/src/components/CollaborationPanel.tsx:16:54)
            at renderWithHooks (/Users/shuhaozhang/Project/miro-clone/node_modules/react-dom/cjs/react-dom.development.js:15486:18)
            at mountIndeterminateComponent (/Users/shuhaozhang/Project/miro-clone/node_modules/react-dom/cjs/react-dom.development.js:20103:13)
            at beginWork (/Users/shuhaozhang/Project/miro-clone/node_modules/react-dom/cjs/react-dom.development.js:21626:16)
            at HTMLUnknownElement.callCallback (/Users/shuhaozhang/Project/miro-clone/node_modules/react-dom/cjs/react-dom.development.js:4164:14)
            at HTMLUnknownElement.callTheUserObjectsOperation (/Users/shuhaozhang/Project/miro-clone/node_modules/jest-environment-jsdom/node_modules/jsdom/lib/jsdom/living/generated/EventListener.js:26:30)
            at innerInvokeEventListeners (/Users/shuhaozhang/Project/miro-clone/node_modules/jest-environment-jsdom/node_modules/jsdom/lib/jsdom/living/events/EventTarget-impl.js:350:25)
            at invokeEventListeners (/Users/shuhaozhang/Project/miro-clone/node_modules/jest-environment-jsdom/node_modules/jsdom/lib/jsdom/living/events/EventTarget-impl.js:286:3)
            at HTMLUnknownElementImpl._dispatch (/Users/shuhaozhang/Project/miro-clone/node_modules/jest-environment-jsdom/node_modules/jsdom/lib/jsdom/living/events/EventTarget-impl.js:233:9)
            at HTMLUnknownElementImpl.dispatchEvent (/Users/shuhaozhang/Project/miro-clone/node_modules/jest-environment-jsdom/node_modules/jsdom/lib/jsdom/living/events/EventTarget-impl.js:104:17)
            at HTMLUnknownElement.dispatchEvent (/Users/shuhaozhang/Project/miro-clone/node_modules/jest-environment-jsdom/node_modules/jsdom/lib/jsdom/living/generated/EventTarget.js:241:34)
            at Object.invokeGuardedCallbackDev (/Users/shuhaozhang/Project/miro-clone/node_modules/react-dom/cjs/react-dom.development.js:4213:16)
            at invokeGuardedCallback (/Users/shuhaozhang/Project/miro-clone/node_modules/react-dom/cjs/react-dom.development.js:4277:31)
            at beginWork$1 (/Users/shuhaozhang/Project/miro-clone/node_modules/react-dom/cjs/react-dom.development.js:27490:7)
            at performUnitOfWork (/Users/shuhaozhang/Project/miro-clone/node_modules/react-dom/cjs/react-dom.development.js:26599:12)
            at workLoopSync (/Users/shuhaozhang/Project/miro-clone/node_modules/react-dom/cjs/react-dom.development.js:26505:5)
            at renderRootSync (/Users/shuhaozhang/Project/miro-clone/node_modules/react-dom/cjs/react-dom.development.js:26473:7)
            at recoverFromConcurrentError (/Users/shuhaozhang/Project/miro-clone/node_modules/react-dom/cjs/react-dom.development.js:25889:20)
            at performConcurrentWorkOnRoot (/Users/shuhaozhang/Project/miro-clone/node_modules/react-dom/cjs/react-dom.development.js:25789:22)
            at flushActQueue (/Users/shuhaozhang/Project/miro-clone/node_modules/react/cjs/react.development.js:2667:24)
            at act (/Users/shuhaozhang/Project/miro-clone/node_modules/react/cjs/react.development.js:2582:11)
            at /Users/shuhaozhang/Project/miro-clone/node_modules/@testing-library/react/dist/act-compat.js:47:25
            at renderRoot (/Users/shuhaozhang/Project/miro-clone/node_modules/@testing-library/react/dist/pure.js:180:26)
            at render (/Users/shuhaozhang/Project/miro-clone/node_modules/@testing-library/react/dist/pure.js:271:10)
            at Object.<anonymous> (/Users/shuhaozhang/Project/miro-clone/src/__tests__/canvas-fullscreen.test.tsx:163:35)
            at Promise.then.completed (/Users/shuhaozhang/Project/miro-clone/node_modules/jest-circus/build/utils.js:298:28)
            at new Promise (<anonymous>)
            at callAsyncCircusFn (/Users/shuhaozhang/Project/miro-clone/node_modules/jest-circus/build/utils.js:231:10)
            at _callCircusTest (/Users/shuhaozhang/Project/miro-clone/node_modules/jest-circus/build/run.js:316:40)
            at processTicksAndRejections (node:internal/process/task_queues:105:5)
            at _runTest (/Users/shuhaozhang/Project/miro-clone/node_modules/jest-circus/build/run.js:252:3)
            at _runTestsForDescribeBlock (/Users/shuhaozhang/Project/miro-clone/node_modules/jest-circus/build/run.js:126:9)
            at _runTestsForDescribeBlock (/Users/shuhaozhang/Project/miro-clone/node_modules/jest-circus/build/run.js:121:9)
            at _runTestsForDescribeBlock (/Users/shuhaozhang/Project/miro-clone/node_modules/jest-circus/build/run.js:121:9)
            at run (/Users/shuhaozhang/Project/miro-clone/node_modules/jest-circus/build/run.js:71:3)
            at runAndTransformResultsToJestFormat (/Users/shuhaozhang/Project/miro-clone/node_modules/jest-circus/build/legacy-code-todo-rewrite/jestAdapterInit.js:122:21)
            at jestAdapter (/Users/shuhaozhang/Project/miro-clone/node_modules/jest-circus/build/legacy-code-todo-rewrite/jestAdapter.js:79:19)
            at runTestInternal (/Users/shuhaozhang/Project/miro-clone/node_modules/jest-runner/build/runTest.js:367:16)
            at runTest (/Users/shuhaozhang/Project/miro-clone/node_modules/jest-runner/build/runTest.js:444:34)
            at Object.worker (/Users/shuhaozhang/Project/miro-clone/node_modules/jest-runner/build/testWorker.js:106:12),
        type: 'unhandled exception'
      }

      161 |
      162 |     it('should maintain full coverage after resize', async () => {
    > 163 |       const { container } = render(<Whiteboard boardId="test-board" />)
          |                                   ^
      164 |       const canvasContainer = container.querySelector('.canvas-container')
      165 |       
      166 |       // Simulate resize

      at VirtualConsole.<anonymous> (node_modules/jest-environment-jsdom/build/index.js:63:23)
      at Object.invokeGuardedCallbackDev (node_modules/react-dom/cjs/react-dom.development.js:4213:16)
      at invokeGuardedCallback (node_modules/react-dom/cjs/react-dom.development.js:4277:31)
      at beginWork$1 (node_modules/react-dom/cjs/react-dom.development.js:27490:7)
      at performUnitOfWork (node_modules/react-dom/cjs/react-dom.development.js:26599:12)
      at workLoopSync (node_modules/react-dom/cjs/react-dom.development.js:26505:5)
      at renderRootSync (node_modules/react-dom/cjs/react-dom.development.js:26473:7)
      at recoverFromConcurrentError (node_modules/react-dom/cjs/react-dom.development.js:25889:20)
      at performConcurrentWorkOnRoot (node_modules/react-dom/cjs/react-dom.development.js:25789:22)
      at flushActQueue (node_modules/react/cjs/react.development.js:2667:24)
      at act (node_modules/react/cjs/react.development.js:2582:11)
      at node_modules/@testing-library/react/dist/act-compat.js:47:25
      at renderRoot (node_modules/@testing-library/react/dist/pure.js:180:26)
      at render (node_modules/@testing-library/react/dist/pure.js:271:10)
      at Object.<anonymous> (src/__tests__/canvas-fullscreen.test.tsx:163:35)

    console.error
      The above error occurred in the <CollaborationPanel> component:
      
          at CollaborationPanel (/Users/shuhaozhang/Project/miro-clone/src/components/CollaborationPanel.tsx:14:47)
          at div
          at div
          at boardId (/Users/shuhaozhang/Project/miro-clone/src/components/Whiteboard.tsx:19:57)
      
      Consider adding an error boundary to your tree to customize error handling behavior.
      Visit https://reactjs.org/link/error-boundaries to learn more about error boundaries.

      161 |
      162 |     it('should maintain full coverage after resize', async () => {
    > 163 |       const { container } = render(<Whiteboard boardId="test-board" />)
          |                                   ^
      164 |       const canvasContainer = container.querySelector('.canvas-container')
      165 |       
      166 |       // Simulate resize

      at logCapturedError (node_modules/react-dom/cjs/react-dom.development.js:18704:23)
      at update.callback (node_modules/react-dom/cjs/react-dom.development.js:18737:5)
      at callCallback (node_modules/react-dom/cjs/react-dom.development.js:15036:12)
      at commitUpdateQueue (node_modules/react-dom/cjs/react-dom.development.js:15057:9)
      at commitLayoutEffectOnFiber (node_modules/react-dom/cjs/react-dom.development.js:23430:13)
      at commitLayoutMountEffects_complete (node_modules/react-dom/cjs/react-dom.development.js:24727:9)
      at commitLayoutEffects_begin (node_modules/react-dom/cjs/react-dom.development.js:24713:7)
      at commitLayoutEffects (node_modules/react-dom/cjs/react-dom.development.js:24651:3)
      at commitRootImpl (node_modules/react-dom/cjs/react-dom.development.js:26862:5)
      at commitRoot (node_modules/react-dom/cjs/react-dom.development.js:26721:5)
      at finishConcurrentRender (node_modules/react-dom/cjs/react-dom.development.js:25931:9)
      at performConcurrentWorkOnRoot (node_modules/react-dom/cjs/react-dom.development.js:25848:7)
      at flushActQueue (node_modules/react/cjs/react.development.js:2667:24)
      at act (node_modules/react/cjs/react.development.js:2582:11)
      at node_modules/@testing-library/react/dist/act-compat.js:47:25
      at renderRoot (node_modules/@testing-library/react/dist/pure.js:180:26)
      at render (node_modules/@testing-library/react/dist/pure.js:271:10)
      at Object.<anonymous> (src/__tests__/canvas-fullscreen.test.tsx:163:35)

    console.error
      Error: Uncaught [TypeError: Cannot read properties of undefined (reading 'values')]
          at Object.<anonymous> (src/__tests__/canvas-fullscreen.test.tsx:181:13)
          at new Promise (<anonymous>) {
        detail: TypeError: Cannot read properties of undefined (reading 'values')
            at values (/Users/shuhaozhang/Project/miro-clone/src/components/CollaborationPanel.tsx:16:54)
            at renderWithHooks (/Users/shuhaozhang/Project/miro-clone/node_modules/react-dom/cjs/react-dom.development.js:15486:18)
            at mountIndeterminateComponent (/Users/shuhaozhang/Project/miro-clone/node_modules/react-dom/cjs/react-dom.development.js:20103:13)
            at beginWork (/Users/shuhaozhang/Project/miro-clone/node_modules/react-dom/cjs/react-dom.development.js:21626:16)
            at HTMLUnknownElement.callCallback (/Users/shuhaozhang/Project/miro-clone/node_modules/react-dom/cjs/react-dom.development.js:4164:14)
            at HTMLUnknownElement.callTheUserObjectsOperation (/Users/shuhaozhang/Project/miro-clone/node_modules/jest-environment-jsdom/node_modules/jsdom/lib/jsdom/living/generated/EventListener.js:26:30)
            at innerInvokeEventListeners (/Users/shuhaozhang/Project/miro-clone/node_modules/jest-environment-jsdom/node_modules/jsdom/lib/jsdom/living/events/EventTarget-impl.js:350:25)
            at invokeEventListeners (/Users/shuhaozhang/Project/miro-clone/node_modules/jest-environment-jsdom/node_modules/jsdom/lib/jsdom/living/events/EventTarget-impl.js:286:3)
            at HTMLUnknownElementImpl._dispatch (/Users/shuhaozhang/Project/miro-clone/node_modules/jest-environment-jsdom/node_modules/jsdom/lib/jsdom/living/events/EventTarget-impl.js:233:9)
            at HTMLUnknownElementImpl.dispatchEvent (/Users/shuhaozhang/Project/miro-clone/node_modules/jest-environment-jsdom/node_modules/jsdom/lib/jsdom/living/events/EventTarget-impl.js:104:17)
            at HTMLUnknownElement.dispatchEvent (/Users/shuhaozhang/Project/miro-clone/node_modules/jest-environment-jsdom/node_modules/jsdom/lib/jsdom/living/generated/EventTarget.js:241:34)
            at Object.invokeGuardedCallbackDev (/Users/shuhaozhang/Project/miro-clone/node_modules/react-dom/cjs/react-dom.development.js:4213:16)
            at invokeGuardedCallback (/Users/shuhaozhang/Project/miro-clone/node_modules/react-dom/cjs/react-dom.development.js:4277:31)
            at beginWork$1 (/Users/shuhaozhang/Project/miro-clone/node_modules/react-dom/cjs/react-dom.development.js:27490:7)
            at performUnitOfWork (/Users/shuhaozhang/Project/miro-clone/node_modules/react-dom/cjs/react-dom.development.js:26599:12)
            at workLoopSync (/Users/shuhaozhang/Project/miro-clone/node_modules/react-dom/cjs/react-dom.development.js:26505:5)
            at renderRootSync (/Users/shuhaozhang/Project/miro-clone/node_modules/react-dom/cjs/react-dom.development.js:26473:7)
            at performConcurrentWorkOnRoot (/Users/shuhaozhang/Project/miro-clone/node_modules/react-dom/cjs/react-dom.development.js:25777:74)
            at flushActQueue (/Users/shuhaozhang/Project/miro-clone/node_modules/react/cjs/react.development.js:2667:24)
            at act (/Users/shuhaozhang/Project/miro-clone/node_modules/react/cjs/react.development.js:2582:11)
            at /Users/shuhaozhang/Project/miro-clone/node_modules/@testing-library/react/dist/act-compat.js:47:25
            at renderRoot (/Users/shuhaozhang/Project/miro-clone/node_modules/@testing-library/react/dist/pure.js:180:26)
            at render (/Users/shuhaozhang/Project/miro-clone/node_modules/@testing-library/react/dist/pure.js:271:10)
            at Object.<anonymous> (/Users/shuhaozhang/Project/miro-clone/src/__tests__/canvas-fullscreen.test.tsx:181:13)
            at Promise.then.completed (/Users/shuhaozhang/Project/miro-clone/node_modules/jest-circus/build/utils.js:298:28)
            at new Promise (<anonymous>)
            at callAsyncCircusFn (/Users/shuhaozhang/Project/miro-clone/node_modules/jest-circus/build/utils.js:231:10)
            at _callCircusTest (/Users/shuhaozhang/Project/miro-clone/node_modules/jest-circus/build/run.js:316:40)
            at processTicksAndRejections (node:internal/process/task_queues:105:5)
            at _runTest (/Users/shuhaozhang/Project/miro-clone/node_modules/jest-circus/build/run.js:252:3)
            at _runTestsForDescribeBlock (/Users/shuhaozhang/Project/miro-clone/node_modules/jest-circus/build/run.js:126:9)
            at _runTestsForDescribeBlock (/Users/shuhaozhang/Project/miro-clone/node_modules/jest-circus/build/run.js:121:9)
            at _runTestsForDescribeBlock (/Users/shuhaozhang/Project/miro-clone/node_modules/jest-circus/build/run.js:121:9)
            at run (/Users/shuhaozhang/Project/miro-clone/node_modules/jest-circus/build/run.js:71:3)
            at runAndTransformResultsToJestFormat (/Users/shuhaozhang/Project/miro-clone/node_modules/jest-circus/build/legacy-code-todo-rewrite/jestAdapterInit.js:122:21)
            at jestAdapter (/Users/shuhaozhang/Project/miro-clone/node_modules/jest-circus/build/legacy-code-todo-rewrite/jestAdapter.js:79:19)
            at runTestInternal (/Users/shuhaozhang/Project/miro-clone/node_modules/jest-runner/build/runTest.js:367:16)
            at runTest (/Users/shuhaozhang/Project/miro-clone/node_modules/jest-runner/build/runTest.js:444:34)
            at Object.worker (/Users/shuhaozhang/Project/miro-clone/node_modules/jest-runner/build/testWorker.js:106:12),
        type: 'unhandled exception'
      }

      179 |
      180 |     it('should update canvas dimensions on container resize', async () => {
    > 181 |       render(<Whiteboard boardId="test-board" />)
          |             ^
      182 |       
      183 |       // Mock ResizeObserver
      184 |       const resizeCallback = jest.fn()

      at VirtualConsole.<anonymous> (node_modules/jest-environment-jsdom/build/index.js:63:23)
      at Object.invokeGuardedCallbackDev (node_modules/react-dom/cjs/react-dom.development.js:4213:16)
      at invokeGuardedCallback (node_modules/react-dom/cjs/react-dom.development.js:4277:31)
      at beginWork$1 (node_modules/react-dom/cjs/react-dom.development.js:27490:7)
      at performUnitOfWork (node_modules/react-dom/cjs/react-dom.development.js:26599:12)
      at workLoopSync (node_modules/react-dom/cjs/react-dom.development.js:26505:5)
      at renderRootSync (node_modules/react-dom/cjs/react-dom.development.js:26473:7)
      at performConcurrentWorkOnRoot (node_modules/react-dom/cjs/react-dom.development.js:25777:74)
      at flushActQueue (node_modules/react/cjs/react.development.js:2667:24)
      at act (node_modules/react/cjs/react.development.js:2582:11)
      at node_modules/@testing-library/react/dist/act-compat.js:47:25
      at renderRoot (node_modules/@testing-library/react/dist/pure.js:180:26)
      at render (node_modules/@testing-library/react/dist/pure.js:271:10)
      at Object.<anonymous> (src/__tests__/canvas-fullscreen.test.tsx:181:13)

    console.error
      Error: Uncaught [TypeError: Cannot read properties of undefined (reading 'values')]
          at Object.<anonymous> (src/__tests__/canvas-fullscreen.test.tsx:181:13)
          at new Promise (<anonymous>) {
        detail: TypeError: Cannot read properties of undefined (reading 'values')
            at values (/Users/shuhaozhang/Project/miro-clone/src/components/CollaborationPanel.tsx:16:54)
            at renderWithHooks (/Users/shuhaozhang/Project/miro-clone/node_modules/react-dom/cjs/react-dom.development.js:15486:18)
            at mountIndeterminateComponent (/Users/shuhaozhang/Project/miro-clone/node_modules/react-dom/cjs/react-dom.development.js:20103:13)
            at beginWork (/Users/shuhaozhang/Project/miro-clone/node_modules/react-dom/cjs/react-dom.development.js:21626:16)
            at HTMLUnknownElement.callCallback (/Users/shuhaozhang/Project/miro-clone/node_modules/react-dom/cjs/react-dom.development.js:4164:14)
            at HTMLUnknownElement.callTheUserObjectsOperation (/Users/shuhaozhang/Project/miro-clone/node_modules/jest-environment-jsdom/node_modules/jsdom/lib/jsdom/living/generated/EventListener.js:26:30)
            at innerInvokeEventListeners (/Users/shuhaozhang/Project/miro-clone/node_modules/jest-environment-jsdom/node_modules/jsdom/lib/jsdom/living/events/EventTarget-impl.js:350:25)
            at invokeEventListeners (/Users/shuhaozhang/Project/miro-clone/node_modules/jest-environment-jsdom/node_modules/jsdom/lib/jsdom/living/events/EventTarget-impl.js:286:3)
            at HTMLUnknownElementImpl._dispatch (/Users/shuhaozhang/Project/miro-clone/node_modules/jest-environment-jsdom/node_modules/jsdom/lib/jsdom/living/events/EventTarget-impl.js:233:9)
            at HTMLUnknownElementImpl.dispatchEvent (/Users/shuhaozhang/Project/miro-clone/node_modules/jest-environment-jsdom/node_modules/jsdom/lib/jsdom/living/events/EventTarget-impl.js:104:17)
            at HTMLUnknownElement.dispatchEvent (/Users/shuhaozhang/Project/miro-clone/node_modules/jest-environment-jsdom/node_modules/jsdom/lib/jsdom/living/generated/EventTarget.js:241:34)
            at Object.invokeGuardedCallbackDev (/Users/shuhaozhang/Project/miro-clone/node_modules/react-dom/cjs/react-dom.development.js:4213:16)
            at invokeGuardedCallback (/Users/shuhaozhang/Project/miro-clone/node_modules/react-dom/cjs/react-dom.development.js:4277:31)
            at beginWork$1 (/Users/shuhaozhang/Project/miro-clone/node_modules/react-dom/cjs/react-dom.development.js:27490:7)
            at performUnitOfWork (/Users/shuhaozhang/Project/miro-clone/node_modules/react-dom/cjs/react-dom.development.js:26599:12)
            at workLoopSync (/Users/shuhaozhang/Project/miro-clone/node_modules/react-dom/cjs/react-dom.development.js:26505:5)
            at renderRootSync (/Users/shuhaozhang/Project/miro-clone/node_modules/react-dom/cjs/react-dom.development.js:26473:7)
            at recoverFromConcurrentError (/Users/shuhaozhang/Project/miro-clone/node_modules/react-dom/cjs/react-dom.development.js:25889:20)
            at performConcurrentWorkOnRoot (/Users/shuhaozhang/Project/miro-clone/node_modules/react-dom/cjs/react-dom.development.js:25789:22)
            at flushActQueue (/Users/shuhaozhang/Project/miro-clone/node_modules/react/cjs/react.development.js:2667:24)
            at act (/Users/shuhaozhang/Project/miro-clone/node_modules/react/cjs/react.development.js:2582:11)
            at /Users/shuhaozhang/Project/miro-clone/node_modules/@testing-library/react/dist/act-compat.js:47:25
            at renderRoot (/Users/shuhaozhang/Project/miro-clone/node_modules/@testing-library/react/dist/pure.js:180:26)
            at render (/Users/shuhaozhang/Project/miro-clone/node_modules/@testing-library/react/dist/pure.js:271:10)
            at Object.<anonymous> (/Users/shuhaozhang/Project/miro-clone/src/__tests__/canvas-fullscreen.test.tsx:181:13)
            at Promise.then.completed (/Users/shuhaozhang/Project/miro-clone/node_modules/jest-circus/build/utils.js:298:28)
            at new Promise (<anonymous>)
            at callAsyncCircusFn (/Users/shuhaozhang/Project/miro-clone/node_modules/jest-circus/build/utils.js:231:10)
            at _callCircusTest (/Users/shuhaozhang/Project/miro-clone/node_modules/jest-circus/build/run.js:316:40)
            at processTicksAndRejections (node:internal/process/task_queues:105:5)
            at _runTest (/Users/shuhaozhang/Project/miro-clone/node_modules/jest-circus/build/run.js:252:3)
            at _runTestsForDescribeBlock (/Users/shuhaozhang/Project/miro-clone/node_modules/jest-circus/build/run.js:126:9)
            at _runTestsForDescribeBlock (/Users/shuhaozhang/Project/miro-clone/node_modules/jest-circus/build/run.js:121:9)
            at _runTestsForDescribeBlock (/Users/shuhaozhang/Project/miro-clone/node_modules/jest-circus/build/run.js:121:9)
            at run (/Users/shuhaozhang/Project/miro-clone/node_modules/jest-circus/build/run.js:71:3)
            at runAndTransformResultsToJestFormat (/Users/shuhaozhang/Project/miro-clone/node_modules/jest-circus/build/legacy-code-todo-rewrite/jestAdapterInit.js:122:21)
            at jestAdapter (/Users/shuhaozhang/Project/miro-clone/node_modules/jest-circus/build/legacy-code-todo-rewrite/jestAdapter.js:79:19)
            at runTestInternal (/Users/shuhaozhang/Project/miro-clone/node_modules/jest-runner/build/runTest.js:367:16)
            at runTest (/Users/shuhaozhang/Project/miro-clone/node_modules/jest-runner/build/runTest.js:444:34)
            at Object.worker (/Users/shuhaozhang/Project/miro-clone/node_modules/jest-runner/build/testWorker.js:106:12),
        type: 'unhandled exception'
      }

      179 |
      180 |     it('should update canvas dimensions on container resize', async () => {
    > 181 |       render(<Whiteboard boardId="test-board" />)
          |             ^
      182 |       
      183 |       // Mock ResizeObserver
      184 |       const resizeCallback = jest.fn()

      at VirtualConsole.<anonymous> (node_modules/jest-environment-jsdom/build/index.js:63:23)
      at Object.invokeGuardedCallbackDev (node_modules/react-dom/cjs/react-dom.development.js:4213:16)
      at invokeGuardedCallback (node_modules/react-dom/cjs/react-dom.development.js:4277:31)
      at beginWork$1 (node_modules/react-dom/cjs/react-dom.development.js:27490:7)
      at performUnitOfWork (node_modules/react-dom/cjs/react-dom.development.js:26599:12)
      at workLoopSync (node_modules/react-dom/cjs/react-dom.development.js:26505:5)
      at renderRootSync (node_modules/react-dom/cjs/react-dom.development.js:26473:7)
      at recoverFromConcurrentError (node_modules/react-dom/cjs/react-dom.development.js:25889:20)
      at performConcurrentWorkOnRoot (node_modules/react-dom/cjs/react-dom.development.js:25789:22)
      at flushActQueue (node_modules/react/cjs/react.development.js:2667:24)
      at act (node_modules/react/cjs/react.development.js:2582:11)
      at node_modules/@testing-library/react/dist/act-compat.js:47:25
      at renderRoot (node_modules/@testing-library/react/dist/pure.js:180:26)
      at render (node_modules/@testing-library/react/dist/pure.js:271:10)
      at Object.<anonymous> (src/__tests__/canvas-fullscreen.test.tsx:181:13)

    console.error
      The above error occurred in the <CollaborationPanel> component:
      
          at CollaborationPanel (/Users/shuhaozhang/Project/miro-clone/src/components/CollaborationPanel.tsx:14:47)
          at div
          at div
          at boardId (/Users/shuhaozhang/Project/miro-clone/src/components/Whiteboard.tsx:19:57)
      
      Consider adding an error boundary to your tree to customize error handling behavior.
      Visit https://reactjs.org/link/error-boundaries to learn more about error boundaries.

      179 |
      180 |     it('should update canvas dimensions on container resize', async () => {
    > 181 |       render(<Whiteboard boardId="test-board" />)
          |             ^
      182 |       
      183 |       // Mock ResizeObserver
      184 |       const resizeCallback = jest.fn()

      at logCapturedError (node_modules/react-dom/cjs/react-dom.development.js:18704:23)
      at update.callback (node_modules/react-dom/cjs/react-dom.development.js:18737:5)
      at callCallback (node_modules/react-dom/cjs/react-dom.development.js:15036:12)
      at commitUpdateQueue (node_modules/react-dom/cjs/react-dom.development.js:15057:9)
      at commitLayoutEffectOnFiber (node_modules/react-dom/cjs/react-dom.development.js:23430:13)
      at commitLayoutMountEffects_complete (node_modules/react-dom/cjs/react-dom.development.js:24727:9)
      at commitLayoutEffects_begin (node_modules/react-dom/cjs/react-dom.development.js:24713:7)
      at commitLayoutEffects (node_modules/react-dom/cjs/react-dom.development.js:24651:3)
      at commitRootImpl (node_modules/react-dom/cjs/react-dom.development.js:26862:5)
      at commitRoot (node_modules/react-dom/cjs/react-dom.development.js:26721:5)
      at finishConcurrentRender (node_modules/react-dom/cjs/react-dom.development.js:25931:9)
      at performConcurrentWorkOnRoot (node_modules/react-dom/cjs/react-dom.development.js:25848:7)
      at flushActQueue (node_modules/react/cjs/react.development.js:2667:24)
      at act (node_modules/react/cjs/react.development.js:2582:11)
      at node_modules/@testing-library/react/dist/act-compat.js:47:25
      at renderRoot (node_modules/@testing-library/react/dist/pure.js:180:26)
      at render (node_modules/@testing-library/react/dist/pure.js:271:10)
      at Object.<anonymous> (src/__tests__/canvas-fullscreen.test.tsx:181:13)

    console.error
      Error: Uncaught [TypeError: Cannot read properties of undefined (reading 'values')]
          at Object.<anonymous> (src/__tests__/canvas-fullscreen.test.tsx:213:35)
          at new Promise (<anonymous>) {
        detail: TypeError: Cannot read properties of undefined (reading 'values')
            at values (/Users/shuhaozhang/Project/miro-clone/src/components/CollaborationPanel.tsx:16:54)
            at renderWithHooks (/Users/shuhaozhang/Project/miro-clone/node_modules/react-dom/cjs/react-dom.development.js:15486:18)
            at mountIndeterminateComponent (/Users/shuhaozhang/Project/miro-clone/node_modules/react-dom/cjs/react-dom.development.js:20103:13)
            at beginWork (/Users/shuhaozhang/Project/miro-clone/node_modules/react-dom/cjs/react-dom.development.js:21626:16)
            at HTMLUnknownElement.callCallback (/Users/shuhaozhang/Project/miro-clone/node_modules/react-dom/cjs/react-dom.development.js:4164:14)
            at HTMLUnknownElement.callTheUserObjectsOperation (/Users/shuhaozhang/Project/miro-clone/node_modules/jest-environment-jsdom/node_modules/jsdom/lib/jsdom/living/generated/EventListener.js:26:30)
            at innerInvokeEventListeners (/Users/shuhaozhang/Project/miro-clone/node_modules/jest-environment-jsdom/node_modules/jsdom/lib/jsdom/living/events/EventTarget-impl.js:350:25)
            at invokeEventListeners (/Users/shuhaozhang/Project/miro-clone/node_modules/jest-environment-jsdom/node_modules/jsdom/lib/jsdom/living/events/EventTarget-impl.js:286:3)
            at HTMLUnknownElementImpl._dispatch (/Users/shuhaozhang/Project/miro-clone/node_modules/jest-environment-jsdom/node_modules/jsdom/lib/jsdom/living/events/EventTarget-impl.js:233:9)
            at HTMLUnknownElementImpl.dispatchEvent (/Users/shuhaozhang/Project/miro-clone/node_modules/jest-environment-jsdom/node_modules/jsdom/lib/jsdom/living/events/EventTarget-impl.js:104:17)
            at HTMLUnknownElement.dispatchEvent (/Users/shuhaozhang/Project/miro-clone/node_modules/jest-environment-jsdom/node_modules/jsdom/lib/jsdom/living/generated/EventTarget.js:241:34)
            at Object.invokeGuardedCallbackDev (/Users/shuhaozhang/Project/miro-clone/node_modules/react-dom/cjs/react-dom.development.js:4213:16)
            at invokeGuardedCallback (/Users/shuhaozhang/Project/miro-clone/node_modules/react-dom/cjs/react-dom.development.js:4277:31)
            at beginWork$1 (/Users/shuhaozhang/Project/miro-clone/node_modules/react-dom/cjs/react-dom.development.js:27490:7)
            at performUnitOfWork (/Users/shuhaozhang/Project/miro-clone/node_modules/react-dom/cjs/react-dom.development.js:26599:12)
            at workLoopSync (/Users/shuhaozhang/Project/miro-clone/node_modules/react-dom/cjs/react-dom.development.js:26505:5)
            at renderRootSync (/Users/shuhaozhang/Project/miro-clone/node_modules/react-dom/cjs/react-dom.development.js:26473:7)
            at performConcurrentWorkOnRoot (/Users/shuhaozhang/Project/miro-clone/node_modules/react-dom/cjs/react-dom.development.js:25777:74)
            at flushActQueue (/Users/shuhaozhang/Project/miro-clone/node_modules/react/cjs/react.development.js:2667:24)
            at act (/Users/shuhaozhang/Project/miro-clone/node_modules/react/cjs/react.development.js:2582:11)
            at /Users/shuhaozhang/Project/miro-clone/node_modules/@testing-library/react/dist/act-compat.js:47:25
            at renderRoot (/Users/shuhaozhang/Project/miro-clone/node_modules/@testing-library/react/dist/pure.js:180:26)
            at render (/Users/shuhaozhang/Project/miro-clone/node_modules/@testing-library/react/dist/pure.js:271:10)
            at Object.<anonymous> (/Users/shuhaozhang/Project/miro-clone/src/__tests__/canvas-fullscreen.test.tsx:213:35)
            at Promise.then.completed (/Users/shuhaozhang/Project/miro-clone/node_modules/jest-circus/build/utils.js:298:28)
            at new Promise (<anonymous>)
            at callAsyncCircusFn (/Users/shuhaozhang/Project/miro-clone/node_modules/jest-circus/build/utils.js:231:10)
            at _callCircusTest (/Users/shuhaozhang/Project/miro-clone/node_modules/jest-circus/build/run.js:316:40)
            at processTicksAndRejections (node:internal/process/task_queues:105:5)
            at _runTest (/Users/shuhaozhang/Project/miro-clone/node_modules/jest-circus/build/run.js:252:3)
            at _runTestsForDescribeBlock (/Users/shuhaozhang/Project/miro-clone/node_modules/jest-circus/build/run.js:126:9)
            at _runTestsForDescribeBlock (/Users/shuhaozhang/Project/miro-clone/node_modules/jest-circus/build/run.js:121:9)
            at _runTestsForDescribeBlock (/Users/shuhaozhang/Project/miro-clone/node_modules/jest-circus/build/run.js:121:9)
            at run (/Users/shuhaozhang/Project/miro-clone/node_modules/jest-circus/build/run.js:71:3)
            at runAndTransformResultsToJestFormat (/Users/shuhaozhang/Project/miro-clone/node_modules/jest-circus/build/legacy-code-todo-rewrite/jestAdapterInit.js:122:21)
            at jestAdapter (/Users/shuhaozhang/Project/miro-clone/node_modules/jest-circus/build/legacy-code-todo-rewrite/jestAdapter.js:79:19)
            at runTestInternal (/Users/shuhaozhang/Project/miro-clone/node_modules/jest-runner/build/runTest.js:367:16)
            at runTest (/Users/shuhaozhang/Project/miro-clone/node_modules/jest-runner/build/runTest.js:444:34)
            at Object.worker (/Users/shuhaozhang/Project/miro-clone/node_modules/jest-runner/build/testWorker.js:106:12),
        type: 'unhandled exception'
      }

      211 |   describe('Touch and Interaction Areas', () => {
      212 |     it('should have touch-none style for proper touch handling', () => {
    > 213 |       const { container } = render(<Whiteboard boardId="test-board" />)
          |                                   ^
      214 |       const canvasContainer = container.querySelector('.canvas-container')
      215 |       
      216 |       const styles = window.getComputedStyle(canvasContainer!)

      at VirtualConsole.<anonymous> (node_modules/jest-environment-jsdom/build/index.js:63:23)
      at Object.invokeGuardedCallbackDev (node_modules/react-dom/cjs/react-dom.development.js:4213:16)
      at invokeGuardedCallback (node_modules/react-dom/cjs/react-dom.development.js:4277:31)
      at beginWork$1 (node_modules/react-dom/cjs/react-dom.development.js:27490:7)
      at performUnitOfWork (node_modules/react-dom/cjs/react-dom.development.js:26599:12)
      at workLoopSync (node_modules/react-dom/cjs/react-dom.development.js:26505:5)
      at renderRootSync (node_modules/react-dom/cjs/react-dom.development.js:26473:7)
      at performConcurrentWorkOnRoot (node_modules/react-dom/cjs/react-dom.development.js:25777:74)
      at flushActQueue (node_modules/react/cjs/react.development.js:2667:24)
      at act (node_modules/react/cjs/react.development.js:2582:11)
      at node_modules/@testing-library/react/dist/act-compat.js:47:25
      at renderRoot (node_modules/@testing-library/react/dist/pure.js:180:26)
      at render (node_modules/@testing-library/react/dist/pure.js:271:10)
      at Object.<anonymous> (src/__tests__/canvas-fullscreen.test.tsx:213:35)

    console.error
      Error: Uncaught [TypeError: Cannot read properties of undefined (reading 'values')]
          at Object.<anonymous> (src/__tests__/canvas-fullscreen.test.tsx:213:35)
          at new Promise (<anonymous>) {
        detail: TypeError: Cannot read properties of undefined (reading 'values')
            at values (/Users/shuhaozhang/Project/miro-clone/src/components/CollaborationPanel.tsx:16:54)
            at renderWithHooks (/Users/shuhaozhang/Project/miro-clone/node_modules/react-dom/cjs/react-dom.development.js:15486:18)
            at mountIndeterminateComponent (/Users/shuhaozhang/Project/miro-clone/node_modules/react-dom/cjs/react-dom.development.js:20103:13)
            at beginWork (/Users/shuhaozhang/Project/miro-clone/node_modules/react-dom/cjs/react-dom.development.js:21626:16)
            at HTMLUnknownElement.callCallback (/Users/shuhaozhang/Project/miro-clone/node_modules/react-dom/cjs/react-dom.development.js:4164:14)
            at HTMLUnknownElement.callTheUserObjectsOperation (/Users/shuhaozhang/Project/miro-clone/node_modules/jest-environment-jsdom/node_modules/jsdom/lib/jsdom/living/generated/EventListener.js:26:30)
            at innerInvokeEventListeners (/Users/shuhaozhang/Project/miro-clone/node_modules/jest-environment-jsdom/node_modules/jsdom/lib/jsdom/living/events/EventTarget-impl.js:350:25)
            at invokeEventListeners (/Users/shuhaozhang/Project/miro-clone/node_modules/jest-environment-jsdom/node_modules/jsdom/lib/jsdom/living/events/EventTarget-impl.js:286:3)
            at HTMLUnknownElementImpl._dispatch (/Users/shuhaozhang/Project/miro-clone/node_modules/jest-environment-jsdom/node_modules/jsdom/lib/jsdom/living/events/EventTarget-impl.js:233:9)
            at HTMLUnknownElementImpl.dispatchEvent (/Users/shuhaozhang/Project/miro-clone/node_modules/jest-environment-jsdom/node_modules/jsdom/lib/jsdom/living/events/EventTarget-impl.js:104:17)
            at HTMLUnknownElement.dispatchEvent (/Users/shuhaozhang/Project/miro-clone/node_modules/jest-environment-jsdom/node_modules/jsdom/lib/jsdom/living/generated/EventTarget.js:241:34)
            at Object.invokeGuardedCallbackDev (/Users/shuhaozhang/Project/miro-clone/node_modules/react-dom/cjs/react-dom.development.js:4213:16)
            at invokeGuardedCallback (/Users/shuhaozhang/Project/miro-clone/node_modules/react-dom/cjs/react-dom.development.js:4277:31)
            at beginWork$1 (/Users/shuhaozhang/Project/miro-clone/node_modules/react-dom/cjs/react-dom.development.js:27490:7)
            at performUnitOfWork (/Users/shuhaozhang/Project/miro-clone/node_modules/react-dom/cjs/react-dom.development.js:26599:12)
            at workLoopSync (/Users/shuhaozhang/Project/miro-clone/node_modules/react-dom/cjs/react-dom.development.js:26505:5)
            at renderRootSync (/Users/shuhaozhang/Project/miro-clone/node_modules/react-dom/cjs/react-dom.development.js:26473:7)
            at recoverFromConcurrentError (/Users/shuhaozhang/Project/miro-clone/node_modules/react-dom/cjs/react-dom.development.js:25889:20)
            at performConcurrentWorkOnRoot (/Users/shuhaozhang/Project/miro-clone/node_modules/react-dom/cjs/react-dom.development.js:25789:22)
            at flushActQueue (/Users/shuhaozhang/Project/miro-clone/node_modules/react/cjs/react.development.js:2667:24)
            at act (/Users/shuhaozhang/Project/miro-clone/node_modules/react/cjs/react.development.js:2582:11)
            at /Users/shuhaozhang/Project/miro-clone/node_modules/@testing-library/react/dist/act-compat.js:47:25
            at renderRoot (/Users/shuhaozhang/Project/miro-clone/node_modules/@testing-library/react/dist/pure.js:180:26)
            at render (/Users/shuhaozhang/Project/miro-clone/node_modules/@testing-library/react/dist/pure.js:271:10)
            at Object.<anonymous> (/Users/shuhaozhang/Project/miro-clone/src/__tests__/canvas-fullscreen.test.tsx:213:35)
            at Promise.then.completed (/Users/shuhaozhang/Project/miro-clone/node_modules/jest-circus/build/utils.js:298:28)
            at new Promise (<anonymous>)
            at callAsyncCircusFn (/Users/shuhaozhang/Project/miro-clone/node_modules/jest-circus/build/utils.js:231:10)
            at _callCircusTest (/Users/shuhaozhang/Project/miro-clone/node_modules/jest-circus/build/run.js:316:40)
            at processTicksAndRejections (node:internal/process/task_queues:105:5)
            at _runTest (/Users/shuhaozhang/Project/miro-clone/node_modules/jest-circus/build/run.js:252:3)
            at _runTestsForDescribeBlock (/Users/shuhaozhang/Project/miro-clone/node_modules/jest-circus/build/run.js:126:9)
            at _runTestsForDescribeBlock (/Users/shuhaozhang/Project/miro-clone/node_modules/jest-circus/build/run.js:121:9)
            at _runTestsForDescribeBlock (/Users/shuhaozhang/Project/miro-clone/node_modules/jest-circus/build/run.js:121:9)
            at run (/Users/shuhaozhang/Project/miro-clone/node_modules/jest-circus/build/run.js:71:3)
            at runAndTransformResultsToJestFormat (/Users/shuhaozhang/Project/miro-clone/node_modules/jest-circus/build/legacy-code-todo-rewrite/jestAdapterInit.js:122:21)
            at jestAdapter (/Users/shuhaozhang/Project/miro-clone/node_modules/jest-circus/build/legacy-code-todo-rewrite/jestAdapter.js:79:19)
            at runTestInternal (/Users/shuhaozhang/Project/miro-clone/node_modules/jest-runner/build/runTest.js:367:16)
            at runTest (/Users/shuhaozhang/Project/miro-clone/node_modules/jest-runner/build/runTest.js:444:34)
            at Object.worker (/Users/shuhaozhang/Project/miro-clone/node_modules/jest-runner/build/testWorker.js:106:12),
        type: 'unhandled exception'
      }

      211 |   describe('Touch and Interaction Areas', () => {
      212 |     it('should have touch-none style for proper touch handling', () => {
    > 213 |       const { container } = render(<Whiteboard boardId="test-board" />)
          |                                   ^
      214 |       const canvasContainer = container.querySelector('.canvas-container')
      215 |       
      216 |       const styles = window.getComputedStyle(canvasContainer!)

      at VirtualConsole.<anonymous> (node_modules/jest-environment-jsdom/build/index.js:63:23)
      at Object.invokeGuardedCallbackDev (node_modules/react-dom/cjs/react-dom.development.js:4213:16)
      at invokeGuardedCallback (node_modules/react-dom/cjs/react-dom.development.js:4277:31)
      at beginWork$1 (node_modules/react-dom/cjs/react-dom.development.js:27490:7)
      at performUnitOfWork (node_modules/react-dom/cjs/react-dom.development.js:26599:12)
      at workLoopSync (node_modules/react-dom/cjs/react-dom.development.js:26505:5)
      at renderRootSync (node_modules/react-dom/cjs/react-dom.development.js:26473:7)
      at recoverFromConcurrentError (node_modules/react-dom/cjs/react-dom.development.js:25889:20)
      at performConcurrentWorkOnRoot (node_modules/react-dom/cjs/react-dom.development.js:25789:22)
      at flushActQueue (node_modules/react/cjs/react.development.js:2667:24)
      at act (node_modules/react/cjs/react.development.js:2582:11)
      at node_modules/@testing-library/react/dist/act-compat.js:47:25
      at renderRoot (node_modules/@testing-library/react/dist/pure.js:180:26)
      at render (node_modules/@testing-library/react/dist/pure.js:271:10)
      at Object.<anonymous> (src/__tests__/canvas-fullscreen.test.tsx:213:35)

    console.error
      The above error occurred in the <CollaborationPanel> component:
      
          at CollaborationPanel (/Users/shuhaozhang/Project/miro-clone/src/components/CollaborationPanel.tsx:14:47)
          at div
          at div
          at boardId (/Users/shuhaozhang/Project/miro-clone/src/components/Whiteboard.tsx:19:57)
      
      Consider adding an error boundary to your tree to customize error handling behavior.
      Visit https://reactjs.org/link/error-boundaries to learn more about error boundaries.

      211 |   describe('Touch and Interaction Areas', () => {
      212 |     it('should have touch-none style for proper touch handling', () => {
    > 213 |       const { container } = render(<Whiteboard boardId="test-board" />)
          |                                   ^
      214 |       const canvasContainer = container.querySelector('.canvas-container')
      215 |       
      216 |       const styles = window.getComputedStyle(canvasContainer!)

      at logCapturedError (node_modules/react-dom/cjs/react-dom.development.js:18704:23)
      at update.callback (node_modules/react-dom/cjs/react-dom.development.js:18737:5)
      at callCallback (node_modules/react-dom/cjs/react-dom.development.js:15036:12)
      at commitUpdateQueue (node_modules/react-dom/cjs/react-dom.development.js:15057:9)
      at commitLayoutEffectOnFiber (node_modules/react-dom/cjs/react-dom.development.js:23430:13)
      at commitLayoutMountEffects_complete (node_modules/react-dom/cjs/react-dom.development.js:24727:9)
      at commitLayoutEffects_begin (node_modules/react-dom/cjs/react-dom.development.js:24713:7)
      at commitLayoutEffects (node_modules/react-dom/cjs/react-dom.development.js:24651:3)
      at commitRootImpl (node_modules/react-dom/cjs/react-dom.development.js:26862:5)
      at commitRoot (node_modules/react-dom/cjs/react-dom.development.js:26721:5)
      at finishConcurrentRender (node_modules/react-dom/cjs/react-dom.development.js:25931:9)
      at performConcurrentWorkOnRoot (node_modules/react-dom/cjs/react-dom.development.js:25848:7)
      at flushActQueue (node_modules/react/cjs/react.development.js:2667:24)
      at act (node_modules/react/cjs/react.development.js:2582:11)
      at node_modules/@testing-library/react/dist/act-compat.js:47:25
      at renderRoot (node_modules/@testing-library/react/dist/pure.js:180:26)
      at render (node_modules/@testing-library/react/dist/pure.js:271:10)
      at Object.<anonymous> (src/__tests__/canvas-fullscreen.test.tsx:213:35)

    console.error
      Error: Uncaught [TypeError: Cannot read properties of undefined (reading 'values')]
          at Object.<anonymous> (src/__tests__/canvas-fullscreen.test.tsx:221:35)
          at new Promise (<anonymous>) {
        detail: TypeError: Cannot read properties of undefined (reading 'values')
            at values (/Users/shuhaozhang/Project/miro-clone/src/components/CollaborationPanel.tsx:16:54)
            at renderWithHooks (/Users/shuhaozhang/Project/miro-clone/node_modules/react-dom/cjs/react-dom.development.js:15486:18)
            at mountIndeterminateComponent (/Users/shuhaozhang/Project/miro-clone/node_modules/react-dom/cjs/react-dom.development.js:20103:13)
            at beginWork (/Users/shuhaozhang/Project/miro-clone/node_modules/react-dom/cjs/react-dom.development.js:21626:16)
            at HTMLUnknownElement.callCallback (/Users/shuhaozhang/Project/miro-clone/node_modules/react-dom/cjs/react-dom.development.js:4164:14)
            at HTMLUnknownElement.callTheUserObjectsOperation (/Users/shuhaozhang/Project/miro-clone/node_modules/jest-environment-jsdom/node_modules/jsdom/lib/jsdom/living/generated/EventListener.js:26:30)
            at innerInvokeEventListeners (/Users/shuhaozhang/Project/miro-clone/node_modules/jest-environment-jsdom/node_modules/jsdom/lib/jsdom/living/events/EventTarget-impl.js:350:25)
            at invokeEventListeners (/Users/shuhaozhang/Project/miro-clone/node_modules/jest-environment-jsdom/node_modules/jsdom/lib/jsdom/living/events/EventTarget-impl.js:286:3)
            at HTMLUnknownElementImpl._dispatch (/Users/shuhaozhang/Project/miro-clone/node_modules/jest-environment-jsdom/node_modules/jsdom/lib/jsdom/living/events/EventTarget-impl.js:233:9)
            at HTMLUnknownElementImpl.dispatchEvent (/Users/shuhaozhang/Project/miro-clone/node_modules/jest-environment-jsdom/node_modules/jsdom/lib/jsdom/living/events/EventTarget-impl.js:104:17)
            at HTMLUnknownElement.dispatchEvent (/Users/shuhaozhang/Project/miro-clone/node_modules/jest-environment-jsdom/node_modules/jsdom/lib/jsdom/living/generated/EventTarget.js:241:34)
            at Object.invokeGuardedCallbackDev (/Users/shuhaozhang/Project/miro-clone/node_modules/react-dom/cjs/react-dom.development.js:4213:16)
            at invokeGuardedCallback (/Users/shuhaozhang/Project/miro-clone/node_modules/react-dom/cjs/react-dom.development.js:4277:31)
            at beginWork$1 (/Users/shuhaozhang/Project/miro-clone/node_modules/react-dom/cjs/react-dom.development.js:27490:7)
            at performUnitOfWork (/Users/shuhaozhang/Project/miro-clone/node_modules/react-dom/cjs/react-dom.development.js:26599:12)
            at workLoopSync (/Users/shuhaozhang/Project/miro-clone/node_modules/react-dom/cjs/react-dom.development.js:26505:5)
            at renderRootSync (/Users/shuhaozhang/Project/miro-clone/node_modules/react-dom/cjs/react-dom.development.js:26473:7)
            at performConcurrentWorkOnRoot (/Users/shuhaozhang/Project/miro-clone/node_modules/react-dom/cjs/react-dom.development.js:25777:74)
            at flushActQueue (/Users/shuhaozhang/Project/miro-clone/node_modules/react/cjs/react.development.js:2667:24)
            at act (/Users/shuhaozhang/Project/miro-clone/node_modules/react/cjs/react.development.js:2582:11)
            at /Users/shuhaozhang/Project/miro-clone/node_modules/@testing-library/react/dist/act-compat.js:47:25
            at renderRoot (/Users/shuhaozhang/Project/miro-clone/node_modules/@testing-library/react/dist/pure.js:180:26)
            at render (/Users/shuhaozhang/Project/miro-clone/node_modules/@testing-library/react/dist/pure.js:271:10)
            at Object.<anonymous> (/Users/shuhaozhang/Project/miro-clone/src/__tests__/canvas-fullscreen.test.tsx:221:35)
            at Promise.then.completed (/Users/shuhaozhang/Project/miro-clone/node_modules/jest-circus/build/utils.js:298:28)
            at new Promise (<anonymous>)
            at callAsyncCircusFn (/Users/shuhaozhang/Project/miro-clone/node_modules/jest-circus/build/utils.js:231:10)
            at _callCircusTest (/Users/shuhaozhang/Project/miro-clone/node_modules/jest-circus/build/run.js:316:40)
            at processTicksAndRejections (node:internal/process/task_queues:105:5)
            at _runTest (/Users/shuhaozhang/Project/miro-clone/node_modules/jest-circus/build/run.js:252:3)
            at _runTestsForDescribeBlock (/Users/shuhaozhang/Project/miro-clone/node_modules/jest-circus/build/run.js:126:9)
            at _runTestsForDescribeBlock (/Users/shuhaozhang/Project/miro-clone/node_modules/jest-circus/build/run.js:121:9)
            at _runTestsForDescribeBlock (/Users/shuhaozhang/Project/miro-clone/node_modules/jest-circus/build/run.js:121:9)
            at run (/Users/shuhaozhang/Project/miro-clone/node_modules/jest-circus/build/run.js:71:3)
            at runAndTransformResultsToJestFormat (/Users/shuhaozhang/Project/miro-clone/node_modules/jest-circus/build/legacy-code-todo-rewrite/jestAdapterInit.js:122:21)
            at jestAdapter (/Users/shuhaozhang/Project/miro-clone/node_modules/jest-circus/build/legacy-code-todo-rewrite/jestAdapter.js:79:19)
            at runTestInternal (/Users/shuhaozhang/Project/miro-clone/node_modules/jest-runner/build/runTest.js:367:16)
            at runTest (/Users/shuhaozhang/Project/miro-clone/node_modules/jest-runner/build/runTest.js:444:34)
            at Object.worker (/Users/shuhaozhang/Project/miro-clone/node_modules/jest-runner/build/testWorker.js:106:12),
        type: 'unhandled exception'
      }

      219 |
      220 |     it('should prevent text selection on canvas', () => {
    > 221 |       const { container } = render(<Whiteboard boardId="test-board" />)
          |                                   ^
      222 |       const canvasContainer = container.querySelector('.canvas-container')
      223 |       
      224 |       expect(canvasContainer).toHaveClass('select-none')

      at VirtualConsole.<anonymous> (node_modules/jest-environment-jsdom/build/index.js:63:23)
      at Object.invokeGuardedCallbackDev (node_modules/react-dom/cjs/react-dom.development.js:4213:16)
      at invokeGuardedCallback (node_modules/react-dom/cjs/react-dom.development.js:4277:31)
      at beginWork$1 (node_modules/react-dom/cjs/react-dom.development.js:27490:7)
      at performUnitOfWork (node_modules/react-dom/cjs/react-dom.development.js:26599:12)
      at workLoopSync (node_modules/react-dom/cjs/react-dom.development.js:26505:5)
      at renderRootSync (node_modules/react-dom/cjs/react-dom.development.js:26473:7)
      at performConcurrentWorkOnRoot (node_modules/react-dom/cjs/react-dom.development.js:25777:74)
      at flushActQueue (node_modules/react/cjs/react.development.js:2667:24)
      at act (node_modules/react/cjs/react.development.js:2582:11)
      at node_modules/@testing-library/react/dist/act-compat.js:47:25
      at renderRoot (node_modules/@testing-library/react/dist/pure.js:180:26)
      at render (node_modules/@testing-library/react/dist/pure.js:271:10)
      at Object.<anonymous> (src/__tests__/canvas-fullscreen.test.tsx:221:35)

    console.error
      Error: Uncaught [TypeError: Cannot read properties of undefined (reading 'values')]
          at Object.<anonymous> (src/__tests__/canvas-fullscreen.test.tsx:221:35)
          at new Promise (<anonymous>) {
        detail: TypeError: Cannot read properties of undefined (reading 'values')
            at values (/Users/shuhaozhang/Project/miro-clone/src/components/CollaborationPanel.tsx:16:54)
            at renderWithHooks (/Users/shuhaozhang/Project/miro-clone/node_modules/react-dom/cjs/react-dom.development.js:15486:18)
            at mountIndeterminateComponent (/Users/shuhaozhang/Project/miro-clone/node_modules/react-dom/cjs/react-dom.development.js:20103:13)
            at beginWork (/Users/shuhaozhang/Project/miro-clone/node_modules/react-dom/cjs/react-dom.development.js:21626:16)
            at HTMLUnknownElement.callCallback (/Users/shuhaozhang/Project/miro-clone/node_modules/react-dom/cjs/react-dom.development.js:4164:14)
            at HTMLUnknownElement.callTheUserObjectsOperation (/Users/shuhaozhang/Project/miro-clone/node_modules/jest-environment-jsdom/node_modules/jsdom/lib/jsdom/living/generated/EventListener.js:26:30)
            at innerInvokeEventListeners (/Users/shuhaozhang/Project/miro-clone/node_modules/jest-environment-jsdom/node_modules/jsdom/lib/jsdom/living/events/EventTarget-impl.js:350:25)
            at invokeEventListeners (/Users/shuhaozhang/Project/miro-clone/node_modules/jest-environment-jsdom/node_modules/jsdom/lib/jsdom/living/events/EventTarget-impl.js:286:3)
            at HTMLUnknownElementImpl._dispatch (/Users/shuhaozhang/Project/miro-clone/node_modules/jest-environment-jsdom/node_modules/jsdom/lib/jsdom/living/events/EventTarget-impl.js:233:9)
            at HTMLUnknownElementImpl.dispatchEvent (/Users/shuhaozhang/Project/miro-clone/node_modules/jest-environment-jsdom/node_modules/jsdom/lib/jsdom/living/events/EventTarget-impl.js:104:17)
            at HTMLUnknownElement.dispatchEvent (/Users/shuhaozhang/Project/miro-clone/node_modules/jest-environment-jsdom/node_modules/jsdom/lib/jsdom/living/generated/EventTarget.js:241:34)
            at Object.invokeGuardedCallbackDev (/Users/shuhaozhang/Project/miro-clone/node_modules/react-dom/cjs/react-dom.development.js:4213:16)
            at invokeGuardedCallback (/Users/shuhaozhang/Project/miro-clone/node_modules/react-dom/cjs/react-dom.development.js:4277:31)
            at beginWork$1 (/Users/shuhaozhang/Project/miro-clone/node_modules/react-dom/cjs/react-dom.development.js:27490:7)
            at performUnitOfWork (/Users/shuhaozhang/Project/miro-clone/node_modules/react-dom/cjs/react-dom.development.js:26599:12)
            at workLoopSync (/Users/shuhaozhang/Project/miro-clone/node_modules/react-dom/cjs/react-dom.development.js:26505:5)
            at renderRootSync (/Users/shuhaozhang/Project/miro-clone/node_modules/react-dom/cjs/react-dom.development.js:26473:7)
            at recoverFromConcurrentError (/Users/shuhaozhang/Project/miro-clone/node_modules/react-dom/cjs/react-dom.development.js:25889:20)
            at performConcurrentWorkOnRoot (/Users/shuhaozhang/Project/miro-clone/node_modules/react-dom/cjs/react-dom.development.js:25789:22)
            at flushActQueue (/Users/shuhaozhang/Project/miro-clone/node_modules/react/cjs/react.development.js:2667:24)
            at act (/Users/shuhaozhang/Project/miro-clone/node_modules/react/cjs/react.development.js:2582:11)
            at /Users/shuhaozhang/Project/miro-clone/node_modules/@testing-library/react/dist/act-compat.js:47:25
            at renderRoot (/Users/shuhaozhang/Project/miro-clone/node_modules/@testing-library/react/dist/pure.js:180:26)
            at render (/Users/shuhaozhang/Project/miro-clone/node_modules/@testing-library/react/dist/pure.js:271:10)
            at Object.<anonymous> (/Users/shuhaozhang/Project/miro-clone/src/__tests__/canvas-fullscreen.test.tsx:221:35)
            at Promise.then.completed (/Users/shuhaozhang/Project/miro-clone/node_modules/jest-circus/build/utils.js:298:28)
            at new Promise (<anonymous>)
            at callAsyncCircusFn (/Users/shuhaozhang/Project/miro-clone/node_modules/jest-circus/build/utils.js:231:10)
            at _callCircusTest (/Users/shuhaozhang/Project/miro-clone/node_modules/jest-circus/build/run.js:316:40)
            at processTicksAndRejections (node:internal/process/task_queues:105:5)
            at _runTest (/Users/shuhaozhang/Project/miro-clone/node_modules/jest-circus/build/run.js:252:3)
            at _runTestsForDescribeBlock (/Users/shuhaozhang/Project/miro-clone/node_modules/jest-circus/build/run.js:126:9)
            at _runTestsForDescribeBlock (/Users/shuhaozhang/Project/miro-clone/node_modules/jest-circus/build/run.js:121:9)
            at _runTestsForDescribeBlock (/Users/shuhaozhang/Project/miro-clone/node_modules/jest-circus/build/run.js:121:9)
            at run (/Users/shuhaozhang/Project/miro-clone/node_modules/jest-circus/build/run.js:71:3)
            at runAndTransformResultsToJestFormat (/Users/shuhaozhang/Project/miro-clone/node_modules/jest-circus/build/legacy-code-todo-rewrite/jestAdapterInit.js:122:21)
            at jestAdapter (/Users/shuhaozhang/Project/miro-clone/node_modules/jest-circus/build/legacy-code-todo-rewrite/jestAdapter.js:79:19)
            at runTestInternal (/Users/shuhaozhang/Project/miro-clone/node_modules/jest-runner/build/runTest.js:367:16)
            at runTest (/Users/shuhaozhang/Project/miro-clone/node_modules/jest-runner/build/runTest.js:444:34)
            at Object.worker (/Users/shuhaozhang/Project/miro-clone/node_modules/jest-runner/build/testWorker.js:106:12),
        type: 'unhandled exception'
      }

      219 |
      220 |     it('should prevent text selection on canvas', () => {
    > 221 |       const { container } = render(<Whiteboard boardId="test-board" />)
          |                                   ^
      222 |       const canvasContainer = container.querySelector('.canvas-container')
      223 |       
      224 |       expect(canvasContainer).toHaveClass('select-none')

      at VirtualConsole.<anonymous> (node_modules/jest-environment-jsdom/build/index.js:63:23)
      at Object.invokeGuardedCallbackDev (node_modules/react-dom/cjs/react-dom.development.js:4213:16)
      at invokeGuardedCallback (node_modules/react-dom/cjs/react-dom.development.js:4277:31)
      at beginWork$1 (node_modules/react-dom/cjs/react-dom.development.js:27490:7)
      at performUnitOfWork (node_modules/react-dom/cjs/react-dom.development.js:26599:12)
      at workLoopSync (node_modules/react-dom/cjs/react-dom.development.js:26505:5)
      at renderRootSync (node_modules/react-dom/cjs/react-dom.development.js:26473:7)
      at recoverFromConcurrentError (node_modules/react-dom/cjs/react-dom.development.js:25889:20)
      at performConcurrentWorkOnRoot (node_modules/react-dom/cjs/react-dom.development.js:25789:22)
      at flushActQueue (node_modules/react/cjs/react.development.js:2667:24)
      at act (node_modules/react/cjs/react.development.js:2582:11)
      at node_modules/@testing-library/react/dist/act-compat.js:47:25
      at renderRoot (node_modules/@testing-library/react/dist/pure.js:180:26)
      at render (node_modules/@testing-library/react/dist/pure.js:271:10)
      at Object.<anonymous> (src/__tests__/canvas-fullscreen.test.tsx:221:35)

    console.error
      The above error occurred in the <CollaborationPanel> component:
      
          at CollaborationPanel (/Users/shuhaozhang/Project/miro-clone/src/components/CollaborationPanel.tsx:14:47)
          at div
          at div
          at boardId (/Users/shuhaozhang/Project/miro-clone/src/components/Whiteboard.tsx:19:57)
      
      Consider adding an error boundary to your tree to customize error handling behavior.
      Visit https://reactjs.org/link/error-boundaries to learn more about error boundaries.

      219 |
      220 |     it('should prevent text selection on canvas', () => {
    > 221 |       const { container } = render(<Whiteboard boardId="test-board" />)
          |                                   ^
      222 |       const canvasContainer = container.querySelector('.canvas-container')
      223 |       
      224 |       expect(canvasContainer).toHaveClass('select-none')

      at logCapturedError (node_modules/react-dom/cjs/react-dom.development.js:18704:23)
      at update.callback (node_modules/react-dom/cjs/react-dom.development.js:18737:5)
      at callCallback (node_modules/react-dom/cjs/react-dom.development.js:15036:12)
      at commitUpdateQueue (node_modules/react-dom/cjs/react-dom.development.js:15057:9)
      at commitLayoutEffectOnFiber (node_modules/react-dom/cjs/react-dom.development.js:23430:13)
      at commitLayoutMountEffects_complete (node_modules/react-dom/cjs/react-dom.development.js:24727:9)
      at commitLayoutEffects_begin (node_modules/react-dom/cjs/react-dom.development.js:24713:7)
      at commitLayoutEffects (node_modules/react-dom/cjs/react-dom.development.js:24651:3)
      at commitRootImpl (node_modules/react-dom/cjs/react-dom.development.js:26862:5)
      at commitRoot (node_modules/react-dom/cjs/react-dom.development.js:26721:5)
      at finishConcurrentRender (node_modules/react-dom/cjs/react-dom.development.js:25931:9)
      at performConcurrentWorkOnRoot (node_modules/react-dom/cjs/react-dom.development.js:25848:7)
      at flushActQueue (node_modules/react/cjs/react.development.js:2667:24)
      at act (node_modules/react/cjs/react.development.js:2582:11)
      at node_modules/@testing-library/react/dist/act-compat.js:47:25
      at renderRoot (node_modules/@testing-library/react/dist/pure.js:180:26)
      at render (node_modules/@testing-library/react/dist/pure.js:271:10)
      at Object.<anonymous> (src/__tests__/canvas-fullscreen.test.tsx:221:35)

    console.error
      Error: Uncaught [TypeError: Cannot read properties of undefined (reading 'values')]
          at Object.<anonymous> (src/__tests__/canvas-fullscreen.test.tsx:228:35)
          at new Promise (<anonymous>) {
        detail: TypeError: Cannot read properties of undefined (reading 'values')
            at values (/Users/shuhaozhang/Project/miro-clone/src/components/CollaborationPanel.tsx:16:54)
            at renderWithHooks (/Users/shuhaozhang/Project/miro-clone/node_modules/react-dom/cjs/react-dom.development.js:15486:18)
            at mountIndeterminateComponent (/Users/shuhaozhang/Project/miro-clone/node_modules/react-dom/cjs/react-dom.development.js:20103:13)
            at beginWork (/Users/shuhaozhang/Project/miro-clone/node_modules/react-dom/cjs/react-dom.development.js:21626:16)
            at HTMLUnknownElement.callCallback (/Users/shuhaozhang/Project/miro-clone/node_modules/react-dom/cjs/react-dom.development.js:4164:14)
            at HTMLUnknownElement.callTheUserObjectsOperation (/Users/shuhaozhang/Project/miro-clone/node_modules/jest-environment-jsdom/node_modules/jsdom/lib/jsdom/living/generated/EventListener.js:26:30)
            at innerInvokeEventListeners (/Users/shuhaozhang/Project/miro-clone/node_modules/jest-environment-jsdom/node_modules/jsdom/lib/jsdom/living/events/EventTarget-impl.js:350:25)
            at invokeEventListeners (/Users/shuhaozhang/Project/miro-clone/node_modules/jest-environment-jsdom/node_modules/jsdom/lib/jsdom/living/events/EventTarget-impl.js:286:3)
            at HTMLUnknownElementImpl._dispatch (/Users/shuhaozhang/Project/miro-clone/node_modules/jest-environment-jsdom/node_modules/jsdom/lib/jsdom/living/events/EventTarget-impl.js:233:9)
            at HTMLUnknownElementImpl.dispatchEvent (/Users/shuhaozhang/Project/miro-clone/node_modules/jest-environment-jsdom/node_modules/jsdom/lib/jsdom/living/events/EventTarget-impl.js:104:17)
            at HTMLUnknownElement.dispatchEvent (/Users/shuhaozhang/Project/miro-clone/node_modules/jest-environment-jsdom/node_modules/jsdom/lib/jsdom/living/generated/EventTarget.js:241:34)
            at Object.invokeGuardedCallbackDev (/Users/shuhaozhang/Project/miro-clone/node_modules/react-dom/cjs/react-dom.development.js:4213:16)
            at invokeGuardedCallback (/Users/shuhaozhang/Project/miro-clone/node_modules/react-dom/cjs/react-dom.development.js:4277:31)
            at beginWork$1 (/Users/shuhaozhang/Project/miro-clone/node_modules/react-dom/cjs/react-dom.development.js:27490:7)
            at performUnitOfWork (/Users/shuhaozhang/Project/miro-clone/node_modules/react-dom/cjs/react-dom.development.js:26599:12)
            at workLoopSync (/Users/shuhaozhang/Project/miro-clone/node_modules/react-dom/cjs/react-dom.development.js:26505:5)
            at renderRootSync (/Users/shuhaozhang/Project/miro-clone/node_modules/react-dom/cjs/react-dom.development.js:26473:7)
            at performConcurrentWorkOnRoot (/Users/shuhaozhang/Project/miro-clone/node_modules/react-dom/cjs/react-dom.development.js:25777:74)
            at flushActQueue (/Users/shuhaozhang/Project/miro-clone/node_modules/react/cjs/react.development.js:2667:24)
            at act (/Users/shuhaozhang/Project/miro-clone/node_modules/react/cjs/react.development.js:2582:11)
            at /Users/shuhaozhang/Project/miro-clone/node_modules/@testing-library/react/dist/act-compat.js:47:25
            at renderRoot (/Users/shuhaozhang/Project/miro-clone/node_modules/@testing-library/react/dist/pure.js:180:26)
            at render (/Users/shuhaozhang/Project/miro-clone/node_modules/@testing-library/react/dist/pure.js:271:10)
            at Object.<anonymous> (/Users/shuhaozhang/Project/miro-clone/src/__tests__/canvas-fullscreen.test.tsx:228:35)
            at Promise.then.completed (/Users/shuhaozhang/Project/miro-clone/node_modules/jest-circus/build/utils.js:298:28)
            at new Promise (<anonymous>)
            at callAsyncCircusFn (/Users/shuhaozhang/Project/miro-clone/node_modules/jest-circus/build/utils.js:231:10)
            at _callCircusTest (/Users/shuhaozhang/Project/miro-clone/node_modules/jest-circus/build/run.js:316:40)
            at processTicksAndRejections (node:internal/process/task_queues:105:5)
            at _runTest (/Users/shuhaozhang/Project/miro-clone/node_modules/jest-circus/build/run.js:252:3)
            at _runTestsForDescribeBlock (/Users/shuhaozhang/Project/miro-clone/node_modules/jest-circus/build/run.js:126:9)
            at _runTestsForDescribeBlock (/Users/shuhaozhang/Project/miro-clone/node_modules/jest-circus/build/run.js:121:9)
            at _runTestsForDescribeBlock (/Users/shuhaozhang/Project/miro-clone/node_modules/jest-circus/build/run.js:121:9)
            at run (/Users/shuhaozhang/Project/miro-clone/node_modules/jest-circus/build/run.js:71:3)
            at runAndTransformResultsToJestFormat (/Users/shuhaozhang/Project/miro-clone/node_modules/jest-circus/build/legacy-code-todo-rewrite/jestAdapterInit.js:122:21)
            at jestAdapter (/Users/shuhaozhang/Project/miro-clone/node_modules/jest-circus/build/legacy-code-todo-rewrite/jestAdapter.js:79:19)
            at runTestInternal (/Users/shuhaozhang/Project/miro-clone/node_modules/jest-runner/build/runTest.js:367:16)
            at runTest (/Users/shuhaozhang/Project/miro-clone/node_modules/jest-runner/build/runTest.js:444:34)
            at Object.worker (/Users/shuhaozhang/Project/miro-clone/node_modules/jest-runner/build/testWorker.js:106:12),
        type: 'unhandled exception'
      }

      226 |
      227 |     it('should have proper cursor styles', () => {
    > 228 |       const { container } = render(<Whiteboard boardId="test-board" />)
          |                                   ^
      229 |       const canvasContainer = container.querySelector('.canvas-container')
      230 |       
      231 |       expect(canvasContainer).toHaveClass('cursor-crosshair')

      at VirtualConsole.<anonymous> (node_modules/jest-environment-jsdom/build/index.js:63:23)
      at Object.invokeGuardedCallbackDev (node_modules/react-dom/cjs/react-dom.development.js:4213:16)
      at invokeGuardedCallback (node_modules/react-dom/cjs/react-dom.development.js:4277:31)
      at beginWork$1 (node_modules/react-dom/cjs/react-dom.development.js:27490:7)
      at performUnitOfWork (node_modules/react-dom/cjs/react-dom.development.js:26599:12)
      at workLoopSync (node_modules/react-dom/cjs/react-dom.development.js:26505:5)
      at renderRootSync (node_modules/react-dom/cjs/react-dom.development.js:26473:7)
      at performConcurrentWorkOnRoot (node_modules/react-dom/cjs/react-dom.development.js:25777:74)
      at flushActQueue (node_modules/react/cjs/react.development.js:2667:24)
      at act (node_modules/react/cjs/react.development.js:2582:11)
      at node_modules/@testing-library/react/dist/act-compat.js:47:25
      at renderRoot (node_modules/@testing-library/react/dist/pure.js:180:26)
      at render (node_modules/@testing-library/react/dist/pure.js:271:10)
      at Object.<anonymous> (src/__tests__/canvas-fullscreen.test.tsx:228:35)

    console.error
      Error: Uncaught [TypeError: Cannot read properties of undefined (reading 'values')]
          at Object.<anonymous> (src/__tests__/canvas-fullscreen.test.tsx:228:35)
          at new Promise (<anonymous>) {
        detail: TypeError: Cannot read properties of undefined (reading 'values')
            at values (/Users/shuhaozhang/Project/miro-clone/src/components/CollaborationPanel.tsx:16:54)
            at renderWithHooks (/Users/shuhaozhang/Project/miro-clone/node_modules/react-dom/cjs/react-dom.development.js:15486:18)
            at mountIndeterminateComponent (/Users/shuhaozhang/Project/miro-clone/node_modules/react-dom/cjs/react-dom.development.js:20103:13)
            at beginWork (/Users/shuhaozhang/Project/miro-clone/node_modules/react-dom/cjs/react-dom.development.js:21626:16)
            at HTMLUnknownElement.callCallback (/Users/shuhaozhang/Project/miro-clone/node_modules/react-dom/cjs/react-dom.development.js:4164:14)
            at HTMLUnknownElement.callTheUserObjectsOperation (/Users/shuhaozhang/Project/miro-clone/node_modules/jest-environment-jsdom/node_modules/jsdom/lib/jsdom/living/generated/EventListener.js:26:30)
            at innerInvokeEventListeners (/Users/shuhaozhang/Project/miro-clone/node_modules/jest-environment-jsdom/node_modules/jsdom/lib/jsdom/living/events/EventTarget-impl.js:350:25)
            at invokeEventListeners (/Users/shuhaozhang/Project/miro-clone/node_modules/jest-environment-jsdom/node_modules/jsdom/lib/jsdom/living/events/EventTarget-impl.js:286:3)
            at HTMLUnknownElementImpl._dispatch (/Users/shuhaozhang/Project/miro-clone/node_modules/jest-environment-jsdom/node_modules/jsdom/lib/jsdom/living/events/EventTarget-impl.js:233:9)
            at HTMLUnknownElementImpl.dispatchEvent (/Users/shuhaozhang/Project/miro-clone/node_modules/jest-environment-jsdom/node_modules/jsdom/lib/jsdom/living/events/EventTarget-impl.js:104:17)
            at HTMLUnknownElement.dispatchEvent (/Users/shuhaozhang/Project/miro-clone/node_modules/jest-environment-jsdom/node_modules/jsdom/lib/jsdom/living/generated/EventTarget.js:241:34)
            at Object.invokeGuardedCallbackDev (/Users/shuhaozhang/Project/miro-clone/node_modules/react-dom/cjs/react-dom.development.js:4213:16)
            at invokeGuardedCallback (/Users/shuhaozhang/Project/miro-clone/node_modules/react-dom/cjs/react-dom.development.js:4277:31)
            at beginWork$1 (/Users/shuhaozhang/Project/miro-clone/node_modules/react-dom/cjs/react-dom.development.js:27490:7)
            at performUnitOfWork (/Users/shuhaozhang/Project/miro-clone/node_modules/react-dom/cjs/react-dom.development.js:26599:12)
            at workLoopSync (/Users/shuhaozhang/Project/miro-clone/node_modules/react-dom/cjs/react-dom.development.js:26505:5)
            at renderRootSync (/Users/shuhaozhang/Project/miro-clone/node_modules/react-dom/cjs/react-dom.development.js:26473:7)
            at recoverFromConcurrentError (/Users/shuhaozhang/Project/miro-clone/node_modules/react-dom/cjs/react-dom.development.js:25889:20)
            at performConcurrentWorkOnRoot (/Users/shuhaozhang/Project/miro-clone/node_modules/react-dom/cjs/react-dom.development.js:25789:22)
            at flushActQueue (/Users/shuhaozhang/Project/miro-clone/node_modules/react/cjs/react.development.js:2667:24)
            at act (/Users/shuhaozhang/Project/miro-clone/node_modules/react/cjs/react.development.js:2582:11)
            at /Users/shuhaozhang/Project/miro-clone/node_modules/@testing-library/react/dist/act-compat.js:47:25
            at renderRoot (/Users/shuhaozhang/Project/miro-clone/node_modules/@testing-library/react/dist/pure.js:180:26)
            at render (/Users/shuhaozhang/Project/miro-clone/node_modules/@testing-library/react/dist/pure.js:271:10)
            at Object.<anonymous> (/Users/shuhaozhang/Project/miro-clone/src/__tests__/canvas-fullscreen.test.tsx:228:35)
            at Promise.then.completed (/Users/shuhaozhang/Project/miro-clone/node_modules/jest-circus/build/utils.js:298:28)
            at new Promise (<anonymous>)
            at callAsyncCircusFn (/Users/shuhaozhang/Project/miro-clone/node_modules/jest-circus/build/utils.js:231:10)
            at _callCircusTest (/Users/shuhaozhang/Project/miro-clone/node_modules/jest-circus/build/run.js:316:40)
            at processTicksAndRejections (node:internal/process/task_queues:105:5)
            at _runTest (/Users/shuhaozhang/Project/miro-clone/node_modules/jest-circus/build/run.js:252:3)
            at _runTestsForDescribeBlock (/Users/shuhaozhang/Project/miro-clone/node_modules/jest-circus/build/run.js:126:9)
            at _runTestsForDescribeBlock (/Users/shuhaozhang/Project/miro-clone/node_modules/jest-circus/build/run.js:121:9)
            at _runTestsForDescribeBlock (/Users/shuhaozhang/Project/miro-clone/node_modules/jest-circus/build/run.js:121:9)
            at run (/Users/shuhaozhang/Project/miro-clone/node_modules/jest-circus/build/run.js:71:3)
            at runAndTransformResultsToJestFormat (/Users/shuhaozhang/Project/miro-clone/node_modules/jest-circus/build/legacy-code-todo-rewrite/jestAdapterInit.js:122:21)
            at jestAdapter (/Users/shuhaozhang/Project/miro-clone/node_modules/jest-circus/build/legacy-code-todo-rewrite/jestAdapter.js:79:19)
            at runTestInternal (/Users/shuhaozhang/Project/miro-clone/node_modules/jest-runner/build/runTest.js:367:16)
            at runTest (/Users/shuhaozhang/Project/miro-clone/node_modules/jest-runner/build/runTest.js:444:34)
            at Object.worker (/Users/shuhaozhang/Project/miro-clone/node_modules/jest-runner/build/testWorker.js:106:12),
        type: 'unhandled exception'
      }

      226 |
      227 |     it('should have proper cursor styles', () => {
    > 228 |       const { container } = render(<Whiteboard boardId="test-board" />)
          |                                   ^
      229 |       const canvasContainer = container.querySelector('.canvas-container')
      230 |       
      231 |       expect(canvasContainer).toHaveClass('cursor-crosshair')

      at VirtualConsole.<anonymous> (node_modules/jest-environment-jsdom/build/index.js:63:23)
      at Object.invokeGuardedCallbackDev (node_modules/react-dom/cjs/react-dom.development.js:4213:16)
      at invokeGuardedCallback (node_modules/react-dom/cjs/react-dom.development.js:4277:31)
      at beginWork$1 (node_modules/react-dom/cjs/react-dom.development.js:27490:7)
      at performUnitOfWork (node_modules/react-dom/cjs/react-dom.development.js:26599:12)
      at workLoopSync (node_modules/react-dom/cjs/react-dom.development.js:26505:5)
      at renderRootSync (node_modules/react-dom/cjs/react-dom.development.js:26473:7)
      at recoverFromConcurrentError (node_modules/react-dom/cjs/react-dom.development.js:25889:20)
      at performConcurrentWorkOnRoot (node_modules/react-dom/cjs/react-dom.development.js:25789:22)
      at flushActQueue (node_modules/react/cjs/react.development.js:2667:24)
      at act (node_modules/react/cjs/react.development.js:2582:11)
      at node_modules/@testing-library/react/dist/act-compat.js:47:25
      at renderRoot (node_modules/@testing-library/react/dist/pure.js:180:26)
      at render (node_modules/@testing-library/react/dist/pure.js:271:10)
      at Object.<anonymous> (src/__tests__/canvas-fullscreen.test.tsx:228:35)

    console.error
      The above error occurred in the <CollaborationPanel> component:
      
          at CollaborationPanel (/Users/shuhaozhang/Project/miro-clone/src/components/CollaborationPanel.tsx:14:47)
          at div
          at div
          at boardId (/Users/shuhaozhang/Project/miro-clone/src/components/Whiteboard.tsx:19:57)
      
      Consider adding an error boundary to your tree to customize error handling behavior.
      Visit https://reactjs.org/link/error-boundaries to learn more about error boundaries.

      226 |
      227 |     it('should have proper cursor styles', () => {
    > 228 |       const { container } = render(<Whiteboard boardId="test-board" />)
          |                                   ^
      229 |       const canvasContainer = container.querySelector('.canvas-container')
      230 |       
      231 |       expect(canvasContainer).toHaveClass('cursor-crosshair')

      at logCapturedError (node_modules/react-dom/cjs/react-dom.development.js:18704:23)
      at update.callback (node_modules/react-dom/cjs/react-dom.development.js:18737:5)
      at callCallback (node_modules/react-dom/cjs/react-dom.development.js:15036:12)
      at commitUpdateQueue (node_modules/react-dom/cjs/react-dom.development.js:15057:9)
      at commitLayoutEffectOnFiber (node_modules/react-dom/cjs/react-dom.development.js:23430:13)
      at commitLayoutMountEffects_complete (node_modules/react-dom/cjs/react-dom.development.js:24727:9)
      at commitLayoutEffects_begin (node_modules/react-dom/cjs/react-dom.development.js:24713:7)
      at commitLayoutEffects (node_modules/react-dom/cjs/react-dom.development.js:24651:3)
      at commitRootImpl (node_modules/react-dom/cjs/react-dom.development.js:26862:5)
      at commitRoot (node_modules/react-dom/cjs/react-dom.development.js:26721:5)
      at finishConcurrentRender (node_modules/react-dom/cjs/react-dom.development.js:25931:9)
      at performConcurrentWorkOnRoot (node_modules/react-dom/cjs/react-dom.development.js:25848:7)
      at flushActQueue (node_modules/react/cjs/react.development.js:2667:24)
      at act (node_modules/react/cjs/react.development.js:2582:11)
      at node_modules/@testing-library/react/dist/act-compat.js:47:25
      at renderRoot (node_modules/@testing-library/react/dist/pure.js:180:26)
      at render (node_modules/@testing-library/react/dist/pure.js:271:10)
      at Object.<anonymous> (src/__tests__/canvas-fullscreen.test.tsx:228:35)

    console.error
      Error: Uncaught [TypeError: Cannot read properties of undefined (reading 'values')]
          at Object.<anonymous> (src/__tests__/canvas-fullscreen.test.tsx:237:35)
          at new Promise (<anonymous>) {
        detail: TypeError: Cannot read properties of undefined (reading 'values')
            at values (/Users/shuhaozhang/Project/miro-clone/src/components/CollaborationPanel.tsx:16:54)
            at renderWithHooks (/Users/shuhaozhang/Project/miro-clone/node_modules/react-dom/cjs/react-dom.development.js:15486:18)
            at mountIndeterminateComponent (/Users/shuhaozhang/Project/miro-clone/node_modules/react-dom/cjs/react-dom.development.js:20103:13)
            at beginWork (/Users/shuhaozhang/Project/miro-clone/node_modules/react-dom/cjs/react-dom.development.js:21626:16)
            at HTMLUnknownElement.callCallback (/Users/shuhaozhang/Project/miro-clone/node_modules/react-dom/cjs/react-dom.development.js:4164:14)
            at HTMLUnknownElement.callTheUserObjectsOperation (/Users/shuhaozhang/Project/miro-clone/node_modules/jest-environment-jsdom/node_modules/jsdom/lib/jsdom/living/generated/EventListener.js:26:30)
            at innerInvokeEventListeners (/Users/shuhaozhang/Project/miro-clone/node_modules/jest-environment-jsdom/node_modules/jsdom/lib/jsdom/living/events/EventTarget-impl.js:350:25)
            at invokeEventListeners (/Users/shuhaozhang/Project/miro-clone/node_modules/jest-environment-jsdom/node_modules/jsdom/lib/jsdom/living/events/EventTarget-impl.js:286:3)
            at HTMLUnknownElementImpl._dispatch (/Users/shuhaozhang/Project/miro-clone/node_modules/jest-environment-jsdom/node_modules/jsdom/lib/jsdom/living/events/EventTarget-impl.js:233:9)
            at HTMLUnknownElementImpl.dispatchEvent (/Users/shuhaozhang/Project/miro-clone/node_modules/jest-environment-jsdom/node_modules/jsdom/lib/jsdom/living/events/EventTarget-impl.js:104:17)
            at HTMLUnknownElement.dispatchEvent (/Users/shuhaozhang/Project/miro-clone/node_modules/jest-environment-jsdom/node_modules/jsdom/lib/jsdom/living/generated/EventTarget.js:241:34)
            at Object.invokeGuardedCallbackDev (/Users/shuhaozhang/Project/miro-clone/node_modules/react-dom/cjs/react-dom.development.js:4213:16)
            at invokeGuardedCallback (/Users/shuhaozhang/Project/miro-clone/node_modules/react-dom/cjs/react-dom.development.js:4277:31)
            at beginWork$1 (/Users/shuhaozhang/Project/miro-clone/node_modules/react-dom/cjs/react-dom.development.js:27490:7)
            at performUnitOfWork (/Users/shuhaozhang/Project/miro-clone/node_modules/react-dom/cjs/react-dom.development.js:26599:12)
            at workLoopSync (/Users/shuhaozhang/Project/miro-clone/node_modules/react-dom/cjs/react-dom.development.js:26505:5)
            at renderRootSync (/Users/shuhaozhang/Project/miro-clone/node_modules/react-dom/cjs/react-dom.development.js:26473:7)
            at performConcurrentWorkOnRoot (/Users/shuhaozhang/Project/miro-clone/node_modules/react-dom/cjs/react-dom.development.js:25777:74)
            at flushActQueue (/Users/shuhaozhang/Project/miro-clone/node_modules/react/cjs/react.development.js:2667:24)
            at act (/Users/shuhaozhang/Project/miro-clone/node_modules/react/cjs/react.development.js:2582:11)
            at /Users/shuhaozhang/Project/miro-clone/node_modules/@testing-library/react/dist/act-compat.js:47:25
            at renderRoot (/Users/shuhaozhang/Project/miro-clone/node_modules/@testing-library/react/dist/pure.js:180:26)
            at render (/Users/shuhaozhang/Project/miro-clone/node_modules/@testing-library/react/dist/pure.js:271:10)
            at Object.<anonymous> (/Users/shuhaozhang/Project/miro-clone/src/__tests__/canvas-fullscreen.test.tsx:237:35)
            at Promise.then.completed (/Users/shuhaozhang/Project/miro-clone/node_modules/jest-circus/build/utils.js:298:28)
            at new Promise (<anonymous>)
            at callAsyncCircusFn (/Users/shuhaozhang/Project/miro-clone/node_modules/jest-circus/build/utils.js:231:10)
            at _callCircusTest (/Users/shuhaozhang/Project/miro-clone/node_modules/jest-circus/build/run.js:316:40)
            at processTicksAndRejections (node:internal/process/task_queues:105:5)
            at _runTest (/Users/shuhaozhang/Project/miro-clone/node_modules/jest-circus/build/run.js:252:3)
            at _runTestsForDescribeBlock (/Users/shuhaozhang/Project/miro-clone/node_modules/jest-circus/build/run.js:126:9)
            at _runTestsForDescribeBlock (/Users/shuhaozhang/Project/miro-clone/node_modules/jest-circus/build/run.js:121:9)
            at _runTestsForDescribeBlock (/Users/shuhaozhang/Project/miro-clone/node_modules/jest-circus/build/run.js:121:9)
            at run (/Users/shuhaozhang/Project/miro-clone/node_modules/jest-circus/build/run.js:71:3)
            at runAndTransformResultsToJestFormat (/Users/shuhaozhang/Project/miro-clone/node_modules/jest-circus/build/legacy-code-todo-rewrite/jestAdapterInit.js:122:21)
            at jestAdapter (/Users/shuhaozhang/Project/miro-clone/node_modules/jest-circus/build/legacy-code-todo-rewrite/jestAdapter.js:79:19)
            at runTestInternal (/Users/shuhaozhang/Project/miro-clone/node_modules/jest-runner/build/runTest.js:367:16)
            at runTest (/Users/shuhaozhang/Project/miro-clone/node_modules/jest-runner/build/runTest.js:444:34)
            at Object.worker (/Users/shuhaozhang/Project/miro-clone/node_modules/jest-runner/build/testWorker.js:106:12),
        type: 'unhandled exception'
      }

      235 |   describe('Performance Optimizations', () => {
      236 |     it('should have will-change transform for smooth rendering', () => {
    > 237 |       const { container } = render(<Whiteboard boardId="test-board" />)
          |                                   ^
      238 |       const canvasContainer = container.querySelector('.canvas-container')
      239 |       
      240 |       const styles = window.getComputedStyle(canvasContainer!)

      at VirtualConsole.<anonymous> (node_modules/jest-environment-jsdom/build/index.js:63:23)
      at Object.invokeGuardedCallbackDev (node_modules/react-dom/cjs/react-dom.development.js:4213:16)
      at invokeGuardedCallback (node_modules/react-dom/cjs/react-dom.development.js:4277:31)
      at beginWork$1 (node_modules/react-dom/cjs/react-dom.development.js:27490:7)
      at performUnitOfWork (node_modules/react-dom/cjs/react-dom.development.js:26599:12)
      at workLoopSync (node_modules/react-dom/cjs/react-dom.development.js:26505:5)
      at renderRootSync (node_modules/react-dom/cjs/react-dom.development.js:26473:7)
      at performConcurrentWorkOnRoot (node_modules/react-dom/cjs/react-dom.development.js:25777:74)
      at flushActQueue (node_modules/react/cjs/react.development.js:2667:24)
      at act (node_modules/react/cjs/react.development.js:2582:11)
      at node_modules/@testing-library/react/dist/act-compat.js:47:25
      at renderRoot (node_modules/@testing-library/react/dist/pure.js:180:26)
      at render (node_modules/@testing-library/react/dist/pure.js:271:10)
      at Object.<anonymous> (src/__tests__/canvas-fullscreen.test.tsx:237:35)

    console.error
      Error: Uncaught [TypeError: Cannot read properties of undefined (reading 'values')]
          at Object.<anonymous> (src/__tests__/canvas-fullscreen.test.tsx:237:35)
          at new Promise (<anonymous>) {
        detail: TypeError: Cannot read properties of undefined (reading 'values')
            at values (/Users/shuhaozhang/Project/miro-clone/src/components/CollaborationPanel.tsx:16:54)
            at renderWithHooks (/Users/shuhaozhang/Project/miro-clone/node_modules/react-dom/cjs/react-dom.development.js:15486:18)
            at mountIndeterminateComponent (/Users/shuhaozhang/Project/miro-clone/node_modules/react-dom/cjs/react-dom.development.js:20103:13)
            at beginWork (/Users/shuhaozhang/Project/miro-clone/node_modules/react-dom/cjs/react-dom.development.js:21626:16)
            at HTMLUnknownElement.callCallback (/Users/shuhaozhang/Project/miro-clone/node_modules/react-dom/cjs/react-dom.development.js:4164:14)
            at HTMLUnknownElement.callTheUserObjectsOperation (/Users/shuhaozhang/Project/miro-clone/node_modules/jest-environment-jsdom/node_modules/jsdom/lib/jsdom/living/generated/EventListener.js:26:30)
            at innerInvokeEventListeners (/Users/shuhaozhang/Project/miro-clone/node_modules/jest-environment-jsdom/node_modules/jsdom/lib/jsdom/living/events/EventTarget-impl.js:350:25)
            at invokeEventListeners (/Users/shuhaozhang/Project/miro-clone/node_modules/jest-environment-jsdom/node_modules/jsdom/lib/jsdom/living/events/EventTarget-impl.js:286:3)
            at HTMLUnknownElementImpl._dispatch (/Users/shuhaozhang/Project/miro-clone/node_modules/jest-environment-jsdom/node_modules/jsdom/lib/jsdom/living/events/EventTarget-impl.js:233:9)
            at HTMLUnknownElementImpl.dispatchEvent (/Users/shuhaozhang/Project/miro-clone/node_modules/jest-environment-jsdom/node_modules/jsdom/lib/jsdom/living/events/EventTarget-impl.js:104:17)
            at HTMLUnknownElement.dispatchEvent (/Users/shuhaozhang/Project/miro-clone/node_modules/jest-environment-jsdom/node_modules/jsdom/lib/jsdom/living/generated/EventTarget.js:241:34)
            at Object.invokeGuardedCallbackDev (/Users/shuhaozhang/Project/miro-clone/node_modules/react-dom/cjs/react-dom.development.js:4213:16)
            at invokeGuardedCallback (/Users/shuhaozhang/Project/miro-clone/node_modules/react-dom/cjs/react-dom.development.js:4277:31)
            at beginWork$1 (/Users/shuhaozhang/Project/miro-clone/node_modules/react-dom/cjs/react-dom.development.js:27490:7)
            at performUnitOfWork (/Users/shuhaozhang/Project/miro-clone/node_modules/react-dom/cjs/react-dom.development.js:26599:12)
            at workLoopSync (/Users/shuhaozhang/Project/miro-clone/node_modules/react-dom/cjs/react-dom.development.js:26505:5)
            at renderRootSync (/Users/shuhaozhang/Project/miro-clone/node_modules/react-dom/cjs/react-dom.development.js:26473:7)
            at recoverFromConcurrentError (/Users/shuhaozhang/Project/miro-clone/node_modules/react-dom/cjs/react-dom.development.js:25889:20)
            at performConcurrentWorkOnRoot (/Users/shuhaozhang/Project/miro-clone/node_modules/react-dom/cjs/react-dom.development.js:25789:22)
            at flushActQueue (/Users/shuhaozhang/Project/miro-clone/node_modules/react/cjs/react.development.js:2667:24)
            at act (/Users/shuhaozhang/Project/miro-clone/node_modules/react/cjs/react.development.js:2582:11)
            at /Users/shuhaozhang/Project/miro-clone/node_modules/@testing-library/react/dist/act-compat.js:47:25
            at renderRoot (/Users/shuhaozhang/Project/miro-clone/node_modules/@testing-library/react/dist/pure.js:180:26)
            at render (/Users/shuhaozhang/Project/miro-clone/node_modules/@testing-library/react/dist/pure.js:271:10)
            at Object.<anonymous> (/Users/shuhaozhang/Project/miro-clone/src/__tests__/canvas-fullscreen.test.tsx:237:35)
            at Promise.then.completed (/Users/shuhaozhang/Project/miro-clone/node_modules/jest-circus/build/utils.js:298:28)
            at new Promise (<anonymous>)
            at callAsyncCircusFn (/Users/shuhaozhang/Project/miro-clone/node_modules/jest-circus/build/utils.js:231:10)
            at _callCircusTest (/Users/shuhaozhang/Project/miro-clone/node_modules/jest-circus/build/run.js:316:40)
            at processTicksAndRejections (node:internal/process/task_queues:105:5)
            at _runTest (/Users/shuhaozhang/Project/miro-clone/node_modules/jest-circus/build/run.js:252:3)
            at _runTestsForDescribeBlock (/Users/shuhaozhang/Project/miro-clone/node_modules/jest-circus/build/run.js:126:9)
            at _runTestsForDescribeBlock (/Users/shuhaozhang/Project/miro-clone/node_modules/jest-circus/build/run.js:121:9)
            at _runTestsForDescribeBlock (/Users/shuhaozhang/Project/miro-clone/node_modules/jest-circus/build/run.js:121:9)
            at run (/Users/shuhaozhang/Project/miro-clone/node_modules/jest-circus/build/run.js:71:3)
            at runAndTransformResultsToJestFormat (/Users/shuhaozhang/Project/miro-clone/node_modules/jest-circus/build/legacy-code-todo-rewrite/jestAdapterInit.js:122:21)
            at jestAdapter (/Users/shuhaozhang/Project/miro-clone/node_modules/jest-circus/build/legacy-code-todo-rewrite/jestAdapter.js:79:19)
            at runTestInternal (/Users/shuhaozhang/Project/miro-clone/node_modules/jest-runner/build/runTest.js:367:16)
            at runTest (/Users/shuhaozhang/Project/miro-clone/node_modules/jest-runner/build/runTest.js:444:34)
            at Object.worker (/Users/shuhaozhang/Project/miro-clone/node_modules/jest-runner/build/testWorker.js:106:12),
        type: 'unhandled exception'
      }

      235 |   describe('Performance Optimizations', () => {
      236 |     it('should have will-change transform for smooth rendering', () => {
    > 237 |       const { container } = render(<Whiteboard boardId="test-board" />)
          |                                   ^
      238 |       const canvasContainer = container.querySelector('.canvas-container')
      239 |       
      240 |       const styles = window.getComputedStyle(canvasContainer!)

      at VirtualConsole.<anonymous> (node_modules/jest-environment-jsdom/build/index.js:63:23)
      at Object.invokeGuardedCallbackDev (node_modules/react-dom/cjs/react-dom.development.js:4213:16)
      at invokeGuardedCallback (node_modules/react-dom/cjs/react-dom.development.js:4277:31)
      at beginWork$1 (node_modules/react-dom/cjs/react-dom.development.js:27490:7)
      at performUnitOfWork (node_modules/react-dom/cjs/react-dom.development.js:26599:12)
      at workLoopSync (node_modules/react-dom/cjs/react-dom.development.js:26505:5)
      at renderRootSync (node_modules/react-dom/cjs/react-dom.development.js:26473:7)
      at recoverFromConcurrentError (node_modules/react-dom/cjs/react-dom.development.js:25889:20)
      at performConcurrentWorkOnRoot (node_modules/react-dom/cjs/react-dom.development.js:25789:22)
      at flushActQueue (node_modules/react/cjs/react.development.js:2667:24)
      at act (node_modules/react/cjs/react.development.js:2582:11)
      at node_modules/@testing-library/react/dist/act-compat.js:47:25
      at renderRoot (node_modules/@testing-library/react/dist/pure.js:180:26)
      at render (node_modules/@testing-library/react/dist/pure.js:271:10)
      at Object.<anonymous> (src/__tests__/canvas-fullscreen.test.tsx:237:35)

    console.error
      The above error occurred in the <CollaborationPanel> component:
      
          at CollaborationPanel (/Users/shuhaozhang/Project/miro-clone/src/components/CollaborationPanel.tsx:14:47)
          at div
          at div
          at boardId (/Users/shuhaozhang/Project/miro-clone/src/components/Whiteboard.tsx:19:57)
      
      Consider adding an error boundary to your tree to customize error handling behavior.
      Visit https://reactjs.org/link/error-boundaries to learn more about error boundaries.

      235 |   describe('Performance Optimizations', () => {
      236 |     it('should have will-change transform for smooth rendering', () => {
    > 237 |       const { container } = render(<Whiteboard boardId="test-board" />)
          |                                   ^
      238 |       const canvasContainer = container.querySelector('.canvas-container')
      239 |       
      240 |       const styles = window.getComputedStyle(canvasContainer!)

      at logCapturedError (node_modules/react-dom/cjs/react-dom.development.js:18704:23)
      at update.callback (node_modules/react-dom/cjs/react-dom.development.js:18737:5)
      at callCallback (node_modules/react-dom/cjs/react-dom.development.js:15036:12)
      at commitUpdateQueue (node_modules/react-dom/cjs/react-dom.development.js:15057:9)
      at commitLayoutEffectOnFiber (node_modules/react-dom/cjs/react-dom.development.js:23430:13)
      at commitLayoutMountEffects_complete (node_modules/react-dom/cjs/react-dom.development.js:24727:9)
      at commitLayoutEffects_begin (node_modules/react-dom/cjs/react-dom.development.js:24713:7)
      at commitLayoutEffects (node_modules/react-dom/cjs/react-dom.development.js:24651:3)
      at commitRootImpl (node_modules/react-dom/cjs/react-dom.development.js:26862:5)
      at commitRoot (node_modules/react-dom/cjs/react-dom.development.js:26721:5)
      at finishConcurrentRender (node_modules/react-dom/cjs/react-dom.development.js:25931:9)
      at performConcurrentWorkOnRoot (node_modules/react-dom/cjs/react-dom.development.js:25848:7)
      at flushActQueue (node_modules/react/cjs/react.development.js:2667:24)
      at act (node_modules/react/cjs/react.development.js:2582:11)
      at node_modules/@testing-library/react/dist/act-compat.js:47:25
      at renderRoot (node_modules/@testing-library/react/dist/pure.js:180:26)
      at render (node_modules/@testing-library/react/dist/pure.js:271:10)
      at Object.<anonymous> (src/__tests__/canvas-fullscreen.test.tsx:237:35)

    console.error
      Error: Uncaught [TypeError: Cannot read properties of undefined (reading 'values')]
          at Object.<anonymous> (src/__tests__/canvas-fullscreen.test.tsx:245:13)
          at new Promise (<anonymous>) {
        detail: TypeError: Cannot read properties of undefined (reading 'values')
            at values (/Users/shuhaozhang/Project/miro-clone/src/components/CollaborationPanel.tsx:16:54)
            at renderWithHooks (/Users/shuhaozhang/Project/miro-clone/node_modules/react-dom/cjs/react-dom.development.js:15486:18)
            at mountIndeterminateComponent (/Users/shuhaozhang/Project/miro-clone/node_modules/react-dom/cjs/react-dom.development.js:20103:13)
            at beginWork (/Users/shuhaozhang/Project/miro-clone/node_modules/react-dom/cjs/react-dom.development.js:21626:16)
            at HTMLUnknownElement.callCallback (/Users/shuhaozhang/Project/miro-clone/node_modules/react-dom/cjs/react-dom.development.js:4164:14)
            at HTMLUnknownElement.callTheUserObjectsOperation (/Users/shuhaozhang/Project/miro-clone/node_modules/jest-environment-jsdom/node_modules/jsdom/lib/jsdom/living/generated/EventListener.js:26:30)
            at innerInvokeEventListeners (/Users/shuhaozhang/Project/miro-clone/node_modules/jest-environment-jsdom/node_modules/jsdom/lib/jsdom/living/events/EventTarget-impl.js:350:25)
            at invokeEventListeners (/Users/shuhaozhang/Project/miro-clone/node_modules/jest-environment-jsdom/node_modules/jsdom/lib/jsdom/living/events/EventTarget-impl.js:286:3)
            at HTMLUnknownElementImpl._dispatch (/Users/shuhaozhang/Project/miro-clone/node_modules/jest-environment-jsdom/node_modules/jsdom/lib/jsdom/living/events/EventTarget-impl.js:233:9)
            at HTMLUnknownElementImpl.dispatchEvent (/Users/shuhaozhang/Project/miro-clone/node_modules/jest-environment-jsdom/node_modules/jsdom/lib/jsdom/living/events/EventTarget-impl.js:104:17)
            at HTMLUnknownElement.dispatchEvent (/Users/shuhaozhang/Project/miro-clone/node_modules/jest-environment-jsdom/node_modules/jsdom/lib/jsdom/living/generated/EventTarget.js:241:34)
            at Object.invokeGuardedCallbackDev (/Users/shuhaozhang/Project/miro-clone/node_modules/react-dom/cjs/react-dom.development.js:4213:16)
            at invokeGuardedCallback (/Users/shuhaozhang/Project/miro-clone/node_modules/react-dom/cjs/react-dom.development.js:4277:31)
            at beginWork$1 (/Users/shuhaozhang/Project/miro-clone/node_modules/react-dom/cjs/react-dom.development.js:27490:7)
            at performUnitOfWork (/Users/shuhaozhang/Project/miro-clone/node_modules/react-dom/cjs/react-dom.development.js:26599:12)
            at workLoopSync (/Users/shuhaozhang/Project/miro-clone/node_modules/react-dom/cjs/react-dom.development.js:26505:5)
            at renderRootSync (/Users/shuhaozhang/Project/miro-clone/node_modules/react-dom/cjs/react-dom.development.js:26473:7)
            at performConcurrentWorkOnRoot (/Users/shuhaozhang/Project/miro-clone/node_modules/react-dom/cjs/react-dom.development.js:25777:74)
            at flushActQueue (/Users/shuhaozhang/Project/miro-clone/node_modules/react/cjs/react.development.js:2667:24)
            at act (/Users/shuhaozhang/Project/miro-clone/node_modules/react/cjs/react.development.js:2582:11)
            at /Users/shuhaozhang/Project/miro-clone/node_modules/@testing-library/react/dist/act-compat.js:47:25
            at renderRoot (/Users/shuhaozhang/Project/miro-clone/node_modules/@testing-library/react/dist/pure.js:180:26)
            at render (/Users/shuhaozhang/Project/miro-clone/node_modules/@testing-library/react/dist/pure.js:271:10)
            at Object.<anonymous> (/Users/shuhaozhang/Project/miro-clone/src/__tests__/canvas-fullscreen.test.tsx:245:13)
            at Promise.then.completed (/Users/shuhaozhang/Project/miro-clone/node_modules/jest-circus/build/utils.js:298:28)
            at new Promise (<anonymous>)
            at callAsyncCircusFn (/Users/shuhaozhang/Project/miro-clone/node_modules/jest-circus/build/utils.js:231:10)
            at _callCircusTest (/Users/shuhaozhang/Project/miro-clone/node_modules/jest-circus/build/run.js:316:40)
            at processTicksAndRejections (node:internal/process/task_queues:105:5)
            at _runTest (/Users/shuhaozhang/Project/miro-clone/node_modules/jest-circus/build/run.js:252:3)
            at _runTestsForDescribeBlock (/Users/shuhaozhang/Project/miro-clone/node_modules/jest-circus/build/run.js:126:9)
            at _runTestsForDescribeBlock (/Users/shuhaozhang/Project/miro-clone/node_modules/jest-circus/build/run.js:121:9)
            at _runTestsForDescribeBlock (/Users/shuhaozhang/Project/miro-clone/node_modules/jest-circus/build/run.js:121:9)
            at run (/Users/shuhaozhang/Project/miro-clone/node_modules/jest-circus/build/run.js:71:3)
            at runAndTransformResultsToJestFormat (/Users/shuhaozhang/Project/miro-clone/node_modules/jest-circus/build/legacy-code-todo-rewrite/jestAdapterInit.js:122:21)
            at jestAdapter (/Users/shuhaozhang/Project/miro-clone/node_modules/jest-circus/build/legacy-code-todo-rewrite/jestAdapter.js:79:19)
            at runTestInternal (/Users/shuhaozhang/Project/miro-clone/node_modules/jest-runner/build/runTest.js:367:16)
            at runTest (/Users/shuhaozhang/Project/miro-clone/node_modules/jest-runner/build/runTest.js:444:34)
            at Object.worker (/Users/shuhaozhang/Project/miro-clone/node_modules/jest-runner/build/testWorker.js:106:12),
        type: 'unhandled exception'
      }

      243 |
      244 |     it('should setup smooth rendering on initialization', async () => {
    > 245 |       render(<Whiteboard boardId="test-board" />)
          |             ^
      246 |       
      247 |       await waitFor(() => {
      248 |         expect(mockCanvasEngine.setupSmoothRendering).toBeDefined()

      at VirtualConsole.<anonymous> (node_modules/jest-environment-jsdom/build/index.js:63:23)
      at Object.invokeGuardedCallbackDev (node_modules/react-dom/cjs/react-dom.development.js:4213:16)
      at invokeGuardedCallback (node_modules/react-dom/cjs/react-dom.development.js:4277:31)
      at beginWork$1 (node_modules/react-dom/cjs/react-dom.development.js:27490:7)
      at performUnitOfWork (node_modules/react-dom/cjs/react-dom.development.js:26599:12)
      at workLoopSync (node_modules/react-dom/cjs/react-dom.development.js:26505:5)
      at renderRootSync (node_modules/react-dom/cjs/react-dom.development.js:26473:7)
      at performConcurrentWorkOnRoot (node_modules/react-dom/cjs/react-dom.development.js:25777:74)
      at flushActQueue (node_modules/react/cjs/react.development.js:2667:24)
      at act (node_modules/react/cjs/react.development.js:2582:11)
      at node_modules/@testing-library/react/dist/act-compat.js:47:25
      at renderRoot (node_modules/@testing-library/react/dist/pure.js:180:26)
      at render (node_modules/@testing-library/react/dist/pure.js:271:10)
      at Object.<anonymous> (src/__tests__/canvas-fullscreen.test.tsx:245:13)

    console.error
      Error: Uncaught [TypeError: Cannot read properties of undefined (reading 'values')]
          at Object.<anonymous> (src/__tests__/canvas-fullscreen.test.tsx:245:13)
          at new Promise (<anonymous>) {
        detail: TypeError: Cannot read properties of undefined (reading 'values')
            at values (/Users/shuhaozhang/Project/miro-clone/src/components/CollaborationPanel.tsx:16:54)
            at renderWithHooks (/Users/shuhaozhang/Project/miro-clone/node_modules/react-dom/cjs/react-dom.development.js:15486:18)
            at mountIndeterminateComponent (/Users/shuhaozhang/Project/miro-clone/node_modules/react-dom/cjs/react-dom.development.js:20103:13)
            at beginWork (/Users/shuhaozhang/Project/miro-clone/node_modules/react-dom/cjs/react-dom.development.js:21626:16)
            at HTMLUnknownElement.callCallback (/Users/shuhaozhang/Project/miro-clone/node_modules/react-dom/cjs/react-dom.development.js:4164:14)
            at HTMLUnknownElement.callTheUserObjectsOperation (/Users/shuhaozhang/Project/miro-clone/node_modules/jest-environment-jsdom/node_modules/jsdom/lib/jsdom/living/generated/EventListener.js:26:30)
            at innerInvokeEventListeners (/Users/shuhaozhang/Project/miro-clone/node_modules/jest-environment-jsdom/node_modules/jsdom/lib/jsdom/living/events/EventTarget-impl.js:350:25)
            at invokeEventListeners (/Users/shuhaozhang/Project/miro-clone/node_modules/jest-environment-jsdom/node_modules/jsdom/lib/jsdom/living/events/EventTarget-impl.js:286:3)
            at HTMLUnknownElementImpl._dispatch (/Users/shuhaozhang/Project/miro-clone/node_modules/jest-environment-jsdom/node_modules/jsdom/lib/jsdom/living/events/EventTarget-impl.js:233:9)
            at HTMLUnknownElementImpl.dispatchEvent (/Users/shuhaozhang/Project/miro-clone/node_modules/jest-environment-jsdom/node_modules/jsdom/lib/jsdom/living/events/EventTarget-impl.js:104:17)
            at HTMLUnknownElement.dispatchEvent (/Users/shuhaozhang/Project/miro-clone/node_modules/jest-environment-jsdom/node_modules/jsdom/lib/jsdom/living/generated/EventTarget.js:241:34)
            at Object.invokeGuardedCallbackDev (/Users/shuhaozhang/Project/miro-clone/node_modules/react-dom/cjs/react-dom.development.js:4213:16)
            at invokeGuardedCallback (/Users/shuhaozhang/Project/miro-clone/node_modules/react-dom/cjs/react-dom.development.js:4277:31)
            at beginWork$1 (/Users/shuhaozhang/Project/miro-clone/node_modules/react-dom/cjs/react-dom.development.js:27490:7)
            at performUnitOfWork (/Users/shuhaozhang/Project/miro-clone/node_modules/react-dom/cjs/react-dom.development.js:26599:12)
            at workLoopSync (/Users/shuhaozhang/Project/miro-clone/node_modules/react-dom/cjs/react-dom.development.js:26505:5)
            at renderRootSync (/Users/shuhaozhang/Project/miro-clone/node_modules/react-dom/cjs/react-dom.development.js:26473:7)
            at recoverFromConcurrentError (/Users/shuhaozhang/Project/miro-clone/node_modules/react-dom/cjs/react-dom.development.js:25889:20)
            at performConcurrentWorkOnRoot (/Users/shuhaozhang/Project/miro-clone/node_modules/react-dom/cjs/react-dom.development.js:25789:22)
            at flushActQueue (/Users/shuhaozhang/Project/miro-clone/node_modules/react/cjs/react.development.js:2667:24)
            at act (/Users/shuhaozhang/Project/miro-clone/node_modules/react/cjs/react.development.js:2582:11)
            at /Users/shuhaozhang/Project/miro-clone/node_modules/@testing-library/react/dist/act-compat.js:47:25
            at renderRoot (/Users/shuhaozhang/Project/miro-clone/node_modules/@testing-library/react/dist/pure.js:180:26)
            at render (/Users/shuhaozhang/Project/miro-clone/node_modules/@testing-library/react/dist/pure.js:271:10)
            at Object.<anonymous> (/Users/shuhaozhang/Project/miro-clone/src/__tests__/canvas-fullscreen.test.tsx:245:13)
            at Promise.then.completed (/Users/shuhaozhang/Project/miro-clone/node_modules/jest-circus/build/utils.js:298:28)
            at new Promise (<anonymous>)
            at callAsyncCircusFn (/Users/shuhaozhang/Project/miro-clone/node_modules/jest-circus/build/utils.js:231:10)
            at _callCircusTest (/Users/shuhaozhang/Project/miro-clone/node_modules/jest-circus/build/run.js:316:40)
            at processTicksAndRejections (node:internal/process/task_queues:105:5)
            at _runTest (/Users/shuhaozhang/Project/miro-clone/node_modules/jest-circus/build/run.js:252:3)
            at _runTestsForDescribeBlock (/Users/shuhaozhang/Project/miro-clone/node_modules/jest-circus/build/run.js:126:9)
            at _runTestsForDescribeBlock (/Users/shuhaozhang/Project/miro-clone/node_modules/jest-circus/build/run.js:121:9)
            at _runTestsForDescribeBlock (/Users/shuhaozhang/Project/miro-clone/node_modules/jest-circus/build/run.js:121:9)
            at run (/Users/shuhaozhang/Project/miro-clone/node_modules/jest-circus/build/run.js:71:3)
            at runAndTransformResultsToJestFormat (/Users/shuhaozhang/Project/miro-clone/node_modules/jest-circus/build/legacy-code-todo-rewrite/jestAdapterInit.js:122:21)
            at jestAdapter (/Users/shuhaozhang/Project/miro-clone/node_modules/jest-circus/build/legacy-code-todo-rewrite/jestAdapter.js:79:19)
            at runTestInternal (/Users/shuhaozhang/Project/miro-clone/node_modules/jest-runner/build/runTest.js:367:16)
            at runTest (/Users/shuhaozhang/Project/miro-clone/node_modules/jest-runner/build/runTest.js:444:34)
            at Object.worker (/Users/shuhaozhang/Project/miro-clone/node_modules/jest-runner/build/testWorker.js:106:12),
        type: 'unhandled exception'
      }

      243 |
      244 |     it('should setup smooth rendering on initialization', async () => {
    > 245 |       render(<Whiteboard boardId="test-board" />)
          |             ^
      246 |       
      247 |       await waitFor(() => {
      248 |         expect(mockCanvasEngine.setupSmoothRendering).toBeDefined()

      at VirtualConsole.<anonymous> (node_modules/jest-environment-jsdom/build/index.js:63:23)
      at Object.invokeGuardedCallbackDev (node_modules/react-dom/cjs/react-dom.development.js:4213:16)
      at invokeGuardedCallback (node_modules/react-dom/cjs/react-dom.development.js:4277:31)
      at beginWork$1 (node_modules/react-dom/cjs/react-dom.development.js:27490:7)
      at performUnitOfWork (node_modules/react-dom/cjs/react-dom.development.js:26599:12)
      at workLoopSync (node_modules/react-dom/cjs/react-dom.development.js:26505:5)
      at renderRootSync (node_modules/react-dom/cjs/react-dom.development.js:26473:7)
      at recoverFromConcurrentError (node_modules/react-dom/cjs/react-dom.development.js:25889:20)
      at performConcurrentWorkOnRoot (node_modules/react-dom/cjs/react-dom.development.js:25789:22)
      at flushActQueue (node_modules/react/cjs/react.development.js:2667:24)
      at act (node_modules/react/cjs/react.development.js:2582:11)
      at node_modules/@testing-library/react/dist/act-compat.js:47:25
      at renderRoot (node_modules/@testing-library/react/dist/pure.js:180:26)
      at render (node_modules/@testing-library/react/dist/pure.js:271:10)
      at Object.<anonymous> (src/__tests__/canvas-fullscreen.test.tsx:245:13)

    console.error
      The above error occurred in the <CollaborationPanel> component:
      
          at CollaborationPanel (/Users/shuhaozhang/Project/miro-clone/src/components/CollaborationPanel.tsx:14:47)
          at div
          at div
          at boardId (/Users/shuhaozhang/Project/miro-clone/src/components/Whiteboard.tsx:19:57)
      
      Consider adding an error boundary to your tree to customize error handling behavior.
      Visit https://reactjs.org/link/error-boundaries to learn more about error boundaries.

      243 |
      244 |     it('should setup smooth rendering on initialization', async () => {
    > 245 |       render(<Whiteboard boardId="test-board" />)
          |             ^
      246 |       
      247 |       await waitFor(() => {
      248 |         expect(mockCanvasEngine.setupSmoothRendering).toBeDefined()

      at logCapturedError (node_modules/react-dom/cjs/react-dom.development.js:18704:23)
      at update.callback (node_modules/react-dom/cjs/react-dom.development.js:18737:5)
      at callCallback (node_modules/react-dom/cjs/react-dom.development.js:15036:12)
      at commitUpdateQueue (node_modules/react-dom/cjs/react-dom.development.js:15057:9)
      at commitLayoutEffectOnFiber (node_modules/react-dom/cjs/react-dom.development.js:23430:13)
      at commitLayoutMountEffects_complete (node_modules/react-dom/cjs/react-dom.development.js:24727:9)
      at commitLayoutEffects_begin (node_modules/react-dom/cjs/react-dom.development.js:24713:7)
      at commitLayoutEffects (node_modules/react-dom/cjs/react-dom.development.js:24651:3)
      at commitRootImpl (node_modules/react-dom/cjs/react-dom.development.js:26862:5)
      at commitRoot (node_modules/react-dom/cjs/react-dom.development.js:26721:5)
      at finishConcurrentRender (node_modules/react-dom/cjs/react-dom.development.js:25931:9)
      at performConcurrentWorkOnRoot (node_modules/react-dom/cjs/react-dom.development.js:25848:7)
      at flushActQueue (node_modules/react/cjs/react.development.js:2667:24)
      at act (node_modules/react/cjs/react.development.js:2582:11)
      at node_modules/@testing-library/react/dist/act-compat.js:47:25
      at renderRoot (node_modules/@testing-library/react/dist/pure.js:180:26)
      at render (node_modules/@testing-library/react/dist/pure.js:271:10)
      at Object.<anonymous> (src/__tests__/canvas-fullscreen.test.tsx:245:13)

    console.error
      Error: Uncaught [TypeError: Cannot read properties of undefined (reading 'values')]
          at Object.<anonymous> (src/__tests__/canvas-fullscreen.test.tsx:255:35)
          at new Promise (<anonymous>) {
        detail: TypeError: Cannot read properties of undefined (reading 'values')
            at values (/Users/shuhaozhang/Project/miro-clone/src/components/CollaborationPanel.tsx:16:54)
            at renderWithHooks (/Users/shuhaozhang/Project/miro-clone/node_modules/react-dom/cjs/react-dom.development.js:15486:18)
            at mountIndeterminateComponent (/Users/shuhaozhang/Project/miro-clone/node_modules/react-dom/cjs/react-dom.development.js:20103:13)
            at beginWork (/Users/shuhaozhang/Project/miro-clone/node_modules/react-dom/cjs/react-dom.development.js:21626:16)
            at HTMLUnknownElement.callCallback (/Users/shuhaozhang/Project/miro-clone/node_modules/react-dom/cjs/react-dom.development.js:4164:14)
            at HTMLUnknownElement.callTheUserObjectsOperation (/Users/shuhaozhang/Project/miro-clone/node_modules/jest-environment-jsdom/node_modules/jsdom/lib/jsdom/living/generated/EventListener.js:26:30)
            at innerInvokeEventListeners (/Users/shuhaozhang/Project/miro-clone/node_modules/jest-environment-jsdom/node_modules/jsdom/lib/jsdom/living/events/EventTarget-impl.js:350:25)
            at invokeEventListeners (/Users/shuhaozhang/Project/miro-clone/node_modules/jest-environment-jsdom/node_modules/jsdom/lib/jsdom/living/events/EventTarget-impl.js:286:3)
            at HTMLUnknownElementImpl._dispatch (/Users/shuhaozhang/Project/miro-clone/node_modules/jest-environment-jsdom/node_modules/jsdom/lib/jsdom/living/events/EventTarget-impl.js:233:9)
            at HTMLUnknownElementImpl.dispatchEvent (/Users/shuhaozhang/Project/miro-clone/node_modules/jest-environment-jsdom/node_modules/jsdom/lib/jsdom/living/events/EventTarget-impl.js:104:17)
            at HTMLUnknownElement.dispatchEvent (/Users/shuhaozhang/Project/miro-clone/node_modules/jest-environment-jsdom/node_modules/jsdom/lib/jsdom/living/generated/EventTarget.js:241:34)
            at Object.invokeGuardedCallbackDev (/Users/shuhaozhang/Project/miro-clone/node_modules/react-dom/cjs/react-dom.development.js:4213:16)
            at invokeGuardedCallback (/Users/shuhaozhang/Project/miro-clone/node_modules/react-dom/cjs/react-dom.development.js:4277:31)
            at beginWork$1 (/Users/shuhaozhang/Project/miro-clone/node_modules/react-dom/cjs/react-dom.development.js:27490:7)
            at performUnitOfWork (/Users/shuhaozhang/Project/miro-clone/node_modules/react-dom/cjs/react-dom.development.js:26599:12)
            at workLoopSync (/Users/shuhaozhang/Project/miro-clone/node_modules/react-dom/cjs/react-dom.development.js:26505:5)
            at renderRootSync (/Users/shuhaozhang/Project/miro-clone/node_modules/react-dom/cjs/react-dom.development.js:26473:7)
            at performConcurrentWorkOnRoot (/Users/shuhaozhang/Project/miro-clone/node_modules/react-dom/cjs/react-dom.development.js:25777:74)
            at flushActQueue (/Users/shuhaozhang/Project/miro-clone/node_modules/react/cjs/react.development.js:2667:24)
            at act (/Users/shuhaozhang/Project/miro-clone/node_modules/react/cjs/react.development.js:2582:11)
            at /Users/shuhaozhang/Project/miro-clone/node_modules/@testing-library/react/dist/act-compat.js:47:25
            at renderRoot (/Users/shuhaozhang/Project/miro-clone/node_modules/@testing-library/react/dist/pure.js:180:26)
            at render (/Users/shuhaozhang/Project/miro-clone/node_modules/@testing-library/react/dist/pure.js:271:10)
            at Object.<anonymous> (/Users/shuhaozhang/Project/miro-clone/src/__tests__/canvas-fullscreen.test.tsx:255:35)
            at Promise.then.completed (/Users/shuhaozhang/Project/miro-clone/node_modules/jest-circus/build/utils.js:298:28)
            at new Promise (<anonymous>)
            at callAsyncCircusFn (/Users/shuhaozhang/Project/miro-clone/node_modules/jest-circus/build/utils.js:231:10)
            at _callCircusTest (/Users/shuhaozhang/Project/miro-clone/node_modules/jest-circus/build/run.js:316:40)
            at processTicksAndRejections (node:internal/process/task_queues:105:5)
            at _runTest (/Users/shuhaozhang/Project/miro-clone/node_modules/jest-circus/build/run.js:252:3)
            at _runTestsForDescribeBlock (/Users/shuhaozhang/Project/miro-clone/node_modules/jest-circus/build/run.js:126:9)
            at _runTestsForDescribeBlock (/Users/shuhaozhang/Project/miro-clone/node_modules/jest-circus/build/run.js:121:9)
            at _runTestsForDescribeBlock (/Users/shuhaozhang/Project/miro-clone/node_modules/jest-circus/build/run.js:121:9)
            at run (/Users/shuhaozhang/Project/miro-clone/node_modules/jest-circus/build/run.js:71:3)
            at runAndTransformResultsToJestFormat (/Users/shuhaozhang/Project/miro-clone/node_modules/jest-circus/build/legacy-code-todo-rewrite/jestAdapterInit.js:122:21)
            at jestAdapter (/Users/shuhaozhang/Project/miro-clone/node_modules/jest-circus/build/legacy-code-todo-rewrite/jestAdapter.js:79:19)
            at runTestInternal (/Users/shuhaozhang/Project/miro-clone/node_modules/jest-runner/build/runTest.js:367:16)
            at runTest (/Users/shuhaozhang/Project/miro-clone/node_modules/jest-runner/build/runTest.js:444:34)
            at Object.worker (/Users/shuhaozhang/Project/miro-clone/node_modules/jest-runner/build/testWorker.js:106:12),
        type: 'unhandled exception'
      }

      253 |   describe('Integration with UI Elements', () => {
      254 |     it('should position canvas below UI overlays', () => {
    > 255 |       const { container } = render(<Whiteboard boardId="test-board" />)
          |                                   ^
      256 |       const canvasContainer = container.querySelector('.canvas-container')
      257 |       
      258 |       const styles = window.getComputedStyle(canvasContainer!)

      at VirtualConsole.<anonymous> (node_modules/jest-environment-jsdom/build/index.js:63:23)
      at Object.invokeGuardedCallbackDev (node_modules/react-dom/cjs/react-dom.development.js:4213:16)
      at invokeGuardedCallback (node_modules/react-dom/cjs/react-dom.development.js:4277:31)
      at beginWork$1 (node_modules/react-dom/cjs/react-dom.development.js:27490:7)
      at performUnitOfWork (node_modules/react-dom/cjs/react-dom.development.js:26599:12)
      at workLoopSync (node_modules/react-dom/cjs/react-dom.development.js:26505:5)
      at renderRootSync (node_modules/react-dom/cjs/react-dom.development.js:26473:7)
      at performConcurrentWorkOnRoot (node_modules/react-dom/cjs/react-dom.development.js:25777:74)
      at flushActQueue (node_modules/react/cjs/react.development.js:2667:24)
      at act (node_modules/react/cjs/react.development.js:2582:11)
      at node_modules/@testing-library/react/dist/act-compat.js:47:25
      at renderRoot (node_modules/@testing-library/react/dist/pure.js:180:26)
      at render (node_modules/@testing-library/react/dist/pure.js:271:10)
      at Object.<anonymous> (src/__tests__/canvas-fullscreen.test.tsx:255:35)

    console.error
      Error: Uncaught [TypeError: Cannot read properties of undefined (reading 'values')]
          at Object.<anonymous> (src/__tests__/canvas-fullscreen.test.tsx:255:35)
          at new Promise (<anonymous>) {
        detail: TypeError: Cannot read properties of undefined (reading 'values')
            at values (/Users/shuhaozhang/Project/miro-clone/src/components/CollaborationPanel.tsx:16:54)
            at renderWithHooks (/Users/shuhaozhang/Project/miro-clone/node_modules/react-dom/cjs/react-dom.development.js:15486:18)
            at mountIndeterminateComponent (/Users/shuhaozhang/Project/miro-clone/node_modules/react-dom/cjs/react-dom.development.js:20103:13)
            at beginWork (/Users/shuhaozhang/Project/miro-clone/node_modules/react-dom/cjs/react-dom.development.js:21626:16)
            at HTMLUnknownElement.callCallback (/Users/shuhaozhang/Project/miro-clone/node_modules/react-dom/cjs/react-dom.development.js:4164:14)
            at HTMLUnknownElement.callTheUserObjectsOperation (/Users/shuhaozhang/Project/miro-clone/node_modules/jest-environment-jsdom/node_modules/jsdom/lib/jsdom/living/generated/EventListener.js:26:30)
            at innerInvokeEventListeners (/Users/shuhaozhang/Project/miro-clone/node_modules/jest-environment-jsdom/node_modules/jsdom/lib/jsdom/living/events/EventTarget-impl.js:350:25)
            at invokeEventListeners (/Users/shuhaozhang/Project/miro-clone/node_modules/jest-environment-jsdom/node_modules/jsdom/lib/jsdom/living/events/EventTarget-impl.js:286:3)
            at HTMLUnknownElementImpl._dispatch (/Users/shuhaozhang/Project/miro-clone/node_modules/jest-environment-jsdom/node_modules/jsdom/lib/jsdom/living/events/EventTarget-impl.js:233:9)
            at HTMLUnknownElementImpl.dispatchEvent (/Users/shuhaozhang/Project/miro-clone/node_modules/jest-environment-jsdom/node_modules/jsdom/lib/jsdom/living/events/EventTarget-impl.js:104:17)
            at HTMLUnknownElement.dispatchEvent (/Users/shuhaozhang/Project/miro-clone/node_modules/jest-environment-jsdom/node_modules/jsdom/lib/jsdom/living/generated/EventTarget.js:241:34)
            at Object.invokeGuardedCallbackDev (/Users/shuhaozhang/Project/miro-clone/node_modules/react-dom/cjs/react-dom.development.js:4213:16)
            at invokeGuardedCallback (/Users/shuhaozhang/Project/miro-clone/node_modules/react-dom/cjs/react-dom.development.js:4277:31)
            at beginWork$1 (/Users/shuhaozhang/Project/miro-clone/node_modules/react-dom/cjs/react-dom.development.js:27490:7)
            at performUnitOfWork (/Users/shuhaozhang/Project/miro-clone/node_modules/react-dom/cjs/react-dom.development.js:26599:12)
            at workLoopSync (/Users/shuhaozhang/Project/miro-clone/node_modules/react-dom/cjs/react-dom.development.js:26505:5)
            at renderRootSync (/Users/shuhaozhang/Project/miro-clone/node_modules/react-dom/cjs/react-dom.development.js:26473:7)
            at recoverFromConcurrentError (/Users/shuhaozhang/Project/miro-clone/node_modules/react-dom/cjs/react-dom.development.js:25889:20)
            at performConcurrentWorkOnRoot (/Users/shuhaozhang/Project/miro-clone/node_modules/react-dom/cjs/react-dom.development.js:25789:22)
            at flushActQueue (/Users/shuhaozhang/Project/miro-clone/node_modules/react/cjs/react.development.js:2667:24)
            at act (/Users/shuhaozhang/Project/miro-clone/node_modules/react/cjs/react.development.js:2582:11)
            at /Users/shuhaozhang/Project/miro-clone/node_modules/@testing-library/react/dist/act-compat.js:47:25
            at renderRoot (/Users/shuhaozhang/Project/miro-clone/node_modules/@testing-library/react/dist/pure.js:180:26)
            at render (/Users/shuhaozhang/Project/miro-clone/node_modules/@testing-library/react/dist/pure.js:271:10)
            at Object.<anonymous> (/Users/shuhaozhang/Project/miro-clone/src/__tests__/canvas-fullscreen.test.tsx:255:35)
            at Promise.then.completed (/Users/shuhaozhang/Project/miro-clone/node_modules/jest-circus/build/utils.js:298:28)
            at new Promise (<anonymous>)
            at callAsyncCircusFn (/Users/shuhaozhang/Project/miro-clone/node_modules/jest-circus/build/utils.js:231:10)
            at _callCircusTest (/Users/shuhaozhang/Project/miro-clone/node_modules/jest-circus/build/run.js:316:40)
            at processTicksAndRejections (node:internal/process/task_queues:105:5)
            at _runTest (/Users/shuhaozhang/Project/miro-clone/node_modules/jest-circus/build/run.js:252:3)
            at _runTestsForDescribeBlock (/Users/shuhaozhang/Project/miro-clone/node_modules/jest-circus/build/run.js:126:9)
            at _runTestsForDescribeBlock (/Users/shuhaozhang/Project/miro-clone/node_modules/jest-circus/build/run.js:121:9)
            at _runTestsForDescribeBlock (/Users/shuhaozhang/Project/miro-clone/node_modules/jest-circus/build/run.js:121:9)
            at run (/Users/shuhaozhang/Project/miro-clone/node_modules/jest-circus/build/run.js:71:3)
            at runAndTransformResultsToJestFormat (/Users/shuhaozhang/Project/miro-clone/node_modules/jest-circus/build/legacy-code-todo-rewrite/jestAdapterInit.js:122:21)
            at jestAdapter (/Users/shuhaozhang/Project/miro-clone/node_modules/jest-circus/build/legacy-code-todo-rewrite/jestAdapter.js:79:19)
            at runTestInternal (/Users/shuhaozhang/Project/miro-clone/node_modules/jest-runner/build/runTest.js:367:16)
            at runTest (/Users/shuhaozhang/Project/miro-clone/node_modules/jest-runner/build/runTest.js:444:34)
            at Object.worker (/Users/shuhaozhang/Project/miro-clone/node_modules/jest-runner/build/testWorker.js:106:12),
        type: 'unhandled exception'
      }

      253 |   describe('Integration with UI Elements', () => {
      254 |     it('should position canvas below UI overlays', () => {
    > 255 |       const { container } = render(<Whiteboard boardId="test-board" />)
          |                                   ^
      256 |       const canvasContainer = container.querySelector('.canvas-container')
      257 |       
      258 |       const styles = window.getComputedStyle(canvasContainer!)

      at VirtualConsole.<anonymous> (node_modules/jest-environment-jsdom/build/index.js:63:23)
      at Object.invokeGuardedCallbackDev (node_modules/react-dom/cjs/react-dom.development.js:4213:16)
      at invokeGuardedCallback (node_modules/react-dom/cjs/react-dom.development.js:4277:31)
      at beginWork$1 (node_modules/react-dom/cjs/react-dom.development.js:27490:7)
      at performUnitOfWork (node_modules/react-dom/cjs/react-dom.development.js:26599:12)
      at workLoopSync (node_modules/react-dom/cjs/react-dom.development.js:26505:5)
      at renderRootSync (node_modules/react-dom/cjs/react-dom.development.js:26473:7)
      at recoverFromConcurrentError (node_modules/react-dom/cjs/react-dom.development.js:25889:20)
      at performConcurrentWorkOnRoot (node_modules/react-dom/cjs/react-dom.development.js:25789:22)
      at flushActQueue (node_modules/react/cjs/react.development.js:2667:24)
      at act (node_modules/react/cjs/react.development.js:2582:11)
      at node_modules/@testing-library/react/dist/act-compat.js:47:25
      at renderRoot (node_modules/@testing-library/react/dist/pure.js:180:26)
      at render (node_modules/@testing-library/react/dist/pure.js:271:10)
      at Object.<anonymous> (src/__tests__/canvas-fullscreen.test.tsx:255:35)

    console.error
      The above error occurred in the <CollaborationPanel> component:
      
          at CollaborationPanel (/Users/shuhaozhang/Project/miro-clone/src/components/CollaborationPanel.tsx:14:47)
          at div
          at div
          at boardId (/Users/shuhaozhang/Project/miro-clone/src/components/Whiteboard.tsx:19:57)
      
      Consider adding an error boundary to your tree to customize error handling behavior.
      Visit https://reactjs.org/link/error-boundaries to learn more about error boundaries.

      253 |   describe('Integration with UI Elements', () => {
      254 |     it('should position canvas below UI overlays', () => {
    > 255 |       const { container } = render(<Whiteboard boardId="test-board" />)
          |                                   ^
      256 |       const canvasContainer = container.querySelector('.canvas-container')
      257 |       
      258 |       const styles = window.getComputedStyle(canvasContainer!)

      at logCapturedError (node_modules/react-dom/cjs/react-dom.development.js:18704:23)
      at update.callback (node_modules/react-dom/cjs/react-dom.development.js:18737:5)
      at callCallback (node_modules/react-dom/cjs/react-dom.development.js:15036:12)
      at commitUpdateQueue (node_modules/react-dom/cjs/react-dom.development.js:15057:9)
      at commitLayoutEffectOnFiber (node_modules/react-dom/cjs/react-dom.development.js:23430:13)
      at commitLayoutMountEffects_complete (node_modules/react-dom/cjs/react-dom.development.js:24727:9)
      at commitLayoutEffects_begin (node_modules/react-dom/cjs/react-dom.development.js:24713:7)
      at commitLayoutEffects (node_modules/react-dom/cjs/react-dom.development.js:24651:3)
      at commitRootImpl (node_modules/react-dom/cjs/react-dom.development.js:26862:5)
      at commitRoot (node_modules/react-dom/cjs/react-dom.development.js:26721:5)
      at finishConcurrentRender (node_modules/react-dom/cjs/react-dom.development.js:25931:9)
      at performConcurrentWorkOnRoot (node_modules/react-dom/cjs/react-dom.development.js:25848:7)
      at flushActQueue (node_modules/react/cjs/react.development.js:2667:24)
      at act (node_modules/react/cjs/react.development.js:2582:11)
      at node_modules/@testing-library/react/dist/act-compat.js:47:25
      at renderRoot (node_modules/@testing-library/react/dist/pure.js:180:26)
      at render (node_modules/@testing-library/react/dist/pure.js:271:10)
      at Object.<anonymous> (src/__tests__/canvas-fullscreen.test.tsx:255:35)

    console.error
      Error: Uncaught [TypeError: Cannot read properties of undefined (reading 'values')]
          at Object.<anonymous> (src/__tests__/canvas-fullscreen.test.tsx:269:35)
          at new Promise (<anonymous>) {
        detail: TypeError: Cannot read properties of undefined (reading 'values')
            at values (/Users/shuhaozhang/Project/miro-clone/src/components/CollaborationPanel.tsx:16:54)
            at renderWithHooks (/Users/shuhaozhang/Project/miro-clone/node_modules/react-dom/cjs/react-dom.development.js:15486:18)
            at mountIndeterminateComponent (/Users/shuhaozhang/Project/miro-clone/node_modules/react-dom/cjs/react-dom.development.js:20103:13)
            at beginWork (/Users/shuhaozhang/Project/miro-clone/node_modules/react-dom/cjs/react-dom.development.js:21626:16)
            at HTMLUnknownElement.callCallback (/Users/shuhaozhang/Project/miro-clone/node_modules/react-dom/cjs/react-dom.development.js:4164:14)
            at HTMLUnknownElement.callTheUserObjectsOperation (/Users/shuhaozhang/Project/miro-clone/node_modules/jest-environment-jsdom/node_modules/jsdom/lib/jsdom/living/generated/EventListener.js:26:30)
            at innerInvokeEventListeners (/Users/shuhaozhang/Project/miro-clone/node_modules/jest-environment-jsdom/node_modules/jsdom/lib/jsdom/living/events/EventTarget-impl.js:350:25)
            at invokeEventListeners (/Users/shuhaozhang/Project/miro-clone/node_modules/jest-environment-jsdom/node_modules/jsdom/lib/jsdom/living/events/EventTarget-impl.js:286:3)
            at HTMLUnknownElementImpl._dispatch (/Users/shuhaozhang/Project/miro-clone/node_modules/jest-environment-jsdom/node_modules/jsdom/lib/jsdom/living/events/EventTarget-impl.js:233:9)
            at HTMLUnknownElementImpl.dispatchEvent (/Users/shuhaozhang/Project/miro-clone/node_modules/jest-environment-jsdom/node_modules/jsdom/lib/jsdom/living/events/EventTarget-impl.js:104:17)
            at HTMLUnknownElement.dispatchEvent (/Users/shuhaozhang/Project/miro-clone/node_modules/jest-environment-jsdom/node_modules/jsdom/lib/jsdom/living/generated/EventTarget.js:241:34)
            at Object.invokeGuardedCallbackDev (/Users/shuhaozhang/Project/miro-clone/node_modules/react-dom/cjs/react-dom.development.js:4213:16)
            at invokeGuardedCallback (/Users/shuhaozhang/Project/miro-clone/node_modules/react-dom/cjs/react-dom.development.js:4277:31)
            at beginWork$1 (/Users/shuhaozhang/Project/miro-clone/node_modules/react-dom/cjs/react-dom.development.js:27490:7)
            at performUnitOfWork (/Users/shuhaozhang/Project/miro-clone/node_modules/react-dom/cjs/react-dom.development.js:26599:12)
            at workLoopSync (/Users/shuhaozhang/Project/miro-clone/node_modules/react-dom/cjs/react-dom.development.js:26505:5)
            at renderRootSync (/Users/shuhaozhang/Project/miro-clone/node_modules/react-dom/cjs/react-dom.development.js:26473:7)
            at performConcurrentWorkOnRoot (/Users/shuhaozhang/Project/miro-clone/node_modules/react-dom/cjs/react-dom.development.js:25777:74)
            at flushActQueue (/Users/shuhaozhang/Project/miro-clone/node_modules/react/cjs/react.development.js:2667:24)
            at act (/Users/shuhaozhang/Project/miro-clone/node_modules/react/cjs/react.development.js:2582:11)
            at /Users/shuhaozhang/Project/miro-clone/node_modules/@testing-library/react/dist/act-compat.js:47:25
            at renderRoot (/Users/shuhaozhang/Project/miro-clone/node_modules/@testing-library/react/dist/pure.js:180:26)
            at render (/Users/shuhaozhang/Project/miro-clone/node_modules/@testing-library/react/dist/pure.js:271:10)
            at Object.<anonymous> (/Users/shuhaozhang/Project/miro-clone/src/__tests__/canvas-fullscreen.test.tsx:269:35)
            at Promise.then.completed (/Users/shuhaozhang/Project/miro-clone/node_modules/jest-circus/build/utils.js:298:28)
            at new Promise (<anonymous>)
            at callAsyncCircusFn (/Users/shuhaozhang/Project/miro-clone/node_modules/jest-circus/build/utils.js:231:10)
            at _callCircusTest (/Users/shuhaozhang/Project/miro-clone/node_modules/jest-circus/build/run.js:316:40)
            at processTicksAndRejections (node:internal/process/task_queues:105:5)
            at _runTest (/Users/shuhaozhang/Project/miro-clone/node_modules/jest-circus/build/run.js:252:3)
            at _runTestsForDescribeBlock (/Users/shuhaozhang/Project/miro-clone/node_modules/jest-circus/build/run.js:126:9)
            at _runTestsForDescribeBlock (/Users/shuhaozhang/Project/miro-clone/node_modules/jest-circus/build/run.js:121:9)
            at _runTestsForDescribeBlock (/Users/shuhaozhang/Project/miro-clone/node_modules/jest-circus/build/run.js:121:9)
            at run (/Users/shuhaozhang/Project/miro-clone/node_modules/jest-circus/build/run.js:71:3)
            at runAndTransformResultsToJestFormat (/Users/shuhaozhang/Project/miro-clone/node_modules/jest-circus/build/legacy-code-todo-rewrite/jestAdapterInit.js:122:21)
            at jestAdapter (/Users/shuhaozhang/Project/miro-clone/node_modules/jest-circus/build/legacy-code-todo-rewrite/jestAdapter.js:79:19)
            at runTestInternal (/Users/shuhaozhang/Project/miro-clone/node_modules/jest-runner/build/runTest.js:367:16)
            at runTest (/Users/shuhaozhang/Project/miro-clone/node_modules/jest-runner/build/runTest.js:444:34)
            at Object.worker (/Users/shuhaozhang/Project/miro-clone/node_modules/jest-runner/build/testWorker.js:106:12),
        type: 'unhandled exception'
      }

      267 |
      268 |     it('should not overflow parent container', () => {
    > 269 |       const { container } = render(<Whiteboard boardId="test-board" />)
          |                                   ^
      270 |       const wrapper = container.firstChild as HTMLElement
      271 |       
      272 |       expect(wrapper).toHaveClass('overflow-hidden')

      at VirtualConsole.<anonymous> (node_modules/jest-environment-jsdom/build/index.js:63:23)
      at Object.invokeGuardedCallbackDev (node_modules/react-dom/cjs/react-dom.development.js:4213:16)
      at invokeGuardedCallback (node_modules/react-dom/cjs/react-dom.development.js:4277:31)
      at beginWork$1 (node_modules/react-dom/cjs/react-dom.development.js:27490:7)
      at performUnitOfWork (node_modules/react-dom/cjs/react-dom.development.js:26599:12)
      at workLoopSync (node_modules/react-dom/cjs/react-dom.development.js:26505:5)
      at renderRootSync (node_modules/react-dom/cjs/react-dom.development.js:26473:7)
      at performConcurrentWorkOnRoot (node_modules/react-dom/cjs/react-dom.development.js:25777:74)
      at flushActQueue (node_modules/react/cjs/react.development.js:2667:24)
      at act (node_modules/react/cjs/react.development.js:2582:11)
      at node_modules/@testing-library/react/dist/act-compat.js:47:25
      at renderRoot (node_modules/@testing-library/react/dist/pure.js:180:26)
      at render (node_modules/@testing-library/react/dist/pure.js:271:10)
      at Object.<anonymous> (src/__tests__/canvas-fullscreen.test.tsx:269:35)

    console.error
      Error: Uncaught [TypeError: Cannot read properties of undefined (reading 'values')]
          at Object.<anonymous> (src/__tests__/canvas-fullscreen.test.tsx:269:35)
          at new Promise (<anonymous>) {
        detail: TypeError: Cannot read properties of undefined (reading 'values')
            at values (/Users/shuhaozhang/Project/miro-clone/src/components/CollaborationPanel.tsx:16:54)
            at renderWithHooks (/Users/shuhaozhang/Project/miro-clone/node_modules/react-dom/cjs/react-dom.development.js:15486:18)
            at mountIndeterminateComponent (/Users/shuhaozhang/Project/miro-clone/node_modules/react-dom/cjs/react-dom.development.js:20103:13)
            at beginWork (/Users/shuhaozhang/Project/miro-clone/node_modules/react-dom/cjs/react-dom.development.js:21626:16)
            at HTMLUnknownElement.callCallback (/Users/shuhaozhang/Project/miro-clone/node_modules/react-dom/cjs/react-dom.development.js:4164:14)
            at HTMLUnknownElement.callTheUserObjectsOperation (/Users/shuhaozhang/Project/miro-clone/node_modules/jest-environment-jsdom/node_modules/jsdom/lib/jsdom/living/generated/EventListener.js:26:30)
            at innerInvokeEventListeners (/Users/shuhaozhang/Project/miro-clone/node_modules/jest-environment-jsdom/node_modules/jsdom/lib/jsdom/living/events/EventTarget-impl.js:350:25)
            at invokeEventListeners (/Users/shuhaozhang/Project/miro-clone/node_modules/jest-environment-jsdom/node_modules/jsdom/lib/jsdom/living/events/EventTarget-impl.js:286:3)
            at HTMLUnknownElementImpl._dispatch (/Users/shuhaozhang/Project/miro-clone/node_modules/jest-environment-jsdom/node_modules/jsdom/lib/jsdom/living/events/EventTarget-impl.js:233:9)
            at HTMLUnknownElementImpl.dispatchEvent (/Users/shuhaozhang/Project/miro-clone/node_modules/jest-environment-jsdom/node_modules/jsdom/lib/jsdom/living/events/EventTarget-impl.js:104:17)
            at HTMLUnknownElement.dispatchEvent (/Users/shuhaozhang/Project/miro-clone/node_modules/jest-environment-jsdom/node_modules/jsdom/lib/jsdom/living/generated/EventTarget.js:241:34)
            at Object.invokeGuardedCallbackDev (/Users/shuhaozhang/Project/miro-clone/node_modules/react-dom/cjs/react-dom.development.js:4213:16)
            at invokeGuardedCallback (/Users/shuhaozhang/Project/miro-clone/node_modules/react-dom/cjs/react-dom.development.js:4277:31)
            at beginWork$1 (/Users/shuhaozhang/Project/miro-clone/node_modules/react-dom/cjs/react-dom.development.js:27490:7)
            at performUnitOfWork (/Users/shuhaozhang/Project/miro-clone/node_modules/react-dom/cjs/react-dom.development.js:26599:12)
            at workLoopSync (/Users/shuhaozhang/Project/miro-clone/node_modules/react-dom/cjs/react-dom.development.js:26505:5)
            at renderRootSync (/Users/shuhaozhang/Project/miro-clone/node_modules/react-dom/cjs/react-dom.development.js:26473:7)
            at recoverFromConcurrentError (/Users/shuhaozhang/Project/miro-clone/node_modules/react-dom/cjs/react-dom.development.js:25889:20)
            at performConcurrentWorkOnRoot (/Users/shuhaozhang/Project/miro-clone/node_modules/react-dom/cjs/react-dom.development.js:25789:22)
            at flushActQueue (/Users/shuhaozhang/Project/miro-clone/node_modules/react/cjs/react.development.js:2667:24)
            at act (/Users/shuhaozhang/Project/miro-clone/node_modules/react/cjs/react.development.js:2582:11)
            at /Users/shuhaozhang/Project/miro-clone/node_modules/@testing-library/react/dist/act-compat.js:47:25
            at renderRoot (/Users/shuhaozhang/Project/miro-clone/node_modules/@testing-library/react/dist/pure.js:180:26)
            at render (/Users/shuhaozhang/Project/miro-clone/node_modules/@testing-library/react/dist/pure.js:271:10)
            at Object.<anonymous> (/Users/shuhaozhang/Project/miro-clone/src/__tests__/canvas-fullscreen.test.tsx:269:35)
            at Promise.then.completed (/Users/shuhaozhang/Project/miro-clone/node_modules/jest-circus/build/utils.js:298:28)
            at new Promise (<anonymous>)
            at callAsyncCircusFn (/Users/shuhaozhang/Project/miro-clone/node_modules/jest-circus/build/utils.js:231:10)
            at _callCircusTest (/Users/shuhaozhang/Project/miro-clone/node_modules/jest-circus/build/run.js:316:40)
            at processTicksAndRejections (node:internal/process/task_queues:105:5)
            at _runTest (/Users/shuhaozhang/Project/miro-clone/node_modules/jest-circus/build/run.js:252:3)
            at _runTestsForDescribeBlock (/Users/shuhaozhang/Project/miro-clone/node_modules/jest-circus/build/run.js:126:9)
            at _runTestsForDescribeBlock (/Users/shuhaozhang/Project/miro-clone/node_modules/jest-circus/build/run.js:121:9)
            at _runTestsForDescribeBlock (/Users/shuhaozhang/Project/miro-clone/node_modules/jest-circus/build/run.js:121:9)
            at run (/Users/shuhaozhang/Project/miro-clone/node_modules/jest-circus/build/run.js:71:3)
            at runAndTransformResultsToJestFormat (/Users/shuhaozhang/Project/miro-clone/node_modules/jest-circus/build/legacy-code-todo-rewrite/jestAdapterInit.js:122:21)
            at jestAdapter (/Users/shuhaozhang/Project/miro-clone/node_modules/jest-circus/build/legacy-code-todo-rewrite/jestAdapter.js:79:19)
            at runTestInternal (/Users/shuhaozhang/Project/miro-clone/node_modules/jest-runner/build/runTest.js:367:16)
            at runTest (/Users/shuhaozhang/Project/miro-clone/node_modules/jest-runner/build/runTest.js:444:34)
            at Object.worker (/Users/shuhaozhang/Project/miro-clone/node_modules/jest-runner/build/testWorker.js:106:12),
        type: 'unhandled exception'
      }

      267 |
      268 |     it('should not overflow parent container', () => {
    > 269 |       const { container } = render(<Whiteboard boardId="test-board" />)
          |                                   ^
      270 |       const wrapper = container.firstChild as HTMLElement
      271 |       
      272 |       expect(wrapper).toHaveClass('overflow-hidden')

      at VirtualConsole.<anonymous> (node_modules/jest-environment-jsdom/build/index.js:63:23)
      at Object.invokeGuardedCallbackDev (node_modules/react-dom/cjs/react-dom.development.js:4213:16)
      at invokeGuardedCallback (node_modules/react-dom/cjs/react-dom.development.js:4277:31)
      at beginWork$1 (node_modules/react-dom/cjs/react-dom.development.js:27490:7)
      at performUnitOfWork (node_modules/react-dom/cjs/react-dom.development.js:26599:12)
      at workLoopSync (node_modules/react-dom/cjs/react-dom.development.js:26505:5)
      at renderRootSync (node_modules/react-dom/cjs/react-dom.development.js:26473:7)
      at recoverFromConcurrentError (node_modules/react-dom/cjs/react-dom.development.js:25889:20)
      at performConcurrentWorkOnRoot (node_modules/react-dom/cjs/react-dom.development.js:25789:22)
      at flushActQueue (node_modules/react/cjs/react.development.js:2667:24)
      at act (node_modules/react/cjs/react.development.js:2582:11)
      at node_modules/@testing-library/react/dist/act-compat.js:47:25
      at renderRoot (node_modules/@testing-library/react/dist/pure.js:180:26)
      at render (node_modules/@testing-library/react/dist/pure.js:271:10)
      at Object.<anonymous> (src/__tests__/canvas-fullscreen.test.tsx:269:35)

    console.error
      The above error occurred in the <CollaborationPanel> component:
      
          at CollaborationPanel (/Users/shuhaozhang/Project/miro-clone/src/components/CollaborationPanel.tsx:14:47)
          at div
          at div
          at boardId (/Users/shuhaozhang/Project/miro-clone/src/components/Whiteboard.tsx:19:57)
      
      Consider adding an error boundary to your tree to customize error handling behavior.
      Visit https://reactjs.org/link/error-boundaries to learn more about error boundaries.

      267 |
      268 |     it('should not overflow parent container', () => {
    > 269 |       const { container } = render(<Whiteboard boardId="test-board" />)
          |                                   ^
      270 |       const wrapper = container.firstChild as HTMLElement
      271 |       
      272 |       expect(wrapper).toHaveClass('overflow-hidden')

      at logCapturedError (node_modules/react-dom/cjs/react-dom.development.js:18704:23)
      at update.callback (node_modules/react-dom/cjs/react-dom.development.js:18737:5)
      at callCallback (node_modules/react-dom/cjs/react-dom.development.js:15036:12)
      at commitUpdateQueue (node_modules/react-dom/cjs/react-dom.development.js:15057:9)
      at commitLayoutEffectOnFiber (node_modules/react-dom/cjs/react-dom.development.js:23430:13)
      at commitLayoutMountEffects_complete (node_modules/react-dom/cjs/react-dom.development.js:24727:9)
      at commitLayoutEffects_begin (node_modules/react-dom/cjs/react-dom.development.js:24713:7)
      at commitLayoutEffects (node_modules/react-dom/cjs/react-dom.development.js:24651:3)
      at commitRootImpl (node_modules/react-dom/cjs/react-dom.development.js:26862:5)
      at commitRoot (node_modules/react-dom/cjs/react-dom.development.js:26721:5)
      at finishConcurrentRender (node_modules/react-dom/cjs/react-dom.development.js:25931:9)
      at performConcurrentWorkOnRoot (node_modules/react-dom/cjs/react-dom.development.js:25848:7)
      at flushActQueue (node_modules/react/cjs/react.development.js:2667:24)
      at act (node_modules/react/cjs/react.development.js:2582:11)
      at node_modules/@testing-library/react/dist/act-compat.js:47:25
      at renderRoot (node_modules/@testing-library/react/dist/pure.js:180:26)
      at render (node_modules/@testing-library/react/dist/pure.js:271:10)
      at Object.<anonymous> (src/__tests__/canvas-fullscreen.test.tsx:269:35)

    console.error
      Error: Uncaught [TypeError: Cannot read properties of undefined (reading 'values')]
          at Object.<anonymous> (src/__tests__/canvas-fullscreen.test.tsx:278:13)
          at new Promise (<anonymous>) {
        detail: TypeError: Cannot read properties of undefined (reading 'values')
            at values (/Users/shuhaozhang/Project/miro-clone/src/components/CollaborationPanel.tsx:16:54)
            at renderWithHooks (/Users/shuhaozhang/Project/miro-clone/node_modules/react-dom/cjs/react-dom.development.js:15486:18)
            at mountIndeterminateComponent (/Users/shuhaozhang/Project/miro-clone/node_modules/react-dom/cjs/react-dom.development.js:20103:13)
            at beginWork (/Users/shuhaozhang/Project/miro-clone/node_modules/react-dom/cjs/react-dom.development.js:21626:16)
            at HTMLUnknownElement.callCallback (/Users/shuhaozhang/Project/miro-clone/node_modules/react-dom/cjs/react-dom.development.js:4164:14)
            at HTMLUnknownElement.callTheUserObjectsOperation (/Users/shuhaozhang/Project/miro-clone/node_modules/jest-environment-jsdom/node_modules/jsdom/lib/jsdom/living/generated/EventListener.js:26:30)
            at innerInvokeEventListeners (/Users/shuhaozhang/Project/miro-clone/node_modules/jest-environment-jsdom/node_modules/jsdom/lib/jsdom/living/events/EventTarget-impl.js:350:25)
            at invokeEventListeners (/Users/shuhaozhang/Project/miro-clone/node_modules/jest-environment-jsdom/node_modules/jsdom/lib/jsdom/living/events/EventTarget-impl.js:286:3)
            at HTMLUnknownElementImpl._dispatch (/Users/shuhaozhang/Project/miro-clone/node_modules/jest-environment-jsdom/node_modules/jsdom/lib/jsdom/living/events/EventTarget-impl.js:233:9)
            at HTMLUnknownElementImpl.dispatchEvent (/Users/shuhaozhang/Project/miro-clone/node_modules/jest-environment-jsdom/node_modules/jsdom/lib/jsdom/living/events/EventTarget-impl.js:104:17)
            at HTMLUnknownElement.dispatchEvent (/Users/shuhaozhang/Project/miro-clone/node_modules/jest-environment-jsdom/node_modules/jsdom/lib/jsdom/living/generated/EventTarget.js:241:34)
            at Object.invokeGuardedCallbackDev (/Users/shuhaozhang/Project/miro-clone/node_modules/react-dom/cjs/react-dom.development.js:4213:16)
            at invokeGuardedCallback (/Users/shuhaozhang/Project/miro-clone/node_modules/react-dom/cjs/react-dom.development.js:4277:31)
            at beginWork$1 (/Users/shuhaozhang/Project/miro-clone/node_modules/react-dom/cjs/react-dom.development.js:27490:7)
            at performUnitOfWork (/Users/shuhaozhang/Project/miro-clone/node_modules/react-dom/cjs/react-dom.development.js:26599:12)
            at workLoopSync (/Users/shuhaozhang/Project/miro-clone/node_modules/react-dom/cjs/react-dom.development.js:26505:5)
            at renderRootSync (/Users/shuhaozhang/Project/miro-clone/node_modules/react-dom/cjs/react-dom.development.js:26473:7)
            at performConcurrentWorkOnRoot (/Users/shuhaozhang/Project/miro-clone/node_modules/react-dom/cjs/react-dom.development.js:25777:74)
            at flushActQueue (/Users/shuhaozhang/Project/miro-clone/node_modules/react/cjs/react.development.js:2667:24)
            at act (/Users/shuhaozhang/Project/miro-clone/node_modules/react/cjs/react.development.js:2582:11)
            at /Users/shuhaozhang/Project/miro-clone/node_modules/@testing-library/react/dist/act-compat.js:47:25
            at renderRoot (/Users/shuhaozhang/Project/miro-clone/node_modules/@testing-library/react/dist/pure.js:180:26)
            at render (/Users/shuhaozhang/Project/miro-clone/node_modules/@testing-library/react/dist/pure.js:271:10)
            at Object.<anonymous> (/Users/shuhaozhang/Project/miro-clone/src/__tests__/canvas-fullscreen.test.tsx:278:13)
            at Promise.then.completed (/Users/shuhaozhang/Project/miro-clone/node_modules/jest-circus/build/utils.js:298:28)
            at new Promise (<anonymous>)
            at callAsyncCircusFn (/Users/shuhaozhang/Project/miro-clone/node_modules/jest-circus/build/utils.js:231:10)
            at _callCircusTest (/Users/shuhaozhang/Project/miro-clone/node_modules/jest-circus/build/run.js:316:40)
            at processTicksAndRejections (node:internal/process/task_queues:105:5)
            at _runTest (/Users/shuhaozhang/Project/miro-clone/node_modules/jest-circus/build/run.js:252:3)
            at _runTestsForDescribeBlock (/Users/shuhaozhang/Project/miro-clone/node_modules/jest-circus/build/run.js:126:9)
            at _runTestsForDescribeBlock (/Users/shuhaozhang/Project/miro-clone/node_modules/jest-circus/build/run.js:121:9)
            at _runTestsForDescribeBlock (/Users/shuhaozhang/Project/miro-clone/node_modules/jest-circus/build/run.js:121:9)
            at run (/Users/shuhaozhang/Project/miro-clone/node_modules/jest-circus/build/run.js:71:3)
            at runAndTransformResultsToJestFormat (/Users/shuhaozhang/Project/miro-clone/node_modules/jest-circus/build/legacy-code-todo-rewrite/jestAdapterInit.js:122:21)
            at jestAdapter (/Users/shuhaozhang/Project/miro-clone/node_modules/jest-circus/build/legacy-code-todo-rewrite/jestAdapter.js:79:19)
            at runTestInternal (/Users/shuhaozhang/Project/miro-clone/node_modules/jest-runner/build/runTest.js:367:16)
            at runTest (/Users/shuhaozhang/Project/miro-clone/node_modules/jest-runner/build/runTest.js:444:34)
            at Object.worker (/Users/shuhaozhang/Project/miro-clone/node_modules/jest-runner/build/testWorker.js:106:12),
        type: 'unhandled exception'
      }

      276 |   describe('Canvas Element Integration', () => {
      277 |     it('should create canvas element with proper dimensions', async () => {
    > 278 |       render(<Whiteboard boardId="test-board" />)
          |             ^
      279 |       
      280 |       await waitFor(() => {
      281 |         const mockCanvas = mockCanvasEngine.getCanvas()

      at VirtualConsole.<anonymous> (node_modules/jest-environment-jsdom/build/index.js:63:23)
      at Object.invokeGuardedCallbackDev (node_modules/react-dom/cjs/react-dom.development.js:4213:16)
      at invokeGuardedCallback (node_modules/react-dom/cjs/react-dom.development.js:4277:31)
      at beginWork$1 (node_modules/react-dom/cjs/react-dom.development.js:27490:7)
      at performUnitOfWork (node_modules/react-dom/cjs/react-dom.development.js:26599:12)
      at workLoopSync (node_modules/react-dom/cjs/react-dom.development.js:26505:5)
      at renderRootSync (node_modules/react-dom/cjs/react-dom.development.js:26473:7)
      at performConcurrentWorkOnRoot (node_modules/react-dom/cjs/react-dom.development.js:25777:74)
      at flushActQueue (node_modules/react/cjs/react.development.js:2667:24)
      at act (node_modules/react/cjs/react.development.js:2582:11)
      at node_modules/@testing-library/react/dist/act-compat.js:47:25
      at renderRoot (node_modules/@testing-library/react/dist/pure.js:180:26)
      at render (node_modules/@testing-library/react/dist/pure.js:271:10)
      at Object.<anonymous> (src/__tests__/canvas-fullscreen.test.tsx:278:13)

    console.error
      Error: Uncaught [TypeError: Cannot read properties of undefined (reading 'values')]
          at Object.<anonymous> (src/__tests__/canvas-fullscreen.test.tsx:278:13)
          at new Promise (<anonymous>) {
        detail: TypeError: Cannot read properties of undefined (reading 'values')
            at values (/Users/shuhaozhang/Project/miro-clone/src/components/CollaborationPanel.tsx:16:54)
            at renderWithHooks (/Users/shuhaozhang/Project/miro-clone/node_modules/react-dom/cjs/react-dom.development.js:15486:18)
            at mountIndeterminateComponent (/Users/shuhaozhang/Project/miro-clone/node_modules/react-dom/cjs/react-dom.development.js:20103:13)
            at beginWork (/Users/shuhaozhang/Project/miro-clone/node_modules/react-dom/cjs/react-dom.development.js:21626:16)
            at HTMLUnknownElement.callCallback (/Users/shuhaozhang/Project/miro-clone/node_modules/react-dom/cjs/react-dom.development.js:4164:14)
            at HTMLUnknownElement.callTheUserObjectsOperation (/Users/shuhaozhang/Project/miro-clone/node_modules/jest-environment-jsdom/node_modules/jsdom/lib/jsdom/living/generated/EventListener.js:26:30)
            at innerInvokeEventListeners (/Users/shuhaozhang/Project/miro-clone/node_modules/jest-environment-jsdom/node_modules/jsdom/lib/jsdom/living/events/EventTarget-impl.js:350:25)
            at invokeEventListeners (/Users/shuhaozhang/Project/miro-clone/node_modules/jest-environment-jsdom/node_modules/jsdom/lib/jsdom/living/events/EventTarget-impl.js:286:3)
            at HTMLUnknownElementImpl._dispatch (/Users/shuhaozhang/Project/miro-clone/node_modules/jest-environment-jsdom/node_modules/jsdom/lib/jsdom/living/events/EventTarget-impl.js:233:9)
            at HTMLUnknownElementImpl.dispatchEvent (/Users/shuhaozhang/Project/miro-clone/node_modules/jest-environment-jsdom/node_modules/jsdom/lib/jsdom/living/events/EventTarget-impl.js:104:17)
            at HTMLUnknownElement.dispatchEvent (/Users/shuhaozhang/Project/miro-clone/node_modules/jest-environment-jsdom/node_modules/jsdom/lib/jsdom/living/generated/EventTarget.js:241:34)
            at Object.invokeGuardedCallbackDev (/Users/shuhaozhang/Project/miro-clone/node_modules/react-dom/cjs/react-dom.development.js:4213:16)
            at invokeGuardedCallback (/Users/shuhaozhang/Project/miro-clone/node_modules/react-dom/cjs/react-dom.development.js:4277:31)
            at beginWork$1 (/Users/shuhaozhang/Project/miro-clone/node_modules/react-dom/cjs/react-dom.development.js:27490:7)
            at performUnitOfWork (/Users/shuhaozhang/Project/miro-clone/node_modules/react-dom/cjs/react-dom.development.js:26599:12)
            at workLoopSync (/Users/shuhaozhang/Project/miro-clone/node_modules/react-dom/cjs/react-dom.development.js:26505:5)
            at renderRootSync (/Users/shuhaozhang/Project/miro-clone/node_modules/react-dom/cjs/react-dom.development.js:26473:7)
            at recoverFromConcurrentError (/Users/shuhaozhang/Project/miro-clone/node_modules/react-dom/cjs/react-dom.development.js:25889:20)
            at performConcurrentWorkOnRoot (/Users/shuhaozhang/Project/miro-clone/node_modules/react-dom/cjs/react-dom.development.js:25789:22)
            at flushActQueue (/Users/shuhaozhang/Project/miro-clone/node_modules/react/cjs/react.development.js:2667:24)
            at act (/Users/shuhaozhang/Project/miro-clone/node_modules/react/cjs/react.development.js:2582:11)
            at /Users/shuhaozhang/Project/miro-clone/node_modules/@testing-library/react/dist/act-compat.js:47:25
            at renderRoot (/Users/shuhaozhang/Project/miro-clone/node_modules/@testing-library/react/dist/pure.js:180:26)
            at render (/Users/shuhaozhang/Project/miro-clone/node_modules/@testing-library/react/dist/pure.js:271:10)
            at Object.<anonymous> (/Users/shuhaozhang/Project/miro-clone/src/__tests__/canvas-fullscreen.test.tsx:278:13)
            at Promise.then.completed (/Users/shuhaozhang/Project/miro-clone/node_modules/jest-circus/build/utils.js:298:28)
            at new Promise (<anonymous>)
            at callAsyncCircusFn (/Users/shuhaozhang/Project/miro-clone/node_modules/jest-circus/build/utils.js:231:10)
            at _callCircusTest (/Users/shuhaozhang/Project/miro-clone/node_modules/jest-circus/build/run.js:316:40)
            at processTicksAndRejections (node:internal/process/task_queues:105:5)
            at _runTest (/Users/shuhaozhang/Project/miro-clone/node_modules/jest-circus/build/run.js:252:3)
            at _runTestsForDescribeBlock (/Users/shuhaozhang/Project/miro-clone/node_modules/jest-circus/build/run.js:126:9)
            at _runTestsForDescribeBlock (/Users/shuhaozhang/Project/miro-clone/node_modules/jest-circus/build/run.js:121:9)
            at _runTestsForDescribeBlock (/Users/shuhaozhang/Project/miro-clone/node_modules/jest-circus/build/run.js:121:9)
            at run (/Users/shuhaozhang/Project/miro-clone/node_modules/jest-circus/build/run.js:71:3)
            at runAndTransformResultsToJestFormat (/Users/shuhaozhang/Project/miro-clone/node_modules/jest-circus/build/legacy-code-todo-rewrite/jestAdapterInit.js:122:21)
            at jestAdapter (/Users/shuhaozhang/Project/miro-clone/node_modules/jest-circus/build/legacy-code-todo-rewrite/jestAdapter.js:79:19)
            at runTestInternal (/Users/shuhaozhang/Project/miro-clone/node_modules/jest-runner/build/runTest.js:367:16)
            at runTest (/Users/shuhaozhang/Project/miro-clone/node_modules/jest-runner/build/runTest.js:444:34)
            at Object.worker (/Users/shuhaozhang/Project/miro-clone/node_modules/jest-runner/build/testWorker.js:106:12),
        type: 'unhandled exception'
      }

      276 |   describe('Canvas Element Integration', () => {
      277 |     it('should create canvas element with proper dimensions', async () => {
    > 278 |       render(<Whiteboard boardId="test-board" />)
          |             ^
      279 |       
      280 |       await waitFor(() => {
      281 |         const mockCanvas = mockCanvasEngine.getCanvas()

      at VirtualConsole.<anonymous> (node_modules/jest-environment-jsdom/build/index.js:63:23)
      at Object.invokeGuardedCallbackDev (node_modules/react-dom/cjs/react-dom.development.js:4213:16)
      at invokeGuardedCallback (node_modules/react-dom/cjs/react-dom.development.js:4277:31)
      at beginWork$1 (node_modules/react-dom/cjs/react-dom.development.js:27490:7)
      at performUnitOfWork (node_modules/react-dom/cjs/react-dom.development.js:26599:12)
      at workLoopSync (node_modules/react-dom/cjs/react-dom.development.js:26505:5)
      at renderRootSync (node_modules/react-dom/cjs/react-dom.development.js:26473:7)
      at recoverFromConcurrentError (node_modules/react-dom/cjs/react-dom.development.js:25889:20)
      at performConcurrentWorkOnRoot (node_modules/react-dom/cjs/react-dom.development.js:25789:22)
      at flushActQueue (node_modules/react/cjs/react.development.js:2667:24)
      at act (node_modules/react/cjs/react.development.js:2582:11)
      at node_modules/@testing-library/react/dist/act-compat.js:47:25
      at renderRoot (node_modules/@testing-library/react/dist/pure.js:180:26)
      at render (node_modules/@testing-library/react/dist/pure.js:271:10)
      at Object.<anonymous> (src/__tests__/canvas-fullscreen.test.tsx:278:13)

    console.error
      The above error occurred in the <CollaborationPanel> component:
      
          at CollaborationPanel (/Users/shuhaozhang/Project/miro-clone/src/components/CollaborationPanel.tsx:14:47)
          at div
          at div
          at boardId (/Users/shuhaozhang/Project/miro-clone/src/components/Whiteboard.tsx:19:57)
      
      Consider adding an error boundary to your tree to customize error handling behavior.
      Visit https://reactjs.org/link/error-boundaries to learn more about error boundaries.

      276 |   describe('Canvas Element Integration', () => {
      277 |     it('should create canvas element with proper dimensions', async () => {
    > 278 |       render(<Whiteboard boardId="test-board" />)
          |             ^
      279 |       
      280 |       await waitFor(() => {
      281 |         const mockCanvas = mockCanvasEngine.getCanvas()

      at logCapturedError (node_modules/react-dom/cjs/react-dom.development.js:18704:23)
      at update.callback (node_modules/react-dom/cjs/react-dom.development.js:18737:5)
      at callCallback (node_modules/react-dom/cjs/react-dom.development.js:15036:12)
      at commitUpdateQueue (node_modules/react-dom/cjs/react-dom.development.js:15057:9)
      at commitLayoutEffectOnFiber (node_modules/react-dom/cjs/react-dom.development.js:23430:13)
      at commitLayoutMountEffects_complete (node_modules/react-dom/cjs/react-dom.development.js:24727:9)
      at commitLayoutEffects_begin (node_modules/react-dom/cjs/react-dom.development.js:24713:7)
      at commitLayoutEffects (node_modules/react-dom/cjs/react-dom.development.js:24651:3)
      at commitRootImpl (node_modules/react-dom/cjs/react-dom.development.js:26862:5)
      at commitRoot (node_modules/react-dom/cjs/react-dom.development.js:26721:5)
      at finishConcurrentRender (node_modules/react-dom/cjs/react-dom.development.js:25931:9)
      at performConcurrentWorkOnRoot (node_modules/react-dom/cjs/react-dom.development.js:25848:7)
      at flushActQueue (node_modules/react/cjs/react.development.js:2667:24)
      at act (node_modules/react/cjs/react.development.js:2582:11)
      at node_modules/@testing-library/react/dist/act-compat.js:47:25
      at renderRoot (node_modules/@testing-library/react/dist/pure.js:180:26)
      at render (node_modules/@testing-library/react/dist/pure.js:271:10)
      at Object.<anonymous> (src/__tests__/canvas-fullscreen.test.tsx:278:13)

  ● Canvas Full-Screen Tests › Canvas Container Positioning › should render canvas with fixed positioning

    TypeError: Cannot read properties of undefined (reading 'values')

      14 |   const [isExpanded, setIsExpanded] = useState(false)
      15 |   
    > 16 |   const collaboratorArray = Array.from(collaborators.values())
         |                                                      ^
      17 |   const activeCollaborators = collaboratorArray.filter(c => c.isActive)
      18 |
      19 |   return (

      at values (src/components/CollaborationPanel.tsx:16:54)
      at renderWithHooks (node_modules/react-dom/cjs/react-dom.development.js:15486:18)
      at mountIndeterminateComponent (node_modules/react-dom/cjs/react-dom.development.js:20103:13)
      at beginWork (node_modules/react-dom/cjs/react-dom.development.js:21626:16)
      at beginWork$1 (node_modules/react-dom/cjs/react-dom.development.js:27465:14)
      at performUnitOfWork (node_modules/react-dom/cjs/react-dom.development.js:26599:12)
      at workLoopSync (node_modules/react-dom/cjs/react-dom.development.js:26505:5)
      at renderRootSync (node_modules/react-dom/cjs/react-dom.development.js:26473:7)
      at recoverFromConcurrentError (node_modules/react-dom/cjs/react-dom.development.js:25889:20)
      at performConcurrentWorkOnRoot (node_modules/react-dom/cjs/react-dom.development.js:25789:22)
      at flushActQueue (node_modules/react/cjs/react.development.js:2667:24)
      at act (node_modules/react/cjs/react.development.js:2582:11)
      at node_modules/@testing-library/react/dist/act-compat.js:47:25
      at renderRoot (node_modules/@testing-library/react/dist/pure.js:180:26)
      at render (node_modules/@testing-library/react/dist/pure.js:271:10)
      at Object.<anonymous> (src/__tests__/canvas-fullscreen.test.tsx:77:35)

  ● Canvas Full-Screen Tests › Canvas Container Positioning › should have inset-0 positioning (top, right, bottom, left all 0)

    TypeError: Cannot read properties of undefined (reading 'values')

      14 |   const [isExpanded, setIsExpanded] = useState(false)
      15 |   
    > 16 |   const collaboratorArray = Array.from(collaborators.values())
         |                                                      ^
      17 |   const activeCollaborators = collaboratorArray.filter(c => c.isActive)
      18 |
      19 |   return (

      at values (src/components/CollaborationPanel.tsx:16:54)
      at renderWithHooks (node_modules/react-dom/cjs/react-dom.development.js:15486:18)
      at mountIndeterminateComponent (node_modules/react-dom/cjs/react-dom.development.js:20103:13)
      at beginWork (node_modules/react-dom/cjs/react-dom.development.js:21626:16)
      at beginWork$1 (node_modules/react-dom/cjs/react-dom.development.js:27465:14)
      at performUnitOfWork (node_modules/react-dom/cjs/react-dom.development.js:26599:12)
      at workLoopSync (node_modules/react-dom/cjs/react-dom.development.js:26505:5)
      at renderRootSync (node_modules/react-dom/cjs/react-dom.development.js:26473:7)
      at recoverFromConcurrentError (node_modules/react-dom/cjs/react-dom.development.js:25889:20)
      at performConcurrentWorkOnRoot (node_modules/react-dom/cjs/react-dom.development.js:25789:22)
      at flushActQueue (node_modules/react/cjs/react.development.js:2667:24)
      at act (node_modules/react/cjs/react.development.js:2582:11)
      at node_modules/@testing-library/react/dist/act-compat.js:47:25
      at renderRoot (node_modules/@testing-library/react/dist/pure.js:180:26)
      at render (node_modules/@testing-library/react/dist/pure.js:271:10)
      at Object.<anonymous> (src/__tests__/canvas-fullscreen.test.tsx:86:35)

  ● Canvas Full-Screen Tests › Canvas Container Positioning › should have 100% width and height

    TypeError: Cannot read properties of undefined (reading 'values')

      14 |   const [isExpanded, setIsExpanded] = useState(false)
      15 |   
    > 16 |   const collaboratorArray = Array.from(collaborators.values())
         |                                                      ^
      17 |   const activeCollaborators = collaboratorArray.filter(c => c.isActive)
      18 |
      19 |   return (

      at values (src/components/CollaborationPanel.tsx:16:54)
      at renderWithHooks (node_modules/react-dom/cjs/react-dom.development.js:15486:18)
      at mountIndeterminateComponent (node_modules/react-dom/cjs/react-dom.development.js:20103:13)
      at beginWork (node_modules/react-dom/cjs/react-dom.development.js:21626:16)
      at beginWork$1 (node_modules/react-dom/cjs/react-dom.development.js:27465:14)
      at performUnitOfWork (node_modules/react-dom/cjs/react-dom.development.js:26599:12)
      at workLoopSync (node_modules/react-dom/cjs/react-dom.development.js:26505:5)
      at renderRootSync (node_modules/react-dom/cjs/react-dom.development.js:26473:7)
      at recoverFromConcurrentError (node_modules/react-dom/cjs/react-dom.development.js:25889:20)
      at performConcurrentWorkOnRoot (node_modules/react-dom/cjs/react-dom.development.js:25789:22)
      at flushActQueue (node_modules/react/cjs/react.development.js:2667:24)
      at act (node_modules/react/cjs/react.development.js:2582:11)
      at node_modules/@testing-library/react/dist/act-compat.js:47:25
      at renderRoot (node_modules/@testing-library/react/dist/pure.js:180:26)
      at render (node_modules/@testing-library/react/dist/pure.js:271:10)
      at Object.<anonymous> (src/__tests__/canvas-fullscreen.test.tsx:97:35)

  ● Canvas Full-Screen Tests › Canvas Container Positioning › should have no margin or padding

    TypeError: Cannot read properties of undefined (reading 'values')

      14 |   const [isExpanded, setIsExpanded] = useState(false)
      15 |   
    > 16 |   const collaboratorArray = Array.from(collaborators.values())
         |                                                      ^
      17 |   const activeCollaborators = collaboratorArray.filter(c => c.isActive)
      18 |
      19 |   return (

      at values (src/components/CollaborationPanel.tsx:16:54)
      at renderWithHooks (node_modules/react-dom/cjs/react-dom.development.js:15486:18)
      at mountIndeterminateComponent (node_modules/react-dom/cjs/react-dom.development.js:20103:13)
      at beginWork (node_modules/react-dom/cjs/react-dom.development.js:21626:16)
      at beginWork$1 (node_modules/react-dom/cjs/react-dom.development.js:27465:14)
      at performUnitOfWork (node_modules/react-dom/cjs/react-dom.development.js:26599:12)
      at workLoopSync (node_modules/react-dom/cjs/react-dom.development.js:26505:5)
      at renderRootSync (node_modules/react-dom/cjs/react-dom.development.js:26473:7)
      at recoverFromConcurrentError (node_modules/react-dom/cjs/react-dom.development.js:25889:20)
      at performConcurrentWorkOnRoot (node_modules/react-dom/cjs/react-dom.development.js:25789:22)
      at flushActQueue (node_modules/react/cjs/react.development.js:2667:24)
      at act (node_modules/react/cjs/react.development.js:2582:11)
      at node_modules/@testing-library/react/dist/act-compat.js:47:25
      at renderRoot (node_modules/@testing-library/react/dist/pure.js:180:26)
      at render (node_modules/@testing-library/react/dist/pure.js:271:10)
      at Object.<anonymous> (src/__tests__/canvas-fullscreen.test.tsx:106:35)

  ● Canvas Full-Screen Tests › Viewport Coverage › should fill entire viewport without gaps

    TypeError: Cannot read properties of undefined (reading 'values')

      14 |   const [isExpanded, setIsExpanded] = useState(false)
      15 |   
    > 16 |   const collaboratorArray = Array.from(collaborators.values())
         |                                                      ^
      17 |   const activeCollaborators = collaboratorArray.filter(c => c.isActive)
      18 |
      19 |   return (

      at values (src/components/CollaborationPanel.tsx:16:54)
      at renderWithHooks (node_modules/react-dom/cjs/react-dom.development.js:15486:18)
      at mountIndeterminateComponent (node_modules/react-dom/cjs/react-dom.development.js:20103:13)
      at beginWork (node_modules/react-dom/cjs/react-dom.development.js:21626:16)
      at beginWork$1 (node_modules/react-dom/cjs/react-dom.development.js:27465:14)
      at performUnitOfWork (node_modules/react-dom/cjs/react-dom.development.js:26599:12)
      at workLoopSync (node_modules/react-dom/cjs/react-dom.development.js:26505:5)
      at renderRootSync (node_modules/react-dom/cjs/react-dom.development.js:26473:7)
      at recoverFromConcurrentError (node_modules/react-dom/cjs/react-dom.development.js:25889:20)
      at performConcurrentWorkOnRoot (node_modules/react-dom/cjs/react-dom.development.js:25789:22)
      at flushActQueue (node_modules/react/cjs/react.development.js:2667:24)
      at act (node_modules/react/cjs/react.development.js:2582:11)
      at node_modules/@testing-library/react/dist/act-compat.js:47:25
      at renderRoot (node_modules/@testing-library/react/dist/pure.js:180:26)
      at render (node_modules/@testing-library/react/dist/pure.js:271:10)
      at Object.<anonymous> (src/__tests__/canvas-fullscreen.test.tsx:117:35)

  ● Canvas Full-Screen Tests › Viewport Coverage › should have proper z-index layering

    TypeError: Cannot read properties of undefined (reading 'values')

      14 |   const [isExpanded, setIsExpanded] = useState(false)
      15 |   
    > 16 |   const collaboratorArray = Array.from(collaborators.values())
         |                                                      ^
      17 |   const activeCollaborators = collaboratorArray.filter(c => c.isActive)
      18 |
      19 |   return (

      at values (src/components/CollaborationPanel.tsx:16:54)
      at renderWithHooks (node_modules/react-dom/cjs/react-dom.development.js:15486:18)
      at mountIndeterminateComponent (node_modules/react-dom/cjs/react-dom.development.js:20103:13)
      at beginWork (node_modules/react-dom/cjs/react-dom.development.js:21626:16)
      at beginWork$1 (node_modules/react-dom/cjs/react-dom.development.js:27465:14)
      at performUnitOfWork (node_modules/react-dom/cjs/react-dom.development.js:26599:12)
      at workLoopSync (node_modules/react-dom/cjs/react-dom.development.js:26505:5)
      at renderRootSync (node_modules/react-dom/cjs/react-dom.development.js:26473:7)
      at recoverFromConcurrentError (node_modules/react-dom/cjs/react-dom.development.js:25889:20)
      at performConcurrentWorkOnRoot (node_modules/react-dom/cjs/react-dom.development.js:25789:22)
      at flushActQueue (node_modules/react/cjs/react.development.js:2667:24)
      at act (node_modules/react/cjs/react.development.js:2582:11)
      at node_modules/@testing-library/react/dist/act-compat.js:47:25
      at renderRoot (node_modules/@testing-library/react/dist/pure.js:180:26)
      at render (node_modules/@testing-library/react/dist/pure.js:271:10)
      at Object.<anonymous> (src/__tests__/canvas-fullscreen.test.tsx:129:35)

  ● Canvas Full-Screen Tests › Viewport Coverage › should have GPU acceleration styles

    TypeError: Cannot read properties of undefined (reading 'values')

      14 |   const [isExpanded, setIsExpanded] = useState(false)
      15 |   
    > 16 |   const collaboratorArray = Array.from(collaborators.values())
         |                                                      ^
      17 |   const activeCollaborators = collaboratorArray.filter(c => c.isActive)
      18 |
      19 |   return (

      at values (src/components/CollaborationPanel.tsx:16:54)
      at renderWithHooks (node_modules/react-dom/cjs/react-dom.development.js:15486:18)
      at mountIndeterminateComponent (node_modules/react-dom/cjs/react-dom.development.js:20103:13)
      at beginWork (node_modules/react-dom/cjs/react-dom.development.js:21626:16)
      at beginWork$1 (node_modules/react-dom/cjs/react-dom.development.js:27465:14)
      at performUnitOfWork (node_modules/react-dom/cjs/react-dom.development.js:26599:12)
      at workLoopSync (node_modules/react-dom/cjs/react-dom.development.js:26505:5)
      at renderRootSync (node_modules/react-dom/cjs/react-dom.development.js:26473:7)
      at recoverFromConcurrentError (node_modules/react-dom/cjs/react-dom.development.js:25889:20)
      at performConcurrentWorkOnRoot (node_modules/react-dom/cjs/react-dom.development.js:25789:22)
      at flushActQueue (node_modules/react/cjs/react.development.js:2667:24)
      at act (node_modules/react/cjs/react.development.js:2582:11)
      at node_modules/@testing-library/react/dist/act-compat.js:47:25
      at renderRoot (node_modules/@testing-library/react/dist/pure.js:180:26)
      at render (node_modules/@testing-library/react/dist/pure.js:271:10)
      at Object.<anonymous> (src/__tests__/canvas-fullscreen.test.tsx:137:35)

  ● Canvas Full-Screen Tests › Responsive Behavior › should handle window resize events

    TypeError: Cannot read properties of undefined (reading 'values')

      14 |   const [isExpanded, setIsExpanded] = useState(false)
      15 |   
    > 16 |   const collaboratorArray = Array.from(collaborators.values())
         |                                                      ^
      17 |   const activeCollaborators = collaboratorArray.filter(c => c.isActive)
      18 |
      19 |   return (

      at values (src/components/CollaborationPanel.tsx:16:54)
      at renderWithHooks (node_modules/react-dom/cjs/react-dom.development.js:15486:18)
      at mountIndeterminateComponent (node_modules/react-dom/cjs/react-dom.development.js:20103:13)
      at beginWork (node_modules/react-dom/cjs/react-dom.development.js:21626:16)
      at beginWork$1 (node_modules/react-dom/cjs/react-dom.development.js:27465:14)
      at performUnitOfWork (node_modules/react-dom/cjs/react-dom.development.js:26599:12)
      at workLoopSync (node_modules/react-dom/cjs/react-dom.development.js:26505:5)
      at renderRootSync (node_modules/react-dom/cjs/react-dom.development.js:26473:7)
      at recoverFromConcurrentError (node_modules/react-dom/cjs/react-dom.development.js:25889:20)
      at performConcurrentWorkOnRoot (node_modules/react-dom/cjs/react-dom.development.js:25789:22)
      at flushActQueue (node_modules/react/cjs/react.development.js:2667:24)
      at act (node_modules/react/cjs/react.development.js:2582:11)
      at node_modules/@testing-library/react/dist/act-compat.js:47:25
      at renderRoot (node_modules/@testing-library/react/dist/pure.js:180:26)
      at render (node_modules/@testing-library/react/dist/pure.js:271:10)
      at Object.<anonymous> (src/__tests__/canvas-fullscreen.test.tsx:148:13)

  ● Canvas Full-Screen Tests › Responsive Behavior › should maintain full coverage after resize

    TypeError: Cannot read properties of undefined (reading 'values')

      14 |   const [isExpanded, setIsExpanded] = useState(false)
      15 |   
    > 16 |   const collaboratorArray = Array.from(collaborators.values())
         |                                                      ^
      17 |   const activeCollaborators = collaboratorArray.filter(c => c.isActive)
      18 |
      19 |   return (

      at values (src/components/CollaborationPanel.tsx:16:54)
      at renderWithHooks (node_modules/react-dom/cjs/react-dom.development.js:15486:18)
      at mountIndeterminateComponent (node_modules/react-dom/cjs/react-dom.development.js:20103:13)
      at beginWork (node_modules/react-dom/cjs/react-dom.development.js:21626:16)
      at beginWork$1 (node_modules/react-dom/cjs/react-dom.development.js:27465:14)
      at performUnitOfWork (node_modules/react-dom/cjs/react-dom.development.js:26599:12)
      at workLoopSync (node_modules/react-dom/cjs/react-dom.development.js:26505:5)
      at renderRootSync (node_modules/react-dom/cjs/react-dom.development.js:26473:7)
      at recoverFromConcurrentError (node_modules/react-dom/cjs/react-dom.development.js:25889:20)
      at performConcurrentWorkOnRoot (node_modules/react-dom/cjs/react-dom.development.js:25789:22)
      at flushActQueue (node_modules/react/cjs/react.development.js:2667:24)
      at act (node_modules/react/cjs/react.development.js:2582:11)
      at node_modules/@testing-library/react/dist/act-compat.js:47:25
      at renderRoot (node_modules/@testing-library/react/dist/pure.js:180:26)
      at render (node_modules/@testing-library/react/dist/pure.js:271:10)
      at Object.<anonymous> (src/__tests__/canvas-fullscreen.test.tsx:163:35)

  ● Canvas Full-Screen Tests › Responsive Behavior › should update canvas dimensions on container resize

    TypeError: Cannot read properties of undefined (reading 'values')

      14 |   const [isExpanded, setIsExpanded] = useState(false)
      15 |   
    > 16 |   const collaboratorArray = Array.from(collaborators.values())
         |                                                      ^
      17 |   const activeCollaborators = collaboratorArray.filter(c => c.isActive)
      18 |
      19 |   return (

      at values (src/components/CollaborationPanel.tsx:16:54)
      at renderWithHooks (node_modules/react-dom/cjs/react-dom.development.js:15486:18)
      at mountIndeterminateComponent (node_modules/react-dom/cjs/react-dom.development.js:20103:13)
      at beginWork (node_modules/react-dom/cjs/react-dom.development.js:21626:16)
      at beginWork$1 (node_modules/react-dom/cjs/react-dom.development.js:27465:14)
      at performUnitOfWork (node_modules/react-dom/cjs/react-dom.development.js:26599:12)
      at workLoopSync (node_modules/react-dom/cjs/react-dom.development.js:26505:5)
      at renderRootSync (node_modules/react-dom/cjs/react-dom.development.js:26473:7)
      at recoverFromConcurrentError (node_modules/react-dom/cjs/react-dom.development.js:25889:20)
      at performConcurrentWorkOnRoot (node_modules/react-dom/cjs/react-dom.development.js:25789:22)
      at flushActQueue (node_modules/react/cjs/react.development.js:2667:24)
      at act (node_modules/react/cjs/react.development.js:2582:11)
      at node_modules/@testing-library/react/dist/act-compat.js:47:25
      at renderRoot (node_modules/@testing-library/react/dist/pure.js:180:26)
      at render (node_modules/@testing-library/react/dist/pure.js:271:10)
      at Object.<anonymous> (src/__tests__/canvas-fullscreen.test.tsx:181:13)

  ● Canvas Full-Screen Tests › Touch and Interaction Areas › should have touch-none style for proper touch handling

    TypeError: Cannot read properties of undefined (reading 'values')

      14 |   const [isExpanded, setIsExpanded] = useState(false)
      15 |   
    > 16 |   const collaboratorArray = Array.from(collaborators.values())
         |                                                      ^
      17 |   const activeCollaborators = collaboratorArray.filter(c => c.isActive)
      18 |
      19 |   return (

      at values (src/components/CollaborationPanel.tsx:16:54)
      at renderWithHooks (node_modules/react-dom/cjs/react-dom.development.js:15486:18)
      at mountIndeterminateComponent (node_modules/react-dom/cjs/react-dom.development.js:20103:13)
      at beginWork (node_modules/react-dom/cjs/react-dom.development.js:21626:16)
      at beginWork$1 (node_modules/react-dom/cjs/react-dom.development.js:27465:14)
      at performUnitOfWork (node_modules/react-dom/cjs/react-dom.development.js:26599:12)
      at workLoopSync (node_modules/react-dom/cjs/react-dom.development.js:26505:5)
      at renderRootSync (node_modules/react-dom/cjs/react-dom.development.js:26473:7)
      at recoverFromConcurrentError (node_modules/react-dom/cjs/react-dom.development.js:25889:20)
      at performConcurrentWorkOnRoot (node_modules/react-dom/cjs/react-dom.development.js:25789:22)
      at flushActQueue (node_modules/react/cjs/react.development.js:2667:24)
      at act (node_modules/react/cjs/react.development.js:2582:11)
      at node_modules/@testing-library/react/dist/act-compat.js:47:25
      at renderRoot (node_modules/@testing-library/react/dist/pure.js:180:26)
      at render (node_modules/@testing-library/react/dist/pure.js:271:10)
      at Object.<anonymous> (src/__tests__/canvas-fullscreen.test.tsx:213:35)

  ● Canvas Full-Screen Tests › Touch and Interaction Areas › should prevent text selection on canvas

    TypeError: Cannot read properties of undefined (reading 'values')

      14 |   const [isExpanded, setIsExpanded] = useState(false)
      15 |   
    > 16 |   const collaboratorArray = Array.from(collaborators.values())
         |                                                      ^
      17 |   const activeCollaborators = collaboratorArray.filter(c => c.isActive)
      18 |
      19 |   return (

      at values (src/components/CollaborationPanel.tsx:16:54)
      at renderWithHooks (node_modules/react-dom/cjs/react-dom.development.js:15486:18)
      at mountIndeterminateComponent (node_modules/react-dom/cjs/react-dom.development.js:20103:13)
      at beginWork (node_modules/react-dom/cjs/react-dom.development.js:21626:16)
      at beginWork$1 (node_modules/react-dom/cjs/react-dom.development.js:27465:14)
      at performUnitOfWork (node_modules/react-dom/cjs/react-dom.development.js:26599:12)
      at workLoopSync (node_modules/react-dom/cjs/react-dom.development.js:26505:5)
      at renderRootSync (node_modules/react-dom/cjs/react-dom.development.js:26473:7)
      at recoverFromConcurrentError (node_modules/react-dom/cjs/react-dom.development.js:25889:20)
      at performConcurrentWorkOnRoot (node_modules/react-dom/cjs/react-dom.development.js:25789:22)
      at flushActQueue (node_modules/react/cjs/react.development.js:2667:24)
      at act (node_modules/react/cjs/react.development.js:2582:11)
      at node_modules/@testing-library/react/dist/act-compat.js:47:25
      at renderRoot (node_modules/@testing-library/react/dist/pure.js:180:26)
      at render (node_modules/@testing-library/react/dist/pure.js:271:10)
      at Object.<anonymous> (src/__tests__/canvas-fullscreen.test.tsx:221:35)

  ● Canvas Full-Screen Tests › Touch and Interaction Areas › should have proper cursor styles

    TypeError: Cannot read properties of undefined (reading 'values')

      14 |   const [isExpanded, setIsExpanded] = useState(false)
      15 |   
    > 16 |   const collaboratorArray = Array.from(collaborators.values())
         |                                                      ^
      17 |   const activeCollaborators = collaboratorArray.filter(c => c.isActive)
      18 |
      19 |   return (

      at values (src/components/CollaborationPanel.tsx:16:54)
      at renderWithHooks (node_modules/react-dom/cjs/react-dom.development.js:15486:18)
      at mountIndeterminateComponent (node_modules/react-dom/cjs/react-dom.development.js:20103:13)
      at beginWork (node_modules/react-dom/cjs/react-dom.development.js:21626:16)
      at beginWork$1 (node_modules/react-dom/cjs/react-dom.development.js:27465:14)
      at performUnitOfWork (node_modules/react-dom/cjs/react-dom.development.js:26599:12)
      at workLoopSync (node_modules/react-dom/cjs/react-dom.development.js:26505:5)
      at renderRootSync (node_modules/react-dom/cjs/react-dom.development.js:26473:7)
      at recoverFromConcurrentError (node_modules/react-dom/cjs/react-dom.development.js:25889:20)
      at performConcurrentWorkOnRoot (node_modules/react-dom/cjs/react-dom.development.js:25789:22)
      at flushActQueue (node_modules/react/cjs/react.development.js:2667:24)
      at act (node_modules/react/cjs/react.development.js:2582:11)
      at node_modules/@testing-library/react/dist/act-compat.js:47:25
      at renderRoot (node_modules/@testing-library/react/dist/pure.js:180:26)
      at render (node_modules/@testing-library/react/dist/pure.js:271:10)
      at Object.<anonymous> (src/__tests__/canvas-fullscreen.test.tsx:228:35)

  ● Canvas Full-Screen Tests › Performance Optimizations › should have will-change transform for smooth rendering

    TypeError: Cannot read properties of undefined (reading 'values')

      14 |   const [isExpanded, setIsExpanded] = useState(false)
      15 |   
    > 16 |   const collaboratorArray = Array.from(collaborators.values())
         |                                                      ^
      17 |   const activeCollaborators = collaboratorArray.filter(c => c.isActive)
      18 |
      19 |   return (

      at values (src/components/CollaborationPanel.tsx:16:54)
      at renderWithHooks (node_modules/react-dom/cjs/react-dom.development.js:15486:18)
      at mountIndeterminateComponent (node_modules/react-dom/cjs/react-dom.development.js:20103:13)
      at beginWork (node_modules/react-dom/cjs/react-dom.development.js:21626:16)
      at beginWork$1 (node_modules/react-dom/cjs/react-dom.development.js:27465:14)
      at performUnitOfWork (node_modules/react-dom/cjs/react-dom.development.js:26599:12)
      at workLoopSync (node_modules/react-dom/cjs/react-dom.development.js:26505:5)
      at renderRootSync (node_modules/react-dom/cjs/react-dom.development.js:26473:7)
      at recoverFromConcurrentError (node_modules/react-dom/cjs/react-dom.development.js:25889:20)
      at performConcurrentWorkOnRoot (node_modules/react-dom/cjs/react-dom.development.js:25789:22)
      at flushActQueue (node_modules/react/cjs/react.development.js:2667:24)
      at act (node_modules/react/cjs/react.development.js:2582:11)
      at node_modules/@testing-library/react/dist/act-compat.js:47:25
      at renderRoot (node_modules/@testing-library/react/dist/pure.js:180:26)
      at render (node_modules/@testing-library/react/dist/pure.js:271:10)
      at Object.<anonymous> (src/__tests__/canvas-fullscreen.test.tsx:237:35)

  ● Canvas Full-Screen Tests › Performance Optimizations › should setup smooth rendering on initialization

    TypeError: Cannot read properties of undefined (reading 'values')

      14 |   const [isExpanded, setIsExpanded] = useState(false)
      15 |   
    > 16 |   const collaboratorArray = Array.from(collaborators.values())
         |                                                      ^
      17 |   const activeCollaborators = collaboratorArray.filter(c => c.isActive)
      18 |
      19 |   return (

      at values (src/components/CollaborationPanel.tsx:16:54)
      at renderWithHooks (node_modules/react-dom/cjs/react-dom.development.js:15486:18)
      at mountIndeterminateComponent (node_modules/react-dom/cjs/react-dom.development.js:20103:13)
      at beginWork (node_modules/react-dom/cjs/react-dom.development.js:21626:16)
      at beginWork$1 (node_modules/react-dom/cjs/react-dom.development.js:27465:14)
      at performUnitOfWork (node_modules/react-dom/cjs/react-dom.development.js:26599:12)
      at workLoopSync (node_modules/react-dom/cjs/react-dom.development.js:26505:5)
      at renderRootSync (node_modules/react-dom/cjs/react-dom.development.js:26473:7)
      at recoverFromConcurrentError (node_modules/react-dom/cjs/react-dom.development.js:25889:20)
      at performConcurrentWorkOnRoot (node_modules/react-dom/cjs/react-dom.development.js:25789:22)
      at flushActQueue (node_modules/react/cjs/react.development.js:2667:24)
      at act (node_modules/react/cjs/react.development.js:2582:11)
      at node_modules/@testing-library/react/dist/act-compat.js:47:25
      at renderRoot (node_modules/@testing-library/react/dist/pure.js:180:26)
      at render (node_modules/@testing-library/react/dist/pure.js:271:10)
      at Object.<anonymous> (src/__tests__/canvas-fullscreen.test.tsx:245:13)

  ● Canvas Full-Screen Tests › Integration with UI Elements › should position canvas below UI overlays

    TypeError: Cannot read properties of undefined (reading 'values')

      14 |   const [isExpanded, setIsExpanded] = useState(false)
      15 |   
    > 16 |   const collaboratorArray = Array.from(collaborators.values())
         |                                                      ^
      17 |   const activeCollaborators = collaboratorArray.filter(c => c.isActive)
      18 |
      19 |   return (

      at values (src/components/CollaborationPanel.tsx:16:54)
      at renderWithHooks (node_modules/react-dom/cjs/react-dom.development.js:15486:18)
      at mountIndeterminateComponent (node_modules/react-dom/cjs/react-dom.development.js:20103:13)
      at beginWork (node_modules/react-dom/cjs/react-dom.development.js:21626:16)
      at beginWork$1 (node_modules/react-dom/cjs/react-dom.development.js:27465:14)
      at performUnitOfWork (node_modules/react-dom/cjs/react-dom.development.js:26599:12)
      at workLoopSync (node_modules/react-dom/cjs/react-dom.development.js:26505:5)
      at renderRootSync (node_modules/react-dom/cjs/react-dom.development.js:26473:7)
      at recoverFromConcurrentError (node_modules/react-dom/cjs/react-dom.development.js:25889:20)
      at performConcurrentWorkOnRoot (node_modules/react-dom/cjs/react-dom.development.js:25789:22)
      at flushActQueue (node_modules/react/cjs/react.development.js:2667:24)
      at act (node_modules/react/cjs/react.development.js:2582:11)
      at node_modules/@testing-library/react/dist/act-compat.js:47:25
      at renderRoot (node_modules/@testing-library/react/dist/pure.js:180:26)
      at render (node_modules/@testing-library/react/dist/pure.js:271:10)
      at Object.<anonymous> (src/__tests__/canvas-fullscreen.test.tsx:255:35)

  ● Canvas Full-Screen Tests › Integration with UI Elements › should not overflow parent container

    TypeError: Cannot read properties of undefined (reading 'values')

      14 |   const [isExpanded, setIsExpanded] = useState(false)
      15 |   
    > 16 |   const collaboratorArray = Array.from(collaborators.values())
         |                                                      ^
      17 |   const activeCollaborators = collaboratorArray.filter(c => c.isActive)
      18 |
      19 |   return (

      at values (src/components/CollaborationPanel.tsx:16:54)
      at renderWithHooks (node_modules/react-dom/cjs/react-dom.development.js:15486:18)
      at mountIndeterminateComponent (node_modules/react-dom/cjs/react-dom.development.js:20103:13)
      at beginWork (node_modules/react-dom/cjs/react-dom.development.js:21626:16)
      at beginWork$1 (node_modules/react-dom/cjs/react-dom.development.js:27465:14)
      at performUnitOfWork (node_modules/react-dom/cjs/react-dom.development.js:26599:12)
      at workLoopSync (node_modules/react-dom/cjs/react-dom.development.js:26505:5)
      at renderRootSync (node_modules/react-dom/cjs/react-dom.development.js:26473:7)
      at recoverFromConcurrentError (node_modules/react-dom/cjs/react-dom.development.js:25889:20)
      at performConcurrentWorkOnRoot (node_modules/react-dom/cjs/react-dom.development.js:25789:22)
      at flushActQueue (node_modules/react/cjs/react.development.js:2667:24)
      at act (node_modules/react/cjs/react.development.js:2582:11)
      at node_modules/@testing-library/react/dist/act-compat.js:47:25
      at renderRoot (node_modules/@testing-library/react/dist/pure.js:180:26)
      at render (node_modules/@testing-library/react/dist/pure.js:271:10)
      at Object.<anonymous> (src/__tests__/canvas-fullscreen.test.tsx:269:35)

  ● Canvas Full-Screen Tests › Canvas Element Integration › should create canvas element with proper dimensions

    TypeError: Cannot read properties of undefined (reading 'values')

      14 |   const [isExpanded, setIsExpanded] = useState(false)
      15 |   
    > 16 |   const collaboratorArray = Array.from(collaborators.values())
         |                                                      ^
      17 |   const activeCollaborators = collaboratorArray.filter(c => c.isActive)
      18 |
      19 |   return (

      at values (src/components/CollaborationPanel.tsx:16:54)
      at renderWithHooks (node_modules/react-dom/cjs/react-dom.development.js:15486:18)
      at mountIndeterminateComponent (node_modules/react-dom/cjs/react-dom.development.js:20103:13)
      at beginWork (node_modules/react-dom/cjs/react-dom.development.js:21626:16)
      at beginWork$1 (node_modules/react-dom/cjs/react-dom.development.js:27465:14)
      at performUnitOfWork (node_modules/react-dom/cjs/react-dom.development.js:26599:12)
      at workLoopSync (node_modules/react-dom/cjs/react-dom.development.js:26505:5)
      at renderRootSync (node_modules/react-dom/cjs/react-dom.development.js:26473:7)
      at recoverFromConcurrentError (node_modules/react-dom/cjs/react-dom.development.js:25889:20)
      at performConcurrentWorkOnRoot (node_modules/react-dom/cjs/react-dom.development.js:25789:22)
      at flushActQueue (node_modules/react/cjs/react.development.js:2667:24)
      at act (node_modules/react/cjs/react.development.js:2582:11)
      at node_modules/@testing-library/react/dist/act-compat.js:47:25
      at renderRoot (node_modules/@testing-library/react/dist/pure.js:180:26)
      at render (node_modules/@testing-library/react/dist/pure.js:271:10)
      at Object.<anonymous> (src/__tests__/canvas-fullscreen.test.tsx:278:13)

FAIL src/__tests__/integration/whiteboard-integration.test.tsx
  ● Console

    console.error
      Failed to initialize canvas: TypeError: canvas.getElement is not a function
          at CanvasEngine.getElement [as initializeCanvas] (/Users/shuhaozhang/Project/miro-clone/src/lib/canvas-engine.ts:93:29)
          at new initializeCanvas (/Users/shuhaozhang/Project/miro-clone/src/lib/canvas-engine.ts:72:24)
          at initCanvas (/Users/shuhaozhang/Project/miro-clone/src/hooks/useCanvas.ts:45:18)
          at initCanvas (/Users/shuhaozhang/Project/miro-clone/src/hooks/useCanvas.ts:87:5)
          at commitHookEffectListMount (/Users/shuhaozhang/Project/miro-clone/node_modules/react-dom/cjs/react-dom.development.js:23189:26)
          at commitPassiveMountOnFiber (/Users/shuhaozhang/Project/miro-clone/node_modules/react-dom/cjs/react-dom.development.js:24970:11)
          at commitPassiveMountEffects_complete (/Users/shuhaozhang/Project/miro-clone/node_modules/react-dom/cjs/react-dom.development.js:24930:9)
          at commitPassiveMountEffects_begin (/Users/shuhaozhang/Project/miro-clone/node_modules/react-dom/cjs/react-dom.development.js:24917:7)
          at commitPassiveMountEffects (/Users/shuhaozhang/Project/miro-clone/node_modules/react-dom/cjs/react-dom.development.js:24905:3)
          at flushPassiveEffectsImpl (/Users/shuhaozhang/Project/miro-clone/node_modules/react-dom/cjs/react-dom.development.js:27078:3)
          at flushPassiveEffects (/Users/shuhaozhang/Project/miro-clone/node_modules/react-dom/cjs/react-dom.development.js:27023:14)
          at /Users/shuhaozhang/Project/miro-clone/node_modules/react-dom/cjs/react-dom.development.js:26808:9
          at flushActQueue (/Users/shuhaozhang/Project/miro-clone/node_modules/react/cjs/react.development.js:2667:24)
          at act (/Users/shuhaozhang/Project/miro-clone/node_modules/react/cjs/react.development.js:2582:11)
          at /Users/shuhaozhang/Project/miro-clone/node_modules/@testing-library/react/dist/act-compat.js:47:25
          at renderRoot (/Users/shuhaozhang/Project/miro-clone/node_modules/@testing-library/react/dist/pure.js:180:26)
          at render (/Users/shuhaozhang/Project/miro-clone/node_modules/@testing-library/react/dist/pure.js:271:10)
          at Object.<anonymous> (/Users/shuhaozhang/Project/miro-clone/src/__tests__/integration/whiteboard-integration.test.tsx:95:13)
          at Promise.then.completed (/Users/shuhaozhang/Project/miro-clone/node_modules/jest-circus/build/utils.js:298:28)
          at new Promise (<anonymous>)
          at callAsyncCircusFn (/Users/shuhaozhang/Project/miro-clone/node_modules/jest-circus/build/utils.js:231:10)
          at _callCircusTest (/Users/shuhaozhang/Project/miro-clone/node_modules/jest-circus/build/run.js:316:40)
          at processTicksAndRejections (node:internal/process/task_queues:105:5)
          at _runTest (/Users/shuhaozhang/Project/miro-clone/node_modules/jest-circus/build/run.js:252:3)
          at _runTestsForDescribeBlock (/Users/shuhaozhang/Project/miro-clone/node_modules/jest-circus/build/run.js:126:9)
          at _runTestsForDescribeBlock (/Users/shuhaozhang/Project/miro-clone/node_modules/jest-circus/build/run.js:121:9)
          at _runTestsForDescribeBlock (/Users/shuhaozhang/Project/miro-clone/node_modules/jest-circus/build/run.js:121:9)
          at run (/Users/shuhaozhang/Project/miro-clone/node_modules/jest-circus/build/run.js:71:3)
          at runAndTransformResultsToJestFormat (/Users/shuhaozhang/Project/miro-clone/node_modules/jest-circus/build/legacy-code-todo-rewrite/jestAdapterInit.js:122:21)
          at jestAdapter (/Users/shuhaozhang/Project/miro-clone/node_modules/jest-circus/build/legacy-code-todo-rewrite/jestAdapter.js:79:19)
          at runTestInternal (/Users/shuhaozhang/Project/miro-clone/node_modules/jest-runner/build/runTest.js:367:16)
          at runTest (/Users/shuhaozhang/Project/miro-clone/node_modules/jest-runner/build/runTest.js:444:34)
          at Object.worker (/Users/shuhaozhang/Project/miro-clone/node_modules/jest-runner/build/testWorker.js:106:12)

      74 |         setIsInitialized(true)
      75 |       } catch (error) {
    > 76 |         console.error('Failed to initialize canvas:', error)
         |                 ^
      77 |         if (engine && !disposed) {
      78 |           try {
      79 |             engine.dispose()

      at error (src/hooks/useCanvas.ts:76:17)
      at initCanvas (src/hooks/useCanvas.ts:87:5)
      at commitHookEffectListMount (node_modules/react-dom/cjs/react-dom.development.js:23189:26)
      at commitPassiveMountOnFiber (node_modules/react-dom/cjs/react-dom.development.js:24970:11)
      at commitPassiveMountEffects_complete (node_modules/react-dom/cjs/react-dom.development.js:24930:9)
      at commitPassiveMountEffects_begin (node_modules/react-dom/cjs/react-dom.development.js:24917:7)
      at commitPassiveMountEffects (node_modules/react-dom/cjs/react-dom.development.js:24905:3)
      at flushPassiveEffectsImpl (node_modules/react-dom/cjs/react-dom.development.js:27078:3)
      at flushPassiveEffects (node_modules/react-dom/cjs/react-dom.development.js:27023:14)
      at node_modules/react-dom/cjs/react-dom.development.js:26808:9
      at flushActQueue (node_modules/react/cjs/react.development.js:2667:24)
      at act (node_modules/react/cjs/react.development.js:2582:11)
      at node_modules/@testing-library/react/dist/act-compat.js:47:25
      at renderRoot (node_modules/@testing-library/react/dist/pure.js:180:26)
      at render (node_modules/@testing-library/react/dist/pure.js:271:10)
      at Object.<anonymous> (src/__tests__/integration/whiteboard-integration.test.tsx:95:13)

    console.error
      Failed to initialize canvas: TypeError: canvas.getElement is not a function
          at CanvasEngine.getElement [as initializeCanvas] (/Users/shuhaozhang/Project/miro-clone/src/lib/canvas-engine.ts:93:29)
          at new initializeCanvas (/Users/shuhaozhang/Project/miro-clone/src/lib/canvas-engine.ts:72:24)
          at initCanvas (/Users/shuhaozhang/Project/miro-clone/src/hooks/useCanvas.ts:45:18)
          at initCanvas (/Users/shuhaozhang/Project/miro-clone/src/hooks/useCanvas.ts:87:5)
          at commitHookEffectListMount (/Users/shuhaozhang/Project/miro-clone/node_modules/react-dom/cjs/react-dom.development.js:23189:26)
          at commitPassiveMountOnFiber (/Users/shuhaozhang/Project/miro-clone/node_modules/react-dom/cjs/react-dom.development.js:24970:11)
          at commitPassiveMountEffects_complete (/Users/shuhaozhang/Project/miro-clone/node_modules/react-dom/cjs/react-dom.development.js:24930:9)
          at commitPassiveMountEffects_begin (/Users/shuhaozhang/Project/miro-clone/node_modules/react-dom/cjs/react-dom.development.js:24917:7)
          at commitPassiveMountEffects (/Users/shuhaozhang/Project/miro-clone/node_modules/react-dom/cjs/react-dom.development.js:24905:3)
          at flushPassiveEffectsImpl (/Users/shuhaozhang/Project/miro-clone/node_modules/react-dom/cjs/react-dom.development.js:27078:3)
          at flushPassiveEffects (/Users/shuhaozhang/Project/miro-clone/node_modules/react-dom/cjs/react-dom.development.js:27023:14)
          at /Users/shuhaozhang/Project/miro-clone/node_modules/react-dom/cjs/react-dom.development.js:26808:9
          at flushActQueue (/Users/shuhaozhang/Project/miro-clone/node_modules/react/cjs/react.development.js:2667:24)
          at act (/Users/shuhaozhang/Project/miro-clone/node_modules/react/cjs/react.development.js:2582:11)
          at /Users/shuhaozhang/Project/miro-clone/node_modules/@testing-library/react/dist/act-compat.js:47:25
          at renderRoot (/Users/shuhaozhang/Project/miro-clone/node_modules/@testing-library/react/dist/pure.js:180:26)
          at render (/Users/shuhaozhang/Project/miro-clone/node_modules/@testing-library/react/dist/pure.js:271:10)
          at Object.<anonymous> (/Users/shuhaozhang/Project/miro-clone/src/__tests__/integration/whiteboard-integration.test.tsx:114:13)
          at Promise.then.completed (/Users/shuhaozhang/Project/miro-clone/node_modules/jest-circus/build/utils.js:298:28)
          at new Promise (<anonymous>)
          at callAsyncCircusFn (/Users/shuhaozhang/Project/miro-clone/node_modules/jest-circus/build/utils.js:231:10)
          at _callCircusTest (/Users/shuhaozhang/Project/miro-clone/node_modules/jest-circus/build/run.js:316:40)
          at processTicksAndRejections (node:internal/process/task_queues:105:5)
          at _runTest (/Users/shuhaozhang/Project/miro-clone/node_modules/jest-circus/build/run.js:252:3)
          at _runTestsForDescribeBlock (/Users/shuhaozhang/Project/miro-clone/node_modules/jest-circus/build/run.js:126:9)
          at _runTestsForDescribeBlock (/Users/shuhaozhang/Project/miro-clone/node_modules/jest-circus/build/run.js:121:9)
          at _runTestsForDescribeBlock (/Users/shuhaozhang/Project/miro-clone/node_modules/jest-circus/build/run.js:121:9)
          at run (/Users/shuhaozhang/Project/miro-clone/node_modules/jest-circus/build/run.js:71:3)
          at runAndTransformResultsToJestFormat (/Users/shuhaozhang/Project/miro-clone/node_modules/jest-circus/build/legacy-code-todo-rewrite/jestAdapterInit.js:122:21)
          at jestAdapter (/Users/shuhaozhang/Project/miro-clone/node_modules/jest-circus/build/legacy-code-todo-rewrite/jestAdapter.js:79:19)
          at runTestInternal (/Users/shuhaozhang/Project/miro-clone/node_modules/jest-runner/build/runTest.js:367:16)
          at runTest (/Users/shuhaozhang/Project/miro-clone/node_modules/jest-runner/build/runTest.js:444:34)
          at Object.worker (/Users/shuhaozhang/Project/miro-clone/node_modules/jest-runner/build/testWorker.js:106:12)

      74 |         setIsInitialized(true)
      75 |       } catch (error) {
    > 76 |         console.error('Failed to initialize canvas:', error)
         |                 ^
      77 |         if (engine && !disposed) {
      78 |           try {
      79 |             engine.dispose()

      at error (src/hooks/useCanvas.ts:76:17)
      at initCanvas (src/hooks/useCanvas.ts:87:5)
      at commitHookEffectListMount (node_modules/react-dom/cjs/react-dom.development.js:23189:26)
      at commitPassiveMountOnFiber (node_modules/react-dom/cjs/react-dom.development.js:24970:11)
      at commitPassiveMountEffects_complete (node_modules/react-dom/cjs/react-dom.development.js:24930:9)
      at commitPassiveMountEffects_begin (node_modules/react-dom/cjs/react-dom.development.js:24917:7)
      at commitPassiveMountEffects (node_modules/react-dom/cjs/react-dom.development.js:24905:3)
      at flushPassiveEffectsImpl (node_modules/react-dom/cjs/react-dom.development.js:27078:3)
      at flushPassiveEffects (node_modules/react-dom/cjs/react-dom.development.js:27023:14)
      at node_modules/react-dom/cjs/react-dom.development.js:26808:9
      at flushActQueue (node_modules/react/cjs/react.development.js:2667:24)
      at act (node_modules/react/cjs/react.development.js:2582:11)
      at node_modules/@testing-library/react/dist/act-compat.js:47:25
      at renderRoot (node_modules/@testing-library/react/dist/pure.js:180:26)
      at render (node_modules/@testing-library/react/dist/pure.js:271:10)
      at Object.<anonymous> (src/__tests__/integration/whiteboard-integration.test.tsx:114:13)

    console.error
      Failed to initialize canvas: TypeError: canvas.getElement is not a function
          at CanvasEngine.getElement [as initializeCanvas] (/Users/shuhaozhang/Project/miro-clone/src/lib/canvas-engine.ts:93:29)
          at new initializeCanvas (/Users/shuhaozhang/Project/miro-clone/src/lib/canvas-engine.ts:72:24)
          at initCanvas (/Users/shuhaozhang/Project/miro-clone/src/hooks/useCanvas.ts:45:18)
          at initCanvas (/Users/shuhaozhang/Project/miro-clone/src/hooks/useCanvas.ts:87:5)
          at commitHookEffectListMount (/Users/shuhaozhang/Project/miro-clone/node_modules/react-dom/cjs/react-dom.development.js:23189:26)
          at commitPassiveMountOnFiber (/Users/shuhaozhang/Project/miro-clone/node_modules/react-dom/cjs/react-dom.development.js:24970:11)
          at commitPassiveMountEffects_complete (/Users/shuhaozhang/Project/miro-clone/node_modules/react-dom/cjs/react-dom.development.js:24930:9)
          at commitPassiveMountEffects_begin (/Users/shuhaozhang/Project/miro-clone/node_modules/react-dom/cjs/react-dom.development.js:24917:7)
          at commitPassiveMountEffects (/Users/shuhaozhang/Project/miro-clone/node_modules/react-dom/cjs/react-dom.development.js:24905:3)
          at flushPassiveEffectsImpl (/Users/shuhaozhang/Project/miro-clone/node_modules/react-dom/cjs/react-dom.development.js:27078:3)
          at flushPassiveEffects (/Users/shuhaozhang/Project/miro-clone/node_modules/react-dom/cjs/react-dom.development.js:27023:14)
          at /Users/shuhaozhang/Project/miro-clone/node_modules/react-dom/cjs/react-dom.development.js:26808:9
          at flushActQueue (/Users/shuhaozhang/Project/miro-clone/node_modules/react/cjs/react.development.js:2667:24)
          at act (/Users/shuhaozhang/Project/miro-clone/node_modules/react/cjs/react.development.js:2582:11)
          at /Users/shuhaozhang/Project/miro-clone/node_modules/@testing-library/react/dist/act-compat.js:47:25
          at renderRoot (/Users/shuhaozhang/Project/miro-clone/node_modules/@testing-library/react/dist/pure.js:180:26)
          at render (/Users/shuhaozhang/Project/miro-clone/node_modules/@testing-library/react/dist/pure.js:271:10)
          at Object.<anonymous> (/Users/shuhaozhang/Project/miro-clone/src/__tests__/integration/whiteboard-integration.test.tsx:126:13)
          at Promise.then.completed (/Users/shuhaozhang/Project/miro-clone/node_modules/jest-circus/build/utils.js:298:28)
          at new Promise (<anonymous>)
          at callAsyncCircusFn (/Users/shuhaozhang/Project/miro-clone/node_modules/jest-circus/build/utils.js:231:10)
          at _callCircusTest (/Users/shuhaozhang/Project/miro-clone/node_modules/jest-circus/build/run.js:316:40)
          at processTicksAndRejections (node:internal/process/task_queues:105:5)
          at _runTest (/Users/shuhaozhang/Project/miro-clone/node_modules/jest-circus/build/run.js:252:3)
          at _runTestsForDescribeBlock (/Users/shuhaozhang/Project/miro-clone/node_modules/jest-circus/build/run.js:126:9)
          at _runTestsForDescribeBlock (/Users/shuhaozhang/Project/miro-clone/node_modules/jest-circus/build/run.js:121:9)
          at _runTestsForDescribeBlock (/Users/shuhaozhang/Project/miro-clone/node_modules/jest-circus/build/run.js:121:9)
          at run (/Users/shuhaozhang/Project/miro-clone/node_modules/jest-circus/build/run.js:71:3)
          at runAndTransformResultsToJestFormat (/Users/shuhaozhang/Project/miro-clone/node_modules/jest-circus/build/legacy-code-todo-rewrite/jestAdapterInit.js:122:21)
          at jestAdapter (/Users/shuhaozhang/Project/miro-clone/node_modules/jest-circus/build/legacy-code-todo-rewrite/jestAdapter.js:79:19)
          at runTestInternal (/Users/shuhaozhang/Project/miro-clone/node_modules/jest-runner/build/runTest.js:367:16)
          at runTest (/Users/shuhaozhang/Project/miro-clone/node_modules/jest-runner/build/runTest.js:444:34)
          at Object.worker (/Users/shuhaozhang/Project/miro-clone/node_modules/jest-runner/build/testWorker.js:106:12)

      74 |         setIsInitialized(true)
      75 |       } catch (error) {
    > 76 |         console.error('Failed to initialize canvas:', error)
         |                 ^
      77 |         if (engine && !disposed) {
      78 |           try {
      79 |             engine.dispose()

      at error (src/hooks/useCanvas.ts:76:17)
      at initCanvas (src/hooks/useCanvas.ts:87:5)
      at commitHookEffectListMount (node_modules/react-dom/cjs/react-dom.development.js:23189:26)
      at commitPassiveMountOnFiber (node_modules/react-dom/cjs/react-dom.development.js:24970:11)
      at commitPassiveMountEffects_complete (node_modules/react-dom/cjs/react-dom.development.js:24930:9)
      at commitPassiveMountEffects_begin (node_modules/react-dom/cjs/react-dom.development.js:24917:7)
      at commitPassiveMountEffects (node_modules/react-dom/cjs/react-dom.development.js:24905:3)
      at flushPassiveEffectsImpl (node_modules/react-dom/cjs/react-dom.development.js:27078:3)
      at flushPassiveEffects (node_modules/react-dom/cjs/react-dom.development.js:27023:14)
      at node_modules/react-dom/cjs/react-dom.development.js:26808:9
      at flushActQueue (node_modules/react/cjs/react.development.js:2667:24)
      at act (node_modules/react/cjs/react.development.js:2582:11)
      at node_modules/@testing-library/react/dist/act-compat.js:47:25
      at renderRoot (node_modules/@testing-library/react/dist/pure.js:180:26)
      at render (node_modules/@testing-library/react/dist/pure.js:271:10)
      at Object.<anonymous> (src/__tests__/integration/whiteboard-integration.test.tsx:126:13)

    console.error
      Warning: An update to Grid inside a test was not wrapped in act(...).
      
      When testing, code that causes React state updates should be wrapped into act(...):
      
      act(() => {
        /* fire events that update state */
      });
      /* assert on the output */
      
      This ensures that you're testing the behavior the user would see in the browser. Learn more at https://reactjs.org/link/wrap-tests-with-act
          at className (/Users/shuhaozhang/Project/miro-clone/src/components/Grid.tsx:11:45)
          at div
          at div
          at boardId (/Users/shuhaozhang/Project/miro-clone/src/components/Whiteboard.tsx:19:57)

      111 |     
      112 |     // Tool actions
    > 113 |     setTool: (tool) => set({ tool }),
          |                        ^
      114 |     
      115 |     // UI actions
      116 |     toggleGrid: () => set((state) => ({ isGridVisible: !state.isGridVisible })),

      at printWarning (node_modules/react-dom/cjs/react-dom.development.js:86:30)
      at error (node_modules/react-dom/cjs/react-dom.development.js:60:7)
      at warnIfUpdatesNotWrappedWithActDEV (node_modules/react-dom/cjs/react-dom.development.js:27628:9)
      at scheduleUpdateOnFiber (node_modules/react-dom/cjs/react-dom.development.js:25547:5)
      at forceStoreRerender (node_modules/react-dom/cjs/react-dom.development.js:16158:5)
      at handleStoreChange (node_modules/react-dom/cjs/react-dom.development.js:16134:7)
      at node_modules/zustand/vanilla.js:12:16
          at Set.forEach (<anonymous>)
      at setState (node_modules/zustand/vanilla.js:11:17)
      at set (src/store/useCanvasStore.ts:113:24)
      at setTool (src/components/ToolPanel.tsx:39:5)
      at handleToolSelect (src/components/ToolPanel.tsx:50:30)
      at HTMLUnknownElement.callCallback (node_modules/react-dom/cjs/react-dom.development.js:4164:14)
      at Object.invokeGuardedCallbackDev (node_modules/react-dom/cjs/react-dom.development.js:4213:16)
      at invokeGuardedCallback (node_modules/react-dom/cjs/react-dom.development.js:4277:31)
      at invokeGuardedCallbackAndCatchFirstError (node_modules/react-dom/cjs/react-dom.development.js:4291:25)
      at executeDispatch (node_modules/react-dom/cjs/react-dom.development.js:9041:3)
      at processDispatchQueueItemsInOrder (node_modules/react-dom/cjs/react-dom.development.js:9073:7)
      at processDispatchQueue (node_modules/react-dom/cjs/react-dom.development.js:9086:5)
      at dispatchEventsForPlugins (node_modules/react-dom/cjs/react-dom.development.js:9097:3)
      at node_modules/react-dom/cjs/react-dom.development.js:9288:12
      at batchedUpdates$1 (node_modules/react-dom/cjs/react-dom.development.js:26179:12)
      at batchedUpdates (node_modules/react-dom/cjs/react-dom.development.js:3991:12)
      at dispatchEventForPluginEventSystem (node_modules/react-dom/cjs/react-dom.development.js:9287:3)
      at dispatchEventWithEnableCapturePhaseSelectiveHydrationWithoutDiscreteEventReplay (node_modules/react-dom/cjs/react-dom.development.js:6465:5)
      at dispatchEvent (node_modules/react-dom/cjs/react-dom.development.js:6457:5)
      at dispatchDiscreteEvent (node_modules/react-dom/cjs/react-dom.development.js:6430:5)
      at node_modules/@testing-library/user-event/dist/cjs/event/dispatchEvent.js:45:43
      at Object.eventWrapper (node_modules/@testing-library/dom/dist/config.js:25:23)
      at Object.wrapEvent (node_modules/@testing-library/user-event/dist/cjs/event/wrapEvent.js:6:28)
      at Object.dispatchEvent (node_modules/@testing-library/user-event/dist/cjs/event/dispatchEvent.js:45:22)
      at Object.dispatchUIEvent (node_modules/@testing-library/user-event/dist/cjs/event/dispatchEvent.js:22:26)
      at Mouse.up (node_modules/@testing-library/user-event/dist/cjs/system/pointer/mouse.js:100:30)
      at PointerHost.release (node_modules/@testing-library/user-event/dist/cjs/system/pointer/index.js:87:24)
      at pointerAction (node_modules/@testing-library/user-event/dist/cjs/pointer/index.js:54:47)
      at Object.pointer (node_modules/@testing-library/user-event/dist/cjs/pointer/index.js:27:9)
      at Object.<anonymous> (src/__tests__/integration/whiteboard-integration.test.tsx:130:7)

    console.error
      Warning: An update to Toolbar inside a test was not wrapped in act(...).
      
      When testing, code that causes React state updates should be wrapped into act(...):
      
      act(() => {
        /* fire events that update state */
      });
      /* assert on the output */
      
      This ensures that you're testing the behavior the user would see in the browser. Learn more at https://reactjs.org/link/wrap-tests-with-act
          at onZoomIn (/Users/shuhaozhang/Project/miro-clone/src/components/Toolbar.tsx:29:3)
          at div
          at div
          at boardId (/Users/shuhaozhang/Project/miro-clone/src/components/Whiteboard.tsx:19:57)

      111 |     
      112 |     // Tool actions
    > 113 |     setTool: (tool) => set({ tool }),
          |                        ^
      114 |     
      115 |     // UI actions
      116 |     toggleGrid: () => set((state) => ({ isGridVisible: !state.isGridVisible })),

      at printWarning (node_modules/react-dom/cjs/react-dom.development.js:86:30)
      at error (node_modules/react-dom/cjs/react-dom.development.js:60:7)
      at warnIfUpdatesNotWrappedWithActDEV (node_modules/react-dom/cjs/react-dom.development.js:27628:9)
      at scheduleUpdateOnFiber (node_modules/react-dom/cjs/react-dom.development.js:25547:5)
      at forceStoreRerender (node_modules/react-dom/cjs/react-dom.development.js:16158:5)
      at handleStoreChange (node_modules/react-dom/cjs/react-dom.development.js:16134:7)
      at node_modules/zustand/vanilla.js:12:16
          at Set.forEach (<anonymous>)
      at setState (node_modules/zustand/vanilla.js:11:17)
      at set (src/store/useCanvasStore.ts:113:24)
      at setTool (src/components/ToolPanel.tsx:39:5)
      at handleToolSelect (src/components/ToolPanel.tsx:50:30)
      at HTMLUnknownElement.callCallback (node_modules/react-dom/cjs/react-dom.development.js:4164:14)
      at Object.invokeGuardedCallbackDev (node_modules/react-dom/cjs/react-dom.development.js:4213:16)
      at invokeGuardedCallback (node_modules/react-dom/cjs/react-dom.development.js:4277:31)
      at invokeGuardedCallbackAndCatchFirstError (node_modules/react-dom/cjs/react-dom.development.js:4291:25)
      at executeDispatch (node_modules/react-dom/cjs/react-dom.development.js:9041:3)
      at processDispatchQueueItemsInOrder (node_modules/react-dom/cjs/react-dom.development.js:9073:7)
      at processDispatchQueue (node_modules/react-dom/cjs/react-dom.development.js:9086:5)
      at dispatchEventsForPlugins (node_modules/react-dom/cjs/react-dom.development.js:9097:3)
      at node_modules/react-dom/cjs/react-dom.development.js:9288:12
      at batchedUpdates$1 (node_modules/react-dom/cjs/react-dom.development.js:26179:12)
      at batchedUpdates (node_modules/react-dom/cjs/react-dom.development.js:3991:12)
      at dispatchEventForPluginEventSystem (node_modules/react-dom/cjs/react-dom.development.js:9287:3)
      at dispatchEventWithEnableCapturePhaseSelectiveHydrationWithoutDiscreteEventReplay (node_modules/react-dom/cjs/react-dom.development.js:6465:5)
      at dispatchEvent (node_modules/react-dom/cjs/react-dom.development.js:6457:5)
      at dispatchDiscreteEvent (node_modules/react-dom/cjs/react-dom.development.js:6430:5)
      at node_modules/@testing-library/user-event/dist/cjs/event/dispatchEvent.js:45:43
      at Object.eventWrapper (node_modules/@testing-library/dom/dist/config.js:25:23)
      at Object.wrapEvent (node_modules/@testing-library/user-event/dist/cjs/event/wrapEvent.js:6:28)
      at Object.dispatchEvent (node_modules/@testing-library/user-event/dist/cjs/event/dispatchEvent.js:45:22)
      at Object.dispatchUIEvent (node_modules/@testing-library/user-event/dist/cjs/event/dispatchEvent.js:22:26)
      at Mouse.up (node_modules/@testing-library/user-event/dist/cjs/system/pointer/mouse.js:100:30)
      at PointerHost.release (node_modules/@testing-library/user-event/dist/cjs/system/pointer/index.js:87:24)
      at pointerAction (node_modules/@testing-library/user-event/dist/cjs/pointer/index.js:54:47)
      at Object.pointer (node_modules/@testing-library/user-event/dist/cjs/pointer/index.js:27:9)
      at Object.<anonymous> (src/__tests__/integration/whiteboard-integration.test.tsx:130:7)

    console.error
      Warning: An update to ToolPanel inside a test was not wrapped in act(...).
      
      When testing, code that causes React state updates should be wrapped into act(...):
      
      act(() => {
        /* fire events that update state */
      });
      /* assert on the output */
      
      This ensures that you're testing the behavior the user would see in the browser. Learn more at https://reactjs.org/link/wrap-tests-with-act
          at ToolPanel (/Users/shuhaozhang/Project/miro-clone/src/components/ToolPanel.tsx:36:43)
          at div
          at div
          at boardId (/Users/shuhaozhang/Project/miro-clone/src/components/Whiteboard.tsx:19:57)

      111 |     
      112 |     // Tool actions
    > 113 |     setTool: (tool) => set({ tool }),
          |                        ^
      114 |     
      115 |     // UI actions
      116 |     toggleGrid: () => set((state) => ({ isGridVisible: !state.isGridVisible })),

      at printWarning (node_modules/react-dom/cjs/react-dom.development.js:86:30)
      at error (node_modules/react-dom/cjs/react-dom.development.js:60:7)
      at warnIfUpdatesNotWrappedWithActDEV (node_modules/react-dom/cjs/react-dom.development.js:27628:9)
      at scheduleUpdateOnFiber (node_modules/react-dom/cjs/react-dom.development.js:25547:5)
      at forceStoreRerender (node_modules/react-dom/cjs/react-dom.development.js:16158:5)
      at handleStoreChange (node_modules/react-dom/cjs/react-dom.development.js:16134:7)
      at node_modules/zustand/vanilla.js:12:16
          at Set.forEach (<anonymous>)
      at setState (node_modules/zustand/vanilla.js:11:17)
      at set (src/store/useCanvasStore.ts:113:24)
      at setTool (src/components/ToolPanel.tsx:39:5)
      at handleToolSelect (src/components/ToolPanel.tsx:50:30)
      at HTMLUnknownElement.callCallback (node_modules/react-dom/cjs/react-dom.development.js:4164:14)
      at Object.invokeGuardedCallbackDev (node_modules/react-dom/cjs/react-dom.development.js:4213:16)
      at invokeGuardedCallback (node_modules/react-dom/cjs/react-dom.development.js:4277:31)
      at invokeGuardedCallbackAndCatchFirstError (node_modules/react-dom/cjs/react-dom.development.js:4291:25)
      at executeDispatch (node_modules/react-dom/cjs/react-dom.development.js:9041:3)
      at processDispatchQueueItemsInOrder (node_modules/react-dom/cjs/react-dom.development.js:9073:7)
      at processDispatchQueue (node_modules/react-dom/cjs/react-dom.development.js:9086:5)
      at dispatchEventsForPlugins (node_modules/react-dom/cjs/react-dom.development.js:9097:3)
      at node_modules/react-dom/cjs/react-dom.development.js:9288:12
      at batchedUpdates$1 (node_modules/react-dom/cjs/react-dom.development.js:26179:12)
      at batchedUpdates (node_modules/react-dom/cjs/react-dom.development.js:3991:12)
      at dispatchEventForPluginEventSystem (node_modules/react-dom/cjs/react-dom.development.js:9287:3)
      at dispatchEventWithEnableCapturePhaseSelectiveHydrationWithoutDiscreteEventReplay (node_modules/react-dom/cjs/react-dom.development.js:6465:5)
      at dispatchEvent (node_modules/react-dom/cjs/react-dom.development.js:6457:5)
      at dispatchDiscreteEvent (node_modules/react-dom/cjs/react-dom.development.js:6430:5)
      at node_modules/@testing-library/user-event/dist/cjs/event/dispatchEvent.js:45:43
      at Object.eventWrapper (node_modules/@testing-library/dom/dist/config.js:25:23)
      at Object.wrapEvent (node_modules/@testing-library/user-event/dist/cjs/event/wrapEvent.js:6:28)
      at Object.dispatchEvent (node_modules/@testing-library/user-event/dist/cjs/event/dispatchEvent.js:45:22)
      at Object.dispatchUIEvent (node_modules/@testing-library/user-event/dist/cjs/event/dispatchEvent.js:22:26)
      at Mouse.up (node_modules/@testing-library/user-event/dist/cjs/system/pointer/mouse.js:100:30)
      at PointerHost.release (node_modules/@testing-library/user-event/dist/cjs/system/pointer/index.js:87:24)
      at pointerAction (node_modules/@testing-library/user-event/dist/cjs/pointer/index.js:54:47)
      at Object.pointer (node_modules/@testing-library/user-event/dist/cjs/pointer/index.js:27:9)
      at Object.<anonymous> (src/__tests__/integration/whiteboard-integration.test.tsx:130:7)

    console.error
      Warning: An update to CollaborationPanel inside a test was not wrapped in act(...).
      
      When testing, code that causes React state updates should be wrapped into act(...):
      
      act(() => {
        /* fire events that update state */
      });
      /* assert on the output */
      
      This ensures that you're testing the behavior the user would see in the browser. Learn more at https://reactjs.org/link/wrap-tests-with-act
          at CollaborationPanel (/Users/shuhaozhang/Project/miro-clone/src/components/CollaborationPanel.tsx:13:56)
          at div
          at div
          at boardId (/Users/shuhaozhang/Project/miro-clone/src/components/Whiteboard.tsx:19:57)

      111 |     
      112 |     // Tool actions
    > 113 |     setTool: (tool) => set({ tool }),
          |                        ^
      114 |     
      115 |     // UI actions
      116 |     toggleGrid: () => set((state) => ({ isGridVisible: !state.isGridVisible })),

      at printWarning (node_modules/react-dom/cjs/react-dom.development.js:86:30)
      at error (node_modules/react-dom/cjs/react-dom.development.js:60:7)
      at warnIfUpdatesNotWrappedWithActDEV (node_modules/react-dom/cjs/react-dom.development.js:27628:9)
      at scheduleUpdateOnFiber (node_modules/react-dom/cjs/react-dom.development.js:25547:5)
      at forceStoreRerender (node_modules/react-dom/cjs/react-dom.development.js:16158:5)
      at handleStoreChange (node_modules/react-dom/cjs/react-dom.development.js:16134:7)
      at node_modules/zustand/vanilla.js:12:16
          at Set.forEach (<anonymous>)
      at setState (node_modules/zustand/vanilla.js:11:17)
      at set (src/store/useCanvasStore.ts:113:24)
      at setTool (src/components/ToolPanel.tsx:39:5)
      at handleToolSelect (src/components/ToolPanel.tsx:50:30)
      at HTMLUnknownElement.callCallback (node_modules/react-dom/cjs/react-dom.development.js:4164:14)
      at Object.invokeGuardedCallbackDev (node_modules/react-dom/cjs/react-dom.development.js:4213:16)
      at invokeGuardedCallback (node_modules/react-dom/cjs/react-dom.development.js:4277:31)
      at invokeGuardedCallbackAndCatchFirstError (node_modules/react-dom/cjs/react-dom.development.js:4291:25)
      at executeDispatch (node_modules/react-dom/cjs/react-dom.development.js:9041:3)
      at processDispatchQueueItemsInOrder (node_modules/react-dom/cjs/react-dom.development.js:9073:7)
      at processDispatchQueue (node_modules/react-dom/cjs/react-dom.development.js:9086:5)
      at dispatchEventsForPlugins (node_modules/react-dom/cjs/react-dom.development.js:9097:3)
      at node_modules/react-dom/cjs/react-dom.development.js:9288:12
      at batchedUpdates$1 (node_modules/react-dom/cjs/react-dom.development.js:26179:12)
      at batchedUpdates (node_modules/react-dom/cjs/react-dom.development.js:3991:12)
      at dispatchEventForPluginEventSystem (node_modules/react-dom/cjs/react-dom.development.js:9287:3)
      at dispatchEventWithEnableCapturePhaseSelectiveHydrationWithoutDiscreteEventReplay (node_modules/react-dom/cjs/react-dom.development.js:6465:5)
      at dispatchEvent (node_modules/react-dom/cjs/react-dom.development.js:6457:5)
      at dispatchDiscreteEvent (node_modules/react-dom/cjs/react-dom.development.js:6430:5)
      at node_modules/@testing-library/user-event/dist/cjs/event/dispatchEvent.js:45:43
      at Object.eventWrapper (node_modules/@testing-library/dom/dist/config.js:25:23)
      at Object.wrapEvent (node_modules/@testing-library/user-event/dist/cjs/event/wrapEvent.js:6:28)
      at Object.dispatchEvent (node_modules/@testing-library/user-event/dist/cjs/event/dispatchEvent.js:45:22)
      at Object.dispatchUIEvent (node_modules/@testing-library/user-event/dist/cjs/event/dispatchEvent.js:22:26)
      at Mouse.up (node_modules/@testing-library/user-event/dist/cjs/system/pointer/mouse.js:100:30)
      at PointerHost.release (node_modules/@testing-library/user-event/dist/cjs/system/pointer/index.js:87:24)
      at pointerAction (node_modules/@testing-library/user-event/dist/cjs/pointer/index.js:54:47)
      at Object.pointer (node_modules/@testing-library/user-event/dist/cjs/pointer/index.js:27:9)
      at Object.<anonymous> (src/__tests__/integration/whiteboard-integration.test.tsx:130:7)

    console.error
      Warning: An update to Whiteboard inside a test was not wrapped in act(...).
      
      When testing, code that causes React state updates should be wrapped into act(...):
      
      act(() => {
        /* fire events that update state */
      });
      /* assert on the output */
      
      This ensures that you're testing the behavior the user would see in the browser. Learn more at https://reactjs.org/link/wrap-tests-with-act
          at boardId (/Users/shuhaozhang/Project/miro-clone/src/components/Whiteboard.tsx:19:57)

      111 |     
      112 |     // Tool actions
    > 113 |     setTool: (tool) => set({ tool }),
          |                        ^
      114 |     
      115 |     // UI actions
      116 |     toggleGrid: () => set((state) => ({ isGridVisible: !state.isGridVisible })),

      at printWarning (node_modules/react-dom/cjs/react-dom.development.js:86:30)
      at error (node_modules/react-dom/cjs/react-dom.development.js:60:7)
      at warnIfUpdatesNotWrappedWithActDEV (node_modules/react-dom/cjs/react-dom.development.js:27628:9)
      at scheduleUpdateOnFiber (node_modules/react-dom/cjs/react-dom.development.js:25547:5)
      at forceStoreRerender (node_modules/react-dom/cjs/react-dom.development.js:16158:5)
      at handleStoreChange (node_modules/react-dom/cjs/react-dom.development.js:16134:7)
      at node_modules/zustand/vanilla.js:12:16
          at Set.forEach (<anonymous>)
      at setState (node_modules/zustand/vanilla.js:11:17)
      at set (src/store/useCanvasStore.ts:113:24)
      at setTool (src/components/ToolPanel.tsx:39:5)
      at handleToolSelect (src/components/ToolPanel.tsx:50:30)
      at HTMLUnknownElement.callCallback (node_modules/react-dom/cjs/react-dom.development.js:4164:14)
      at Object.invokeGuardedCallbackDev (node_modules/react-dom/cjs/react-dom.development.js:4213:16)
      at invokeGuardedCallback (node_modules/react-dom/cjs/react-dom.development.js:4277:31)
      at invokeGuardedCallbackAndCatchFirstError (node_modules/react-dom/cjs/react-dom.development.js:4291:25)
      at executeDispatch (node_modules/react-dom/cjs/react-dom.development.js:9041:3)
      at processDispatchQueueItemsInOrder (node_modules/react-dom/cjs/react-dom.development.js:9073:7)
      at processDispatchQueue (node_modules/react-dom/cjs/react-dom.development.js:9086:5)
      at dispatchEventsForPlugins (node_modules/react-dom/cjs/react-dom.development.js:9097:3)
      at node_modules/react-dom/cjs/react-dom.development.js:9288:12
      at batchedUpdates$1 (node_modules/react-dom/cjs/react-dom.development.js:26179:12)
      at batchedUpdates (node_modules/react-dom/cjs/react-dom.development.js:3991:12)
      at dispatchEventForPluginEventSystem (node_modules/react-dom/cjs/react-dom.development.js:9287:3)
      at dispatchEventWithEnableCapturePhaseSelectiveHydrationWithoutDiscreteEventReplay (node_modules/react-dom/cjs/react-dom.development.js:6465:5)
      at dispatchEvent (node_modules/react-dom/cjs/react-dom.development.js:6457:5)
      at dispatchDiscreteEvent (node_modules/react-dom/cjs/react-dom.development.js:6430:5)
      at node_modules/@testing-library/user-event/dist/cjs/event/dispatchEvent.js:45:43
      at Object.eventWrapper (node_modules/@testing-library/dom/dist/config.js:25:23)
      at Object.wrapEvent (node_modules/@testing-library/user-event/dist/cjs/event/wrapEvent.js:6:28)
      at Object.dispatchEvent (node_modules/@testing-library/user-event/dist/cjs/event/dispatchEvent.js:45:22)
      at Object.dispatchUIEvent (node_modules/@testing-library/user-event/dist/cjs/event/dispatchEvent.js:22:26)
      at Mouse.up (node_modules/@testing-library/user-event/dist/cjs/system/pointer/mouse.js:100:30)
      at PointerHost.release (node_modules/@testing-library/user-event/dist/cjs/system/pointer/index.js:87:24)
      at pointerAction (node_modules/@testing-library/user-event/dist/cjs/pointer/index.js:54:47)
      at Object.pointer (node_modules/@testing-library/user-event/dist/cjs/pointer/index.js:27:9)
      at Object.<anonymous> (src/__tests__/integration/whiteboard-integration.test.tsx:130:7)

    console.error
      Warning: An update to Whiteboard inside a test was not wrapped in act(...).
      
      When testing, code that causes React state updates should be wrapped into act(...):
      
      act(() => {
        /* fire events that update state */
      });
      /* assert on the output */
      
      This ensures that you're testing the behavior the user would see in the browser. Learn more at https://reactjs.org/link/wrap-tests-with-act
          at boardId (/Users/shuhaozhang/Project/miro-clone/src/components/Whiteboard.tsx:19:57)

      111 |     
      112 |     // Tool actions
    > 113 |     setTool: (tool) => set({ tool }),
          |                        ^
      114 |     
      115 |     // UI actions
      116 |     toggleGrid: () => set((state) => ({ isGridVisible: !state.isGridVisible })),

      at printWarning (node_modules/react-dom/cjs/react-dom.development.js:86:30)
      at error (node_modules/react-dom/cjs/react-dom.development.js:60:7)
      at warnIfUpdatesNotWrappedWithActDEV (node_modules/react-dom/cjs/react-dom.development.js:27628:9)
      at scheduleUpdateOnFiber (node_modules/react-dom/cjs/react-dom.development.js:25547:5)
      at forceStoreRerender (node_modules/react-dom/cjs/react-dom.development.js:16158:5)
      at handleStoreChange (node_modules/react-dom/cjs/react-dom.development.js:16134:7)
      at node_modules/zustand/vanilla.js:12:16
          at Set.forEach (<anonymous>)
      at setState (node_modules/zustand/vanilla.js:11:17)
      at set (src/store/useCanvasStore.ts:113:24)
      at setTool (src/components/ToolPanel.tsx:39:5)
      at handleToolSelect (src/components/ToolPanel.tsx:50:30)
      at HTMLUnknownElement.callCallback (node_modules/react-dom/cjs/react-dom.development.js:4164:14)
      at Object.invokeGuardedCallbackDev (node_modules/react-dom/cjs/react-dom.development.js:4213:16)
      at invokeGuardedCallback (node_modules/react-dom/cjs/react-dom.development.js:4277:31)
      at invokeGuardedCallbackAndCatchFirstError (node_modules/react-dom/cjs/react-dom.development.js:4291:25)
      at executeDispatch (node_modules/react-dom/cjs/react-dom.development.js:9041:3)
      at processDispatchQueueItemsInOrder (node_modules/react-dom/cjs/react-dom.development.js:9073:7)
      at processDispatchQueue (node_modules/react-dom/cjs/react-dom.development.js:9086:5)
      at dispatchEventsForPlugins (node_modules/react-dom/cjs/react-dom.development.js:9097:3)
      at node_modules/react-dom/cjs/react-dom.development.js:9288:12
      at batchedUpdates$1 (node_modules/react-dom/cjs/react-dom.development.js:26179:12)
      at batchedUpdates (node_modules/react-dom/cjs/react-dom.development.js:3991:12)
      at dispatchEventForPluginEventSystem (node_modules/react-dom/cjs/react-dom.development.js:9287:3)
      at dispatchEventWithEnableCapturePhaseSelectiveHydrationWithoutDiscreteEventReplay (node_modules/react-dom/cjs/react-dom.development.js:6465:5)
      at dispatchEvent (node_modules/react-dom/cjs/react-dom.development.js:6457:5)
      at dispatchDiscreteEvent (node_modules/react-dom/cjs/react-dom.development.js:6430:5)
      at node_modules/@testing-library/user-event/dist/cjs/event/dispatchEvent.js:45:43
      at Object.eventWrapper (node_modules/@testing-library/dom/dist/config.js:25:23)
      at Object.wrapEvent (node_modules/@testing-library/user-event/dist/cjs/event/wrapEvent.js:6:28)
      at Object.dispatchEvent (node_modules/@testing-library/user-event/dist/cjs/event/dispatchEvent.js:45:22)
      at Object.dispatchUIEvent (node_modules/@testing-library/user-event/dist/cjs/event/dispatchEvent.js:22:26)
      at Mouse.up (node_modules/@testing-library/user-event/dist/cjs/system/pointer/mouse.js:100:30)
      at PointerHost.release (node_modules/@testing-library/user-event/dist/cjs/system/pointer/index.js:87:24)
      at pointerAction (node_modules/@testing-library/user-event/dist/cjs/pointer/index.js:54:47)
      at Object.pointer (node_modules/@testing-library/user-event/dist/cjs/pointer/index.js:27:9)
      at Object.<anonymous> (src/__tests__/integration/whiteboard-integration.test.tsx:130:7)

    console.error
      Warning: An update to Whiteboard inside a test was not wrapped in act(...).
      
      When testing, code that causes React state updates should be wrapped into act(...):
      
      act(() => {
        /* fire events that update state */
      });
      /* assert on the output */
      
      This ensures that you're testing the behavior the user would see in the browser. Learn more at https://reactjs.org/link/wrap-tests-with-act
          at boardId (/Users/shuhaozhang/Project/miro-clone/src/components/Whiteboard.tsx:19:57)

      111 |     
      112 |     // Tool actions
    > 113 |     setTool: (tool) => set({ tool }),
          |                        ^
      114 |     
      115 |     // UI actions
      116 |     toggleGrid: () => set((state) => ({ isGridVisible: !state.isGridVisible })),

      at printWarning (node_modules/react-dom/cjs/react-dom.development.js:86:30)
      at error (node_modules/react-dom/cjs/react-dom.development.js:60:7)
      at warnIfUpdatesNotWrappedWithActDEV (node_modules/react-dom/cjs/react-dom.development.js:27628:9)
      at scheduleUpdateOnFiber (node_modules/react-dom/cjs/react-dom.development.js:25547:5)
      at forceStoreRerender (node_modules/react-dom/cjs/react-dom.development.js:16158:5)
      at handleStoreChange (node_modules/react-dom/cjs/react-dom.development.js:16134:7)
      at node_modules/zustand/vanilla.js:12:16
          at Set.forEach (<anonymous>)
      at setState (node_modules/zustand/vanilla.js:11:17)
      at set (src/store/useCanvasStore.ts:113:24)
      at setTool (src/components/ToolPanel.tsx:39:5)
      at handleToolSelect (src/components/ToolPanel.tsx:50:30)
      at HTMLUnknownElement.callCallback (node_modules/react-dom/cjs/react-dom.development.js:4164:14)
      at Object.invokeGuardedCallbackDev (node_modules/react-dom/cjs/react-dom.development.js:4213:16)
      at invokeGuardedCallback (node_modules/react-dom/cjs/react-dom.development.js:4277:31)
      at invokeGuardedCallbackAndCatchFirstError (node_modules/react-dom/cjs/react-dom.development.js:4291:25)
      at executeDispatch (node_modules/react-dom/cjs/react-dom.development.js:9041:3)
      at processDispatchQueueItemsInOrder (node_modules/react-dom/cjs/react-dom.development.js:9073:7)
      at processDispatchQueue (node_modules/react-dom/cjs/react-dom.development.js:9086:5)
      at dispatchEventsForPlugins (node_modules/react-dom/cjs/react-dom.development.js:9097:3)
      at node_modules/react-dom/cjs/react-dom.development.js:9288:12
      at batchedUpdates$1 (node_modules/react-dom/cjs/react-dom.development.js:26179:12)
      at batchedUpdates (node_modules/react-dom/cjs/react-dom.development.js:3991:12)
      at dispatchEventForPluginEventSystem (node_modules/react-dom/cjs/react-dom.development.js:9287:3)
      at dispatchEventWithEnableCapturePhaseSelectiveHydrationWithoutDiscreteEventReplay (node_modules/react-dom/cjs/react-dom.development.js:6465:5)
      at dispatchEvent (node_modules/react-dom/cjs/react-dom.development.js:6457:5)
      at dispatchDiscreteEvent (node_modules/react-dom/cjs/react-dom.development.js:6430:5)
      at node_modules/@testing-library/user-event/dist/cjs/event/dispatchEvent.js:45:43
      at Object.eventWrapper (node_modules/@testing-library/dom/dist/config.js:25:23)
      at Object.wrapEvent (node_modules/@testing-library/user-event/dist/cjs/event/wrapEvent.js:6:28)
      at Object.dispatchEvent (node_modules/@testing-library/user-event/dist/cjs/event/dispatchEvent.js:45:22)
      at Object.dispatchUIEvent (node_modules/@testing-library/user-event/dist/cjs/event/dispatchEvent.js:22:26)
      at Mouse.up (node_modules/@testing-library/user-event/dist/cjs/system/pointer/mouse.js:100:30)
      at PointerHost.release (node_modules/@testing-library/user-event/dist/cjs/system/pointer/index.js:87:24)
      at pointerAction (node_modules/@testing-library/user-event/dist/cjs/pointer/index.js:54:47)
      at Object.pointer (node_modules/@testing-library/user-event/dist/cjs/pointer/index.js:27:9)
      at Object.<anonymous> (src/__tests__/integration/whiteboard-integration.test.tsx:130:7)

    console.error
      Warning: An update to Whiteboard inside a test was not wrapped in act(...).
      
      When testing, code that causes React state updates should be wrapped into act(...):
      
      act(() => {
        /* fire events that update state */
      });
      /* assert on the output */
      
      This ensures that you're testing the behavior the user would see in the browser. Learn more at https://reactjs.org/link/wrap-tests-with-act
          at boardId (/Users/shuhaozhang/Project/miro-clone/src/components/Whiteboard.tsx:19:57)

      111 |     
      112 |     // Tool actions
    > 113 |     setTool: (tool) => set({ tool }),
          |                        ^
      114 |     
      115 |     // UI actions
      116 |     toggleGrid: () => set((state) => ({ isGridVisible: !state.isGridVisible })),

      at printWarning (node_modules/react-dom/cjs/react-dom.development.js:86:30)
      at error (node_modules/react-dom/cjs/react-dom.development.js:60:7)
      at warnIfUpdatesNotWrappedWithActDEV (node_modules/react-dom/cjs/react-dom.development.js:27628:9)
      at scheduleUpdateOnFiber (node_modules/react-dom/cjs/react-dom.development.js:25547:5)
      at forceStoreRerender (node_modules/react-dom/cjs/react-dom.development.js:16158:5)
      at handleStoreChange (node_modules/react-dom/cjs/react-dom.development.js:16134:7)
      at node_modules/zustand/vanilla.js:12:16
          at Set.forEach (<anonymous>)
      at setState (node_modules/zustand/vanilla.js:11:17)
      at set (src/store/useCanvasStore.ts:113:24)
      at setTool (src/components/ToolPanel.tsx:39:5)
      at handleToolSelect (src/components/ToolPanel.tsx:50:30)
      at HTMLUnknownElement.callCallback (node_modules/react-dom/cjs/react-dom.development.js:4164:14)
      at Object.invokeGuardedCallbackDev (node_modules/react-dom/cjs/react-dom.development.js:4213:16)
      at invokeGuardedCallback (node_modules/react-dom/cjs/react-dom.development.js:4277:31)
      at invokeGuardedCallbackAndCatchFirstError (node_modules/react-dom/cjs/react-dom.development.js:4291:25)
      at executeDispatch (node_modules/react-dom/cjs/react-dom.development.js:9041:3)
      at processDispatchQueueItemsInOrder (node_modules/react-dom/cjs/react-dom.development.js:9073:7)
      at processDispatchQueue (node_modules/react-dom/cjs/react-dom.development.js:9086:5)
      at dispatchEventsForPlugins (node_modules/react-dom/cjs/react-dom.development.js:9097:3)
      at node_modules/react-dom/cjs/react-dom.development.js:9288:12
      at batchedUpdates$1 (node_modules/react-dom/cjs/react-dom.development.js:26179:12)
      at batchedUpdates (node_modules/react-dom/cjs/react-dom.development.js:3991:12)
      at dispatchEventForPluginEventSystem (node_modules/react-dom/cjs/react-dom.development.js:9287:3)
      at dispatchEventWithEnableCapturePhaseSelectiveHydrationWithoutDiscreteEventReplay (node_modules/react-dom/cjs/react-dom.development.js:6465:5)
      at dispatchEvent (node_modules/react-dom/cjs/react-dom.development.js:6457:5)
      at dispatchDiscreteEvent (node_modules/react-dom/cjs/react-dom.development.js:6430:5)
      at node_modules/@testing-library/user-event/dist/cjs/event/dispatchEvent.js:45:43
      at Object.eventWrapper (node_modules/@testing-library/dom/dist/config.js:25:23)
      at Object.wrapEvent (node_modules/@testing-library/user-event/dist/cjs/event/wrapEvent.js:6:28)
      at Object.dispatchEvent (node_modules/@testing-library/user-event/dist/cjs/event/dispatchEvent.js:45:22)
      at Object.dispatchUIEvent (node_modules/@testing-library/user-event/dist/cjs/event/dispatchEvent.js:22:26)
      at Mouse.up (node_modules/@testing-library/user-event/dist/cjs/system/pointer/mouse.js:100:30)
      at PointerHost.release (node_modules/@testing-library/user-event/dist/cjs/system/pointer/index.js:87:24)
      at pointerAction (node_modules/@testing-library/user-event/dist/cjs/pointer/index.js:54:47)
      at Object.pointer (node_modules/@testing-library/user-event/dist/cjs/pointer/index.js:27:9)
      at Object.<anonymous> (src/__tests__/integration/whiteboard-integration.test.tsx:130:7)

    console.error
      Warning: An update to Grid inside a test was not wrapped in act(...).
      
      When testing, code that causes React state updates should be wrapped into act(...):
      
      act(() => {
        /* fire events that update state */
      });
      /* assert on the output */
      
      This ensures that you're testing the behavior the user would see in the browser. Learn more at https://reactjs.org/link/wrap-tests-with-act
          at className (/Users/shuhaozhang/Project/miro-clone/src/components/Grid.tsx:11:45)
          at div
          at div
          at boardId (/Users/shuhaozhang/Project/miro-clone/src/components/Whiteboard.tsx:19:57)

      111 |     
      112 |     // Tool actions
    > 113 |     setTool: (tool) => set({ tool }),
          |                        ^
      114 |     
      115 |     // UI actions
      116 |     toggleGrid: () => set((state) => ({ isGridVisible: !state.isGridVisible })),

      at printWarning (node_modules/react-dom/cjs/react-dom.development.js:86:30)
      at error (node_modules/react-dom/cjs/react-dom.development.js:60:7)
      at warnIfUpdatesNotWrappedWithActDEV (node_modules/react-dom/cjs/react-dom.development.js:27628:9)
      at scheduleUpdateOnFiber (node_modules/react-dom/cjs/react-dom.development.js:25547:5)
      at forceStoreRerender (node_modules/react-dom/cjs/react-dom.development.js:16158:5)
      at handleStoreChange (node_modules/react-dom/cjs/react-dom.development.js:16134:7)
      at node_modules/zustand/vanilla.js:12:16
          at Set.forEach (<anonymous>)
      at setState (node_modules/zustand/vanilla.js:11:17)
      at set (src/store/useCanvasStore.ts:113:24)
      at setTool (src/components/ToolPanel.tsx:39:5)
      at handleToolSelect (src/components/ToolPanel.tsx:50:30)
      at HTMLUnknownElement.callCallback (node_modules/react-dom/cjs/react-dom.development.js:4164:14)
      at Object.invokeGuardedCallbackDev (node_modules/react-dom/cjs/react-dom.development.js:4213:16)
      at invokeGuardedCallback (node_modules/react-dom/cjs/react-dom.development.js:4277:31)
      at invokeGuardedCallbackAndCatchFirstError (node_modules/react-dom/cjs/react-dom.development.js:4291:25)
      at executeDispatch (node_modules/react-dom/cjs/react-dom.development.js:9041:3)
      at processDispatchQueueItemsInOrder (node_modules/react-dom/cjs/react-dom.development.js:9073:7)
      at processDispatchQueue (node_modules/react-dom/cjs/react-dom.development.js:9086:5)
      at dispatchEventsForPlugins (node_modules/react-dom/cjs/react-dom.development.js:9097:3)
      at node_modules/react-dom/cjs/react-dom.development.js:9288:12
      at batchedUpdates$1 (node_modules/react-dom/cjs/react-dom.development.js:26179:12)
      at batchedUpdates (node_modules/react-dom/cjs/react-dom.development.js:3991:12)
      at dispatchEventForPluginEventSystem (node_modules/react-dom/cjs/react-dom.development.js:9287:3)
      at dispatchEventWithEnableCapturePhaseSelectiveHydrationWithoutDiscreteEventReplay (node_modules/react-dom/cjs/react-dom.development.js:6465:5)
      at dispatchEvent (node_modules/react-dom/cjs/react-dom.development.js:6457:5)
      at dispatchDiscreteEvent (node_modules/react-dom/cjs/react-dom.development.js:6430:5)
      at node_modules/@testing-library/user-event/dist/cjs/event/dispatchEvent.js:45:43
      at Object.eventWrapper (node_modules/@testing-library/dom/dist/config.js:25:23)
      at Object.wrapEvent (node_modules/@testing-library/user-event/dist/cjs/event/wrapEvent.js:6:28)
      at Object.dispatchEvent (node_modules/@testing-library/user-event/dist/cjs/event/dispatchEvent.js:45:22)
      at Object.dispatchUIEvent (node_modules/@testing-library/user-event/dist/cjs/event/dispatchEvent.js:22:26)
      at Mouse.up (node_modules/@testing-library/user-event/dist/cjs/system/pointer/mouse.js:100:30)
      at PointerHost.release (node_modules/@testing-library/user-event/dist/cjs/system/pointer/index.js:87:24)
      at pointerAction (node_modules/@testing-library/user-event/dist/cjs/pointer/index.js:54:47)
      at Object.pointer (node_modules/@testing-library/user-event/dist/cjs/pointer/index.js:27:9)
      at Object.<anonymous> (src/__tests__/integration/whiteboard-integration.test.tsx:136:7)

    console.error
      Warning: An update to Toolbar inside a test was not wrapped in act(...).
      
      When testing, code that causes React state updates should be wrapped into act(...):
      
      act(() => {
        /* fire events that update state */
      });
      /* assert on the output */
      
      This ensures that you're testing the behavior the user would see in the browser. Learn more at https://reactjs.org/link/wrap-tests-with-act
          at onZoomIn (/Users/shuhaozhang/Project/miro-clone/src/components/Toolbar.tsx:29:3)
          at div
          at div
          at boardId (/Users/shuhaozhang/Project/miro-clone/src/components/Whiteboard.tsx:19:57)

      111 |     
      112 |     // Tool actions
    > 113 |     setTool: (tool) => set({ tool }),
          |                        ^
      114 |     
      115 |     // UI actions
      116 |     toggleGrid: () => set((state) => ({ isGridVisible: !state.isGridVisible })),

      at printWarning (node_modules/react-dom/cjs/react-dom.development.js:86:30)
      at error (node_modules/react-dom/cjs/react-dom.development.js:60:7)
      at warnIfUpdatesNotWrappedWithActDEV (node_modules/react-dom/cjs/react-dom.development.js:27628:9)
      at scheduleUpdateOnFiber (node_modules/react-dom/cjs/react-dom.development.js:25547:5)
      at forceStoreRerender (node_modules/react-dom/cjs/react-dom.development.js:16158:5)
      at handleStoreChange (node_modules/react-dom/cjs/react-dom.development.js:16134:7)
      at node_modules/zustand/vanilla.js:12:16
          at Set.forEach (<anonymous>)
      at setState (node_modules/zustand/vanilla.js:11:17)
      at set (src/store/useCanvasStore.ts:113:24)
      at setTool (src/components/ToolPanel.tsx:39:5)
      at handleToolSelect (src/components/ToolPanel.tsx:50:30)
      at HTMLUnknownElement.callCallback (node_modules/react-dom/cjs/react-dom.development.js:4164:14)
      at Object.invokeGuardedCallbackDev (node_modules/react-dom/cjs/react-dom.development.js:4213:16)
      at invokeGuardedCallback (node_modules/react-dom/cjs/react-dom.development.js:4277:31)
      at invokeGuardedCallbackAndCatchFirstError (node_modules/react-dom/cjs/react-dom.development.js:4291:25)
      at executeDispatch (node_modules/react-dom/cjs/react-dom.development.js:9041:3)
      at processDispatchQueueItemsInOrder (node_modules/react-dom/cjs/react-dom.development.js:9073:7)
      at processDispatchQueue (node_modules/react-dom/cjs/react-dom.development.js:9086:5)
      at dispatchEventsForPlugins (node_modules/react-dom/cjs/react-dom.development.js:9097:3)
      at node_modules/react-dom/cjs/react-dom.development.js:9288:12
      at batchedUpdates$1 (node_modules/react-dom/cjs/react-dom.development.js:26179:12)
      at batchedUpdates (node_modules/react-dom/cjs/react-dom.development.js:3991:12)
      at dispatchEventForPluginEventSystem (node_modules/react-dom/cjs/react-dom.development.js:9287:3)
      at dispatchEventWithEnableCapturePhaseSelectiveHydrationWithoutDiscreteEventReplay (node_modules/react-dom/cjs/react-dom.development.js:6465:5)
      at dispatchEvent (node_modules/react-dom/cjs/react-dom.development.js:6457:5)
      at dispatchDiscreteEvent (node_modules/react-dom/cjs/react-dom.development.js:6430:5)
      at node_modules/@testing-library/user-event/dist/cjs/event/dispatchEvent.js:45:43
      at Object.eventWrapper (node_modules/@testing-library/dom/dist/config.js:25:23)
      at Object.wrapEvent (node_modules/@testing-library/user-event/dist/cjs/event/wrapEvent.js:6:28)
      at Object.dispatchEvent (node_modules/@testing-library/user-event/dist/cjs/event/dispatchEvent.js:45:22)
      at Object.dispatchUIEvent (node_modules/@testing-library/user-event/dist/cjs/event/dispatchEvent.js:22:26)
      at Mouse.up (node_modules/@testing-library/user-event/dist/cjs/system/pointer/mouse.js:100:30)
      at PointerHost.release (node_modules/@testing-library/user-event/dist/cjs/system/pointer/index.js:87:24)
      at pointerAction (node_modules/@testing-library/user-event/dist/cjs/pointer/index.js:54:47)
      at Object.pointer (node_modules/@testing-library/user-event/dist/cjs/pointer/index.js:27:9)
      at Object.<anonymous> (src/__tests__/integration/whiteboard-integration.test.tsx:136:7)

    console.error
      Warning: An update to ToolPanel inside a test was not wrapped in act(...).
      
      When testing, code that causes React state updates should be wrapped into act(...):
      
      act(() => {
        /* fire events that update state */
      });
      /* assert on the output */
      
      This ensures that you're testing the behavior the user would see in the browser. Learn more at https://reactjs.org/link/wrap-tests-with-act
          at ToolPanel (/Users/shuhaozhang/Project/miro-clone/src/components/ToolPanel.tsx:36:43)
          at div
          at div
          at boardId (/Users/shuhaozhang/Project/miro-clone/src/components/Whiteboard.tsx:19:57)

      111 |     
      112 |     // Tool actions
    > 113 |     setTool: (tool) => set({ tool }),
          |                        ^
      114 |     
      115 |     // UI actions
      116 |     toggleGrid: () => set((state) => ({ isGridVisible: !state.isGridVisible })),

      at printWarning (node_modules/react-dom/cjs/react-dom.development.js:86:30)
      at error (node_modules/react-dom/cjs/react-dom.development.js:60:7)
      at warnIfUpdatesNotWrappedWithActDEV (node_modules/react-dom/cjs/react-dom.development.js:27628:9)
      at scheduleUpdateOnFiber (node_modules/react-dom/cjs/react-dom.development.js:25547:5)
      at forceStoreRerender (node_modules/react-dom/cjs/react-dom.development.js:16158:5)
      at handleStoreChange (node_modules/react-dom/cjs/react-dom.development.js:16134:7)
      at node_modules/zustand/vanilla.js:12:16
          at Set.forEach (<anonymous>)
      at setState (node_modules/zustand/vanilla.js:11:17)
      at set (src/store/useCanvasStore.ts:113:24)
      at setTool (src/components/ToolPanel.tsx:39:5)
      at handleToolSelect (src/components/ToolPanel.tsx:50:30)
      at HTMLUnknownElement.callCallback (node_modules/react-dom/cjs/react-dom.development.js:4164:14)
      at Object.invokeGuardedCallbackDev (node_modules/react-dom/cjs/react-dom.development.js:4213:16)
      at invokeGuardedCallback (node_modules/react-dom/cjs/react-dom.development.js:4277:31)
      at invokeGuardedCallbackAndCatchFirstError (node_modules/react-dom/cjs/react-dom.development.js:4291:25)
      at executeDispatch (node_modules/react-dom/cjs/react-dom.development.js:9041:3)
      at processDispatchQueueItemsInOrder (node_modules/react-dom/cjs/react-dom.development.js:9073:7)
      at processDispatchQueue (node_modules/react-dom/cjs/react-dom.development.js:9086:5)
      at dispatchEventsForPlugins (node_modules/react-dom/cjs/react-dom.development.js:9097:3)
      at node_modules/react-dom/cjs/react-dom.development.js:9288:12
      at batchedUpdates$1 (node_modules/react-dom/cjs/react-dom.development.js:26179:12)
      at batchedUpdates (node_modules/react-dom/cjs/react-dom.development.js:3991:12)
      at dispatchEventForPluginEventSystem (node_modules/react-dom/cjs/react-dom.development.js:9287:3)
      at dispatchEventWithEnableCapturePhaseSelectiveHydrationWithoutDiscreteEventReplay (node_modules/react-dom/cjs/react-dom.development.js:6465:5)
      at dispatchEvent (node_modules/react-dom/cjs/react-dom.development.js:6457:5)
      at dispatchDiscreteEvent (node_modules/react-dom/cjs/react-dom.development.js:6430:5)
      at node_modules/@testing-library/user-event/dist/cjs/event/dispatchEvent.js:45:43
      at Object.eventWrapper (node_modules/@testing-library/dom/dist/config.js:25:23)
      at Object.wrapEvent (node_modules/@testing-library/user-event/dist/cjs/event/wrapEvent.js:6:28)
      at Object.dispatchEvent (node_modules/@testing-library/user-event/dist/cjs/event/dispatchEvent.js:45:22)
      at Object.dispatchUIEvent (node_modules/@testing-library/user-event/dist/cjs/event/dispatchEvent.js:22:26)
      at Mouse.up (node_modules/@testing-library/user-event/dist/cjs/system/pointer/mouse.js:100:30)
      at PointerHost.release (node_modules/@testing-library/user-event/dist/cjs/system/pointer/index.js:87:24)
      at pointerAction (node_modules/@testing-library/user-event/dist/cjs/pointer/index.js:54:47)
      at Object.pointer (node_modules/@testing-library/user-event/dist/cjs/pointer/index.js:27:9)
      at Object.<anonymous> (src/__tests__/integration/whiteboard-integration.test.tsx:136:7)

    console.error
      Warning: An update to CollaborationPanel inside a test was not wrapped in act(...).
      
      When testing, code that causes React state updates should be wrapped into act(...):
      
      act(() => {
        /* fire events that update state */
      });
      /* assert on the output */
      
      This ensures that you're testing the behavior the user would see in the browser. Learn more at https://reactjs.org/link/wrap-tests-with-act
          at CollaborationPanel (/Users/shuhaozhang/Project/miro-clone/src/components/CollaborationPanel.tsx:13:56)
          at div
          at div
          at boardId (/Users/shuhaozhang/Project/miro-clone/src/components/Whiteboard.tsx:19:57)

      111 |     
      112 |     // Tool actions
    > 113 |     setTool: (tool) => set({ tool }),
          |                        ^
      114 |     
      115 |     // UI actions
      116 |     toggleGrid: () => set((state) => ({ isGridVisible: !state.isGridVisible })),

      at printWarning (node_modules/react-dom/cjs/react-dom.development.js:86:30)
      at error (node_modules/react-dom/cjs/react-dom.development.js:60:7)
      at warnIfUpdatesNotWrappedWithActDEV (node_modules/react-dom/cjs/react-dom.development.js:27628:9)
      at scheduleUpdateOnFiber (node_modules/react-dom/cjs/react-dom.development.js:25547:5)
      at forceStoreRerender (node_modules/react-dom/cjs/react-dom.development.js:16158:5)
      at handleStoreChange (node_modules/react-dom/cjs/react-dom.development.js:16134:7)
      at node_modules/zustand/vanilla.js:12:16
          at Set.forEach (<anonymous>)
      at setState (node_modules/zustand/vanilla.js:11:17)
      at set (src/store/useCanvasStore.ts:113:24)
      at setTool (src/components/ToolPanel.tsx:39:5)
      at handleToolSelect (src/components/ToolPanel.tsx:50:30)
      at HTMLUnknownElement.callCallback (node_modules/react-dom/cjs/react-dom.development.js:4164:14)
      at Object.invokeGuardedCallbackDev (node_modules/react-dom/cjs/react-dom.development.js:4213:16)
      at invokeGuardedCallback (node_modules/react-dom/cjs/react-dom.development.js:4277:31)
      at invokeGuardedCallbackAndCatchFirstError (node_modules/react-dom/cjs/react-dom.development.js:4291:25)
      at executeDispatch (node_modules/react-dom/cjs/react-dom.development.js:9041:3)
      at processDispatchQueueItemsInOrder (node_modules/react-dom/cjs/react-dom.development.js:9073:7)
      at processDispatchQueue (node_modules/react-dom/cjs/react-dom.development.js:9086:5)
      at dispatchEventsForPlugins (node_modules/react-dom/cjs/react-dom.development.js:9097:3)
      at node_modules/react-dom/cjs/react-dom.development.js:9288:12
      at batchedUpdates$1 (node_modules/react-dom/cjs/react-dom.development.js:26179:12)
      at batchedUpdates (node_modules/react-dom/cjs/react-dom.development.js:3991:12)
      at dispatchEventForPluginEventSystem (node_modules/react-dom/cjs/react-dom.development.js:9287:3)
      at dispatchEventWithEnableCapturePhaseSelectiveHydrationWithoutDiscreteEventReplay (node_modules/react-dom/cjs/react-dom.development.js:6465:5)
      at dispatchEvent (node_modules/react-dom/cjs/react-dom.development.js:6457:5)
      at dispatchDiscreteEvent (node_modules/react-dom/cjs/react-dom.development.js:6430:5)
      at node_modules/@testing-library/user-event/dist/cjs/event/dispatchEvent.js:45:43
      at Object.eventWrapper (node_modules/@testing-library/dom/dist/config.js:25:23)
      at Object.wrapEvent (node_modules/@testing-library/user-event/dist/cjs/event/wrapEvent.js:6:28)
      at Object.dispatchEvent (node_modules/@testing-library/user-event/dist/cjs/event/dispatchEvent.js:45:22)
      at Object.dispatchUIEvent (node_modules/@testing-library/user-event/dist/cjs/event/dispatchEvent.js:22:26)
      at Mouse.up (node_modules/@testing-library/user-event/dist/cjs/system/pointer/mouse.js:100:30)
      at PointerHost.release (node_modules/@testing-library/user-event/dist/cjs/system/pointer/index.js:87:24)
      at pointerAction (node_modules/@testing-library/user-event/dist/cjs/pointer/index.js:54:47)
      at Object.pointer (node_modules/@testing-library/user-event/dist/cjs/pointer/index.js:27:9)
      at Object.<anonymous> (src/__tests__/integration/whiteboard-integration.test.tsx:136:7)

    console.error
      Warning: An update to Whiteboard inside a test was not wrapped in act(...).
      
      When testing, code that causes React state updates should be wrapped into act(...):
      
      act(() => {
        /* fire events that update state */
      });
      /* assert on the output */
      
      This ensures that you're testing the behavior the user would see in the browser. Learn more at https://reactjs.org/link/wrap-tests-with-act
          at boardId (/Users/shuhaozhang/Project/miro-clone/src/components/Whiteboard.tsx:19:57)

      111 |     
      112 |     // Tool actions
    > 113 |     setTool: (tool) => set({ tool }),
          |                        ^
      114 |     
      115 |     // UI actions
      116 |     toggleGrid: () => set((state) => ({ isGridVisible: !state.isGridVisible })),

      at printWarning (node_modules/react-dom/cjs/react-dom.development.js:86:30)
      at error (node_modules/react-dom/cjs/react-dom.development.js:60:7)
      at warnIfUpdatesNotWrappedWithActDEV (node_modules/react-dom/cjs/react-dom.development.js:27628:9)
      at scheduleUpdateOnFiber (node_modules/react-dom/cjs/react-dom.development.js:25547:5)
      at forceStoreRerender (node_modules/react-dom/cjs/react-dom.development.js:16158:5)
      at handleStoreChange (node_modules/react-dom/cjs/react-dom.development.js:16134:7)
      at node_modules/zustand/vanilla.js:12:16
          at Set.forEach (<anonymous>)
      at setState (node_modules/zustand/vanilla.js:11:17)
      at set (src/store/useCanvasStore.ts:113:24)
      at setTool (src/components/ToolPanel.tsx:39:5)
      at handleToolSelect (src/components/ToolPanel.tsx:50:30)
      at HTMLUnknownElement.callCallback (node_modules/react-dom/cjs/react-dom.development.js:4164:14)
      at Object.invokeGuardedCallbackDev (node_modules/react-dom/cjs/react-dom.development.js:4213:16)
      at invokeGuardedCallback (node_modules/react-dom/cjs/react-dom.development.js:4277:31)
      at invokeGuardedCallbackAndCatchFirstError (node_modules/react-dom/cjs/react-dom.development.js:4291:25)
      at executeDispatch (node_modules/react-dom/cjs/react-dom.development.js:9041:3)
      at processDispatchQueueItemsInOrder (node_modules/react-dom/cjs/react-dom.development.js:9073:7)
      at processDispatchQueue (node_modules/react-dom/cjs/react-dom.development.js:9086:5)
      at dispatchEventsForPlugins (node_modules/react-dom/cjs/react-dom.development.js:9097:3)
      at node_modules/react-dom/cjs/react-dom.development.js:9288:12
      at batchedUpdates$1 (node_modules/react-dom/cjs/react-dom.development.js:26179:12)
      at batchedUpdates (node_modules/react-dom/cjs/react-dom.development.js:3991:12)
      at dispatchEventForPluginEventSystem (node_modules/react-dom/cjs/react-dom.development.js:9287:3)
      at dispatchEventWithEnableCapturePhaseSelectiveHydrationWithoutDiscreteEventReplay (node_modules/react-dom/cjs/react-dom.development.js:6465:5)
      at dispatchEvent (node_modules/react-dom/cjs/react-dom.development.js:6457:5)
      at dispatchDiscreteEvent (node_modules/react-dom/cjs/react-dom.development.js:6430:5)
      at node_modules/@testing-library/user-event/dist/cjs/event/dispatchEvent.js:45:43
      at Object.eventWrapper (node_modules/@testing-library/dom/dist/config.js:25:23)
      at Object.wrapEvent (node_modules/@testing-library/user-event/dist/cjs/event/wrapEvent.js:6:28)
      at Object.dispatchEvent (node_modules/@testing-library/user-event/dist/cjs/event/dispatchEvent.js:45:22)
      at Object.dispatchUIEvent (node_modules/@testing-library/user-event/dist/cjs/event/dispatchEvent.js:22:26)
      at Mouse.up (node_modules/@testing-library/user-event/dist/cjs/system/pointer/mouse.js:100:30)
      at PointerHost.release (node_modules/@testing-library/user-event/dist/cjs/system/pointer/index.js:87:24)
      at pointerAction (node_modules/@testing-library/user-event/dist/cjs/pointer/index.js:54:47)
      at Object.pointer (node_modules/@testing-library/user-event/dist/cjs/pointer/index.js:27:9)
      at Object.<anonymous> (src/__tests__/integration/whiteboard-integration.test.tsx:136:7)

    console.error
      Warning: An update to Whiteboard inside a test was not wrapped in act(...).
      
      When testing, code that causes React state updates should be wrapped into act(...):
      
      act(() => {
        /* fire events that update state */
      });
      /* assert on the output */
      
      This ensures that you're testing the behavior the user would see in the browser. Learn more at https://reactjs.org/link/wrap-tests-with-act
          at boardId (/Users/shuhaozhang/Project/miro-clone/src/components/Whiteboard.tsx:19:57)

      111 |     
      112 |     // Tool actions
    > 113 |     setTool: (tool) => set({ tool }),
          |                        ^
      114 |     
      115 |     // UI actions
      116 |     toggleGrid: () => set((state) => ({ isGridVisible: !state.isGridVisible })),

      at printWarning (node_modules/react-dom/cjs/react-dom.development.js:86:30)
      at error (node_modules/react-dom/cjs/react-dom.development.js:60:7)
      at warnIfUpdatesNotWrappedWithActDEV (node_modules/react-dom/cjs/react-dom.development.js:27628:9)
      at scheduleUpdateOnFiber (node_modules/react-dom/cjs/react-dom.development.js:25547:5)
      at forceStoreRerender (node_modules/react-dom/cjs/react-dom.development.js:16158:5)
      at handleStoreChange (node_modules/react-dom/cjs/react-dom.development.js:16134:7)
      at node_modules/zustand/vanilla.js:12:16
          at Set.forEach (<anonymous>)
      at setState (node_modules/zustand/vanilla.js:11:17)
      at set (src/store/useCanvasStore.ts:113:24)
      at setTool (src/components/ToolPanel.tsx:39:5)
      at handleToolSelect (src/components/ToolPanel.tsx:50:30)
      at HTMLUnknownElement.callCallback (node_modules/react-dom/cjs/react-dom.development.js:4164:14)
      at Object.invokeGuardedCallbackDev (node_modules/react-dom/cjs/react-dom.development.js:4213:16)
      at invokeGuardedCallback (node_modules/react-dom/cjs/react-dom.development.js:4277:31)
      at invokeGuardedCallbackAndCatchFirstError (node_modules/react-dom/cjs/react-dom.development.js:4291:25)
      at executeDispatch (node_modules/react-dom/cjs/react-dom.development.js:9041:3)
      at processDispatchQueueItemsInOrder (node_modules/react-dom/cjs/react-dom.development.js:9073:7)
      at processDispatchQueue (node_modules/react-dom/cjs/react-dom.development.js:9086:5)
      at dispatchEventsForPlugins (node_modules/react-dom/cjs/react-dom.development.js:9097:3)
      at node_modules/react-dom/cjs/react-dom.development.js:9288:12
      at batchedUpdates$1 (node_modules/react-dom/cjs/react-dom.development.js:26179:12)
      at batchedUpdates (node_modules/react-dom/cjs/react-dom.development.js:3991:12)
      at dispatchEventForPluginEventSystem (node_modules/react-dom/cjs/react-dom.development.js:9287:3)
      at dispatchEventWithEnableCapturePhaseSelectiveHydrationWithoutDiscreteEventReplay (node_modules/react-dom/cjs/react-dom.development.js:6465:5)
      at dispatchEvent (node_modules/react-dom/cjs/react-dom.development.js:6457:5)
      at dispatchDiscreteEvent (node_modules/react-dom/cjs/react-dom.development.js:6430:5)
      at node_modules/@testing-library/user-event/dist/cjs/event/dispatchEvent.js:45:43
      at Object.eventWrapper (node_modules/@testing-library/dom/dist/config.js:25:23)
      at Object.wrapEvent (node_modules/@testing-library/user-event/dist/cjs/event/wrapEvent.js:6:28)
      at Object.dispatchEvent (node_modules/@testing-library/user-event/dist/cjs/event/dispatchEvent.js:45:22)
      at Object.dispatchUIEvent (node_modules/@testing-library/user-event/dist/cjs/event/dispatchEvent.js:22:26)
      at Mouse.up (node_modules/@testing-library/user-event/dist/cjs/system/pointer/mouse.js:100:30)
      at PointerHost.release (node_modules/@testing-library/user-event/dist/cjs/system/pointer/index.js:87:24)
      at pointerAction (node_modules/@testing-library/user-event/dist/cjs/pointer/index.js:54:47)
      at Object.pointer (node_modules/@testing-library/user-event/dist/cjs/pointer/index.js:27:9)
      at Object.<anonymous> (src/__tests__/integration/whiteboard-integration.test.tsx:136:7)

    console.error
      Warning: An update to Whiteboard inside a test was not wrapped in act(...).
      
      When testing, code that causes React state updates should be wrapped into act(...):
      
      act(() => {
        /* fire events that update state */
      });
      /* assert on the output */
      
      This ensures that you're testing the behavior the user would see in the browser. Learn more at https://reactjs.org/link/wrap-tests-with-act
          at boardId (/Users/shuhaozhang/Project/miro-clone/src/components/Whiteboard.tsx:19:57)

      111 |     
      112 |     // Tool actions
    > 113 |     setTool: (tool) => set({ tool }),
          |                        ^
      114 |     
      115 |     // UI actions
      116 |     toggleGrid: () => set((state) => ({ isGridVisible: !state.isGridVisible })),

      at printWarning (node_modules/react-dom/cjs/react-dom.development.js:86:30)
      at error (node_modules/react-dom/cjs/react-dom.development.js:60:7)
      at warnIfUpdatesNotWrappedWithActDEV (node_modules/react-dom/cjs/react-dom.development.js:27628:9)
      at scheduleUpdateOnFiber (node_modules/react-dom/cjs/react-dom.development.js:25547:5)
      at forceStoreRerender (node_modules/react-dom/cjs/react-dom.development.js:16158:5)
      at handleStoreChange (node_modules/react-dom/cjs/react-dom.development.js:16134:7)
      at node_modules/zustand/vanilla.js:12:16
          at Set.forEach (<anonymous>)
      at setState (node_modules/zustand/vanilla.js:11:17)
      at set (src/store/useCanvasStore.ts:113:24)
      at setTool (src/components/ToolPanel.tsx:39:5)
      at handleToolSelect (src/components/ToolPanel.tsx:50:30)
      at HTMLUnknownElement.callCallback (node_modules/react-dom/cjs/react-dom.development.js:4164:14)
      at Object.invokeGuardedCallbackDev (node_modules/react-dom/cjs/react-dom.development.js:4213:16)
      at invokeGuardedCallback (node_modules/react-dom/cjs/react-dom.development.js:4277:31)
      at invokeGuardedCallbackAndCatchFirstError (node_modules/react-dom/cjs/react-dom.development.js:4291:25)
      at executeDispatch (node_modules/react-dom/cjs/react-dom.development.js:9041:3)
      at processDispatchQueueItemsInOrder (node_modules/react-dom/cjs/react-dom.development.js:9073:7)
      at processDispatchQueue (node_modules/react-dom/cjs/react-dom.development.js:9086:5)
      at dispatchEventsForPlugins (node_modules/react-dom/cjs/react-dom.development.js:9097:3)
      at node_modules/react-dom/cjs/react-dom.development.js:9288:12
      at batchedUpdates$1 (node_modules/react-dom/cjs/react-dom.development.js:26179:12)
      at batchedUpdates (node_modules/react-dom/cjs/react-dom.development.js:3991:12)
      at dispatchEventForPluginEventSystem (node_modules/react-dom/cjs/react-dom.development.js:9287:3)
      at dispatchEventWithEnableCapturePhaseSelectiveHydrationWithoutDiscreteEventReplay (node_modules/react-dom/cjs/react-dom.development.js:6465:5)
      at dispatchEvent (node_modules/react-dom/cjs/react-dom.development.js:6457:5)
      at dispatchDiscreteEvent (node_modules/react-dom/cjs/react-dom.development.js:6430:5)
      at node_modules/@testing-library/user-event/dist/cjs/event/dispatchEvent.js:45:43
      at Object.eventWrapper (node_modules/@testing-library/dom/dist/config.js:25:23)
      at Object.wrapEvent (node_modules/@testing-library/user-event/dist/cjs/event/wrapEvent.js:6:28)
      at Object.dispatchEvent (node_modules/@testing-library/user-event/dist/cjs/event/dispatchEvent.js:45:22)
      at Object.dispatchUIEvent (node_modules/@testing-library/user-event/dist/cjs/event/dispatchEvent.js:22:26)
      at Mouse.up (node_modules/@testing-library/user-event/dist/cjs/system/pointer/mouse.js:100:30)
      at PointerHost.release (node_modules/@testing-library/user-event/dist/cjs/system/pointer/index.js:87:24)
      at pointerAction (node_modules/@testing-library/user-event/dist/cjs/pointer/index.js:54:47)
      at Object.pointer (node_modules/@testing-library/user-event/dist/cjs/pointer/index.js:27:9)
      at Object.<anonymous> (src/__tests__/integration/whiteboard-integration.test.tsx:136:7)

    console.error
      Warning: An update to Whiteboard inside a test was not wrapped in act(...).
      
      When testing, code that causes React state updates should be wrapped into act(...):
      
      act(() => {
        /* fire events that update state */
      });
      /* assert on the output */
      
      This ensures that you're testing the behavior the user would see in the browser. Learn more at https://reactjs.org/link/wrap-tests-with-act
          at boardId (/Users/shuhaozhang/Project/miro-clone/src/components/Whiteboard.tsx:19:57)

      111 |     
      112 |     // Tool actions
    > 113 |     setTool: (tool) => set({ tool }),
          |                        ^
      114 |     
      115 |     // UI actions
      116 |     toggleGrid: () => set((state) => ({ isGridVisible: !state.isGridVisible })),

      at printWarning (node_modules/react-dom/cjs/react-dom.development.js:86:30)
      at error (node_modules/react-dom/cjs/react-dom.development.js:60:7)
      at warnIfUpdatesNotWrappedWithActDEV (node_modules/react-dom/cjs/react-dom.development.js:27628:9)
      at scheduleUpdateOnFiber (node_modules/react-dom/cjs/react-dom.development.js:25547:5)
      at forceStoreRerender (node_modules/react-dom/cjs/react-dom.development.js:16158:5)
      at handleStoreChange (node_modules/react-dom/cjs/react-dom.development.js:16134:7)
      at node_modules/zustand/vanilla.js:12:16
          at Set.forEach (<anonymous>)
      at setState (node_modules/zustand/vanilla.js:11:17)
      at set (src/store/useCanvasStore.ts:113:24)
      at setTool (src/components/ToolPanel.tsx:39:5)
      at handleToolSelect (src/components/ToolPanel.tsx:50:30)
      at HTMLUnknownElement.callCallback (node_modules/react-dom/cjs/react-dom.development.js:4164:14)
      at Object.invokeGuardedCallbackDev (node_modules/react-dom/cjs/react-dom.development.js:4213:16)
      at invokeGuardedCallback (node_modules/react-dom/cjs/react-dom.development.js:4277:31)
      at invokeGuardedCallbackAndCatchFirstError (node_modules/react-dom/cjs/react-dom.development.js:4291:25)
      at executeDispatch (node_modules/react-dom/cjs/react-dom.development.js:9041:3)
      at processDispatchQueueItemsInOrder (node_modules/react-dom/cjs/react-dom.development.js:9073:7)
      at processDispatchQueue (node_modules/react-dom/cjs/react-dom.development.js:9086:5)
      at dispatchEventsForPlugins (node_modules/react-dom/cjs/react-dom.development.js:9097:3)
      at node_modules/react-dom/cjs/react-dom.development.js:9288:12
      at batchedUpdates$1 (node_modules/react-dom/cjs/react-dom.development.js:26179:12)
      at batchedUpdates (node_modules/react-dom/cjs/react-dom.development.js:3991:12)
      at dispatchEventForPluginEventSystem (node_modules/react-dom/cjs/react-dom.development.js:9287:3)
      at dispatchEventWithEnableCapturePhaseSelectiveHydrationWithoutDiscreteEventReplay (node_modules/react-dom/cjs/react-dom.development.js:6465:5)
      at dispatchEvent (node_modules/react-dom/cjs/react-dom.development.js:6457:5)
      at dispatchDiscreteEvent (node_modules/react-dom/cjs/react-dom.development.js:6430:5)
      at node_modules/@testing-library/user-event/dist/cjs/event/dispatchEvent.js:45:43
      at Object.eventWrapper (node_modules/@testing-library/dom/dist/config.js:25:23)
      at Object.wrapEvent (node_modules/@testing-library/user-event/dist/cjs/event/wrapEvent.js:6:28)
      at Object.dispatchEvent (node_modules/@testing-library/user-event/dist/cjs/event/dispatchEvent.js:45:22)
      at Object.dispatchUIEvent (node_modules/@testing-library/user-event/dist/cjs/event/dispatchEvent.js:22:26)
      at Mouse.up (node_modules/@testing-library/user-event/dist/cjs/system/pointer/mouse.js:100:30)
      at PointerHost.release (node_modules/@testing-library/user-event/dist/cjs/system/pointer/index.js:87:24)
      at pointerAction (node_modules/@testing-library/user-event/dist/cjs/pointer/index.js:54:47)
      at Object.pointer (node_modules/@testing-library/user-event/dist/cjs/pointer/index.js:27:9)
      at Object.<anonymous> (src/__tests__/integration/whiteboard-integration.test.tsx:136:7)

    console.error
      Failed to initialize canvas: TypeError: canvas.getElement is not a function
          at CanvasEngine.getElement [as initializeCanvas] (/Users/shuhaozhang/Project/miro-clone/src/lib/canvas-engine.ts:93:29)
          at new initializeCanvas (/Users/shuhaozhang/Project/miro-clone/src/lib/canvas-engine.ts:72:24)
          at initCanvas (/Users/shuhaozhang/Project/miro-clone/src/hooks/useCanvas.ts:45:18)
          at initCanvas (/Users/shuhaozhang/Project/miro-clone/src/hooks/useCanvas.ts:87:5)
          at commitHookEffectListMount (/Users/shuhaozhang/Project/miro-clone/node_modules/react-dom/cjs/react-dom.development.js:23189:26)
          at commitPassiveMountOnFiber (/Users/shuhaozhang/Project/miro-clone/node_modules/react-dom/cjs/react-dom.development.js:24970:11)
          at commitPassiveMountEffects_complete (/Users/shuhaozhang/Project/miro-clone/node_modules/react-dom/cjs/react-dom.development.js:24930:9)
          at commitPassiveMountEffects_begin (/Users/shuhaozhang/Project/miro-clone/node_modules/react-dom/cjs/react-dom.development.js:24917:7)
          at commitPassiveMountEffects (/Users/shuhaozhang/Project/miro-clone/node_modules/react-dom/cjs/react-dom.development.js:24905:3)
          at flushPassiveEffectsImpl (/Users/shuhaozhang/Project/miro-clone/node_modules/react-dom/cjs/react-dom.development.js:27078:3)
          at flushPassiveEffects (/Users/shuhaozhang/Project/miro-clone/node_modules/react-dom/cjs/react-dom.development.js:27023:14)
          at /Users/shuhaozhang/Project/miro-clone/node_modules/react-dom/cjs/react-dom.development.js:26808:9
          at flushActQueue (/Users/shuhaozhang/Project/miro-clone/node_modules/react/cjs/react.development.js:2667:24)
          at act (/Users/shuhaozhang/Project/miro-clone/node_modules/react/cjs/react.development.js:2582:11)
          at /Users/shuhaozhang/Project/miro-clone/node_modules/@testing-library/react/dist/act-compat.js:47:25
          at renderRoot (/Users/shuhaozhang/Project/miro-clone/node_modules/@testing-library/react/dist/pure.js:180:26)
          at render (/Users/shuhaozhang/Project/miro-clone/node_modules/@testing-library/react/dist/pure.js:271:10)
          at Object.<anonymous> (/Users/shuhaozhang/Project/miro-clone/src/__tests__/integration/whiteboard-integration.test.tsx:142:13)
          at Promise.then.completed (/Users/shuhaozhang/Project/miro-clone/node_modules/jest-circus/build/utils.js:298:28)
          at new Promise (<anonymous>)
          at callAsyncCircusFn (/Users/shuhaozhang/Project/miro-clone/node_modules/jest-circus/build/utils.js:231:10)
          at _callCircusTest (/Users/shuhaozhang/Project/miro-clone/node_modules/jest-circus/build/run.js:316:40)
          at _runTest (/Users/shuhaozhang/Project/miro-clone/node_modules/jest-circus/build/run.js:252:3)
          at _runTestsForDescribeBlock (/Users/shuhaozhang/Project/miro-clone/node_modules/jest-circus/build/run.js:126:9)
          at _runTestsForDescribeBlock (/Users/shuhaozhang/Project/miro-clone/node_modules/jest-circus/build/run.js:121:9)
          at _runTestsForDescribeBlock (/Users/shuhaozhang/Project/miro-clone/node_modules/jest-circus/build/run.js:121:9)
          at run (/Users/shuhaozhang/Project/miro-clone/node_modules/jest-circus/build/run.js:71:3)
          at runAndTransformResultsToJestFormat (/Users/shuhaozhang/Project/miro-clone/node_modules/jest-circus/build/legacy-code-todo-rewrite/jestAdapterInit.js:122:21)
          at jestAdapter (/Users/shuhaozhang/Project/miro-clone/node_modules/jest-circus/build/legacy-code-todo-rewrite/jestAdapter.js:79:19)
          at runTestInternal (/Users/shuhaozhang/Project/miro-clone/node_modules/jest-runner/build/runTest.js:367:16)
          at runTest (/Users/shuhaozhang/Project/miro-clone/node_modules/jest-runner/build/runTest.js:444:34)
          at Object.worker (/Users/shuhaozhang/Project/miro-clone/node_modules/jest-runner/build/testWorker.js:106:12)

      74 |         setIsInitialized(true)
      75 |       } catch (error) {
    > 76 |         console.error('Failed to initialize canvas:', error)
         |                 ^
      77 |         if (engine && !disposed) {
      78 |           try {
      79 |             engine.dispose()

      at error (src/hooks/useCanvas.ts:76:17)
      at initCanvas (src/hooks/useCanvas.ts:87:5)
      at commitHookEffectListMount (node_modules/react-dom/cjs/react-dom.development.js:23189:26)
      at commitPassiveMountOnFiber (node_modules/react-dom/cjs/react-dom.development.js:24970:11)
      at commitPassiveMountEffects_complete (node_modules/react-dom/cjs/react-dom.development.js:24930:9)
      at commitPassiveMountEffects_begin (node_modules/react-dom/cjs/react-dom.development.js:24917:7)
      at commitPassiveMountEffects (node_modules/react-dom/cjs/react-dom.development.js:24905:3)
      at flushPassiveEffectsImpl (node_modules/react-dom/cjs/react-dom.development.js:27078:3)
      at flushPassiveEffects (node_modules/react-dom/cjs/react-dom.development.js:27023:14)
      at node_modules/react-dom/cjs/react-dom.development.js:26808:9
      at flushActQueue (node_modules/react/cjs/react.development.js:2667:24)
      at act (node_modules/react/cjs/react.development.js:2582:11)
      at node_modules/@testing-library/react/dist/act-compat.js:47:25
      at renderRoot (node_modules/@testing-library/react/dist/pure.js:180:26)
      at render (node_modules/@testing-library/react/dist/pure.js:271:10)
      at Object.<anonymous> (src/__tests__/integration/whiteboard-integration.test.tsx:142:13)

    console.error
      Warning: An update to Grid inside a test was not wrapped in act(...).
      
      When testing, code that causes React state updates should be wrapped into act(...):
      
      act(() => {
        /* fire events that update state */
      });
      /* assert on the output */
      
      This ensures that you're testing the behavior the user would see in the browser. Learn more at https://reactjs.org/link/wrap-tests-with-act
          at className (/Users/shuhaozhang/Project/miro-clone/src/components/Grid.tsx:11:45)
          at div
          at div
          at boardId (/Users/shuhaozhang/Project/miro-clone/src/components/Whiteboard.tsx:19:57)

      111 |     
      112 |     // Tool actions
    > 113 |     setTool: (tool) => set({ tool }),
          |                        ^
      114 |     
      115 |     // UI actions
      116 |     toggleGrid: () => set((state) => ({ isGridVisible: !state.isGridVisible })),

      at printWarning (node_modules/react-dom/cjs/react-dom.development.js:86:30)
      at error (node_modules/react-dom/cjs/react-dom.development.js:60:7)
      at warnIfUpdatesNotWrappedWithActDEV (node_modules/react-dom/cjs/react-dom.development.js:27628:9)
      at scheduleUpdateOnFiber (node_modules/react-dom/cjs/react-dom.development.js:25547:5)
      at forceStoreRerender (node_modules/react-dom/cjs/react-dom.development.js:16158:5)
      at handleStoreChange (node_modules/react-dom/cjs/react-dom.development.js:16134:7)
      at node_modules/zustand/vanilla.js:12:16
          at Set.forEach (<anonymous>)
      at setState (node_modules/zustand/vanilla.js:11:17)
      at set (src/store/useCanvasStore.ts:113:24)
      at setTool (src/components/ToolPanel.tsx:39:5)
      at handleToolSelect (src/components/ToolPanel.tsx:50:30)
      at HTMLUnknownElement.callCallback (node_modules/react-dom/cjs/react-dom.development.js:4164:14)
      at Object.invokeGuardedCallbackDev (node_modules/react-dom/cjs/react-dom.development.js:4213:16)
      at invokeGuardedCallback (node_modules/react-dom/cjs/react-dom.development.js:4277:31)
      at invokeGuardedCallbackAndCatchFirstError (node_modules/react-dom/cjs/react-dom.development.js:4291:25)
      at executeDispatch (node_modules/react-dom/cjs/react-dom.development.js:9041:3)
      at processDispatchQueueItemsInOrder (node_modules/react-dom/cjs/react-dom.development.js:9073:7)
      at processDispatchQueue (node_modules/react-dom/cjs/react-dom.development.js:9086:5)
      at dispatchEventsForPlugins (node_modules/react-dom/cjs/react-dom.development.js:9097:3)
      at node_modules/react-dom/cjs/react-dom.development.js:9288:12
      at batchedUpdates$1 (node_modules/react-dom/cjs/react-dom.development.js:26179:12)
      at batchedUpdates (node_modules/react-dom/cjs/react-dom.development.js:3991:12)
      at dispatchEventForPluginEventSystem (node_modules/react-dom/cjs/react-dom.development.js:9287:3)
      at dispatchEventWithEnableCapturePhaseSelectiveHydrationWithoutDiscreteEventReplay (node_modules/react-dom/cjs/react-dom.development.js:6465:5)
      at dispatchEvent (node_modules/react-dom/cjs/react-dom.development.js:6457:5)
      at dispatchDiscreteEvent (node_modules/react-dom/cjs/react-dom.development.js:6430:5)
      at node_modules/@testing-library/user-event/dist/cjs/event/dispatchEvent.js:45:43
      at Object.eventWrapper (node_modules/@testing-library/dom/dist/config.js:25:23)
      at Object.wrapEvent (node_modules/@testing-library/user-event/dist/cjs/event/wrapEvent.js:6:28)
      at Object.dispatchEvent (node_modules/@testing-library/user-event/dist/cjs/event/dispatchEvent.js:45:22)
      at Object.dispatchUIEvent (node_modules/@testing-library/user-event/dist/cjs/event/dispatchEvent.js:22:26)
      at Mouse.up (node_modules/@testing-library/user-event/dist/cjs/system/pointer/mouse.js:100:30)
      at PointerHost.release (node_modules/@testing-library/user-event/dist/cjs/system/pointer/index.js:87:24)
      at pointerAction (node_modules/@testing-library/user-event/dist/cjs/pointer/index.js:54:47)
      at Object.pointer (node_modules/@testing-library/user-event/dist/cjs/pointer/index.js:27:9)
      at Object.<anonymous> (src/__tests__/integration/whiteboard-integration.test.tsx:145:7)

    console.error
      Warning: An update to Toolbar inside a test was not wrapped in act(...).
      
      When testing, code that causes React state updates should be wrapped into act(...):
      
      act(() => {
        /* fire events that update state */
      });
      /* assert on the output */
      
      This ensures that you're testing the behavior the user would see in the browser. Learn more at https://reactjs.org/link/wrap-tests-with-act
          at onZoomIn (/Users/shuhaozhang/Project/miro-clone/src/components/Toolbar.tsx:29:3)
          at div
          at div
          at boardId (/Users/shuhaozhang/Project/miro-clone/src/components/Whiteboard.tsx:19:57)

      111 |     
      112 |     // Tool actions
    > 113 |     setTool: (tool) => set({ tool }),
          |                        ^
      114 |     
      115 |     // UI actions
      116 |     toggleGrid: () => set((state) => ({ isGridVisible: !state.isGridVisible })),

      at printWarning (node_modules/react-dom/cjs/react-dom.development.js:86:30)
      at error (node_modules/react-dom/cjs/react-dom.development.js:60:7)
      at warnIfUpdatesNotWrappedWithActDEV (node_modules/react-dom/cjs/react-dom.development.js:27628:9)
      at scheduleUpdateOnFiber (node_modules/react-dom/cjs/react-dom.development.js:25547:5)
      at forceStoreRerender (node_modules/react-dom/cjs/react-dom.development.js:16158:5)
      at handleStoreChange (node_modules/react-dom/cjs/react-dom.development.js:16134:7)
      at node_modules/zustand/vanilla.js:12:16
          at Set.forEach (<anonymous>)
      at setState (node_modules/zustand/vanilla.js:11:17)
      at set (src/store/useCanvasStore.ts:113:24)
      at setTool (src/components/ToolPanel.tsx:39:5)
      at handleToolSelect (src/components/ToolPanel.tsx:50:30)
      at HTMLUnknownElement.callCallback (node_modules/react-dom/cjs/react-dom.development.js:4164:14)
      at Object.invokeGuardedCallbackDev (node_modules/react-dom/cjs/react-dom.development.js:4213:16)
      at invokeGuardedCallback (node_modules/react-dom/cjs/react-dom.development.js:4277:31)
      at invokeGuardedCallbackAndCatchFirstError (node_modules/react-dom/cjs/react-dom.development.js:4291:25)
      at executeDispatch (node_modules/react-dom/cjs/react-dom.development.js:9041:3)
      at processDispatchQueueItemsInOrder (node_modules/react-dom/cjs/react-dom.development.js:9073:7)
      at processDispatchQueue (node_modules/react-dom/cjs/react-dom.development.js:9086:5)
      at dispatchEventsForPlugins (node_modules/react-dom/cjs/react-dom.development.js:9097:3)
      at node_modules/react-dom/cjs/react-dom.development.js:9288:12
      at batchedUpdates$1 (node_modules/react-dom/cjs/react-dom.development.js:26179:12)
      at batchedUpdates (node_modules/react-dom/cjs/react-dom.development.js:3991:12)
      at dispatchEventForPluginEventSystem (node_modules/react-dom/cjs/react-dom.development.js:9287:3)
      at dispatchEventWithEnableCapturePhaseSelectiveHydrationWithoutDiscreteEventReplay (node_modules/react-dom/cjs/react-dom.development.js:6465:5)
      at dispatchEvent (node_modules/react-dom/cjs/react-dom.development.js:6457:5)
      at dispatchDiscreteEvent (node_modules/react-dom/cjs/react-dom.development.js:6430:5)
      at node_modules/@testing-library/user-event/dist/cjs/event/dispatchEvent.js:45:43
      at Object.eventWrapper (node_modules/@testing-library/dom/dist/config.js:25:23)
      at Object.wrapEvent (node_modules/@testing-library/user-event/dist/cjs/event/wrapEvent.js:6:28)
      at Object.dispatchEvent (node_modules/@testing-library/user-event/dist/cjs/event/dispatchEvent.js:45:22)
      at Object.dispatchUIEvent (node_modules/@testing-library/user-event/dist/cjs/event/dispatchEvent.js:22:26)
      at Mouse.up (node_modules/@testing-library/user-event/dist/cjs/system/pointer/mouse.js:100:30)
      at PointerHost.release (node_modules/@testing-library/user-event/dist/cjs/system/pointer/index.js:87:24)
      at pointerAction (node_modules/@testing-library/user-event/dist/cjs/pointer/index.js:54:47)
      at Object.pointer (node_modules/@testing-library/user-event/dist/cjs/pointer/index.js:27:9)
      at Object.<anonymous> (src/__tests__/integration/whiteboard-integration.test.tsx:145:7)

    console.error
      Warning: An update to ToolPanel inside a test was not wrapped in act(...).
      
      When testing, code that causes React state updates should be wrapped into act(...):
      
      act(() => {
        /* fire events that update state */
      });
      /* assert on the output */
      
      This ensures that you're testing the behavior the user would see in the browser. Learn more at https://reactjs.org/link/wrap-tests-with-act
          at ToolPanel (/Users/shuhaozhang/Project/miro-clone/src/components/ToolPanel.tsx:36:43)
          at div
          at div
          at boardId (/Users/shuhaozhang/Project/miro-clone/src/components/Whiteboard.tsx:19:57)

      111 |     
      112 |     // Tool actions
    > 113 |     setTool: (tool) => set({ tool }),
          |                        ^
      114 |     
      115 |     // UI actions
      116 |     toggleGrid: () => set((state) => ({ isGridVisible: !state.isGridVisible })),

      at printWarning (node_modules/react-dom/cjs/react-dom.development.js:86:30)
      at error (node_modules/react-dom/cjs/react-dom.development.js:60:7)
      at warnIfUpdatesNotWrappedWithActDEV (node_modules/react-dom/cjs/react-dom.development.js:27628:9)
      at scheduleUpdateOnFiber (node_modules/react-dom/cjs/react-dom.development.js:25547:5)
      at forceStoreRerender (node_modules/react-dom/cjs/react-dom.development.js:16158:5)
      at handleStoreChange (node_modules/react-dom/cjs/react-dom.development.js:16134:7)
      at node_modules/zustand/vanilla.js:12:16
          at Set.forEach (<anonymous>)
      at setState (node_modules/zustand/vanilla.js:11:17)
      at set (src/store/useCanvasStore.ts:113:24)
      at setTool (src/components/ToolPanel.tsx:39:5)
      at handleToolSelect (src/components/ToolPanel.tsx:50:30)
      at HTMLUnknownElement.callCallback (node_modules/react-dom/cjs/react-dom.development.js:4164:14)
      at Object.invokeGuardedCallbackDev (node_modules/react-dom/cjs/react-dom.development.js:4213:16)
      at invokeGuardedCallback (node_modules/react-dom/cjs/react-dom.development.js:4277:31)
      at invokeGuardedCallbackAndCatchFirstError (node_modules/react-dom/cjs/react-dom.development.js:4291:25)
      at executeDispatch (node_modules/react-dom/cjs/react-dom.development.js:9041:3)
      at processDispatchQueueItemsInOrder (node_modules/react-dom/cjs/react-dom.development.js:9073:7)
      at processDispatchQueue (node_modules/react-dom/cjs/react-dom.development.js:9086:5)
      at dispatchEventsForPlugins (node_modules/react-dom/cjs/react-dom.development.js:9097:3)
      at node_modules/react-dom/cjs/react-dom.development.js:9288:12
      at batchedUpdates$1 (node_modules/react-dom/cjs/react-dom.development.js:26179:12)
      at batchedUpdates (node_modules/react-dom/cjs/react-dom.development.js:3991:12)
      at dispatchEventForPluginEventSystem (node_modules/react-dom/cjs/react-dom.development.js:9287:3)
      at dispatchEventWithEnableCapturePhaseSelectiveHydrationWithoutDiscreteEventReplay (node_modules/react-dom/cjs/react-dom.development.js:6465:5)
      at dispatchEvent (node_modules/react-dom/cjs/react-dom.development.js:6457:5)
      at dispatchDiscreteEvent (node_modules/react-dom/cjs/react-dom.development.js:6430:5)
      at node_modules/@testing-library/user-event/dist/cjs/event/dispatchEvent.js:45:43
      at Object.eventWrapper (node_modules/@testing-library/dom/dist/config.js:25:23)
      at Object.wrapEvent (node_modules/@testing-library/user-event/dist/cjs/event/wrapEvent.js:6:28)
      at Object.dispatchEvent (node_modules/@testing-library/user-event/dist/cjs/event/dispatchEvent.js:45:22)
      at Object.dispatchUIEvent (node_modules/@testing-library/user-event/dist/cjs/event/dispatchEvent.js:22:26)
      at Mouse.up (node_modules/@testing-library/user-event/dist/cjs/system/pointer/mouse.js:100:30)
      at PointerHost.release (node_modules/@testing-library/user-event/dist/cjs/system/pointer/index.js:87:24)
      at pointerAction (node_modules/@testing-library/user-event/dist/cjs/pointer/index.js:54:47)
      at Object.pointer (node_modules/@testing-library/user-event/dist/cjs/pointer/index.js:27:9)
      at Object.<anonymous> (src/__tests__/integration/whiteboard-integration.test.tsx:145:7)

    console.error
      Warning: An update to CollaborationPanel inside a test was not wrapped in act(...).
      
      When testing, code that causes React state updates should be wrapped into act(...):
      
      act(() => {
        /* fire events that update state */
      });
      /* assert on the output */
      
      This ensures that you're testing the behavior the user would see in the browser. Learn more at https://reactjs.org/link/wrap-tests-with-act
          at CollaborationPanel (/Users/shuhaozhang/Project/miro-clone/src/components/CollaborationPanel.tsx:13:56)
          at div
          at div
          at boardId (/Users/shuhaozhang/Project/miro-clone/src/components/Whiteboard.tsx:19:57)

      111 |     
      112 |     // Tool actions
    > 113 |     setTool: (tool) => set({ tool }),
          |                        ^
      114 |     
      115 |     // UI actions
      116 |     toggleGrid: () => set((state) => ({ isGridVisible: !state.isGridVisible })),

      at printWarning (node_modules/react-dom/cjs/react-dom.development.js:86:30)
      at error (node_modules/react-dom/cjs/react-dom.development.js:60:7)
      at warnIfUpdatesNotWrappedWithActDEV (node_modules/react-dom/cjs/react-dom.development.js:27628:9)
      at scheduleUpdateOnFiber (node_modules/react-dom/cjs/react-dom.development.js:25547:5)
      at forceStoreRerender (node_modules/react-dom/cjs/react-dom.development.js:16158:5)
      at handleStoreChange (node_modules/react-dom/cjs/react-dom.development.js:16134:7)
      at node_modules/zustand/vanilla.js:12:16
          at Set.forEach (<anonymous>)
      at setState (node_modules/zustand/vanilla.js:11:17)
      at set (src/store/useCanvasStore.ts:113:24)
      at setTool (src/components/ToolPanel.tsx:39:5)
      at handleToolSelect (src/components/ToolPanel.tsx:50:30)
      at HTMLUnknownElement.callCallback (node_modules/react-dom/cjs/react-dom.development.js:4164:14)
      at Object.invokeGuardedCallbackDev (node_modules/react-dom/cjs/react-dom.development.js:4213:16)
      at invokeGuardedCallback (node_modules/react-dom/cjs/react-dom.development.js:4277:31)
      at invokeGuardedCallbackAndCatchFirstError (node_modules/react-dom/cjs/react-dom.development.js:4291:25)
      at executeDispatch (node_modules/react-dom/cjs/react-dom.development.js:9041:3)
      at processDispatchQueueItemsInOrder (node_modules/react-dom/cjs/react-dom.development.js:9073:7)
      at processDispatchQueue (node_modules/react-dom/cjs/react-dom.development.js:9086:5)
      at dispatchEventsForPlugins (node_modules/react-dom/cjs/react-dom.development.js:9097:3)
      at node_modules/react-dom/cjs/react-dom.development.js:9288:12
      at batchedUpdates$1 (node_modules/react-dom/cjs/react-dom.development.js:26179:12)
      at batchedUpdates (node_modules/react-dom/cjs/react-dom.development.js:3991:12)
      at dispatchEventForPluginEventSystem (node_modules/react-dom/cjs/react-dom.development.js:9287:3)
      at dispatchEventWithEnableCapturePhaseSelectiveHydrationWithoutDiscreteEventReplay (node_modules/react-dom/cjs/react-dom.development.js:6465:5)
      at dispatchEvent (node_modules/react-dom/cjs/react-dom.development.js:6457:5)
      at dispatchDiscreteEvent (node_modules/react-dom/cjs/react-dom.development.js:6430:5)
      at node_modules/@testing-library/user-event/dist/cjs/event/dispatchEvent.js:45:43
      at Object.eventWrapper (node_modules/@testing-library/dom/dist/config.js:25:23)
      at Object.wrapEvent (node_modules/@testing-library/user-event/dist/cjs/event/wrapEvent.js:6:28)
      at Object.dispatchEvent (node_modules/@testing-library/user-event/dist/cjs/event/dispatchEvent.js:45:22)
      at Object.dispatchUIEvent (node_modules/@testing-library/user-event/dist/cjs/event/dispatchEvent.js:22:26)
      at Mouse.up (node_modules/@testing-library/user-event/dist/cjs/system/pointer/mouse.js:100:30)
      at PointerHost.release (node_modules/@testing-library/user-event/dist/cjs/system/pointer/index.js:87:24)
      at pointerAction (node_modules/@testing-library/user-event/dist/cjs/pointer/index.js:54:47)
      at Object.pointer (node_modules/@testing-library/user-event/dist/cjs/pointer/index.js:27:9)
      at Object.<anonymous> (src/__tests__/integration/whiteboard-integration.test.tsx:145:7)

    console.error
      Warning: An update to Whiteboard inside a test was not wrapped in act(...).
      
      When testing, code that causes React state updates should be wrapped into act(...):
      
      act(() => {
        /* fire events that update state */
      });
      /* assert on the output */
      
      This ensures that you're testing the behavior the user would see in the browser. Learn more at https://reactjs.org/link/wrap-tests-with-act
          at boardId (/Users/shuhaozhang/Project/miro-clone/src/components/Whiteboard.tsx:19:57)

      111 |     
      112 |     // Tool actions
    > 113 |     setTool: (tool) => set({ tool }),
          |                        ^
      114 |     
      115 |     // UI actions
      116 |     toggleGrid: () => set((state) => ({ isGridVisible: !state.isGridVisible })),

      at printWarning (node_modules/react-dom/cjs/react-dom.development.js:86:30)
      at error (node_modules/react-dom/cjs/react-dom.development.js:60:7)
      at warnIfUpdatesNotWrappedWithActDEV (node_modules/react-dom/cjs/react-dom.development.js:27628:9)
      at scheduleUpdateOnFiber (node_modules/react-dom/cjs/react-dom.development.js:25547:5)
      at forceStoreRerender (node_modules/react-dom/cjs/react-dom.development.js:16158:5)
      at handleStoreChange (node_modules/react-dom/cjs/react-dom.development.js:16134:7)
      at node_modules/zustand/vanilla.js:12:16
          at Set.forEach (<anonymous>)
      at setState (node_modules/zustand/vanilla.js:11:17)
      at set (src/store/useCanvasStore.ts:113:24)
      at setTool (src/components/ToolPanel.tsx:39:5)
      at handleToolSelect (src/components/ToolPanel.tsx:50:30)
      at HTMLUnknownElement.callCallback (node_modules/react-dom/cjs/react-dom.development.js:4164:14)
      at Object.invokeGuardedCallbackDev (node_modules/react-dom/cjs/react-dom.development.js:4213:16)
      at invokeGuardedCallback (node_modules/react-dom/cjs/react-dom.development.js:4277:31)
      at invokeGuardedCallbackAndCatchFirstError (node_modules/react-dom/cjs/react-dom.development.js:4291:25)
      at executeDispatch (node_modules/react-dom/cjs/react-dom.development.js:9041:3)
      at processDispatchQueueItemsInOrder (node_modules/react-dom/cjs/react-dom.development.js:9073:7)
      at processDispatchQueue (node_modules/react-dom/cjs/react-dom.development.js:9086:5)
      at dispatchEventsForPlugins (node_modules/react-dom/cjs/react-dom.development.js:9097:3)
      at node_modules/react-dom/cjs/react-dom.development.js:9288:12
      at batchedUpdates$1 (node_modules/react-dom/cjs/react-dom.development.js:26179:12)
      at batchedUpdates (node_modules/react-dom/cjs/react-dom.development.js:3991:12)
      at dispatchEventForPluginEventSystem (node_modules/react-dom/cjs/react-dom.development.js:9287:3)
      at dispatchEventWithEnableCapturePhaseSelectiveHydrationWithoutDiscreteEventReplay (node_modules/react-dom/cjs/react-dom.development.js:6465:5)
      at dispatchEvent (node_modules/react-dom/cjs/react-dom.development.js:6457:5)
      at dispatchDiscreteEvent (node_modules/react-dom/cjs/react-dom.development.js:6430:5)
      at node_modules/@testing-library/user-event/dist/cjs/event/dispatchEvent.js:45:43
      at Object.eventWrapper (node_modules/@testing-library/dom/dist/config.js:25:23)
      at Object.wrapEvent (node_modules/@testing-library/user-event/dist/cjs/event/wrapEvent.js:6:28)
      at Object.dispatchEvent (node_modules/@testing-library/user-event/dist/cjs/event/dispatchEvent.js:45:22)
      at Object.dispatchUIEvent (node_modules/@testing-library/user-event/dist/cjs/event/dispatchEvent.js:22:26)
      at Mouse.up (node_modules/@testing-library/user-event/dist/cjs/system/pointer/mouse.js:100:30)
      at PointerHost.release (node_modules/@testing-library/user-event/dist/cjs/system/pointer/index.js:87:24)
      at pointerAction (node_modules/@testing-library/user-event/dist/cjs/pointer/index.js:54:47)
      at Object.pointer (node_modules/@testing-library/user-event/dist/cjs/pointer/index.js:27:9)
      at Object.<anonymous> (src/__tests__/integration/whiteboard-integration.test.tsx:145:7)

    console.error
      Warning: An update to Whiteboard inside a test was not wrapped in act(...).
      
      When testing, code that causes React state updates should be wrapped into act(...):
      
      act(() => {
        /* fire events that update state */
      });
      /* assert on the output */
      
      This ensures that you're testing the behavior the user would see in the browser. Learn more at https://reactjs.org/link/wrap-tests-with-act
          at boardId (/Users/shuhaozhang/Project/miro-clone/src/components/Whiteboard.tsx:19:57)

      111 |     
      112 |     // Tool actions
    > 113 |     setTool: (tool) => set({ tool }),
          |                        ^
      114 |     
      115 |     // UI actions
      116 |     toggleGrid: () => set((state) => ({ isGridVisible: !state.isGridVisible })),

      at printWarning (node_modules/react-dom/cjs/react-dom.development.js:86:30)
      at error (node_modules/react-dom/cjs/react-dom.development.js:60:7)
      at warnIfUpdatesNotWrappedWithActDEV (node_modules/react-dom/cjs/react-dom.development.js:27628:9)
      at scheduleUpdateOnFiber (node_modules/react-dom/cjs/react-dom.development.js:25547:5)
      at forceStoreRerender (node_modules/react-dom/cjs/react-dom.development.js:16158:5)
      at handleStoreChange (node_modules/react-dom/cjs/react-dom.development.js:16134:7)
      at node_modules/zustand/vanilla.js:12:16
          at Set.forEach (<anonymous>)
      at setState (node_modules/zustand/vanilla.js:11:17)
      at set (src/store/useCanvasStore.ts:113:24)
      at setTool (src/components/ToolPanel.tsx:39:5)
      at handleToolSelect (src/components/ToolPanel.tsx:50:30)
      at HTMLUnknownElement.callCallback (node_modules/react-dom/cjs/react-dom.development.js:4164:14)
      at Object.invokeGuardedCallbackDev (node_modules/react-dom/cjs/react-dom.development.js:4213:16)
      at invokeGuardedCallback (node_modules/react-dom/cjs/react-dom.development.js:4277:31)
      at invokeGuardedCallbackAndCatchFirstError (node_modules/react-dom/cjs/react-dom.development.js:4291:25)
      at executeDispatch (node_modules/react-dom/cjs/react-dom.development.js:9041:3)
      at processDispatchQueueItemsInOrder (node_modules/react-dom/cjs/react-dom.development.js:9073:7)
      at processDispatchQueue (node_modules/react-dom/cjs/react-dom.development.js:9086:5)
      at dispatchEventsForPlugins (node_modules/react-dom/cjs/react-dom.development.js:9097:3)
      at node_modules/react-dom/cjs/react-dom.development.js:9288:12
      at batchedUpdates$1 (node_modules/react-dom/cjs/react-dom.development.js:26179:12)
      at batchedUpdates (node_modules/react-dom/cjs/react-dom.development.js:3991:12)
      at dispatchEventForPluginEventSystem (node_modules/react-dom/cjs/react-dom.development.js:9287:3)
      at dispatchEventWithEnableCapturePhaseSelectiveHydrationWithoutDiscreteEventReplay (node_modules/react-dom/cjs/react-dom.development.js:6465:5)
      at dispatchEvent (node_modules/react-dom/cjs/react-dom.development.js:6457:5)
      at dispatchDiscreteEvent (node_modules/react-dom/cjs/react-dom.development.js:6430:5)
      at node_modules/@testing-library/user-event/dist/cjs/event/dispatchEvent.js:45:43
      at Object.eventWrapper (node_modules/@testing-library/dom/dist/config.js:25:23)
      at Object.wrapEvent (node_modules/@testing-library/user-event/dist/cjs/event/wrapEvent.js:6:28)
      at Object.dispatchEvent (node_modules/@testing-library/user-event/dist/cjs/event/dispatchEvent.js:45:22)
      at Object.dispatchUIEvent (node_modules/@testing-library/user-event/dist/cjs/event/dispatchEvent.js:22:26)
      at Mouse.up (node_modules/@testing-library/user-event/dist/cjs/system/pointer/mouse.js:100:30)
      at PointerHost.release (node_modules/@testing-library/user-event/dist/cjs/system/pointer/index.js:87:24)
      at pointerAction (node_modules/@testing-library/user-event/dist/cjs/pointer/index.js:54:47)
      at Object.pointer (node_modules/@testing-library/user-event/dist/cjs/pointer/index.js:27:9)
      at Object.<anonymous> (src/__tests__/integration/whiteboard-integration.test.tsx:145:7)

    console.error
      Warning: An update to Whiteboard inside a test was not wrapped in act(...).
      
      When testing, code that causes React state updates should be wrapped into act(...):
      
      act(() => {
        /* fire events that update state */
      });
      /* assert on the output */
      
      This ensures that you're testing the behavior the user would see in the browser. Learn more at https://reactjs.org/link/wrap-tests-with-act
          at boardId (/Users/shuhaozhang/Project/miro-clone/src/components/Whiteboard.tsx:19:57)

      111 |     
      112 |     // Tool actions
    > 113 |     setTool: (tool) => set({ tool }),
          |                        ^
      114 |     
      115 |     // UI actions
      116 |     toggleGrid: () => set((state) => ({ isGridVisible: !state.isGridVisible })),

      at printWarning (node_modules/react-dom/cjs/react-dom.development.js:86:30)
      at error (node_modules/react-dom/cjs/react-dom.development.js:60:7)
      at warnIfUpdatesNotWrappedWithActDEV (node_modules/react-dom/cjs/react-dom.development.js:27628:9)
      at scheduleUpdateOnFiber (node_modules/react-dom/cjs/react-dom.development.js:25547:5)
      at forceStoreRerender (node_modules/react-dom/cjs/react-dom.development.js:16158:5)
      at handleStoreChange (node_modules/react-dom/cjs/react-dom.development.js:16134:7)
      at node_modules/zustand/vanilla.js:12:16
          at Set.forEach (<anonymous>)
      at setState (node_modules/zustand/vanilla.js:11:17)
      at set (src/store/useCanvasStore.ts:113:24)
      at setTool (src/components/ToolPanel.tsx:39:5)
      at handleToolSelect (src/components/ToolPanel.tsx:50:30)
      at HTMLUnknownElement.callCallback (node_modules/react-dom/cjs/react-dom.development.js:4164:14)
      at Object.invokeGuardedCallbackDev (node_modules/react-dom/cjs/react-dom.development.js:4213:16)
      at invokeGuardedCallback (node_modules/react-dom/cjs/react-dom.development.js:4277:31)
      at invokeGuardedCallbackAndCatchFirstError (node_modules/react-dom/cjs/react-dom.development.js:4291:25)
      at executeDispatch (node_modules/react-dom/cjs/react-dom.development.js:9041:3)
      at processDispatchQueueItemsInOrder (node_modules/react-dom/cjs/react-dom.development.js:9073:7)
      at processDispatchQueue (node_modules/react-dom/cjs/react-dom.development.js:9086:5)
      at dispatchEventsForPlugins (node_modules/react-dom/cjs/react-dom.development.js:9097:3)
      at node_modules/react-dom/cjs/react-dom.development.js:9288:12
      at batchedUpdates$1 (node_modules/react-dom/cjs/react-dom.development.js:26179:12)
      at batchedUpdates (node_modules/react-dom/cjs/react-dom.development.js:3991:12)
      at dispatchEventForPluginEventSystem (node_modules/react-dom/cjs/react-dom.development.js:9287:3)
      at dispatchEventWithEnableCapturePhaseSelectiveHydrationWithoutDiscreteEventReplay (node_modules/react-dom/cjs/react-dom.development.js:6465:5)
      at dispatchEvent (node_modules/react-dom/cjs/react-dom.development.js:6457:5)
      at dispatchDiscreteEvent (node_modules/react-dom/cjs/react-dom.development.js:6430:5)
      at node_modules/@testing-library/user-event/dist/cjs/event/dispatchEvent.js:45:43
      at Object.eventWrapper (node_modules/@testing-library/dom/dist/config.js:25:23)
      at Object.wrapEvent (node_modules/@testing-library/user-event/dist/cjs/event/wrapEvent.js:6:28)
      at Object.dispatchEvent (node_modules/@testing-library/user-event/dist/cjs/event/dispatchEvent.js:45:22)
      at Object.dispatchUIEvent (node_modules/@testing-library/user-event/dist/cjs/event/dispatchEvent.js:22:26)
      at Mouse.up (node_modules/@testing-library/user-event/dist/cjs/system/pointer/mouse.js:100:30)
      at PointerHost.release (node_modules/@testing-library/user-event/dist/cjs/system/pointer/index.js:87:24)
      at pointerAction (node_modules/@testing-library/user-event/dist/cjs/pointer/index.js:54:47)
      at Object.pointer (node_modules/@testing-library/user-event/dist/cjs/pointer/index.js:27:9)
      at Object.<anonymous> (src/__tests__/integration/whiteboard-integration.test.tsx:145:7)

    console.error
      Warning: An update to Whiteboard inside a test was not wrapped in act(...).
      
      When testing, code that causes React state updates should be wrapped into act(...):
      
      act(() => {
        /* fire events that update state */
      });
      /* assert on the output */
      
      This ensures that you're testing the behavior the user would see in the browser. Learn more at https://reactjs.org/link/wrap-tests-with-act
          at boardId (/Users/shuhaozhang/Project/miro-clone/src/components/Whiteboard.tsx:19:57)

      111 |     
      112 |     // Tool actions
    > 113 |     setTool: (tool) => set({ tool }),
          |                        ^
      114 |     
      115 |     // UI actions
      116 |     toggleGrid: () => set((state) => ({ isGridVisible: !state.isGridVisible })),

      at printWarning (node_modules/react-dom/cjs/react-dom.development.js:86:30)
      at error (node_modules/react-dom/cjs/react-dom.development.js:60:7)
      at warnIfUpdatesNotWrappedWithActDEV (node_modules/react-dom/cjs/react-dom.development.js:27628:9)
      at scheduleUpdateOnFiber (node_modules/react-dom/cjs/react-dom.development.js:25547:5)
      at forceStoreRerender (node_modules/react-dom/cjs/react-dom.development.js:16158:5)
      at handleStoreChange (node_modules/react-dom/cjs/react-dom.development.js:16134:7)
      at node_modules/zustand/vanilla.js:12:16
          at Set.forEach (<anonymous>)
      at setState (node_modules/zustand/vanilla.js:11:17)
      at set (src/store/useCanvasStore.ts:113:24)
      at setTool (src/components/ToolPanel.tsx:39:5)
      at handleToolSelect (src/components/ToolPanel.tsx:50:30)
      at HTMLUnknownElement.callCallback (node_modules/react-dom/cjs/react-dom.development.js:4164:14)
      at Object.invokeGuardedCallbackDev (node_modules/react-dom/cjs/react-dom.development.js:4213:16)
      at invokeGuardedCallback (node_modules/react-dom/cjs/react-dom.development.js:4277:31)
      at invokeGuardedCallbackAndCatchFirstError (node_modules/react-dom/cjs/react-dom.development.js:4291:25)
      at executeDispatch (node_modules/react-dom/cjs/react-dom.development.js:9041:3)
      at processDispatchQueueItemsInOrder (node_modules/react-dom/cjs/react-dom.development.js:9073:7)
      at processDispatchQueue (node_modules/react-dom/cjs/react-dom.development.js:9086:5)
      at dispatchEventsForPlugins (node_modules/react-dom/cjs/react-dom.development.js:9097:3)
      at node_modules/react-dom/cjs/react-dom.development.js:9288:12
      at batchedUpdates$1 (node_modules/react-dom/cjs/react-dom.development.js:26179:12)
      at batchedUpdates (node_modules/react-dom/cjs/react-dom.development.js:3991:12)
      at dispatchEventForPluginEventSystem (node_modules/react-dom/cjs/react-dom.development.js:9287:3)
      at dispatchEventWithEnableCapturePhaseSelectiveHydrationWithoutDiscreteEventReplay (node_modules/react-dom/cjs/react-dom.development.js:6465:5)
      at dispatchEvent (node_modules/react-dom/cjs/react-dom.development.js:6457:5)
      at dispatchDiscreteEvent (node_modules/react-dom/cjs/react-dom.development.js:6430:5)
      at node_modules/@testing-library/user-event/dist/cjs/event/dispatchEvent.js:45:43
      at Object.eventWrapper (node_modules/@testing-library/dom/dist/config.js:25:23)
      at Object.wrapEvent (node_modules/@testing-library/user-event/dist/cjs/event/wrapEvent.js:6:28)
      at Object.dispatchEvent (node_modules/@testing-library/user-event/dist/cjs/event/dispatchEvent.js:45:22)
      at Object.dispatchUIEvent (node_modules/@testing-library/user-event/dist/cjs/event/dispatchEvent.js:22:26)
      at Mouse.up (node_modules/@testing-library/user-event/dist/cjs/system/pointer/mouse.js:100:30)
      at PointerHost.release (node_modules/@testing-library/user-event/dist/cjs/system/pointer/index.js:87:24)
      at pointerAction (node_modules/@testing-library/user-event/dist/cjs/pointer/index.js:54:47)
      at Object.pointer (node_modules/@testing-library/user-event/dist/cjs/pointer/index.js:27:9)
      at Object.<anonymous> (src/__tests__/integration/whiteboard-integration.test.tsx:145:7)

    console.error
      Failed to initialize canvas: TypeError: canvas.getElement is not a function
          at CanvasEngine.getElement [as initializeCanvas] (/Users/shuhaozhang/Project/miro-clone/src/lib/canvas-engine.ts:93:29)
          at new initializeCanvas (/Users/shuhaozhang/Project/miro-clone/src/lib/canvas-engine.ts:72:24)
          at initCanvas (/Users/shuhaozhang/Project/miro-clone/src/hooks/useCanvas.ts:45:18)
          at initCanvas (/Users/shuhaozhang/Project/miro-clone/src/hooks/useCanvas.ts:87:5)
          at commitHookEffectListMount (/Users/shuhaozhang/Project/miro-clone/node_modules/react-dom/cjs/react-dom.development.js:23189:26)
          at commitPassiveMountOnFiber (/Users/shuhaozhang/Project/miro-clone/node_modules/react-dom/cjs/react-dom.development.js:24970:11)
          at commitPassiveMountEffects_complete (/Users/shuhaozhang/Project/miro-clone/node_modules/react-dom/cjs/react-dom.development.js:24930:9)
          at commitPassiveMountEffects_begin (/Users/shuhaozhang/Project/miro-clone/node_modules/react-dom/cjs/react-dom.development.js:24917:7)
          at commitPassiveMountEffects (/Users/shuhaozhang/Project/miro-clone/node_modules/react-dom/cjs/react-dom.development.js:24905:3)
          at flushPassiveEffectsImpl (/Users/shuhaozhang/Project/miro-clone/node_modules/react-dom/cjs/react-dom.development.js:27078:3)
          at flushPassiveEffects (/Users/shuhaozhang/Project/miro-clone/node_modules/react-dom/cjs/react-dom.development.js:27023:14)
          at /Users/shuhaozhang/Project/miro-clone/node_modules/react-dom/cjs/react-dom.development.js:26808:9
          at flushActQueue (/Users/shuhaozhang/Project/miro-clone/node_modules/react/cjs/react.development.js:2667:24)
          at act (/Users/shuhaozhang/Project/miro-clone/node_modules/react/cjs/react.development.js:2582:11)
          at /Users/shuhaozhang/Project/miro-clone/node_modules/@testing-library/react/dist/act-compat.js:47:25
          at renderRoot (/Users/shuhaozhang/Project/miro-clone/node_modules/@testing-library/react/dist/pure.js:180:26)
          at render (/Users/shuhaozhang/Project/miro-clone/node_modules/@testing-library/react/dist/pure.js:271:10)
          at Object.<anonymous> (/Users/shuhaozhang/Project/miro-clone/src/__tests__/integration/whiteboard-integration.test.tsx:154:13)
          at Promise.then.completed (/Users/shuhaozhang/Project/miro-clone/node_modules/jest-circus/build/utils.js:298:28)
          at new Promise (<anonymous>)
          at callAsyncCircusFn (/Users/shuhaozhang/Project/miro-clone/node_modules/jest-circus/build/utils.js:231:10)
          at _callCircusTest (/Users/shuhaozhang/Project/miro-clone/node_modules/jest-circus/build/run.js:316:40)
          at _runTest (/Users/shuhaozhang/Project/miro-clone/node_modules/jest-circus/build/run.js:252:3)
          at _runTestsForDescribeBlock (/Users/shuhaozhang/Project/miro-clone/node_modules/jest-circus/build/run.js:126:9)
          at _runTestsForDescribeBlock (/Users/shuhaozhang/Project/miro-clone/node_modules/jest-circus/build/run.js:121:9)
          at _runTestsForDescribeBlock (/Users/shuhaozhang/Project/miro-clone/node_modules/jest-circus/build/run.js:121:9)
          at run (/Users/shuhaozhang/Project/miro-clone/node_modules/jest-circus/build/run.js:71:3)
          at runAndTransformResultsToJestFormat (/Users/shuhaozhang/Project/miro-clone/node_modules/jest-circus/build/legacy-code-todo-rewrite/jestAdapterInit.js:122:21)
          at jestAdapter (/Users/shuhaozhang/Project/miro-clone/node_modules/jest-circus/build/legacy-code-todo-rewrite/jestAdapter.js:79:19)
          at runTestInternal (/Users/shuhaozhang/Project/miro-clone/node_modules/jest-runner/build/runTest.js:367:16)
          at runTest (/Users/shuhaozhang/Project/miro-clone/node_modules/jest-runner/build/runTest.js:444:34)
          at Object.worker (/Users/shuhaozhang/Project/miro-clone/node_modules/jest-runner/build/testWorker.js:106:12)

      74 |         setIsInitialized(true)
      75 |       } catch (error) {
    > 76 |         console.error('Failed to initialize canvas:', error)
         |                 ^
      77 |         if (engine && !disposed) {
      78 |           try {
      79 |             engine.dispose()

      at error (src/hooks/useCanvas.ts:76:17)
      at initCanvas (src/hooks/useCanvas.ts:87:5)
      at commitHookEffectListMount (node_modules/react-dom/cjs/react-dom.development.js:23189:26)
      at commitPassiveMountOnFiber (node_modules/react-dom/cjs/react-dom.development.js:24970:11)
      at commitPassiveMountEffects_complete (node_modules/react-dom/cjs/react-dom.development.js:24930:9)
      at commitPassiveMountEffects_begin (node_modules/react-dom/cjs/react-dom.development.js:24917:7)
      at commitPassiveMountEffects (node_modules/react-dom/cjs/react-dom.development.js:24905:3)
      at flushPassiveEffectsImpl (node_modules/react-dom/cjs/react-dom.development.js:27078:3)
      at flushPassiveEffects (node_modules/react-dom/cjs/react-dom.development.js:27023:14)
      at node_modules/react-dom/cjs/react-dom.development.js:26808:9
      at flushActQueue (node_modules/react/cjs/react.development.js:2667:24)
      at act (node_modules/react/cjs/react.development.js:2582:11)
      at node_modules/@testing-library/react/dist/act-compat.js:47:25
      at renderRoot (node_modules/@testing-library/react/dist/pure.js:180:26)
      at render (node_modules/@testing-library/react/dist/pure.js:271:10)
      at Object.<anonymous> (src/__tests__/integration/whiteboard-integration.test.tsx:154:13)

    console.error
      Failed to initialize canvas: TypeError: canvas.getElement is not a function
          at CanvasEngine.getElement [as initializeCanvas] (/Users/shuhaozhang/Project/miro-clone/src/lib/canvas-engine.ts:93:29)
          at new initializeCanvas (/Users/shuhaozhang/Project/miro-clone/src/lib/canvas-engine.ts:72:24)
          at initCanvas (/Users/shuhaozhang/Project/miro-clone/src/hooks/useCanvas.ts:45:18)
          at initCanvas (/Users/shuhaozhang/Project/miro-clone/src/hooks/useCanvas.ts:87:5)
          at commitHookEffectListMount (/Users/shuhaozhang/Project/miro-clone/node_modules/react-dom/cjs/react-dom.development.js:23189:26)
          at commitPassiveMountOnFiber (/Users/shuhaozhang/Project/miro-clone/node_modules/react-dom/cjs/react-dom.development.js:24970:11)
          at commitPassiveMountEffects_complete (/Users/shuhaozhang/Project/miro-clone/node_modules/react-dom/cjs/react-dom.development.js:24930:9)
          at commitPassiveMountEffects_begin (/Users/shuhaozhang/Project/miro-clone/node_modules/react-dom/cjs/react-dom.development.js:24917:7)
          at commitPassiveMountEffects (/Users/shuhaozhang/Project/miro-clone/node_modules/react-dom/cjs/react-dom.development.js:24905:3)
          at flushPassiveEffectsImpl (/Users/shuhaozhang/Project/miro-clone/node_modules/react-dom/cjs/react-dom.development.js:27078:3)
          at flushPassiveEffects (/Users/shuhaozhang/Project/miro-clone/node_modules/react-dom/cjs/react-dom.development.js:27023:14)
          at /Users/shuhaozhang/Project/miro-clone/node_modules/react-dom/cjs/react-dom.development.js:26808:9
          at flushActQueue (/Users/shuhaozhang/Project/miro-clone/node_modules/react/cjs/react.development.js:2667:24)
          at act (/Users/shuhaozhang/Project/miro-clone/node_modules/react/cjs/react.development.js:2582:11)
          at /Users/shuhaozhang/Project/miro-clone/node_modules/@testing-library/react/dist/act-compat.js:47:25
          at renderRoot (/Users/shuhaozhang/Project/miro-clone/node_modules/@testing-library/react/dist/pure.js:180:26)
          at render (/Users/shuhaozhang/Project/miro-clone/node_modules/@testing-library/react/dist/pure.js:271:10)
          at Object.<anonymous> (/Users/shuhaozhang/Project/miro-clone/src/__tests__/integration/whiteboard-integration.test.tsx:173:13)
          at Promise.then.completed (/Users/shuhaozhang/Project/miro-clone/node_modules/jest-circus/build/utils.js:298:28)
          at new Promise (<anonymous>)
          at callAsyncCircusFn (/Users/shuhaozhang/Project/miro-clone/node_modules/jest-circus/build/utils.js:231:10)
          at _callCircusTest (/Users/shuhaozhang/Project/miro-clone/node_modules/jest-circus/build/run.js:316:40)
          at _runTest (/Users/shuhaozhang/Project/miro-clone/node_modules/jest-circus/build/run.js:252:3)
          at _runTestsForDescribeBlock (/Users/shuhaozhang/Project/miro-clone/node_modules/jest-circus/build/run.js:126:9)
          at _runTestsForDescribeBlock (/Users/shuhaozhang/Project/miro-clone/node_modules/jest-circus/build/run.js:121:9)
          at _runTestsForDescribeBlock (/Users/shuhaozhang/Project/miro-clone/node_modules/jest-circus/build/run.js:121:9)
          at run (/Users/shuhaozhang/Project/miro-clone/node_modules/jest-circus/build/run.js:71:3)
          at runAndTransformResultsToJestFormat (/Users/shuhaozhang/Project/miro-clone/node_modules/jest-circus/build/legacy-code-todo-rewrite/jestAdapterInit.js:122:21)
          at jestAdapter (/Users/shuhaozhang/Project/miro-clone/node_modules/jest-circus/build/legacy-code-todo-rewrite/jestAdapter.js:79:19)
          at runTestInternal (/Users/shuhaozhang/Project/miro-clone/node_modules/jest-runner/build/runTest.js:367:16)
          at runTest (/Users/shuhaozhang/Project/miro-clone/node_modules/jest-runner/build/runTest.js:444:34)
          at Object.worker (/Users/shuhaozhang/Project/miro-clone/node_modules/jest-runner/build/testWorker.js:106:12)

      74 |         setIsInitialized(true)
      75 |       } catch (error) {
    > 76 |         console.error('Failed to initialize canvas:', error)
         |                 ^
      77 |         if (engine && !disposed) {
      78 |           try {
      79 |             engine.dispose()

      at error (src/hooks/useCanvas.ts:76:17)
      at initCanvas (src/hooks/useCanvas.ts:87:5)
      at commitHookEffectListMount (node_modules/react-dom/cjs/react-dom.development.js:23189:26)
      at commitPassiveMountOnFiber (node_modules/react-dom/cjs/react-dom.development.js:24970:11)
      at commitPassiveMountEffects_complete (node_modules/react-dom/cjs/react-dom.development.js:24930:9)
      at commitPassiveMountEffects_begin (node_modules/react-dom/cjs/react-dom.development.js:24917:7)
      at commitPassiveMountEffects (node_modules/react-dom/cjs/react-dom.development.js:24905:3)
      at flushPassiveEffectsImpl (node_modules/react-dom/cjs/react-dom.development.js:27078:3)
      at flushPassiveEffects (node_modules/react-dom/cjs/react-dom.development.js:27023:14)
      at node_modules/react-dom/cjs/react-dom.development.js:26808:9
      at flushActQueue (node_modules/react/cjs/react.development.js:2667:24)
      at act (node_modules/react/cjs/react.development.js:2582:11)
      at node_modules/@testing-library/react/dist/act-compat.js:47:25
      at renderRoot (node_modules/@testing-library/react/dist/pure.js:180:26)
      at render (node_modules/@testing-library/react/dist/pure.js:271:10)
      at Object.<anonymous> (src/__tests__/integration/whiteboard-integration.test.tsx:173:13)

    console.error
      Warning: An update to Grid inside a test was not wrapped in act(...).
      
      When testing, code that causes React state updates should be wrapped into act(...):
      
      act(() => {
        /* fire events that update state */
      });
      /* assert on the output */
      
      This ensures that you're testing the behavior the user would see in the browser. Learn more at https://reactjs.org/link/wrap-tests-with-act
          at className (/Users/shuhaozhang/Project/miro-clone/src/components/Grid.tsx:11:45)
          at div
          at div
          at boardId (/Users/shuhaozhang/Project/miro-clone/src/components/Whiteboard.tsx:19:57)

      88 |     
      89 |     // Selection actions
    > 90 |     setSelectedElements: (ids) => set({ selectedElementIds: ids }),
         |                                   ^
      91 |     
      92 |     selectElement: (id) => set((state) => {
      93 |       if (!state.selectedElementIds.includes(id)) {

      at printWarning (node_modules/react-dom/cjs/react-dom.development.js:86:30)
      at error (node_modules/react-dom/cjs/react-dom.development.js:60:7)
      at warnIfUpdatesNotWrappedWithActDEV (node_modules/react-dom/cjs/react-dom.development.js:27628:9)
      at scheduleUpdateOnFiber (node_modules/react-dom/cjs/react-dom.development.js:25547:5)
      at forceStoreRerender (node_modules/react-dom/cjs/react-dom.development.js:16158:5)
      at handleStoreChange (node_modules/react-dom/cjs/react-dom.development.js:16134:7)
      at node_modules/zustand/vanilla.js:12:16
          at Set.forEach (<anonymous>)
      at setState (node_modules/zustand/vanilla.js:11:17)
      at Object.set [as setSelectedElements] (src/store/useCanvasStore.ts:90:35)
      at Object.setSelectedElements (src/__tests__/integration/whiteboard-integration.test.tsx:176:33)

    console.error
      Warning: An update to Toolbar inside a test was not wrapped in act(...).
      
      When testing, code that causes React state updates should be wrapped into act(...):
      
      act(() => {
        /* fire events that update state */
      });
      /* assert on the output */
      
      This ensures that you're testing the behavior the user would see in the browser. Learn more at https://reactjs.org/link/wrap-tests-with-act
          at onZoomIn (/Users/shuhaozhang/Project/miro-clone/src/components/Toolbar.tsx:29:3)
          at div
          at div
          at boardId (/Users/shuhaozhang/Project/miro-clone/src/components/Whiteboard.tsx:19:57)

      88 |     
      89 |     // Selection actions
    > 90 |     setSelectedElements: (ids) => set({ selectedElementIds: ids }),
         |                                   ^
      91 |     
      92 |     selectElement: (id) => set((state) => {
      93 |       if (!state.selectedElementIds.includes(id)) {

      at printWarning (node_modules/react-dom/cjs/react-dom.development.js:86:30)
      at error (node_modules/react-dom/cjs/react-dom.development.js:60:7)
      at warnIfUpdatesNotWrappedWithActDEV (node_modules/react-dom/cjs/react-dom.development.js:27628:9)
      at scheduleUpdateOnFiber (node_modules/react-dom/cjs/react-dom.development.js:25547:5)
      at forceStoreRerender (node_modules/react-dom/cjs/react-dom.development.js:16158:5)
      at handleStoreChange (node_modules/react-dom/cjs/react-dom.development.js:16134:7)
      at node_modules/zustand/vanilla.js:12:16
          at Set.forEach (<anonymous>)
      at setState (node_modules/zustand/vanilla.js:11:17)
      at Object.set [as setSelectedElements] (src/store/useCanvasStore.ts:90:35)
      at Object.setSelectedElements (src/__tests__/integration/whiteboard-integration.test.tsx:176:33)

    console.error
      Warning: An update to ToolPanel inside a test was not wrapped in act(...).
      
      When testing, code that causes React state updates should be wrapped into act(...):
      
      act(() => {
        /* fire events that update state */
      });
      /* assert on the output */
      
      This ensures that you're testing the behavior the user would see in the browser. Learn more at https://reactjs.org/link/wrap-tests-with-act
          at ToolPanel (/Users/shuhaozhang/Project/miro-clone/src/components/ToolPanel.tsx:36:43)
          at div
          at div
          at boardId (/Users/shuhaozhang/Project/miro-clone/src/components/Whiteboard.tsx:19:57)

      88 |     
      89 |     // Selection actions
    > 90 |     setSelectedElements: (ids) => set({ selectedElementIds: ids }),
         |                                   ^
      91 |     
      92 |     selectElement: (id) => set((state) => {
      93 |       if (!state.selectedElementIds.includes(id)) {

      at printWarning (node_modules/react-dom/cjs/react-dom.development.js:86:30)
      at error (node_modules/react-dom/cjs/react-dom.development.js:60:7)
      at warnIfUpdatesNotWrappedWithActDEV (node_modules/react-dom/cjs/react-dom.development.js:27628:9)
      at scheduleUpdateOnFiber (node_modules/react-dom/cjs/react-dom.development.js:25547:5)
      at forceStoreRerender (node_modules/react-dom/cjs/react-dom.development.js:16158:5)
      at handleStoreChange (node_modules/react-dom/cjs/react-dom.development.js:16134:7)
      at node_modules/zustand/vanilla.js:12:16
          at Set.forEach (<anonymous>)
      at setState (node_modules/zustand/vanilla.js:11:17)
      at Object.set [as setSelectedElements] (src/store/useCanvasStore.ts:90:35)
      at Object.setSelectedElements (src/__tests__/integration/whiteboard-integration.test.tsx:176:33)

    console.error
      Warning: An update to CollaborationPanel inside a test was not wrapped in act(...).
      
      When testing, code that causes React state updates should be wrapped into act(...):
      
      act(() => {
        /* fire events that update state */
      });
      /* assert on the output */
      
      This ensures that you're testing the behavior the user would see in the browser. Learn more at https://reactjs.org/link/wrap-tests-with-act
          at CollaborationPanel (/Users/shuhaozhang/Project/miro-clone/src/components/CollaborationPanel.tsx:13:56)
          at div
          at div
          at boardId (/Users/shuhaozhang/Project/miro-clone/src/components/Whiteboard.tsx:19:57)

      88 |     
      89 |     // Selection actions
    > 90 |     setSelectedElements: (ids) => set({ selectedElementIds: ids }),
         |                                   ^
      91 |     
      92 |     selectElement: (id) => set((state) => {
      93 |       if (!state.selectedElementIds.includes(id)) {

      at printWarning (node_modules/react-dom/cjs/react-dom.development.js:86:30)
      at error (node_modules/react-dom/cjs/react-dom.development.js:60:7)
      at warnIfUpdatesNotWrappedWithActDEV (node_modules/react-dom/cjs/react-dom.development.js:27628:9)
      at scheduleUpdateOnFiber (node_modules/react-dom/cjs/react-dom.development.js:25547:5)
      at forceStoreRerender (node_modules/react-dom/cjs/react-dom.development.js:16158:5)
      at handleStoreChange (node_modules/react-dom/cjs/react-dom.development.js:16134:7)
      at node_modules/zustand/vanilla.js:12:16
          at Set.forEach (<anonymous>)
      at setState (node_modules/zustand/vanilla.js:11:17)
      at Object.set [as setSelectedElements] (src/store/useCanvasStore.ts:90:35)
      at Object.setSelectedElements (src/__tests__/integration/whiteboard-integration.test.tsx:176:33)

    console.error
      Warning: An update to Whiteboard inside a test was not wrapped in act(...).
      
      When testing, code that causes React state updates should be wrapped into act(...):
      
      act(() => {
        /* fire events that update state */
      });
      /* assert on the output */
      
      This ensures that you're testing the behavior the user would see in the browser. Learn more at https://reactjs.org/link/wrap-tests-with-act
          at boardId (/Users/shuhaozhang/Project/miro-clone/src/components/Whiteboard.tsx:19:57)

      88 |     
      89 |     // Selection actions
    > 90 |     setSelectedElements: (ids) => set({ selectedElementIds: ids }),
         |                                   ^
      91 |     
      92 |     selectElement: (id) => set((state) => {
      93 |       if (!state.selectedElementIds.includes(id)) {

      at printWarning (node_modules/react-dom/cjs/react-dom.development.js:86:30)
      at error (node_modules/react-dom/cjs/react-dom.development.js:60:7)
      at warnIfUpdatesNotWrappedWithActDEV (node_modules/react-dom/cjs/react-dom.development.js:27628:9)
      at scheduleUpdateOnFiber (node_modules/react-dom/cjs/react-dom.development.js:25547:5)
      at forceStoreRerender (node_modules/react-dom/cjs/react-dom.development.js:16158:5)
      at handleStoreChange (node_modules/react-dom/cjs/react-dom.development.js:16134:7)
      at node_modules/zustand/vanilla.js:12:16
          at Set.forEach (<anonymous>)
      at setState (node_modules/zustand/vanilla.js:11:17)
      at Object.set [as setSelectedElements] (src/store/useCanvasStore.ts:90:35)
      at Object.setSelectedElements (src/__tests__/integration/whiteboard-integration.test.tsx:176:33)

    console.error
      Warning: An update to Whiteboard inside a test was not wrapped in act(...).
      
      When testing, code that causes React state updates should be wrapped into act(...):
      
      act(() => {
        /* fire events that update state */
      });
      /* assert on the output */
      
      This ensures that you're testing the behavior the user would see in the browser. Learn more at https://reactjs.org/link/wrap-tests-with-act
          at boardId (/Users/shuhaozhang/Project/miro-clone/src/components/Whiteboard.tsx:19:57)

      88 |     
      89 |     // Selection actions
    > 90 |     setSelectedElements: (ids) => set({ selectedElementIds: ids }),
         |                                   ^
      91 |     
      92 |     selectElement: (id) => set((state) => {
      93 |       if (!state.selectedElementIds.includes(id)) {

      at printWarning (node_modules/react-dom/cjs/react-dom.development.js:86:30)
      at error (node_modules/react-dom/cjs/react-dom.development.js:60:7)
      at warnIfUpdatesNotWrappedWithActDEV (node_modules/react-dom/cjs/react-dom.development.js:27628:9)
      at scheduleUpdateOnFiber (node_modules/react-dom/cjs/react-dom.development.js:25547:5)
      at forceStoreRerender (node_modules/react-dom/cjs/react-dom.development.js:16158:5)
      at handleStoreChange (node_modules/react-dom/cjs/react-dom.development.js:16134:7)
      at node_modules/zustand/vanilla.js:12:16
          at Set.forEach (<anonymous>)
      at setState (node_modules/zustand/vanilla.js:11:17)
      at Object.set [as setSelectedElements] (src/store/useCanvasStore.ts:90:35)
      at Object.setSelectedElements (src/__tests__/integration/whiteboard-integration.test.tsx:176:33)

    console.error
      Warning: An update to Whiteboard inside a test was not wrapped in act(...).
      
      When testing, code that causes React state updates should be wrapped into act(...):
      
      act(() => {
        /* fire events that update state */
      });
      /* assert on the output */
      
      This ensures that you're testing the behavior the user would see in the browser. Learn more at https://reactjs.org/link/wrap-tests-with-act
          at boardId (/Users/shuhaozhang/Project/miro-clone/src/components/Whiteboard.tsx:19:57)

      88 |     
      89 |     // Selection actions
    > 90 |     setSelectedElements: (ids) => set({ selectedElementIds: ids }),
         |                                   ^
      91 |     
      92 |     selectElement: (id) => set((state) => {
      93 |       if (!state.selectedElementIds.includes(id)) {

      at printWarning (node_modules/react-dom/cjs/react-dom.development.js:86:30)
      at error (node_modules/react-dom/cjs/react-dom.development.js:60:7)
      at warnIfUpdatesNotWrappedWithActDEV (node_modules/react-dom/cjs/react-dom.development.js:27628:9)
      at scheduleUpdateOnFiber (node_modules/react-dom/cjs/react-dom.development.js:25547:5)
      at forceStoreRerender (node_modules/react-dom/cjs/react-dom.development.js:16158:5)
      at handleStoreChange (node_modules/react-dom/cjs/react-dom.development.js:16134:7)
      at node_modules/zustand/vanilla.js:12:16
          at Set.forEach (<anonymous>)
      at setState (node_modules/zustand/vanilla.js:11:17)
      at Object.set [as setSelectedElements] (src/store/useCanvasStore.ts:90:35)
      at Object.setSelectedElements (src/__tests__/integration/whiteboard-integration.test.tsx:176:33)

    console.error
      Warning: An update to Whiteboard inside a test was not wrapped in act(...).
      
      When testing, code that causes React state updates should be wrapped into act(...):
      
      act(() => {
        /* fire events that update state */
      });
      /* assert on the output */
      
      This ensures that you're testing the behavior the user would see in the browser. Learn more at https://reactjs.org/link/wrap-tests-with-act
          at boardId (/Users/shuhaozhang/Project/miro-clone/src/components/Whiteboard.tsx:19:57)

      88 |     
      89 |     // Selection actions
    > 90 |     setSelectedElements: (ids) => set({ selectedElementIds: ids }),
         |                                   ^
      91 |     
      92 |     selectElement: (id) => set((state) => {
      93 |       if (!state.selectedElementIds.includes(id)) {

      at printWarning (node_modules/react-dom/cjs/react-dom.development.js:86:30)
      at error (node_modules/react-dom/cjs/react-dom.development.js:60:7)
      at warnIfUpdatesNotWrappedWithActDEV (node_modules/react-dom/cjs/react-dom.development.js:27628:9)
      at scheduleUpdateOnFiber (node_modules/react-dom/cjs/react-dom.development.js:25547:5)
      at forceStoreRerender (node_modules/react-dom/cjs/react-dom.development.js:16158:5)
      at handleStoreChange (node_modules/react-dom/cjs/react-dom.development.js:16134:7)
      at node_modules/zustand/vanilla.js:12:16
          at Set.forEach (<anonymous>)
      at setState (node_modules/zustand/vanilla.js:11:17)
      at Object.set [as setSelectedElements] (src/store/useCanvasStore.ts:90:35)
      at Object.setSelectedElements (src/__tests__/integration/whiteboard-integration.test.tsx:176:33)

    console.error
      Warning: An update to Whiteboard inside a test was not wrapped in act(...).
      
      When testing, code that causes React state updates should be wrapped into act(...):
      
      act(() => {
        /* fire events that update state */
      });
      /* assert on the output */
      
      This ensures that you're testing the behavior the user would see in the browser. Learn more at https://reactjs.org/link/wrap-tests-with-act
          at boardId (/Users/shuhaozhang/Project/miro-clone/src/components/Whiteboard.tsx:19:57)

      88 |     
      89 |     // Selection actions
    > 90 |     setSelectedElements: (ids) => set({ selectedElementIds: ids }),
         |                                   ^
      91 |     
      92 |     selectElement: (id) => set((state) => {
      93 |       if (!state.selectedElementIds.includes(id)) {

      at printWarning (node_modules/react-dom/cjs/react-dom.development.js:86:30)
      at error (node_modules/react-dom/cjs/react-dom.development.js:60:7)
      at warnIfUpdatesNotWrappedWithActDEV (node_modules/react-dom/cjs/react-dom.development.js:27628:9)
      at scheduleUpdateOnFiber (node_modules/react-dom/cjs/react-dom.development.js:25547:5)
      at forceStoreRerender (node_modules/react-dom/cjs/react-dom.development.js:16158:5)
      at handleStoreChange (node_modules/react-dom/cjs/react-dom.development.js:16134:7)
      at node_modules/zustand/vanilla.js:12:16
          at Set.forEach (<anonymous>)
      at setState (node_modules/zustand/vanilla.js:11:17)
      at Object.set [as setSelectedElements] (src/store/useCanvasStore.ts:90:35)
      at Object.setSelectedElements (src/__tests__/integration/whiteboard-integration.test.tsx:176:33)

    console.error
      Failed to initialize canvas: TypeError: canvas.getElement is not a function
          at CanvasEngine.getElement [as initializeCanvas] (/Users/shuhaozhang/Project/miro-clone/src/lib/canvas-engine.ts:93:29)
          at new initializeCanvas (/Users/shuhaozhang/Project/miro-clone/src/lib/canvas-engine.ts:72:24)
          at initCanvas (/Users/shuhaozhang/Project/miro-clone/src/hooks/useCanvas.ts:45:18)
          at initCanvas (/Users/shuhaozhang/Project/miro-clone/src/hooks/useCanvas.ts:87:5)
          at commitHookEffectListMount (/Users/shuhaozhang/Project/miro-clone/node_modules/react-dom/cjs/react-dom.development.js:23189:26)
          at commitPassiveMountOnFiber (/Users/shuhaozhang/Project/miro-clone/node_modules/react-dom/cjs/react-dom.development.js:24970:11)
          at commitPassiveMountEffects_complete (/Users/shuhaozhang/Project/miro-clone/node_modules/react-dom/cjs/react-dom.development.js:24930:9)
          at commitPassiveMountEffects_begin (/Users/shuhaozhang/Project/miro-clone/node_modules/react-dom/cjs/react-dom.development.js:24917:7)
          at commitPassiveMountEffects (/Users/shuhaozhang/Project/miro-clone/node_modules/react-dom/cjs/react-dom.development.js:24905:3)
          at flushPassiveEffectsImpl (/Users/shuhaozhang/Project/miro-clone/node_modules/react-dom/cjs/react-dom.development.js:27078:3)
          at flushPassiveEffects (/Users/shuhaozhang/Project/miro-clone/node_modules/react-dom/cjs/react-dom.development.js:27023:14)
          at /Users/shuhaozhang/Project/miro-clone/node_modules/react-dom/cjs/react-dom.development.js:26808:9
          at flushActQueue (/Users/shuhaozhang/Project/miro-clone/node_modules/react/cjs/react.development.js:2667:24)
          at act (/Users/shuhaozhang/Project/miro-clone/node_modules/react/cjs/react.development.js:2582:11)
          at /Users/shuhaozhang/Project/miro-clone/node_modules/@testing-library/react/dist/act-compat.js:47:25
          at renderRoot (/Users/shuhaozhang/Project/miro-clone/node_modules/@testing-library/react/dist/pure.js:180:26)
          at render (/Users/shuhaozhang/Project/miro-clone/node_modules/@testing-library/react/dist/pure.js:271:10)
          at Object.<anonymous> (/Users/shuhaozhang/Project/miro-clone/src/__tests__/integration/whiteboard-integration.test.tsx:189:13)
          at Promise.then.completed (/Users/shuhaozhang/Project/miro-clone/node_modules/jest-circus/build/utils.js:298:28)
          at new Promise (<anonymous>)
          at callAsyncCircusFn (/Users/shuhaozhang/Project/miro-clone/node_modules/jest-circus/build/utils.js:231:10)
          at _callCircusTest (/Users/shuhaozhang/Project/miro-clone/node_modules/jest-circus/build/run.js:316:40)
          at _runTest (/Users/shuhaozhang/Project/miro-clone/node_modules/jest-circus/build/run.js:252:3)
          at _runTestsForDescribeBlock (/Users/shuhaozhang/Project/miro-clone/node_modules/jest-circus/build/run.js:126:9)
          at _runTestsForDescribeBlock (/Users/shuhaozhang/Project/miro-clone/node_modules/jest-circus/build/run.js:121:9)
          at _runTestsForDescribeBlock (/Users/shuhaozhang/Project/miro-clone/node_modules/jest-circus/build/run.js:121:9)
          at run (/Users/shuhaozhang/Project/miro-clone/node_modules/jest-circus/build/run.js:71:3)
          at runAndTransformResultsToJestFormat (/Users/shuhaozhang/Project/miro-clone/node_modules/jest-circus/build/legacy-code-todo-rewrite/jestAdapterInit.js:122:21)
          at jestAdapter (/Users/shuhaozhang/Project/miro-clone/node_modules/jest-circus/build/legacy-code-todo-rewrite/jestAdapter.js:79:19)
          at runTestInternal (/Users/shuhaozhang/Project/miro-clone/node_modules/jest-runner/build/runTest.js:367:16)
          at runTest (/Users/shuhaozhang/Project/miro-clone/node_modules/jest-runner/build/runTest.js:444:34)
          at Object.worker (/Users/shuhaozhang/Project/miro-clone/node_modules/jest-runner/build/testWorker.js:106:12)

      74 |         setIsInitialized(true)
      75 |       } catch (error) {
    > 76 |         console.error('Failed to initialize canvas:', error)
         |                 ^
      77 |         if (engine && !disposed) {
      78 |           try {
      79 |             engine.dispose()

      at error (src/hooks/useCanvas.ts:76:17)
      at initCanvas (src/hooks/useCanvas.ts:87:5)
      at commitHookEffectListMount (node_modules/react-dom/cjs/react-dom.development.js:23189:26)
      at commitPassiveMountOnFiber (node_modules/react-dom/cjs/react-dom.development.js:24970:11)
      at commitPassiveMountEffects_complete (node_modules/react-dom/cjs/react-dom.development.js:24930:9)
      at commitPassiveMountEffects_begin (node_modules/react-dom/cjs/react-dom.development.js:24917:7)
      at commitPassiveMountEffects (node_modules/react-dom/cjs/react-dom.development.js:24905:3)
      at flushPassiveEffectsImpl (node_modules/react-dom/cjs/react-dom.development.js:27078:3)
      at flushPassiveEffects (node_modules/react-dom/cjs/react-dom.development.js:27023:14)
      at node_modules/react-dom/cjs/react-dom.development.js:26808:9
      at flushActQueue (node_modules/react/cjs/react.development.js:2667:24)
      at act (node_modules/react/cjs/react.development.js:2582:11)
      at node_modules/@testing-library/react/dist/act-compat.js:47:25
      at renderRoot (node_modules/@testing-library/react/dist/pure.js:180:26)
      at render (node_modules/@testing-library/react/dist/pure.js:271:10)
      at Object.<anonymous> (src/__tests__/integration/whiteboard-integration.test.tsx:189:13)

    console.error
      Failed to initialize canvas: TypeError: canvas.getElement is not a function
          at CanvasEngine.getElement [as initializeCanvas] (/Users/shuhaozhang/Project/miro-clone/src/lib/canvas-engine.ts:93:29)
          at new initializeCanvas (/Users/shuhaozhang/Project/miro-clone/src/lib/canvas-engine.ts:72:24)
          at initCanvas (/Users/shuhaozhang/Project/miro-clone/src/hooks/useCanvas.ts:45:18)
          at initCanvas (/Users/shuhaozhang/Project/miro-clone/src/hooks/useCanvas.ts:87:5)
          at commitHookEffectListMount (/Users/shuhaozhang/Project/miro-clone/node_modules/react-dom/cjs/react-dom.development.js:23189:26)
          at commitPassiveMountOnFiber (/Users/shuhaozhang/Project/miro-clone/node_modules/react-dom/cjs/react-dom.development.js:24970:11)
          at commitPassiveMountEffects_complete (/Users/shuhaozhang/Project/miro-clone/node_modules/react-dom/cjs/react-dom.development.js:24930:9)
          at commitPassiveMountEffects_begin (/Users/shuhaozhang/Project/miro-clone/node_modules/react-dom/cjs/react-dom.development.js:24917:7)
          at commitPassiveMountEffects (/Users/shuhaozhang/Project/miro-clone/node_modules/react-dom/cjs/react-dom.development.js:24905:3)
          at flushPassiveEffectsImpl (/Users/shuhaozhang/Project/miro-clone/node_modules/react-dom/cjs/react-dom.development.js:27078:3)
          at flushPassiveEffects (/Users/shuhaozhang/Project/miro-clone/node_modules/react-dom/cjs/react-dom.development.js:27023:14)
          at /Users/shuhaozhang/Project/miro-clone/node_modules/react-dom/cjs/react-dom.development.js:26808:9
          at flushActQueue (/Users/shuhaozhang/Project/miro-clone/node_modules/react/cjs/react.development.js:2667:24)
          at act (/Users/shuhaozhang/Project/miro-clone/node_modules/react/cjs/react.development.js:2582:11)
          at /Users/shuhaozhang/Project/miro-clone/node_modules/@testing-library/react/dist/act-compat.js:47:25
          at renderRoot (/Users/shuhaozhang/Project/miro-clone/node_modules/@testing-library/react/dist/pure.js:180:26)
          at render (/Users/shuhaozhang/Project/miro-clone/node_modules/@testing-library/react/dist/pure.js:271:10)
          at Object.<anonymous> (/Users/shuhaozhang/Project/miro-clone/src/__tests__/integration/whiteboard-integration.test.tsx:203:13)
          at Promise.then.completed (/Users/shuhaozhang/Project/miro-clone/node_modules/jest-circus/build/utils.js:298:28)
          at new Promise (<anonymous>)
          at callAsyncCircusFn (/Users/shuhaozhang/Project/miro-clone/node_modules/jest-circus/build/utils.js:231:10)
          at _callCircusTest (/Users/shuhaozhang/Project/miro-clone/node_modules/jest-circus/build/run.js:316:40)
          at _runTest (/Users/shuhaozhang/Project/miro-clone/node_modules/jest-circus/build/run.js:252:3)
          at _runTestsForDescribeBlock (/Users/shuhaozhang/Project/miro-clone/node_modules/jest-circus/build/run.js:126:9)
          at _runTestsForDescribeBlock (/Users/shuhaozhang/Project/miro-clone/node_modules/jest-circus/build/run.js:121:9)
          at _runTestsForDescribeBlock (/Users/shuhaozhang/Project/miro-clone/node_modules/jest-circus/build/run.js:121:9)
          at run (/Users/shuhaozhang/Project/miro-clone/node_modules/jest-circus/build/run.js:71:3)
          at runAndTransformResultsToJestFormat (/Users/shuhaozhang/Project/miro-clone/node_modules/jest-circus/build/legacy-code-todo-rewrite/jestAdapterInit.js:122:21)
          at jestAdapter (/Users/shuhaozhang/Project/miro-clone/node_modules/jest-circus/build/legacy-code-todo-rewrite/jestAdapter.js:79:19)
          at runTestInternal (/Users/shuhaozhang/Project/miro-clone/node_modules/jest-runner/build/runTest.js:367:16)
          at runTest (/Users/shuhaozhang/Project/miro-clone/node_modules/jest-runner/build/runTest.js:444:34)
          at Object.worker (/Users/shuhaozhang/Project/miro-clone/node_modules/jest-runner/build/testWorker.js:106:12)

      74 |         setIsInitialized(true)
      75 |       } catch (error) {
    > 76 |         console.error('Failed to initialize canvas:', error)
         |                 ^
      77 |         if (engine && !disposed) {
      78 |           try {
      79 |             engine.dispose()

      at error (src/hooks/useCanvas.ts:76:17)
      at initCanvas (src/hooks/useCanvas.ts:87:5)
      at commitHookEffectListMount (node_modules/react-dom/cjs/react-dom.development.js:23189:26)
      at commitPassiveMountOnFiber (node_modules/react-dom/cjs/react-dom.development.js:24970:11)
      at commitPassiveMountEffects_complete (node_modules/react-dom/cjs/react-dom.development.js:24930:9)
      at commitPassiveMountEffects_begin (node_modules/react-dom/cjs/react-dom.development.js:24917:7)
      at commitPassiveMountEffects (node_modules/react-dom/cjs/react-dom.development.js:24905:3)
      at flushPassiveEffectsImpl (node_modules/react-dom/cjs/react-dom.development.js:27078:3)
      at flushPassiveEffects (node_modules/react-dom/cjs/react-dom.development.js:27023:14)
      at node_modules/react-dom/cjs/react-dom.development.js:26808:9
      at flushActQueue (node_modules/react/cjs/react.development.js:2667:24)
      at act (node_modules/react/cjs/react.development.js:2582:11)
      at node_modules/@testing-library/react/dist/act-compat.js:47:25
      at renderRoot (node_modules/@testing-library/react/dist/pure.js:180:26)
      at render (node_modules/@testing-library/react/dist/pure.js:271:10)
      at Object.<anonymous> (src/__tests__/integration/whiteboard-integration.test.tsx:203:13)

    console.error
      Warning: An update to Grid inside a test was not wrapped in act(...).
      
      When testing, code that causes React state updates should be wrapped into act(...):
      
      act(() => {
        /* fire events that update state */
      });
      /* assert on the output */
      
      This ensures that you're testing the behavior the user would see in the browser. Learn more at https://reactjs.org/link/wrap-tests-with-act
          at className (/Users/shuhaozhang/Project/miro-clone/src/components/Grid.tsx:11:45)
          at div
          at div
          at boardId (/Users/shuhaozhang/Project/miro-clone/src/components/Whiteboard.tsx:19:57)

      111 |     
      112 |     // Tool actions
    > 113 |     setTool: (tool) => set({ tool }),
          |                        ^
      114 |     
      115 |     // UI actions
      116 |     toggleGrid: () => set((state) => ({ isGridVisible: !state.isGridVisible })),

      at printWarning (node_modules/react-dom/cjs/react-dom.development.js:86:30)
      at error (node_modules/react-dom/cjs/react-dom.development.js:60:7)
      at warnIfUpdatesNotWrappedWithActDEV (node_modules/react-dom/cjs/react-dom.development.js:27628:9)
      at scheduleUpdateOnFiber (node_modules/react-dom/cjs/react-dom.development.js:25547:5)
      at forceStoreRerender (node_modules/react-dom/cjs/react-dom.development.js:16158:5)
      at handleStoreChange (node_modules/react-dom/cjs/react-dom.development.js:16134:7)
      at node_modules/zustand/vanilla.js:12:16
          at Set.forEach (<anonymous>)
      at setState (node_modules/zustand/vanilla.js:11:17)
      at set (src/store/useCanvasStore.ts:113:24)
      at setTool (src/components/ToolPanel.tsx:39:5)
      at handleToolSelect (src/components/ToolPanel.tsx:50:30)
      at HTMLUnknownElement.callCallback (node_modules/react-dom/cjs/react-dom.development.js:4164:14)
      at Object.invokeGuardedCallbackDev (node_modules/react-dom/cjs/react-dom.development.js:4213:16)
      at invokeGuardedCallback (node_modules/react-dom/cjs/react-dom.development.js:4277:31)
      at invokeGuardedCallbackAndCatchFirstError (node_modules/react-dom/cjs/react-dom.development.js:4291:25)
      at executeDispatch (node_modules/react-dom/cjs/react-dom.development.js:9041:3)
      at processDispatchQueueItemsInOrder (node_modules/react-dom/cjs/react-dom.development.js:9073:7)
      at processDispatchQueue (node_modules/react-dom/cjs/react-dom.development.js:9086:5)
      at dispatchEventsForPlugins (node_modules/react-dom/cjs/react-dom.development.js:9097:3)
      at node_modules/react-dom/cjs/react-dom.development.js:9288:12
      at batchedUpdates$1 (node_modules/react-dom/cjs/react-dom.development.js:26179:12)
      at batchedUpdates (node_modules/react-dom/cjs/react-dom.development.js:3991:12)
      at dispatchEventForPluginEventSystem (node_modules/react-dom/cjs/react-dom.development.js:9287:3)
      at dispatchEventWithEnableCapturePhaseSelectiveHydrationWithoutDiscreteEventReplay (node_modules/react-dom/cjs/react-dom.development.js:6465:5)
      at dispatchEvent (node_modules/react-dom/cjs/react-dom.development.js:6457:5)
      at dispatchDiscreteEvent (node_modules/react-dom/cjs/react-dom.development.js:6430:5)
      at node_modules/@testing-library/user-event/dist/cjs/event/dispatchEvent.js:45:43
      at Object.eventWrapper (node_modules/@testing-library/dom/dist/config.js:25:23)
      at Object.wrapEvent (node_modules/@testing-library/user-event/dist/cjs/event/wrapEvent.js:6:28)
      at Object.dispatchEvent (node_modules/@testing-library/user-event/dist/cjs/event/dispatchEvent.js:45:22)
      at Object.dispatchUIEvent (node_modules/@testing-library/user-event/dist/cjs/event/dispatchEvent.js:22:26)
      at Mouse.up (node_modules/@testing-library/user-event/dist/cjs/system/pointer/mouse.js:100:30)
      at PointerHost.release (node_modules/@testing-library/user-event/dist/cjs/system/pointer/index.js:87:24)
      at pointerAction (node_modules/@testing-library/user-event/dist/cjs/pointer/index.js:54:47)
      at Object.pointer (node_modules/@testing-library/user-event/dist/cjs/pointer/index.js:27:9)
      at Object.<anonymous> (src/__tests__/integration/whiteboard-integration.test.tsx:207:7)

    console.error
      Warning: An update to Toolbar inside a test was not wrapped in act(...).
      
      When testing, code that causes React state updates should be wrapped into act(...):
      
      act(() => {
        /* fire events that update state */
      });
      /* assert on the output */
      
      This ensures that you're testing the behavior the user would see in the browser. Learn more at https://reactjs.org/link/wrap-tests-with-act
          at onZoomIn (/Users/shuhaozhang/Project/miro-clone/src/components/Toolbar.tsx:29:3)
          at div
          at div
          at boardId (/Users/shuhaozhang/Project/miro-clone/src/components/Whiteboard.tsx:19:57)

      111 |     
      112 |     // Tool actions
    > 113 |     setTool: (tool) => set({ tool }),
          |                        ^
      114 |     
      115 |     // UI actions
      116 |     toggleGrid: () => set((state) => ({ isGridVisible: !state.isGridVisible })),

      at printWarning (node_modules/react-dom/cjs/react-dom.development.js:86:30)
      at error (node_modules/react-dom/cjs/react-dom.development.js:60:7)
      at warnIfUpdatesNotWrappedWithActDEV (node_modules/react-dom/cjs/react-dom.development.js:27628:9)
      at scheduleUpdateOnFiber (node_modules/react-dom/cjs/react-dom.development.js:25547:5)
      at forceStoreRerender (node_modules/react-dom/cjs/react-dom.development.js:16158:5)
      at handleStoreChange (node_modules/react-dom/cjs/react-dom.development.js:16134:7)
      at node_modules/zustand/vanilla.js:12:16
          at Set.forEach (<anonymous>)
      at setState (node_modules/zustand/vanilla.js:11:17)
      at set (src/store/useCanvasStore.ts:113:24)
      at setTool (src/components/ToolPanel.tsx:39:5)
      at handleToolSelect (src/components/ToolPanel.tsx:50:30)
      at HTMLUnknownElement.callCallback (node_modules/react-dom/cjs/react-dom.development.js:4164:14)
      at Object.invokeGuardedCallbackDev (node_modules/react-dom/cjs/react-dom.development.js:4213:16)
      at invokeGuardedCallback (node_modules/react-dom/cjs/react-dom.development.js:4277:31)
      at invokeGuardedCallbackAndCatchFirstError (node_modules/react-dom/cjs/react-dom.development.js:4291:25)
      at executeDispatch (node_modules/react-dom/cjs/react-dom.development.js:9041:3)
      at processDispatchQueueItemsInOrder (node_modules/react-dom/cjs/react-dom.development.js:9073:7)
      at processDispatchQueue (node_modules/react-dom/cjs/react-dom.development.js:9086:5)
      at dispatchEventsForPlugins (node_modules/react-dom/cjs/react-dom.development.js:9097:3)
      at node_modules/react-dom/cjs/react-dom.development.js:9288:12
      at batchedUpdates$1 (node_modules/react-dom/cjs/react-dom.development.js:26179:12)
      at batchedUpdates (node_modules/react-dom/cjs/react-dom.development.js:3991:12)
      at dispatchEventForPluginEventSystem (node_modules/react-dom/cjs/react-dom.development.js:9287:3)
      at dispatchEventWithEnableCapturePhaseSelectiveHydrationWithoutDiscreteEventReplay (node_modules/react-dom/cjs/react-dom.development.js:6465:5)
      at dispatchEvent (node_modules/react-dom/cjs/react-dom.development.js:6457:5)
      at dispatchDiscreteEvent (node_modules/react-dom/cjs/react-dom.development.js:6430:5)
      at node_modules/@testing-library/user-event/dist/cjs/event/dispatchEvent.js:45:43
      at Object.eventWrapper (node_modules/@testing-library/dom/dist/config.js:25:23)
      at Object.wrapEvent (node_modules/@testing-library/user-event/dist/cjs/event/wrapEvent.js:6:28)
      at Object.dispatchEvent (node_modules/@testing-library/user-event/dist/cjs/event/dispatchEvent.js:45:22)
      at Object.dispatchUIEvent (node_modules/@testing-library/user-event/dist/cjs/event/dispatchEvent.js:22:26)
      at Mouse.up (node_modules/@testing-library/user-event/dist/cjs/system/pointer/mouse.js:100:30)
      at PointerHost.release (node_modules/@testing-library/user-event/dist/cjs/system/pointer/index.js:87:24)
      at pointerAction (node_modules/@testing-library/user-event/dist/cjs/pointer/index.js:54:47)
      at Object.pointer (node_modules/@testing-library/user-event/dist/cjs/pointer/index.js:27:9)
      at Object.<anonymous> (src/__tests__/integration/whiteboard-integration.test.tsx:207:7)

    console.error
      Warning: An update to ToolPanel inside a test was not wrapped in act(...).
      
      When testing, code that causes React state updates should be wrapped into act(...):
      
      act(() => {
        /* fire events that update state */
      });
      /* assert on the output */
      
      This ensures that you're testing the behavior the user would see in the browser. Learn more at https://reactjs.org/link/wrap-tests-with-act
          at ToolPanel (/Users/shuhaozhang/Project/miro-clone/src/components/ToolPanel.tsx:36:43)
          at div
          at div
          at boardId (/Users/shuhaozhang/Project/miro-clone/src/components/Whiteboard.tsx:19:57)

      111 |     
      112 |     // Tool actions
    > 113 |     setTool: (tool) => set({ tool }),
          |                        ^
      114 |     
      115 |     // UI actions
      116 |     toggleGrid: () => set((state) => ({ isGridVisible: !state.isGridVisible })),

      at printWarning (node_modules/react-dom/cjs/react-dom.development.js:86:30)
      at error (node_modules/react-dom/cjs/react-dom.development.js:60:7)
      at warnIfUpdatesNotWrappedWithActDEV (node_modules/react-dom/cjs/react-dom.development.js:27628:9)
      at scheduleUpdateOnFiber (node_modules/react-dom/cjs/react-dom.development.js:25547:5)
      at forceStoreRerender (node_modules/react-dom/cjs/react-dom.development.js:16158:5)
      at handleStoreChange (node_modules/react-dom/cjs/react-dom.development.js:16134:7)
      at node_modules/zustand/vanilla.js:12:16
          at Set.forEach (<anonymous>)
      at setState (node_modules/zustand/vanilla.js:11:17)
      at set (src/store/useCanvasStore.ts:113:24)
      at setTool (src/components/ToolPanel.tsx:39:5)
      at handleToolSelect (src/components/ToolPanel.tsx:50:30)
      at HTMLUnknownElement.callCallback (node_modules/react-dom/cjs/react-dom.development.js:4164:14)
      at Object.invokeGuardedCallbackDev (node_modules/react-dom/cjs/react-dom.development.js:4213:16)
      at invokeGuardedCallback (node_modules/react-dom/cjs/react-dom.development.js:4277:31)
      at invokeGuardedCallbackAndCatchFirstError (node_modules/react-dom/cjs/react-dom.development.js:4291:25)
      at executeDispatch (node_modules/react-dom/cjs/react-dom.development.js:9041:3)
      at processDispatchQueueItemsInOrder (node_modules/react-dom/cjs/react-dom.development.js:9073:7)
      at processDispatchQueue (node_modules/react-dom/cjs/react-dom.development.js:9086:5)
      at dispatchEventsForPlugins (node_modules/react-dom/cjs/react-dom.development.js:9097:3)
      at node_modules/react-dom/cjs/react-dom.development.js:9288:12
      at batchedUpdates$1 (node_modules/react-dom/cjs/react-dom.development.js:26179:12)
      at batchedUpdates (node_modules/react-dom/cjs/react-dom.development.js:3991:12)
      at dispatchEventForPluginEventSystem (node_modules/react-dom/cjs/react-dom.development.js:9287:3)
      at dispatchEventWithEnableCapturePhaseSelectiveHydrationWithoutDiscreteEventReplay (node_modules/react-dom/cjs/react-dom.development.js:6465:5)
      at dispatchEvent (node_modules/react-dom/cjs/react-dom.development.js:6457:5)
      at dispatchDiscreteEvent (node_modules/react-dom/cjs/react-dom.development.js:6430:5)
      at node_modules/@testing-library/user-event/dist/cjs/event/dispatchEvent.js:45:43
      at Object.eventWrapper (node_modules/@testing-library/dom/dist/config.js:25:23)
      at Object.wrapEvent (node_modules/@testing-library/user-event/dist/cjs/event/wrapEvent.js:6:28)
      at Object.dispatchEvent (node_modules/@testing-library/user-event/dist/cjs/event/dispatchEvent.js:45:22)
      at Object.dispatchUIEvent (node_modules/@testing-library/user-event/dist/cjs/event/dispatchEvent.js:22:26)
      at Mouse.up (node_modules/@testing-library/user-event/dist/cjs/system/pointer/mouse.js:100:30)
      at PointerHost.release (node_modules/@testing-library/user-event/dist/cjs/system/pointer/index.js:87:24)
      at pointerAction (node_modules/@testing-library/user-event/dist/cjs/pointer/index.js:54:47)
      at Object.pointer (node_modules/@testing-library/user-event/dist/cjs/pointer/index.js:27:9)
      at Object.<anonymous> (src/__tests__/integration/whiteboard-integration.test.tsx:207:7)

    console.error
      Warning: An update to CollaborationPanel inside a test was not wrapped in act(...).
      
      When testing, code that causes React state updates should be wrapped into act(...):
      
      act(() => {
        /* fire events that update state */
      });
      /* assert on the output */
      
      This ensures that you're testing the behavior the user would see in the browser. Learn more at https://reactjs.org/link/wrap-tests-with-act
          at CollaborationPanel (/Users/shuhaozhang/Project/miro-clone/src/components/CollaborationPanel.tsx:13:56)
          at div
          at div
          at boardId (/Users/shuhaozhang/Project/miro-clone/src/components/Whiteboard.tsx:19:57)

      111 |     
      112 |     // Tool actions
    > 113 |     setTool: (tool) => set({ tool }),
          |                        ^
      114 |     
      115 |     // UI actions
      116 |     toggleGrid: () => set((state) => ({ isGridVisible: !state.isGridVisible })),

      at printWarning (node_modules/react-dom/cjs/react-dom.development.js:86:30)
      at error (node_modules/react-dom/cjs/react-dom.development.js:60:7)
      at warnIfUpdatesNotWrappedWithActDEV (node_modules/react-dom/cjs/react-dom.development.js:27628:9)
      at scheduleUpdateOnFiber (node_modules/react-dom/cjs/react-dom.development.js:25547:5)
      at forceStoreRerender (node_modules/react-dom/cjs/react-dom.development.js:16158:5)
      at handleStoreChange (node_modules/react-dom/cjs/react-dom.development.js:16134:7)
      at node_modules/zustand/vanilla.js:12:16
          at Set.forEach (<anonymous>)
      at setState (node_modules/zustand/vanilla.js:11:17)
      at set (src/store/useCanvasStore.ts:113:24)
      at setTool (src/components/ToolPanel.tsx:39:5)
      at handleToolSelect (src/components/ToolPanel.tsx:50:30)
      at HTMLUnknownElement.callCallback (node_modules/react-dom/cjs/react-dom.development.js:4164:14)
      at Object.invokeGuardedCallbackDev (node_modules/react-dom/cjs/react-dom.development.js:4213:16)
      at invokeGuardedCallback (node_modules/react-dom/cjs/react-dom.development.js:4277:31)
      at invokeGuardedCallbackAndCatchFirstError (node_modules/react-dom/cjs/react-dom.development.js:4291:25)
      at executeDispatch (node_modules/react-dom/cjs/react-dom.development.js:9041:3)
      at processDispatchQueueItemsInOrder (node_modules/react-dom/cjs/react-dom.development.js:9073:7)
      at processDispatchQueue (node_modules/react-dom/cjs/react-dom.development.js:9086:5)
      at dispatchEventsForPlugins (node_modules/react-dom/cjs/react-dom.development.js:9097:3)
      at node_modules/react-dom/cjs/react-dom.development.js:9288:12
      at batchedUpdates$1 (node_modules/react-dom/cjs/react-dom.development.js:26179:12)
      at batchedUpdates (node_modules/react-dom/cjs/react-dom.development.js:3991:12)
      at dispatchEventForPluginEventSystem (node_modules/react-dom/cjs/react-dom.development.js:9287:3)
      at dispatchEventWithEnableCapturePhaseSelectiveHydrationWithoutDiscreteEventReplay (node_modules/react-dom/cjs/react-dom.development.js:6465:5)
      at dispatchEvent (node_modules/react-dom/cjs/react-dom.development.js:6457:5)
      at dispatchDiscreteEvent (node_modules/react-dom/cjs/react-dom.development.js:6430:5)
      at node_modules/@testing-library/user-event/dist/cjs/event/dispatchEvent.js:45:43
      at Object.eventWrapper (node_modules/@testing-library/dom/dist/config.js:25:23)
      at Object.wrapEvent (node_modules/@testing-library/user-event/dist/cjs/event/wrapEvent.js:6:28)
      at Object.dispatchEvent (node_modules/@testing-library/user-event/dist/cjs/event/dispatchEvent.js:45:22)
      at Object.dispatchUIEvent (node_modules/@testing-library/user-event/dist/cjs/event/dispatchEvent.js:22:26)
      at Mouse.up (node_modules/@testing-library/user-event/dist/cjs/system/pointer/mouse.js:100:30)
      at PointerHost.release (node_modules/@testing-library/user-event/dist/cjs/system/pointer/index.js:87:24)
      at pointerAction (node_modules/@testing-library/user-event/dist/cjs/pointer/index.js:54:47)
      at Object.pointer (node_modules/@testing-library/user-event/dist/cjs/pointer/index.js:27:9)
      at Object.<anonymous> (src/__tests__/integration/whiteboard-integration.test.tsx:207:7)

    console.error
      Warning: An update to Whiteboard inside a test was not wrapped in act(...).
      
      When testing, code that causes React state updates should be wrapped into act(...):
      
      act(() => {
        /* fire events that update state */
      });
      /* assert on the output */
      
      This ensures that you're testing the behavior the user would see in the browser. Learn more at https://reactjs.org/link/wrap-tests-with-act
          at boardId (/Users/shuhaozhang/Project/miro-clone/src/components/Whiteboard.tsx:19:57)

      111 |     
      112 |     // Tool actions
    > 113 |     setTool: (tool) => set({ tool }),
          |                        ^
      114 |     
      115 |     // UI actions
      116 |     toggleGrid: () => set((state) => ({ isGridVisible: !state.isGridVisible })),

      at printWarning (node_modules/react-dom/cjs/react-dom.development.js:86:30)
      at error (node_modules/react-dom/cjs/react-dom.development.js:60:7)
      at warnIfUpdatesNotWrappedWithActDEV (node_modules/react-dom/cjs/react-dom.development.js:27628:9)
      at scheduleUpdateOnFiber (node_modules/react-dom/cjs/react-dom.development.js:25547:5)
      at forceStoreRerender (node_modules/react-dom/cjs/react-dom.development.js:16158:5)
      at handleStoreChange (node_modules/react-dom/cjs/react-dom.development.js:16134:7)
      at node_modules/zustand/vanilla.js:12:16
          at Set.forEach (<anonymous>)
      at setState (node_modules/zustand/vanilla.js:11:17)
      at set (src/store/useCanvasStore.ts:113:24)
      at setTool (src/components/ToolPanel.tsx:39:5)
      at handleToolSelect (src/components/ToolPanel.tsx:50:30)
      at HTMLUnknownElement.callCallback (node_modules/react-dom/cjs/react-dom.development.js:4164:14)
      at Object.invokeGuardedCallbackDev (node_modules/react-dom/cjs/react-dom.development.js:4213:16)
      at invokeGuardedCallback (node_modules/react-dom/cjs/react-dom.development.js:4277:31)
      at invokeGuardedCallbackAndCatchFirstError (node_modules/react-dom/cjs/react-dom.development.js:4291:25)
      at executeDispatch (node_modules/react-dom/cjs/react-dom.development.js:9041:3)
      at processDispatchQueueItemsInOrder (node_modules/react-dom/cjs/react-dom.development.js:9073:7)
      at processDispatchQueue (node_modules/react-dom/cjs/react-dom.development.js:9086:5)
      at dispatchEventsForPlugins (node_modules/react-dom/cjs/react-dom.development.js:9097:3)
      at node_modules/react-dom/cjs/react-dom.development.js:9288:12
      at batchedUpdates$1 (node_modules/react-dom/cjs/react-dom.development.js:26179:12)
      at batchedUpdates (node_modules/react-dom/cjs/react-dom.development.js:3991:12)
      at dispatchEventForPluginEventSystem (node_modules/react-dom/cjs/react-dom.development.js:9287:3)
      at dispatchEventWithEnableCapturePhaseSelectiveHydrationWithoutDiscreteEventReplay (node_modules/react-dom/cjs/react-dom.development.js:6465:5)
      at dispatchEvent (node_modules/react-dom/cjs/react-dom.development.js:6457:5)
      at dispatchDiscreteEvent (node_modules/react-dom/cjs/react-dom.development.js:6430:5)
      at node_modules/@testing-library/user-event/dist/cjs/event/dispatchEvent.js:45:43
      at Object.eventWrapper (node_modules/@testing-library/dom/dist/config.js:25:23)
      at Object.wrapEvent (node_modules/@testing-library/user-event/dist/cjs/event/wrapEvent.js:6:28)
      at Object.dispatchEvent (node_modules/@testing-library/user-event/dist/cjs/event/dispatchEvent.js:45:22)
      at Object.dispatchUIEvent (node_modules/@testing-library/user-event/dist/cjs/event/dispatchEvent.js:22:26)
      at Mouse.up (node_modules/@testing-library/user-event/dist/cjs/system/pointer/mouse.js:100:30)
      at PointerHost.release (node_modules/@testing-library/user-event/dist/cjs/system/pointer/index.js:87:24)
      at pointerAction (node_modules/@testing-library/user-event/dist/cjs/pointer/index.js:54:47)
      at Object.pointer (node_modules/@testing-library/user-event/dist/cjs/pointer/index.js:27:9)
      at Object.<anonymous> (src/__tests__/integration/whiteboard-integration.test.tsx:207:7)

    console.error
      Warning: An update to Whiteboard inside a test was not wrapped in act(...).
      
      When testing, code that causes React state updates should be wrapped into act(...):
      
      act(() => {
        /* fire events that update state */
      });
      /* assert on the output */
      
      This ensures that you're testing the behavior the user would see in the browser. Learn more at https://reactjs.org/link/wrap-tests-with-act
          at boardId (/Users/shuhaozhang/Project/miro-clone/src/components/Whiteboard.tsx:19:57)

      111 |     
      112 |     // Tool actions
    > 113 |     setTool: (tool) => set({ tool }),
          |                        ^
      114 |     
      115 |     // UI actions
      116 |     toggleGrid: () => set((state) => ({ isGridVisible: !state.isGridVisible })),

      at printWarning (node_modules/react-dom/cjs/react-dom.development.js:86:30)
      at error (node_modules/react-dom/cjs/react-dom.development.js:60:7)
      at warnIfUpdatesNotWrappedWithActDEV (node_modules/react-dom/cjs/react-dom.development.js:27628:9)
      at scheduleUpdateOnFiber (node_modules/react-dom/cjs/react-dom.development.js:25547:5)
      at forceStoreRerender (node_modules/react-dom/cjs/react-dom.development.js:16158:5)
      at handleStoreChange (node_modules/react-dom/cjs/react-dom.development.js:16134:7)
      at node_modules/zustand/vanilla.js:12:16
          at Set.forEach (<anonymous>)
      at setState (node_modules/zustand/vanilla.js:11:17)
      at set (src/store/useCanvasStore.ts:113:24)
      at setTool (src/components/ToolPanel.tsx:39:5)
      at handleToolSelect (src/components/ToolPanel.tsx:50:30)
      at HTMLUnknownElement.callCallback (node_modules/react-dom/cjs/react-dom.development.js:4164:14)
      at Object.invokeGuardedCallbackDev (node_modules/react-dom/cjs/react-dom.development.js:4213:16)
      at invokeGuardedCallback (node_modules/react-dom/cjs/react-dom.development.js:4277:31)
      at invokeGuardedCallbackAndCatchFirstError (node_modules/react-dom/cjs/react-dom.development.js:4291:25)
      at executeDispatch (node_modules/react-dom/cjs/react-dom.development.js:9041:3)
      at processDispatchQueueItemsInOrder (node_modules/react-dom/cjs/react-dom.development.js:9073:7)
      at processDispatchQueue (node_modules/react-dom/cjs/react-dom.development.js:9086:5)
      at dispatchEventsForPlugins (node_modules/react-dom/cjs/react-dom.development.js:9097:3)
      at node_modules/react-dom/cjs/react-dom.development.js:9288:12
      at batchedUpdates$1 (node_modules/react-dom/cjs/react-dom.development.js:26179:12)
      at batchedUpdates (node_modules/react-dom/cjs/react-dom.development.js:3991:12)
      at dispatchEventForPluginEventSystem (node_modules/react-dom/cjs/react-dom.development.js:9287:3)
      at dispatchEventWithEnableCapturePhaseSelectiveHydrationWithoutDiscreteEventReplay (node_modules/react-dom/cjs/react-dom.development.js:6465:5)
      at dispatchEvent (node_modules/react-dom/cjs/react-dom.development.js:6457:5)
      at dispatchDiscreteEvent (node_modules/react-dom/cjs/react-dom.development.js:6430:5)
      at node_modules/@testing-library/user-event/dist/cjs/event/dispatchEvent.js:45:43
      at Object.eventWrapper (node_modules/@testing-library/dom/dist/config.js:25:23)
      at Object.wrapEvent (node_modules/@testing-library/user-event/dist/cjs/event/wrapEvent.js:6:28)
      at Object.dispatchEvent (node_modules/@testing-library/user-event/dist/cjs/event/dispatchEvent.js:45:22)
      at Object.dispatchUIEvent (node_modules/@testing-library/user-event/dist/cjs/event/dispatchEvent.js:22:26)
      at Mouse.up (node_modules/@testing-library/user-event/dist/cjs/system/pointer/mouse.js:100:30)
      at PointerHost.release (node_modules/@testing-library/user-event/dist/cjs/system/pointer/index.js:87:24)
      at pointerAction (node_modules/@testing-library/user-event/dist/cjs/pointer/index.js:54:47)
      at Object.pointer (node_modules/@testing-library/user-event/dist/cjs/pointer/index.js:27:9)
      at Object.<anonymous> (src/__tests__/integration/whiteboard-integration.test.tsx:207:7)

    console.error
      Warning: An update to Whiteboard inside a test was not wrapped in act(...).
      
      When testing, code that causes React state updates should be wrapped into act(...):
      
      act(() => {
        /* fire events that update state */
      });
      /* assert on the output */
      
      This ensures that you're testing the behavior the user would see in the browser. Learn more at https://reactjs.org/link/wrap-tests-with-act
          at boardId (/Users/shuhaozhang/Project/miro-clone/src/components/Whiteboard.tsx:19:57)

      111 |     
      112 |     // Tool actions
    > 113 |     setTool: (tool) => set({ tool }),
          |                        ^
      114 |     
      115 |     // UI actions
      116 |     toggleGrid: () => set((state) => ({ isGridVisible: !state.isGridVisible })),

      at printWarning (node_modules/react-dom/cjs/react-dom.development.js:86:30)
      at error (node_modules/react-dom/cjs/react-dom.development.js:60:7)
      at warnIfUpdatesNotWrappedWithActDEV (node_modules/react-dom/cjs/react-dom.development.js:27628:9)
      at scheduleUpdateOnFiber (node_modules/react-dom/cjs/react-dom.development.js:25547:5)
      at forceStoreRerender (node_modules/react-dom/cjs/react-dom.development.js:16158:5)
      at handleStoreChange (node_modules/react-dom/cjs/react-dom.development.js:16134:7)
      at node_modules/zustand/vanilla.js:12:16
          at Set.forEach (<anonymous>)
      at setState (node_modules/zustand/vanilla.js:11:17)
      at set (src/store/useCanvasStore.ts:113:24)
      at setTool (src/components/ToolPanel.tsx:39:5)
      at handleToolSelect (src/components/ToolPanel.tsx:50:30)
      at HTMLUnknownElement.callCallback (node_modules/react-dom/cjs/react-dom.development.js:4164:14)
      at Object.invokeGuardedCallbackDev (node_modules/react-dom/cjs/react-dom.development.js:4213:16)
      at invokeGuardedCallback (node_modules/react-dom/cjs/react-dom.development.js:4277:31)
      at invokeGuardedCallbackAndCatchFirstError (node_modules/react-dom/cjs/react-dom.development.js:4291:25)
      at executeDispatch (node_modules/react-dom/cjs/react-dom.development.js:9041:3)
      at processDispatchQueueItemsInOrder (node_modules/react-dom/cjs/react-dom.development.js:9073:7)
      at processDispatchQueue (node_modules/react-dom/cjs/react-dom.development.js:9086:5)
      at dispatchEventsForPlugins (node_modules/react-dom/cjs/react-dom.development.js:9097:3)
      at node_modules/react-dom/cjs/react-dom.development.js:9288:12
      at batchedUpdates$1 (node_modules/react-dom/cjs/react-dom.development.js:26179:12)
      at batchedUpdates (node_modules/react-dom/cjs/react-dom.development.js:3991:12)
      at dispatchEventForPluginEventSystem (node_modules/react-dom/cjs/react-dom.development.js:9287:3)
      at dispatchEventWithEnableCapturePhaseSelectiveHydrationWithoutDiscreteEventReplay (node_modules/react-dom/cjs/react-dom.development.js:6465:5)
      at dispatchEvent (node_modules/react-dom/cjs/react-dom.development.js:6457:5)
      at dispatchDiscreteEvent (node_modules/react-dom/cjs/react-dom.development.js:6430:5)
      at node_modules/@testing-library/user-event/dist/cjs/event/dispatchEvent.js:45:43
      at Object.eventWrapper (node_modules/@testing-library/dom/dist/config.js:25:23)
      at Object.wrapEvent (node_modules/@testing-library/user-event/dist/cjs/event/wrapEvent.js:6:28)
      at Object.dispatchEvent (node_modules/@testing-library/user-event/dist/cjs/event/dispatchEvent.js:45:22)
      at Object.dispatchUIEvent (node_modules/@testing-library/user-event/dist/cjs/event/dispatchEvent.js:22:26)
      at Mouse.up (node_modules/@testing-library/user-event/dist/cjs/system/pointer/mouse.js:100:30)
      at PointerHost.release (node_modules/@testing-library/user-event/dist/cjs/system/pointer/index.js:87:24)
      at pointerAction (node_modules/@testing-library/user-event/dist/cjs/pointer/index.js:54:47)
      at Object.pointer (node_modules/@testing-library/user-event/dist/cjs/pointer/index.js:27:9)
      at Object.<anonymous> (src/__tests__/integration/whiteboard-integration.test.tsx:207:7)

    console.error
      Warning: An update to Whiteboard inside a test was not wrapped in act(...).
      
      When testing, code that causes React state updates should be wrapped into act(...):
      
      act(() => {
        /* fire events that update state */
      });
      /* assert on the output */
      
      This ensures that you're testing the behavior the user would see in the browser. Learn more at https://reactjs.org/link/wrap-tests-with-act
          at boardId (/Users/shuhaozhang/Project/miro-clone/src/components/Whiteboard.tsx:19:57)

      111 |     
      112 |     // Tool actions
    > 113 |     setTool: (tool) => set({ tool }),
          |                        ^
      114 |     
      115 |     // UI actions
      116 |     toggleGrid: () => set((state) => ({ isGridVisible: !state.isGridVisible })),

      at printWarning (node_modules/react-dom/cjs/react-dom.development.js:86:30)
      at error (node_modules/react-dom/cjs/react-dom.development.js:60:7)
      at warnIfUpdatesNotWrappedWithActDEV (node_modules/react-dom/cjs/react-dom.development.js:27628:9)
      at scheduleUpdateOnFiber (node_modules/react-dom/cjs/react-dom.development.js:25547:5)
      at forceStoreRerender (node_modules/react-dom/cjs/react-dom.development.js:16158:5)
      at handleStoreChange (node_modules/react-dom/cjs/react-dom.development.js:16134:7)
      at node_modules/zustand/vanilla.js:12:16
          at Set.forEach (<anonymous>)
      at setState (node_modules/zustand/vanilla.js:11:17)
      at set (src/store/useCanvasStore.ts:113:24)
      at setTool (src/components/ToolPanel.tsx:39:5)
      at handleToolSelect (src/components/ToolPanel.tsx:50:30)
      at HTMLUnknownElement.callCallback (node_modules/react-dom/cjs/react-dom.development.js:4164:14)
      at Object.invokeGuardedCallbackDev (node_modules/react-dom/cjs/react-dom.development.js:4213:16)
      at invokeGuardedCallback (node_modules/react-dom/cjs/react-dom.development.js:4277:31)
      at invokeGuardedCallbackAndCatchFirstError (node_modules/react-dom/cjs/react-dom.development.js:4291:25)
      at executeDispatch (node_modules/react-dom/cjs/react-dom.development.js:9041:3)
      at processDispatchQueueItemsInOrder (node_modules/react-dom/cjs/react-dom.development.js:9073:7)
      at processDispatchQueue (node_modules/react-dom/cjs/react-dom.development.js:9086:5)
      at dispatchEventsForPlugins (node_modules/react-dom/cjs/react-dom.development.js:9097:3)
      at node_modules/react-dom/cjs/react-dom.development.js:9288:12
      at batchedUpdates$1 (node_modules/react-dom/cjs/react-dom.development.js:26179:12)
      at batchedUpdates (node_modules/react-dom/cjs/react-dom.development.js:3991:12)
      at dispatchEventForPluginEventSystem (node_modules/react-dom/cjs/react-dom.development.js:9287:3)
      at dispatchEventWithEnableCapturePhaseSelectiveHydrationWithoutDiscreteEventReplay (node_modules/react-dom/cjs/react-dom.development.js:6465:5)
      at dispatchEvent (node_modules/react-dom/cjs/react-dom.development.js:6457:5)
      at dispatchDiscreteEvent (node_modules/react-dom/cjs/react-dom.development.js:6430:5)
      at node_modules/@testing-library/user-event/dist/cjs/event/dispatchEvent.js:45:43
      at Object.eventWrapper (node_modules/@testing-library/dom/dist/config.js:25:23)
      at Object.wrapEvent (node_modules/@testing-library/user-event/dist/cjs/event/wrapEvent.js:6:28)
      at Object.dispatchEvent (node_modules/@testing-library/user-event/dist/cjs/event/dispatchEvent.js:45:22)
      at Object.dispatchUIEvent (node_modules/@testing-library/user-event/dist/cjs/event/dispatchEvent.js:22:26)
      at Mouse.up (node_modules/@testing-library/user-event/dist/cjs/system/pointer/mouse.js:100:30)
      at PointerHost.release (node_modules/@testing-library/user-event/dist/cjs/system/pointer/index.js:87:24)
      at pointerAction (node_modules/@testing-library/user-event/dist/cjs/pointer/index.js:54:47)
      at Object.pointer (node_modules/@testing-library/user-event/dist/cjs/pointer/index.js:27:9)
      at Object.<anonymous> (src/__tests__/integration/whiteboard-integration.test.tsx:207:7)

    console.error
      Failed to initialize canvas: TypeError: canvas.getElement is not a function
          at CanvasEngine.getElement [as initializeCanvas] (/Users/shuhaozhang/Project/miro-clone/src/lib/canvas-engine.ts:93:29)
          at new initializeCanvas (/Users/shuhaozhang/Project/miro-clone/src/lib/canvas-engine.ts:72:24)
          at initCanvas (/Users/shuhaozhang/Project/miro-clone/src/hooks/useCanvas.ts:45:18)
          at initCanvas (/Users/shuhaozhang/Project/miro-clone/src/hooks/useCanvas.ts:87:5)
          at commitHookEffectListMount (/Users/shuhaozhang/Project/miro-clone/node_modules/react-dom/cjs/react-dom.development.js:23189:26)
          at commitPassiveMountOnFiber (/Users/shuhaozhang/Project/miro-clone/node_modules/react-dom/cjs/react-dom.development.js:24970:11)
          at commitPassiveMountEffects_complete (/Users/shuhaozhang/Project/miro-clone/node_modules/react-dom/cjs/react-dom.development.js:24930:9)
          at commitPassiveMountEffects_begin (/Users/shuhaozhang/Project/miro-clone/node_modules/react-dom/cjs/react-dom.development.js:24917:7)
          at commitPassiveMountEffects (/Users/shuhaozhang/Project/miro-clone/node_modules/react-dom/cjs/react-dom.development.js:24905:3)
          at flushPassiveEffectsImpl (/Users/shuhaozhang/Project/miro-clone/node_modules/react-dom/cjs/react-dom.development.js:27078:3)
          at flushPassiveEffects (/Users/shuhaozhang/Project/miro-clone/node_modules/react-dom/cjs/react-dom.development.js:27023:14)
          at /Users/shuhaozhang/Project/miro-clone/node_modules/react-dom/cjs/react-dom.development.js:26808:9
          at flushActQueue (/Users/shuhaozhang/Project/miro-clone/node_modules/react/cjs/react.development.js:2667:24)
          at act (/Users/shuhaozhang/Project/miro-clone/node_modules/react/cjs/react.development.js:2582:11)
          at /Users/shuhaozhang/Project/miro-clone/node_modules/@testing-library/react/dist/act-compat.js:47:25
          at renderRoot (/Users/shuhaozhang/Project/miro-clone/node_modules/@testing-library/react/dist/pure.js:180:26)
          at render (/Users/shuhaozhang/Project/miro-clone/node_modules/@testing-library/react/dist/pure.js:271:10)
          at Object.<anonymous> (/Users/shuhaozhang/Project/miro-clone/src/__tests__/integration/whiteboard-integration.test.tsx:228:13)
          at Promise.then.completed (/Users/shuhaozhang/Project/miro-clone/node_modules/jest-circus/build/utils.js:298:28)
          at new Promise (<anonymous>)
          at callAsyncCircusFn (/Users/shuhaozhang/Project/miro-clone/node_modules/jest-circus/build/utils.js:231:10)
          at _callCircusTest (/Users/shuhaozhang/Project/miro-clone/node_modules/jest-circus/build/run.js:316:40)
          at _runTest (/Users/shuhaozhang/Project/miro-clone/node_modules/jest-circus/build/run.js:252:3)
          at _runTestsForDescribeBlock (/Users/shuhaozhang/Project/miro-clone/node_modules/jest-circus/build/run.js:126:9)
          at _runTestsForDescribeBlock (/Users/shuhaozhang/Project/miro-clone/node_modules/jest-circus/build/run.js:121:9)
          at _runTestsForDescribeBlock (/Users/shuhaozhang/Project/miro-clone/node_modules/jest-circus/build/run.js:121:9)
          at run (/Users/shuhaozhang/Project/miro-clone/node_modules/jest-circus/build/run.js:71:3)
          at runAndTransformResultsToJestFormat (/Users/shuhaozhang/Project/miro-clone/node_modules/jest-circus/build/legacy-code-todo-rewrite/jestAdapterInit.js:122:21)
          at jestAdapter (/Users/shuhaozhang/Project/miro-clone/node_modules/jest-circus/build/legacy-code-todo-rewrite/jestAdapter.js:79:19)
          at runTestInternal (/Users/shuhaozhang/Project/miro-clone/node_modules/jest-runner/build/runTest.js:367:16)
          at runTest (/Users/shuhaozhang/Project/miro-clone/node_modules/jest-runner/build/runTest.js:444:34)
          at Object.worker (/Users/shuhaozhang/Project/miro-clone/node_modules/jest-runner/build/testWorker.js:106:12)

      74 |         setIsInitialized(true)
      75 |       } catch (error) {
    > 76 |         console.error('Failed to initialize canvas:', error)
         |                 ^
      77 |         if (engine && !disposed) {
      78 |           try {
      79 |             engine.dispose()

      at error (src/hooks/useCanvas.ts:76:17)
      at initCanvas (src/hooks/useCanvas.ts:87:5)
      at commitHookEffectListMount (node_modules/react-dom/cjs/react-dom.development.js:23189:26)
      at commitPassiveMountOnFiber (node_modules/react-dom/cjs/react-dom.development.js:24970:11)
      at commitPassiveMountEffects_complete (node_modules/react-dom/cjs/react-dom.development.js:24930:9)
      at commitPassiveMountEffects_begin (node_modules/react-dom/cjs/react-dom.development.js:24917:7)
      at commitPassiveMountEffects (node_modules/react-dom/cjs/react-dom.development.js:24905:3)
      at flushPassiveEffectsImpl (node_modules/react-dom/cjs/react-dom.development.js:27078:3)
      at flushPassiveEffects (node_modules/react-dom/cjs/react-dom.development.js:27023:14)
      at node_modules/react-dom/cjs/react-dom.development.js:26808:9
      at flushActQueue (node_modules/react/cjs/react.development.js:2667:24)
      at act (node_modules/react/cjs/react.development.js:2582:11)
      at node_modules/@testing-library/react/dist/act-compat.js:47:25
      at renderRoot (node_modules/@testing-library/react/dist/pure.js:180:26)
      at render (node_modules/@testing-library/react/dist/pure.js:271:10)
      at Object.<anonymous> (src/__tests__/integration/whiteboard-integration.test.tsx:228:13)

    console.error
      Failed to initialize canvas: TypeError: canvas.getElement is not a function
          at CanvasEngine.getElement [as initializeCanvas] (/Users/shuhaozhang/Project/miro-clone/src/lib/canvas-engine.ts:93:29)
          at new initializeCanvas (/Users/shuhaozhang/Project/miro-clone/src/lib/canvas-engine.ts:72:24)
          at initCanvas (/Users/shuhaozhang/Project/miro-clone/src/hooks/useCanvas.ts:45:18)
          at initCanvas (/Users/shuhaozhang/Project/miro-clone/src/hooks/useCanvas.ts:87:5)
          at commitHookEffectListMount (/Users/shuhaozhang/Project/miro-clone/node_modules/react-dom/cjs/react-dom.development.js:23189:26)
          at commitPassiveMountOnFiber (/Users/shuhaozhang/Project/miro-clone/node_modules/react-dom/cjs/react-dom.development.js:24970:11)
          at commitPassiveMountEffects_complete (/Users/shuhaozhang/Project/miro-clone/node_modules/react-dom/cjs/react-dom.development.js:24930:9)
          at commitPassiveMountEffects_begin (/Users/shuhaozhang/Project/miro-clone/node_modules/react-dom/cjs/react-dom.development.js:24917:7)
          at commitPassiveMountEffects (/Users/shuhaozhang/Project/miro-clone/node_modules/react-dom/cjs/react-dom.development.js:24905:3)
          at flushPassiveEffectsImpl (/Users/shuhaozhang/Project/miro-clone/node_modules/react-dom/cjs/react-dom.development.js:27078:3)
          at flushPassiveEffects (/Users/shuhaozhang/Project/miro-clone/node_modules/react-dom/cjs/react-dom.development.js:27023:14)
          at /Users/shuhaozhang/Project/miro-clone/node_modules/react-dom/cjs/react-dom.development.js:26808:9
          at flushActQueue (/Users/shuhaozhang/Project/miro-clone/node_modules/react/cjs/react.development.js:2667:24)
          at act (/Users/shuhaozhang/Project/miro-clone/node_modules/react/cjs/react.development.js:2582:11)
          at /Users/shuhaozhang/Project/miro-clone/node_modules/@testing-library/react/dist/act-compat.js:47:25
          at renderRoot (/Users/shuhaozhang/Project/miro-clone/node_modules/@testing-library/react/dist/pure.js:180:26)
          at render (/Users/shuhaozhang/Project/miro-clone/node_modules/@testing-library/react/dist/pure.js:271:10)
          at Object.<anonymous> (/Users/shuhaozhang/Project/miro-clone/src/__tests__/integration/whiteboard-integration.test.tsx:243:13)
          at Promise.then.completed (/Users/shuhaozhang/Project/miro-clone/node_modules/jest-circus/build/utils.js:298:28)
          at new Promise (<anonymous>)
          at callAsyncCircusFn (/Users/shuhaozhang/Project/miro-clone/node_modules/jest-circus/build/utils.js:231:10)
          at _callCircusTest (/Users/shuhaozhang/Project/miro-clone/node_modules/jest-circus/build/run.js:316:40)
          at _runTest (/Users/shuhaozhang/Project/miro-clone/node_modules/jest-circus/build/run.js:252:3)
          at _runTestsForDescribeBlock (/Users/shuhaozhang/Project/miro-clone/node_modules/jest-circus/build/run.js:126:9)
          at _runTestsForDescribeBlock (/Users/shuhaozhang/Project/miro-clone/node_modules/jest-circus/build/run.js:121:9)
          at _runTestsForDescribeBlock (/Users/shuhaozhang/Project/miro-clone/node_modules/jest-circus/build/run.js:121:9)
          at run (/Users/shuhaozhang/Project/miro-clone/node_modules/jest-circus/build/run.js:71:3)
          at runAndTransformResultsToJestFormat (/Users/shuhaozhang/Project/miro-clone/node_modules/jest-circus/build/legacy-code-todo-rewrite/jestAdapterInit.js:122:21)
          at jestAdapter (/Users/shuhaozhang/Project/miro-clone/node_modules/jest-circus/build/legacy-code-todo-rewrite/jestAdapter.js:79:19)
          at runTestInternal (/Users/shuhaozhang/Project/miro-clone/node_modules/jest-runner/build/runTest.js:367:16)
          at runTest (/Users/shuhaozhang/Project/miro-clone/node_modules/jest-runner/build/runTest.js:444:34)
          at Object.worker (/Users/shuhaozhang/Project/miro-clone/node_modules/jest-runner/build/testWorker.js:106:12)

      74 |         setIsInitialized(true)
      75 |       } catch (error) {
    > 76 |         console.error('Failed to initialize canvas:', error)
         |                 ^
      77 |         if (engine && !disposed) {
      78 |           try {
      79 |             engine.dispose()

      at error (src/hooks/useCanvas.ts:76:17)
      at initCanvas (src/hooks/useCanvas.ts:87:5)
      at commitHookEffectListMount (node_modules/react-dom/cjs/react-dom.development.js:23189:26)
      at commitPassiveMountOnFiber (node_modules/react-dom/cjs/react-dom.development.js:24970:11)
      at commitPassiveMountEffects_complete (node_modules/react-dom/cjs/react-dom.development.js:24930:9)
      at commitPassiveMountEffects_begin (node_modules/react-dom/cjs/react-dom.development.js:24917:7)
      at commitPassiveMountEffects (node_modules/react-dom/cjs/react-dom.development.js:24905:3)
      at flushPassiveEffectsImpl (node_modules/react-dom/cjs/react-dom.development.js:27078:3)
      at flushPassiveEffects (node_modules/react-dom/cjs/react-dom.development.js:27023:14)
      at node_modules/react-dom/cjs/react-dom.development.js:26808:9
      at flushActQueue (node_modules/react/cjs/react.development.js:2667:24)
      at act (node_modules/react/cjs/react.development.js:2582:11)
      at node_modules/@testing-library/react/dist/act-compat.js:47:25
      at renderRoot (node_modules/@testing-library/react/dist/pure.js:180:26)
      at render (node_modules/@testing-library/react/dist/pure.js:271:10)
      at Object.<anonymous> (src/__tests__/integration/whiteboard-integration.test.tsx:243:13)

    console.error
      Warning: An update to Grid inside a test was not wrapped in act(...).
      
      When testing, code that causes React state updates should be wrapped into act(...):
      
      act(() => {
        /* fire events that update state */
      });
      /* assert on the output */
      
      This ensures that you're testing the behavior the user would see in the browser. Learn more at https://reactjs.org/link/wrap-tests-with-act
          at className (/Users/shuhaozhang/Project/miro-clone/src/components/Grid.tsx:11:45)
          at div
          at div
          at boardId (/Users/shuhaozhang/Project/miro-clone/src/components/Whiteboard.tsx:19:57)

      106 |     setCamera: (camera) => set({ camera }),
      107 |     
    > 108 |     updateCamera: (updates) => set((state) => ({
          |                                ^
      109 |       camera: { ...state.camera, ...updates }
      110 |     })),
      111 |     

      at printWarning (node_modules/react-dom/cjs/react-dom.development.js:86:30)
      at error (node_modules/react-dom/cjs/react-dom.development.js:60:7)
      at warnIfUpdatesNotWrappedWithActDEV (node_modules/react-dom/cjs/react-dom.development.js:27628:9)
      at scheduleUpdateOnFiber (node_modules/react-dom/cjs/react-dom.development.js:25547:5)
      at forceStoreRerender (node_modules/react-dom/cjs/react-dom.development.js:16158:5)
      at handleStoreChange (node_modules/react-dom/cjs/react-dom.development.js:16134:7)
      at node_modules/zustand/vanilla.js:12:16
          at Set.forEach (<anonymous>)
      at setState (node_modules/zustand/vanilla.js:11:17)
      at Object.set [as updateCamera] (src/store/useCanvasStore.ts:108:32)
      at Object.updateCamera (src/__tests__/integration/whiteboard-integration.test.tsx:246:33)

    console.error
      Warning: An update to Toolbar inside a test was not wrapped in act(...).
      
      When testing, code that causes React state updates should be wrapped into act(...):
      
      act(() => {
        /* fire events that update state */
      });
      /* assert on the output */
      
      This ensures that you're testing the behavior the user would see in the browser. Learn more at https://reactjs.org/link/wrap-tests-with-act
          at onZoomIn (/Users/shuhaozhang/Project/miro-clone/src/components/Toolbar.tsx:29:3)
          at div
          at div
          at boardId (/Users/shuhaozhang/Project/miro-clone/src/components/Whiteboard.tsx:19:57)

      106 |     setCamera: (camera) => set({ camera }),
      107 |     
    > 108 |     updateCamera: (updates) => set((state) => ({
          |                                ^
      109 |       camera: { ...state.camera, ...updates }
      110 |     })),
      111 |     

      at printWarning (node_modules/react-dom/cjs/react-dom.development.js:86:30)
      at error (node_modules/react-dom/cjs/react-dom.development.js:60:7)
      at warnIfUpdatesNotWrappedWithActDEV (node_modules/react-dom/cjs/react-dom.development.js:27628:9)
      at scheduleUpdateOnFiber (node_modules/react-dom/cjs/react-dom.development.js:25547:5)
      at forceStoreRerender (node_modules/react-dom/cjs/react-dom.development.js:16158:5)
      at handleStoreChange (node_modules/react-dom/cjs/react-dom.development.js:16134:7)
      at node_modules/zustand/vanilla.js:12:16
          at Set.forEach (<anonymous>)
      at setState (node_modules/zustand/vanilla.js:11:17)
      at Object.set [as updateCamera] (src/store/useCanvasStore.ts:108:32)
      at Object.updateCamera (src/__tests__/integration/whiteboard-integration.test.tsx:246:33)

    console.error
      Warning: An update to ToolPanel inside a test was not wrapped in act(...).
      
      When testing, code that causes React state updates should be wrapped into act(...):
      
      act(() => {
        /* fire events that update state */
      });
      /* assert on the output */
      
      This ensures that you're testing the behavior the user would see in the browser. Learn more at https://reactjs.org/link/wrap-tests-with-act
          at ToolPanel (/Users/shuhaozhang/Project/miro-clone/src/components/ToolPanel.tsx:36:43)
          at div
          at div
          at boardId (/Users/shuhaozhang/Project/miro-clone/src/components/Whiteboard.tsx:19:57)

      106 |     setCamera: (camera) => set({ camera }),
      107 |     
    > 108 |     updateCamera: (updates) => set((state) => ({
          |                                ^
      109 |       camera: { ...state.camera, ...updates }
      110 |     })),
      111 |     

      at printWarning (node_modules/react-dom/cjs/react-dom.development.js:86:30)
      at error (node_modules/react-dom/cjs/react-dom.development.js:60:7)
      at warnIfUpdatesNotWrappedWithActDEV (node_modules/react-dom/cjs/react-dom.development.js:27628:9)
      at scheduleUpdateOnFiber (node_modules/react-dom/cjs/react-dom.development.js:25547:5)
      at forceStoreRerender (node_modules/react-dom/cjs/react-dom.development.js:16158:5)
      at handleStoreChange (node_modules/react-dom/cjs/react-dom.development.js:16134:7)
      at node_modules/zustand/vanilla.js:12:16
          at Set.forEach (<anonymous>)
      at setState (node_modules/zustand/vanilla.js:11:17)
      at Object.set [as updateCamera] (src/store/useCanvasStore.ts:108:32)
      at Object.updateCamera (src/__tests__/integration/whiteboard-integration.test.tsx:246:33)

    console.error
      Warning: An update to CollaborationPanel inside a test was not wrapped in act(...).
      
      When testing, code that causes React state updates should be wrapped into act(...):
      
      act(() => {
        /* fire events that update state */
      });
      /* assert on the output */
      
      This ensures that you're testing the behavior the user would see in the browser. Learn more at https://reactjs.org/link/wrap-tests-with-act
          at CollaborationPanel (/Users/shuhaozhang/Project/miro-clone/src/components/CollaborationPanel.tsx:13:56)
          at div
          at div
          at boardId (/Users/shuhaozhang/Project/miro-clone/src/components/Whiteboard.tsx:19:57)

      106 |     setCamera: (camera) => set({ camera }),
      107 |     
    > 108 |     updateCamera: (updates) => set((state) => ({
          |                                ^
      109 |       camera: { ...state.camera, ...updates }
      110 |     })),
      111 |     

      at printWarning (node_modules/react-dom/cjs/react-dom.development.js:86:30)
      at error (node_modules/react-dom/cjs/react-dom.development.js:60:7)
      at warnIfUpdatesNotWrappedWithActDEV (node_modules/react-dom/cjs/react-dom.development.js:27628:9)
      at scheduleUpdateOnFiber (node_modules/react-dom/cjs/react-dom.development.js:25547:5)
      at forceStoreRerender (node_modules/react-dom/cjs/react-dom.development.js:16158:5)
      at handleStoreChange (node_modules/react-dom/cjs/react-dom.development.js:16134:7)
      at node_modules/zustand/vanilla.js:12:16
          at Set.forEach (<anonymous>)
      at setState (node_modules/zustand/vanilla.js:11:17)
      at Object.set [as updateCamera] (src/store/useCanvasStore.ts:108:32)
      at Object.updateCamera (src/__tests__/integration/whiteboard-integration.test.tsx:246:33)

    console.error
      Warning: An update to Whiteboard inside a test was not wrapped in act(...).
      
      When testing, code that causes React state updates should be wrapped into act(...):
      
      act(() => {
        /* fire events that update state */
      });
      /* assert on the output */
      
      This ensures that you're testing the behavior the user would see in the browser. Learn more at https://reactjs.org/link/wrap-tests-with-act
          at boardId (/Users/shuhaozhang/Project/miro-clone/src/components/Whiteboard.tsx:19:57)

      106 |     setCamera: (camera) => set({ camera }),
      107 |     
    > 108 |     updateCamera: (updates) => set((state) => ({
          |                                ^
      109 |       camera: { ...state.camera, ...updates }
      110 |     })),
      111 |     

      at printWarning (node_modules/react-dom/cjs/react-dom.development.js:86:30)
      at error (node_modules/react-dom/cjs/react-dom.development.js:60:7)
      at warnIfUpdatesNotWrappedWithActDEV (node_modules/react-dom/cjs/react-dom.development.js:27628:9)
      at scheduleUpdateOnFiber (node_modules/react-dom/cjs/react-dom.development.js:25547:5)
      at forceStoreRerender (node_modules/react-dom/cjs/react-dom.development.js:16158:5)
      at handleStoreChange (node_modules/react-dom/cjs/react-dom.development.js:16134:7)
      at node_modules/zustand/vanilla.js:12:16
          at Set.forEach (<anonymous>)
      at setState (node_modules/zustand/vanilla.js:11:17)
      at Object.set [as updateCamera] (src/store/useCanvasStore.ts:108:32)
      at Object.updateCamera (src/__tests__/integration/whiteboard-integration.test.tsx:246:33)

    console.error
      Warning: An update to Whiteboard inside a test was not wrapped in act(...).
      
      When testing, code that causes React state updates should be wrapped into act(...):
      
      act(() => {
        /* fire events that update state */
      });
      /* assert on the output */
      
      This ensures that you're testing the behavior the user would see in the browser. Learn more at https://reactjs.org/link/wrap-tests-with-act
          at boardId (/Users/shuhaozhang/Project/miro-clone/src/components/Whiteboard.tsx:19:57)

      106 |     setCamera: (camera) => set({ camera }),
      107 |     
    > 108 |     updateCamera: (updates) => set((state) => ({
          |                                ^
      109 |       camera: { ...state.camera, ...updates }
      110 |     })),
      111 |     

      at printWarning (node_modules/react-dom/cjs/react-dom.development.js:86:30)
      at error (node_modules/react-dom/cjs/react-dom.development.js:60:7)
      at warnIfUpdatesNotWrappedWithActDEV (node_modules/react-dom/cjs/react-dom.development.js:27628:9)
      at scheduleUpdateOnFiber (node_modules/react-dom/cjs/react-dom.development.js:25547:5)
      at forceStoreRerender (node_modules/react-dom/cjs/react-dom.development.js:16158:5)
      at handleStoreChange (node_modules/react-dom/cjs/react-dom.development.js:16134:7)
      at node_modules/zustand/vanilla.js:12:16
          at Set.forEach (<anonymous>)
      at setState (node_modules/zustand/vanilla.js:11:17)
      at Object.set [as updateCamera] (src/store/useCanvasStore.ts:108:32)
      at Object.updateCamera (src/__tests__/integration/whiteboard-integration.test.tsx:246:33)

    console.error
      Warning: An update to Whiteboard inside a test was not wrapped in act(...).
      
      When testing, code that causes React state updates should be wrapped into act(...):
      
      act(() => {
        /* fire events that update state */
      });
      /* assert on the output */
      
      This ensures that you're testing the behavior the user would see in the browser. Learn more at https://reactjs.org/link/wrap-tests-with-act
          at boardId (/Users/shuhaozhang/Project/miro-clone/src/components/Whiteboard.tsx:19:57)

      106 |     setCamera: (camera) => set({ camera }),
      107 |     
    > 108 |     updateCamera: (updates) => set((state) => ({
          |                                ^
      109 |       camera: { ...state.camera, ...updates }
      110 |     })),
      111 |     

      at printWarning (node_modules/react-dom/cjs/react-dom.development.js:86:30)
      at error (node_modules/react-dom/cjs/react-dom.development.js:60:7)
      at warnIfUpdatesNotWrappedWithActDEV (node_modules/react-dom/cjs/react-dom.development.js:27628:9)
      at scheduleUpdateOnFiber (node_modules/react-dom/cjs/react-dom.development.js:25547:5)
      at forceStoreRerender (node_modules/react-dom/cjs/react-dom.development.js:16158:5)
      at handleStoreChange (node_modules/react-dom/cjs/react-dom.development.js:16134:7)
      at node_modules/zustand/vanilla.js:12:16
          at Set.forEach (<anonymous>)
      at setState (node_modules/zustand/vanilla.js:11:17)
      at Object.set [as updateCamera] (src/store/useCanvasStore.ts:108:32)
      at Object.updateCamera (src/__tests__/integration/whiteboard-integration.test.tsx:246:33)

    console.error
      Warning: An update to Whiteboard inside a test was not wrapped in act(...).
      
      When testing, code that causes React state updates should be wrapped into act(...):
      
      act(() => {
        /* fire events that update state */
      });
      /* assert on the output */
      
      This ensures that you're testing the behavior the user would see in the browser. Learn more at https://reactjs.org/link/wrap-tests-with-act
          at boardId (/Users/shuhaozhang/Project/miro-clone/src/components/Whiteboard.tsx:19:57)

      106 |     setCamera: (camera) => set({ camera }),
      107 |     
    > 108 |     updateCamera: (updates) => set((state) => ({
          |                                ^
      109 |       camera: { ...state.camera, ...updates }
      110 |     })),
      111 |     

      at printWarning (node_modules/react-dom/cjs/react-dom.development.js:86:30)
      at error (node_modules/react-dom/cjs/react-dom.development.js:60:7)
      at warnIfUpdatesNotWrappedWithActDEV (node_modules/react-dom/cjs/react-dom.development.js:27628:9)
      at scheduleUpdateOnFiber (node_modules/react-dom/cjs/react-dom.development.js:25547:5)
      at forceStoreRerender (node_modules/react-dom/cjs/react-dom.development.js:16158:5)
      at handleStoreChange (node_modules/react-dom/cjs/react-dom.development.js:16134:7)
      at node_modules/zustand/vanilla.js:12:16
          at Set.forEach (<anonymous>)
      at setState (node_modules/zustand/vanilla.js:11:17)
      at Object.set [as updateCamera] (src/store/useCanvasStore.ts:108:32)
      at Object.updateCamera (src/__tests__/integration/whiteboard-integration.test.tsx:246:33)

    console.error
      Failed to initialize canvas: TypeError: canvas.getElement is not a function
          at CanvasEngine.getElement [as initializeCanvas] (/Users/shuhaozhang/Project/miro-clone/src/lib/canvas-engine.ts:93:29)
          at new initializeCanvas (/Users/shuhaozhang/Project/miro-clone/src/lib/canvas-engine.ts:72:24)
          at initCanvas (/Users/shuhaozhang/Project/miro-clone/src/hooks/useCanvas.ts:45:18)
          at initCanvas (/Users/shuhaozhang/Project/miro-clone/src/hooks/useCanvas.ts:87:5)
          at commitHookEffectListMount (/Users/shuhaozhang/Project/miro-clone/node_modules/react-dom/cjs/react-dom.development.js:23189:26)
          at commitPassiveMountOnFiber (/Users/shuhaozhang/Project/miro-clone/node_modules/react-dom/cjs/react-dom.development.js:24970:11)
          at commitPassiveMountEffects_complete (/Users/shuhaozhang/Project/miro-clone/node_modules/react-dom/cjs/react-dom.development.js:24930:9)
          at commitPassiveMountEffects_begin (/Users/shuhaozhang/Project/miro-clone/node_modules/react-dom/cjs/react-dom.development.js:24917:7)
          at commitPassiveMountEffects (/Users/shuhaozhang/Project/miro-clone/node_modules/react-dom/cjs/react-dom.development.js:24905:3)
          at flushPassiveEffectsImpl (/Users/shuhaozhang/Project/miro-clone/node_modules/react-dom/cjs/react-dom.development.js:27078:3)
          at flushPassiveEffects (/Users/shuhaozhang/Project/miro-clone/node_modules/react-dom/cjs/react-dom.development.js:27023:14)
          at /Users/shuhaozhang/Project/miro-clone/node_modules/react-dom/cjs/react-dom.development.js:26808:9
          at flushActQueue (/Users/shuhaozhang/Project/miro-clone/node_modules/react/cjs/react.development.js:2667:24)
          at act (/Users/shuhaozhang/Project/miro-clone/node_modules/react/cjs/react.development.js:2582:11)
          at /Users/shuhaozhang/Project/miro-clone/node_modules/@testing-library/react/dist/act-compat.js:47:25
          at renderRoot (/Users/shuhaozhang/Project/miro-clone/node_modules/@testing-library/react/dist/pure.js:180:26)
          at render (/Users/shuhaozhang/Project/miro-clone/node_modules/@testing-library/react/dist/pure.js:271:10)
          at Object.<anonymous> (/Users/shuhaozhang/Project/miro-clone/src/__tests__/integration/whiteboard-integration.test.tsx:259:13)
          at Promise.then.completed (/Users/shuhaozhang/Project/miro-clone/node_modules/jest-circus/build/utils.js:298:28)
          at new Promise (<anonymous>)
          at callAsyncCircusFn (/Users/shuhaozhang/Project/miro-clone/node_modules/jest-circus/build/utils.js:231:10)
          at _callCircusTest (/Users/shuhaozhang/Project/miro-clone/node_modules/jest-circus/build/run.js:316:40)
          at _runTest (/Users/shuhaozhang/Project/miro-clone/node_modules/jest-circus/build/run.js:252:3)
          at _runTestsForDescribeBlock (/Users/shuhaozhang/Project/miro-clone/node_modules/jest-circus/build/run.js:126:9)
          at _runTestsForDescribeBlock (/Users/shuhaozhang/Project/miro-clone/node_modules/jest-circus/build/run.js:121:9)
          at _runTestsForDescribeBlock (/Users/shuhaozhang/Project/miro-clone/node_modules/jest-circus/build/run.js:121:9)
          at run (/Users/shuhaozhang/Project/miro-clone/node_modules/jest-circus/build/run.js:71:3)
          at runAndTransformResultsToJestFormat (/Users/shuhaozhang/Project/miro-clone/node_modules/jest-circus/build/legacy-code-todo-rewrite/jestAdapterInit.js:122:21)
          at jestAdapter (/Users/shuhaozhang/Project/miro-clone/node_modules/jest-circus/build/legacy-code-todo-rewrite/jestAdapter.js:79:19)
          at runTestInternal (/Users/shuhaozhang/Project/miro-clone/node_modules/jest-runner/build/runTest.js:367:16)
          at runTest (/Users/shuhaozhang/Project/miro-clone/node_modules/jest-runner/build/runTest.js:444:34)
          at Object.worker (/Users/shuhaozhang/Project/miro-clone/node_modules/jest-runner/build/testWorker.js:106:12)

      74 |         setIsInitialized(true)
      75 |       } catch (error) {
    > 76 |         console.error('Failed to initialize canvas:', error)
         |                 ^
      77 |         if (engine && !disposed) {
      78 |           try {
      79 |             engine.dispose()

      at error (src/hooks/useCanvas.ts:76:17)
      at initCanvas (src/hooks/useCanvas.ts:87:5)
      at commitHookEffectListMount (node_modules/react-dom/cjs/react-dom.development.js:23189:26)
      at commitPassiveMountOnFiber (node_modules/react-dom/cjs/react-dom.development.js:24970:11)
      at commitPassiveMountEffects_complete (node_modules/react-dom/cjs/react-dom.development.js:24930:9)
      at commitPassiveMountEffects_begin (node_modules/react-dom/cjs/react-dom.development.js:24917:7)
      at commitPassiveMountEffects (node_modules/react-dom/cjs/react-dom.development.js:24905:3)
      at flushPassiveEffectsImpl (node_modules/react-dom/cjs/react-dom.development.js:27078:3)
      at flushPassiveEffects (node_modules/react-dom/cjs/react-dom.development.js:27023:14)
      at node_modules/react-dom/cjs/react-dom.development.js:26808:9
      at flushActQueue (node_modules/react/cjs/react.development.js:2667:24)
      at act (node_modules/react/cjs/react.development.js:2582:11)
      at node_modules/@testing-library/react/dist/act-compat.js:47:25
      at renderRoot (node_modules/@testing-library/react/dist/pure.js:180:26)
      at render (node_modules/@testing-library/react/dist/pure.js:271:10)
      at Object.<anonymous> (src/__tests__/integration/whiteboard-integration.test.tsx:259:13)

    console.error
      Failed to initialize canvas: TypeError: canvas.getElement is not a function
          at CanvasEngine.getElement [as initializeCanvas] (/Users/shuhaozhang/Project/miro-clone/src/lib/canvas-engine.ts:93:29)
          at new initializeCanvas (/Users/shuhaozhang/Project/miro-clone/src/lib/canvas-engine.ts:72:24)
          at initCanvas (/Users/shuhaozhang/Project/miro-clone/src/hooks/useCanvas.ts:45:18)
          at initCanvas (/Users/shuhaozhang/Project/miro-clone/src/hooks/useCanvas.ts:87:5)
          at commitHookEffectListMount (/Users/shuhaozhang/Project/miro-clone/node_modules/react-dom/cjs/react-dom.development.js:23189:26)
          at commitPassiveMountOnFiber (/Users/shuhaozhang/Project/miro-clone/node_modules/react-dom/cjs/react-dom.development.js:24970:11)
          at commitPassiveMountEffects_complete (/Users/shuhaozhang/Project/miro-clone/node_modules/react-dom/cjs/react-dom.development.js:24930:9)
          at commitPassiveMountEffects_begin (/Users/shuhaozhang/Project/miro-clone/node_modules/react-dom/cjs/react-dom.development.js:24917:7)
          at commitPassiveMountEffects (/Users/shuhaozhang/Project/miro-clone/node_modules/react-dom/cjs/react-dom.development.js:24905:3)
          at flushPassiveEffectsImpl (/Users/shuhaozhang/Project/miro-clone/node_modules/react-dom/cjs/react-dom.development.js:27078:3)
          at flushPassiveEffects (/Users/shuhaozhang/Project/miro-clone/node_modules/react-dom/cjs/react-dom.development.js:27023:14)
          at /Users/shuhaozhang/Project/miro-clone/node_modules/react-dom/cjs/react-dom.development.js:26808:9
          at flushActQueue (/Users/shuhaozhang/Project/miro-clone/node_modules/react/cjs/react.development.js:2667:24)
          at act (/Users/shuhaozhang/Project/miro-clone/node_modules/react/cjs/react.development.js:2582:11)
          at /Users/shuhaozhang/Project/miro-clone/node_modules/@testing-library/react/dist/act-compat.js:47:25
          at renderRoot (/Users/shuhaozhang/Project/miro-clone/node_modules/@testing-library/react/dist/pure.js:180:26)
          at render (/Users/shuhaozhang/Project/miro-clone/node_modules/@testing-library/react/dist/pure.js:271:10)
          at Object.<anonymous> (/Users/shuhaozhang/Project/miro-clone/src/__tests__/integration/whiteboard-integration.test.tsx:270:13)
          at Promise.then.completed (/Users/shuhaozhang/Project/miro-clone/node_modules/jest-circus/build/utils.js:298:28)
          at new Promise (<anonymous>)
          at callAsyncCircusFn (/Users/shuhaozhang/Project/miro-clone/node_modules/jest-circus/build/utils.js:231:10)
          at _callCircusTest (/Users/shuhaozhang/Project/miro-clone/node_modules/jest-circus/build/run.js:316:40)
          at _runTest (/Users/shuhaozhang/Project/miro-clone/node_modules/jest-circus/build/run.js:252:3)
          at _runTestsForDescribeBlock (/Users/shuhaozhang/Project/miro-clone/node_modules/jest-circus/build/run.js:126:9)
          at _runTestsForDescribeBlock (/Users/shuhaozhang/Project/miro-clone/node_modules/jest-circus/build/run.js:121:9)
          at _runTestsForDescribeBlock (/Users/shuhaozhang/Project/miro-clone/node_modules/jest-circus/build/run.js:121:9)
          at run (/Users/shuhaozhang/Project/miro-clone/node_modules/jest-circus/build/run.js:71:3)
          at runAndTransformResultsToJestFormat (/Users/shuhaozhang/Project/miro-clone/node_modules/jest-circus/build/legacy-code-todo-rewrite/jestAdapterInit.js:122:21)
          at jestAdapter (/Users/shuhaozhang/Project/miro-clone/node_modules/jest-circus/build/legacy-code-todo-rewrite/jestAdapter.js:79:19)
          at runTestInternal (/Users/shuhaozhang/Project/miro-clone/node_modules/jest-runner/build/runTest.js:367:16)
          at runTest (/Users/shuhaozhang/Project/miro-clone/node_modules/jest-runner/build/runTest.js:444:34)
          at Object.worker (/Users/shuhaozhang/Project/miro-clone/node_modules/jest-runner/build/testWorker.js:106:12)

      74 |         setIsInitialized(true)
      75 |       } catch (error) {
    > 76 |         console.error('Failed to initialize canvas:', error)
         |                 ^
      77 |         if (engine && !disposed) {
      78 |           try {
      79 |             engine.dispose()

      at error (src/hooks/useCanvas.ts:76:17)
      at initCanvas (src/hooks/useCanvas.ts:87:5)
      at commitHookEffectListMount (node_modules/react-dom/cjs/react-dom.development.js:23189:26)
      at commitPassiveMountOnFiber (node_modules/react-dom/cjs/react-dom.development.js:24970:11)
      at commitPassiveMountEffects_complete (node_modules/react-dom/cjs/react-dom.development.js:24930:9)
      at commitPassiveMountEffects_begin (node_modules/react-dom/cjs/react-dom.development.js:24917:7)
      at commitPassiveMountEffects (node_modules/react-dom/cjs/react-dom.development.js:24905:3)
      at flushPassiveEffectsImpl (node_modules/react-dom/cjs/react-dom.development.js:27078:3)
      at flushPassiveEffects (node_modules/react-dom/cjs/react-dom.development.js:27023:14)
      at node_modules/react-dom/cjs/react-dom.development.js:26808:9
      at flushActQueue (node_modules/react/cjs/react.development.js:2667:24)
      at act (node_modules/react/cjs/react.development.js:2582:11)
      at node_modules/@testing-library/react/dist/act-compat.js:47:25
      at renderRoot (node_modules/@testing-library/react/dist/pure.js:180:26)
      at render (node_modules/@testing-library/react/dist/pure.js:271:10)
      at Object.<anonymous> (src/__tests__/integration/whiteboard-integration.test.tsx:270:13)

    console.error
      Warning: An update to Grid inside a test was not wrapped in act(...).
      
      When testing, code that causes React state updates should be wrapped into act(...):
      
      act(() => {
        /* fire events that update state */
      });
      /* assert on the output */
      
      This ensures that you're testing the behavior the user would see in the browser. Learn more at https://reactjs.org/link/wrap-tests-with-act
          at className (/Users/shuhaozhang/Project/miro-clone/src/components/Grid.tsx:11:45)
          at div
          at div
          at boardId (/Users/shuhaozhang/Project/miro-clone/src/components/Whiteboard.tsx:19:57)

      114 |     
      115 |     // UI actions
    > 116 |     toggleGrid: () => set((state) => ({ isGridVisible: !state.isGridVisible })),
          |                       ^
      117 |     
      118 |     toggleSnapToGrid: () => set((state) => ({ snapToGrid: !state.snapToGrid })),
      119 |     

      at printWarning (node_modules/react-dom/cjs/react-dom.development.js:86:30)
      at error (node_modules/react-dom/cjs/react-dom.development.js:60:7)
      at warnIfUpdatesNotWrappedWithActDEV (node_modules/react-dom/cjs/react-dom.development.js:27628:9)
      at scheduleUpdateOnFiber (node_modules/react-dom/cjs/react-dom.development.js:25547:5)
      at forceStoreRerender (node_modules/react-dom/cjs/react-dom.development.js:16158:5)
      at handleStoreChange (node_modules/react-dom/cjs/react-dom.development.js:16134:7)
      at node_modules/zustand/vanilla.js:12:16
          at Set.forEach (<anonymous>)
      at setState (node_modules/zustand/vanilla.js:11:17)
      at Object.set [as toggleGrid] (src/store/useCanvasStore.ts:116:23)
      at Object.toggleGrid (src/__tests__/integration/whiteboard-integration.test.tsx:273:33)

    console.error
      Warning: An update to Toolbar inside a test was not wrapped in act(...).
      
      When testing, code that causes React state updates should be wrapped into act(...):
      
      act(() => {
        /* fire events that update state */
      });
      /* assert on the output */
      
      This ensures that you're testing the behavior the user would see in the browser. Learn more at https://reactjs.org/link/wrap-tests-with-act
          at onZoomIn (/Users/shuhaozhang/Project/miro-clone/src/components/Toolbar.tsx:29:3)
          at div
          at div
          at boardId (/Users/shuhaozhang/Project/miro-clone/src/components/Whiteboard.tsx:19:57)

      114 |     
      115 |     // UI actions
    > 116 |     toggleGrid: () => set((state) => ({ isGridVisible: !state.isGridVisible })),
          |                       ^
      117 |     
      118 |     toggleSnapToGrid: () => set((state) => ({ snapToGrid: !state.snapToGrid })),
      119 |     

      at printWarning (node_modules/react-dom/cjs/react-dom.development.js:86:30)
      at error (node_modules/react-dom/cjs/react-dom.development.js:60:7)
      at warnIfUpdatesNotWrappedWithActDEV (node_modules/react-dom/cjs/react-dom.development.js:27628:9)
      at scheduleUpdateOnFiber (node_modules/react-dom/cjs/react-dom.development.js:25547:5)
      at forceStoreRerender (node_modules/react-dom/cjs/react-dom.development.js:16158:5)
      at handleStoreChange (node_modules/react-dom/cjs/react-dom.development.js:16134:7)
      at node_modules/zustand/vanilla.js:12:16
          at Set.forEach (<anonymous>)
      at setState (node_modules/zustand/vanilla.js:11:17)
      at Object.set [as toggleGrid] (src/store/useCanvasStore.ts:116:23)
      at Object.toggleGrid (src/__tests__/integration/whiteboard-integration.test.tsx:273:33)

    console.error
      Warning: An update to ToolPanel inside a test was not wrapped in act(...).
      
      When testing, code that causes React state updates should be wrapped into act(...):
      
      act(() => {
        /* fire events that update state */
      });
      /* assert on the output */
      
      This ensures that you're testing the behavior the user would see in the browser. Learn more at https://reactjs.org/link/wrap-tests-with-act
          at ToolPanel (/Users/shuhaozhang/Project/miro-clone/src/components/ToolPanel.tsx:36:43)
          at div
          at div
          at boardId (/Users/shuhaozhang/Project/miro-clone/src/components/Whiteboard.tsx:19:57)

      114 |     
      115 |     // UI actions
    > 116 |     toggleGrid: () => set((state) => ({ isGridVisible: !state.isGridVisible })),
          |                       ^
      117 |     
      118 |     toggleSnapToGrid: () => set((state) => ({ snapToGrid: !state.snapToGrid })),
      119 |     

      at printWarning (node_modules/react-dom/cjs/react-dom.development.js:86:30)
      at error (node_modules/react-dom/cjs/react-dom.development.js:60:7)
      at warnIfUpdatesNotWrappedWithActDEV (node_modules/react-dom/cjs/react-dom.development.js:27628:9)
      at scheduleUpdateOnFiber (node_modules/react-dom/cjs/react-dom.development.js:25547:5)
      at forceStoreRerender (node_modules/react-dom/cjs/react-dom.development.js:16158:5)
      at handleStoreChange (node_modules/react-dom/cjs/react-dom.development.js:16134:7)
      at node_modules/zustand/vanilla.js:12:16
          at Set.forEach (<anonymous>)
      at setState (node_modules/zustand/vanilla.js:11:17)
      at Object.set [as toggleGrid] (src/store/useCanvasStore.ts:116:23)
      at Object.toggleGrid (src/__tests__/integration/whiteboard-integration.test.tsx:273:33)

    console.error
      Warning: An update to CollaborationPanel inside a test was not wrapped in act(...).
      
      When testing, code that causes React state updates should be wrapped into act(...):
      
      act(() => {
        /* fire events that update state */
      });
      /* assert on the output */
      
      This ensures that you're testing the behavior the user would see in the browser. Learn more at https://reactjs.org/link/wrap-tests-with-act
          at CollaborationPanel (/Users/shuhaozhang/Project/miro-clone/src/components/CollaborationPanel.tsx:13:56)
          at div
          at div
          at boardId (/Users/shuhaozhang/Project/miro-clone/src/components/Whiteboard.tsx:19:57)

      114 |     
      115 |     // UI actions
    > 116 |     toggleGrid: () => set((state) => ({ isGridVisible: !state.isGridVisible })),
          |                       ^
      117 |     
      118 |     toggleSnapToGrid: () => set((state) => ({ snapToGrid: !state.snapToGrid })),
      119 |     

      at printWarning (node_modules/react-dom/cjs/react-dom.development.js:86:30)
      at error (node_modules/react-dom/cjs/react-dom.development.js:60:7)
      at warnIfUpdatesNotWrappedWithActDEV (node_modules/react-dom/cjs/react-dom.development.js:27628:9)
      at scheduleUpdateOnFiber (node_modules/react-dom/cjs/react-dom.development.js:25547:5)
      at forceStoreRerender (node_modules/react-dom/cjs/react-dom.development.js:16158:5)
      at handleStoreChange (node_modules/react-dom/cjs/react-dom.development.js:16134:7)
      at node_modules/zustand/vanilla.js:12:16
          at Set.forEach (<anonymous>)
      at setState (node_modules/zustand/vanilla.js:11:17)
      at Object.set [as toggleGrid] (src/store/useCanvasStore.ts:116:23)
      at Object.toggleGrid (src/__tests__/integration/whiteboard-integration.test.tsx:273:33)

    console.error
      Warning: An update to Whiteboard inside a test was not wrapped in act(...).
      
      When testing, code that causes React state updates should be wrapped into act(...):
      
      act(() => {
        /* fire events that update state */
      });
      /* assert on the output */
      
      This ensures that you're testing the behavior the user would see in the browser. Learn more at https://reactjs.org/link/wrap-tests-with-act
          at boardId (/Users/shuhaozhang/Project/miro-clone/src/components/Whiteboard.tsx:19:57)

      114 |     
      115 |     // UI actions
    > 116 |     toggleGrid: () => set((state) => ({ isGridVisible: !state.isGridVisible })),
          |                       ^
      117 |     
      118 |     toggleSnapToGrid: () => set((state) => ({ snapToGrid: !state.snapToGrid })),
      119 |     

      at printWarning (node_modules/react-dom/cjs/react-dom.development.js:86:30)
      at error (node_modules/react-dom/cjs/react-dom.development.js:60:7)
      at warnIfUpdatesNotWrappedWithActDEV (node_modules/react-dom/cjs/react-dom.development.js:27628:9)
      at scheduleUpdateOnFiber (node_modules/react-dom/cjs/react-dom.development.js:25547:5)
      at forceStoreRerender (node_modules/react-dom/cjs/react-dom.development.js:16158:5)
      at handleStoreChange (node_modules/react-dom/cjs/react-dom.development.js:16134:7)
      at node_modules/zustand/vanilla.js:12:16
          at Set.forEach (<anonymous>)
      at setState (node_modules/zustand/vanilla.js:11:17)
      at Object.set [as toggleGrid] (src/store/useCanvasStore.ts:116:23)
      at Object.toggleGrid (src/__tests__/integration/whiteboard-integration.test.tsx:273:33)

    console.error
      Warning: An update to Whiteboard inside a test was not wrapped in act(...).
      
      When testing, code that causes React state updates should be wrapped into act(...):
      
      act(() => {
        /* fire events that update state */
      });
      /* assert on the output */
      
      This ensures that you're testing the behavior the user would see in the browser. Learn more at https://reactjs.org/link/wrap-tests-with-act
          at boardId (/Users/shuhaozhang/Project/miro-clone/src/components/Whiteboard.tsx:19:57)

      114 |     
      115 |     // UI actions
    > 116 |     toggleGrid: () => set((state) => ({ isGridVisible: !state.isGridVisible })),
          |                       ^
      117 |     
      118 |     toggleSnapToGrid: () => set((state) => ({ snapToGrid: !state.snapToGrid })),
      119 |     

      at printWarning (node_modules/react-dom/cjs/react-dom.development.js:86:30)
      at error (node_modules/react-dom/cjs/react-dom.development.js:60:7)
      at warnIfUpdatesNotWrappedWithActDEV (node_modules/react-dom/cjs/react-dom.development.js:27628:9)
      at scheduleUpdateOnFiber (node_modules/react-dom/cjs/react-dom.development.js:25547:5)
      at forceStoreRerender (node_modules/react-dom/cjs/react-dom.development.js:16158:5)
      at handleStoreChange (node_modules/react-dom/cjs/react-dom.development.js:16134:7)
      at node_modules/zustand/vanilla.js:12:16
          at Set.forEach (<anonymous>)
      at setState (node_modules/zustand/vanilla.js:11:17)
      at Object.set [as toggleGrid] (src/store/useCanvasStore.ts:116:23)
      at Object.toggleGrid (src/__tests__/integration/whiteboard-integration.test.tsx:273:33)

    console.error
      Warning: An update to Whiteboard inside a test was not wrapped in act(...).
      
      When testing, code that causes React state updates should be wrapped into act(...):
      
      act(() => {
        /* fire events that update state */
      });
      /* assert on the output */
      
      This ensures that you're testing the behavior the user would see in the browser. Learn more at https://reactjs.org/link/wrap-tests-with-act
          at boardId (/Users/shuhaozhang/Project/miro-clone/src/components/Whiteboard.tsx:19:57)

      114 |     
      115 |     // UI actions
    > 116 |     toggleGrid: () => set((state) => ({ isGridVisible: !state.isGridVisible })),
          |                       ^
      117 |     
      118 |     toggleSnapToGrid: () => set((state) => ({ snapToGrid: !state.snapToGrid })),
      119 |     

      at printWarning (node_modules/react-dom/cjs/react-dom.development.js:86:30)
      at error (node_modules/react-dom/cjs/react-dom.development.js:60:7)
      at warnIfUpdatesNotWrappedWithActDEV (node_modules/react-dom/cjs/react-dom.development.js:27628:9)
      at scheduleUpdateOnFiber (node_modules/react-dom/cjs/react-dom.development.js:25547:5)
      at forceStoreRerender (node_modules/react-dom/cjs/react-dom.development.js:16158:5)
      at handleStoreChange (node_modules/react-dom/cjs/react-dom.development.js:16134:7)
      at node_modules/zustand/vanilla.js:12:16
          at Set.forEach (<anonymous>)
      at setState (node_modules/zustand/vanilla.js:11:17)
      at Object.set [as toggleGrid] (src/store/useCanvasStore.ts:116:23)
      at Object.toggleGrid (src/__tests__/integration/whiteboard-integration.test.tsx:273:33)

    console.error
      Warning: An update to Whiteboard inside a test was not wrapped in act(...).
      
      When testing, code that causes React state updates should be wrapped into act(...):
      
      act(() => {
        /* fire events that update state */
      });
      /* assert on the output */
      
      This ensures that you're testing the behavior the user would see in the browser. Learn more at https://reactjs.org/link/wrap-tests-with-act
          at boardId (/Users/shuhaozhang/Project/miro-clone/src/components/Whiteboard.tsx:19:57)

      114 |     
      115 |     // UI actions
    > 116 |     toggleGrid: () => set((state) => ({ isGridVisible: !state.isGridVisible })),
          |                       ^
      117 |     
      118 |     toggleSnapToGrid: () => set((state) => ({ snapToGrid: !state.snapToGrid })),
      119 |     

      at printWarning (node_modules/react-dom/cjs/react-dom.development.js:86:30)
      at error (node_modules/react-dom/cjs/react-dom.development.js:60:7)
      at warnIfUpdatesNotWrappedWithActDEV (node_modules/react-dom/cjs/react-dom.development.js:27628:9)
      at scheduleUpdateOnFiber (node_modules/react-dom/cjs/react-dom.development.js:25547:5)
      at forceStoreRerender (node_modules/react-dom/cjs/react-dom.development.js:16158:5)
      at handleStoreChange (node_modules/react-dom/cjs/react-dom.development.js:16134:7)
      at node_modules/zustand/vanilla.js:12:16
          at Set.forEach (<anonymous>)
      at setState (node_modules/zustand/vanilla.js:11:17)
      at Object.set [as toggleGrid] (src/store/useCanvasStore.ts:116:23)
      at Object.toggleGrid (src/__tests__/integration/whiteboard-integration.test.tsx:273:33)

    console.error
      Warning: An update to Grid inside a test was not wrapped in act(...).
      
      When testing, code that causes React state updates should be wrapped into act(...):
      
      act(() => {
        /* fire events that update state */
      });
      /* assert on the output */
      
      This ensures that you're testing the behavior the user would see in the browser. Learn more at https://reactjs.org/link/wrap-tests-with-act
          at className (/Users/shuhaozhang/Project/miro-clone/src/components/Grid.tsx:11:45)
          at div
          at div
          at boardId (/Users/shuhaozhang/Project/miro-clone/src/components/Whiteboard.tsx:19:57)

      114 |     
      115 |     // UI actions
    > 116 |     toggleGrid: () => set((state) => ({ isGridVisible: !state.isGridVisible })),
          |                       ^
      117 |     
      118 |     toggleSnapToGrid: () => set((state) => ({ snapToGrid: !state.snapToGrid })),
      119 |     

      at printWarning (node_modules/react-dom/cjs/react-dom.development.js:86:30)
      at error (node_modules/react-dom/cjs/react-dom.development.js:60:7)
      at warnIfUpdatesNotWrappedWithActDEV (node_modules/react-dom/cjs/react-dom.development.js:27628:9)
      at scheduleUpdateOnFiber (node_modules/react-dom/cjs/react-dom.development.js:25547:5)
      at forceStoreRerender (node_modules/react-dom/cjs/react-dom.development.js:16158:5)
      at handleStoreChange (node_modules/react-dom/cjs/react-dom.development.js:16134:7)
      at node_modules/zustand/vanilla.js:12:16
          at Set.forEach (<anonymous>)
      at setState (node_modules/zustand/vanilla.js:11:17)
      at Object.set [as toggleGrid] (src/store/useCanvasStore.ts:116:23)
      at Object.toggleGrid (src/__tests__/integration/whiteboard-integration.test.tsx:275:35)

    console.error
      Warning: An update to Toolbar inside a test was not wrapped in act(...).
      
      When testing, code that causes React state updates should be wrapped into act(...):
      
      act(() => {
        /* fire events that update state */
      });
      /* assert on the output */
      
      This ensures that you're testing the behavior the user would see in the browser. Learn more at https://reactjs.org/link/wrap-tests-with-act
          at onZoomIn (/Users/shuhaozhang/Project/miro-clone/src/components/Toolbar.tsx:29:3)
          at div
          at div
          at boardId (/Users/shuhaozhang/Project/miro-clone/src/components/Whiteboard.tsx:19:57)

      114 |     
      115 |     // UI actions
    > 116 |     toggleGrid: () => set((state) => ({ isGridVisible: !state.isGridVisible })),
          |                       ^
      117 |     
      118 |     toggleSnapToGrid: () => set((state) => ({ snapToGrid: !state.snapToGrid })),
      119 |     

      at printWarning (node_modules/react-dom/cjs/react-dom.development.js:86:30)
      at error (node_modules/react-dom/cjs/react-dom.development.js:60:7)
      at warnIfUpdatesNotWrappedWithActDEV (node_modules/react-dom/cjs/react-dom.development.js:27628:9)
      at scheduleUpdateOnFiber (node_modules/react-dom/cjs/react-dom.development.js:25547:5)
      at forceStoreRerender (node_modules/react-dom/cjs/react-dom.development.js:16158:5)
      at handleStoreChange (node_modules/react-dom/cjs/react-dom.development.js:16134:7)
      at node_modules/zustand/vanilla.js:12:16
          at Set.forEach (<anonymous>)
      at setState (node_modules/zustand/vanilla.js:11:17)
      at Object.set [as toggleGrid] (src/store/useCanvasStore.ts:116:23)
      at Object.toggleGrid (src/__tests__/integration/whiteboard-integration.test.tsx:275:35)

    console.error
      Warning: An update to ToolPanel inside a test was not wrapped in act(...).
      
      When testing, code that causes React state updates should be wrapped into act(...):
      
      act(() => {
        /* fire events that update state */
      });
      /* assert on the output */
      
      This ensures that you're testing the behavior the user would see in the browser. Learn more at https://reactjs.org/link/wrap-tests-with-act
          at ToolPanel (/Users/shuhaozhang/Project/miro-clone/src/components/ToolPanel.tsx:36:43)
          at div
          at div
          at boardId (/Users/shuhaozhang/Project/miro-clone/src/components/Whiteboard.tsx:19:57)

      114 |     
      115 |     // UI actions
    > 116 |     toggleGrid: () => set((state) => ({ isGridVisible: !state.isGridVisible })),
          |                       ^
      117 |     
      118 |     toggleSnapToGrid: () => set((state) => ({ snapToGrid: !state.snapToGrid })),
      119 |     

      at printWarning (node_modules/react-dom/cjs/react-dom.development.js:86:30)
      at error (node_modules/react-dom/cjs/react-dom.development.js:60:7)
      at warnIfUpdatesNotWrappedWithActDEV (node_modules/react-dom/cjs/react-dom.development.js:27628:9)
      at scheduleUpdateOnFiber (node_modules/react-dom/cjs/react-dom.development.js:25547:5)
      at forceStoreRerender (node_modules/react-dom/cjs/react-dom.development.js:16158:5)
      at handleStoreChange (node_modules/react-dom/cjs/react-dom.development.js:16134:7)
      at node_modules/zustand/vanilla.js:12:16
          at Set.forEach (<anonymous>)
      at setState (node_modules/zustand/vanilla.js:11:17)
      at Object.set [as toggleGrid] (src/store/useCanvasStore.ts:116:23)
      at Object.toggleGrid (src/__tests__/integration/whiteboard-integration.test.tsx:275:35)

    console.error
      Warning: An update to CollaborationPanel inside a test was not wrapped in act(...).
      
      When testing, code that causes React state updates should be wrapped into act(...):
      
      act(() => {
        /* fire events that update state */
      });
      /* assert on the output */
      
      This ensures that you're testing the behavior the user would see in the browser. Learn more at https://reactjs.org/link/wrap-tests-with-act
          at CollaborationPanel (/Users/shuhaozhang/Project/miro-clone/src/components/CollaborationPanel.tsx:13:56)
          at div
          at div
          at boardId (/Users/shuhaozhang/Project/miro-clone/src/components/Whiteboard.tsx:19:57)

      114 |     
      115 |     // UI actions
    > 116 |     toggleGrid: () => set((state) => ({ isGridVisible: !state.isGridVisible })),
          |                       ^
      117 |     
      118 |     toggleSnapToGrid: () => set((state) => ({ snapToGrid: !state.snapToGrid })),
      119 |     

      at printWarning (node_modules/react-dom/cjs/react-dom.development.js:86:30)
      at error (node_modules/react-dom/cjs/react-dom.development.js:60:7)
      at warnIfUpdatesNotWrappedWithActDEV (node_modules/react-dom/cjs/react-dom.development.js:27628:9)
      at scheduleUpdateOnFiber (node_modules/react-dom/cjs/react-dom.development.js:25547:5)
      at forceStoreRerender (node_modules/react-dom/cjs/react-dom.development.js:16158:5)
      at handleStoreChange (node_modules/react-dom/cjs/react-dom.development.js:16134:7)
      at node_modules/zustand/vanilla.js:12:16
          at Set.forEach (<anonymous>)
      at setState (node_modules/zustand/vanilla.js:11:17)
      at Object.set [as toggleGrid] (src/store/useCanvasStore.ts:116:23)
      at Object.toggleGrid (src/__tests__/integration/whiteboard-integration.test.tsx:275:35)

    console.error
      Warning: An update to Whiteboard inside a test was not wrapped in act(...).
      
      When testing, code that causes React state updates should be wrapped into act(...):
      
      act(() => {
        /* fire events that update state */
      });
      /* assert on the output */
      
      This ensures that you're testing the behavior the user would see in the browser. Learn more at https://reactjs.org/link/wrap-tests-with-act
          at boardId (/Users/shuhaozhang/Project/miro-clone/src/components/Whiteboard.tsx:19:57)

      114 |     
      115 |     // UI actions
    > 116 |     toggleGrid: () => set((state) => ({ isGridVisible: !state.isGridVisible })),
          |                       ^
      117 |     
      118 |     toggleSnapToGrid: () => set((state) => ({ snapToGrid: !state.snapToGrid })),
      119 |     

      at printWarning (node_modules/react-dom/cjs/react-dom.development.js:86:30)
      at error (node_modules/react-dom/cjs/react-dom.development.js:60:7)
      at warnIfUpdatesNotWrappedWithActDEV (node_modules/react-dom/cjs/react-dom.development.js:27628:9)
      at scheduleUpdateOnFiber (node_modules/react-dom/cjs/react-dom.development.js:25547:5)
      at forceStoreRerender (node_modules/react-dom/cjs/react-dom.development.js:16158:5)
      at handleStoreChange (node_modules/react-dom/cjs/react-dom.development.js:16134:7)
      at node_modules/zustand/vanilla.js:12:16
          at Set.forEach (<anonymous>)
      at setState (node_modules/zustand/vanilla.js:11:17)
      at Object.set [as toggleGrid] (src/store/useCanvasStore.ts:116:23)
      at Object.toggleGrid (src/__tests__/integration/whiteboard-integration.test.tsx:275:35)

    console.error
      Warning: An update to Whiteboard inside a test was not wrapped in act(...).
      
      When testing, code that causes React state updates should be wrapped into act(...):
      
      act(() => {
        /* fire events that update state */
      });
      /* assert on the output */
      
      This ensures that you're testing the behavior the user would see in the browser. Learn more at https://reactjs.org/link/wrap-tests-with-act
          at boardId (/Users/shuhaozhang/Project/miro-clone/src/components/Whiteboard.tsx:19:57)

      114 |     
      115 |     // UI actions
    > 116 |     toggleGrid: () => set((state) => ({ isGridVisible: !state.isGridVisible })),
          |                       ^
      117 |     
      118 |     toggleSnapToGrid: () => set((state) => ({ snapToGrid: !state.snapToGrid })),
      119 |     

      at printWarning (node_modules/react-dom/cjs/react-dom.development.js:86:30)
      at error (node_modules/react-dom/cjs/react-dom.development.js:60:7)
      at warnIfUpdatesNotWrappedWithActDEV (node_modules/react-dom/cjs/react-dom.development.js:27628:9)
      at scheduleUpdateOnFiber (node_modules/react-dom/cjs/react-dom.development.js:25547:5)
      at forceStoreRerender (node_modules/react-dom/cjs/react-dom.development.js:16158:5)
      at handleStoreChange (node_modules/react-dom/cjs/react-dom.development.js:16134:7)
      at node_modules/zustand/vanilla.js:12:16
          at Set.forEach (<anonymous>)
      at setState (node_modules/zustand/vanilla.js:11:17)
      at Object.set [as toggleGrid] (src/store/useCanvasStore.ts:116:23)
      at Object.toggleGrid (src/__tests__/integration/whiteboard-integration.test.tsx:275:35)

    console.error
      Warning: An update to Whiteboard inside a test was not wrapped in act(...).
      
      When testing, code that causes React state updates should be wrapped into act(...):
      
      act(() => {
        /* fire events that update state */
      });
      /* assert on the output */
      
      This ensures that you're testing the behavior the user would see in the browser. Learn more at https://reactjs.org/link/wrap-tests-with-act
          at boardId (/Users/shuhaozhang/Project/miro-clone/src/components/Whiteboard.tsx:19:57)

      114 |     
      115 |     // UI actions
    > 116 |     toggleGrid: () => set((state) => ({ isGridVisible: !state.isGridVisible })),
          |                       ^
      117 |     
      118 |     toggleSnapToGrid: () => set((state) => ({ snapToGrid: !state.snapToGrid })),
      119 |     

      at printWarning (node_modules/react-dom/cjs/react-dom.development.js:86:30)
      at error (node_modules/react-dom/cjs/react-dom.development.js:60:7)
      at warnIfUpdatesNotWrappedWithActDEV (node_modules/react-dom/cjs/react-dom.development.js:27628:9)
      at scheduleUpdateOnFiber (node_modules/react-dom/cjs/react-dom.development.js:25547:5)
      at forceStoreRerender (node_modules/react-dom/cjs/react-dom.development.js:16158:5)
      at handleStoreChange (node_modules/react-dom/cjs/react-dom.development.js:16134:7)
      at node_modules/zustand/vanilla.js:12:16
          at Set.forEach (<anonymous>)
      at setState (node_modules/zustand/vanilla.js:11:17)
      at Object.set [as toggleGrid] (src/store/useCanvasStore.ts:116:23)
      at Object.toggleGrid (src/__tests__/integration/whiteboard-integration.test.tsx:275:35)

    console.error
      Warning: An update to Whiteboard inside a test was not wrapped in act(...).
      
      When testing, code that causes React state updates should be wrapped into act(...):
      
      act(() => {
        /* fire events that update state */
      });
      /* assert on the output */
      
      This ensures that you're testing the behavior the user would see in the browser. Learn more at https://reactjs.org/link/wrap-tests-with-act
          at boardId (/Users/shuhaozhang/Project/miro-clone/src/components/Whiteboard.tsx:19:57)

      114 |     
      115 |     // UI actions
    > 116 |     toggleGrid: () => set((state) => ({ isGridVisible: !state.isGridVisible })),
          |                       ^
      117 |     
      118 |     toggleSnapToGrid: () => set((state) => ({ snapToGrid: !state.snapToGrid })),
      119 |     

      at printWarning (node_modules/react-dom/cjs/react-dom.development.js:86:30)
      at error (node_modules/react-dom/cjs/react-dom.development.js:60:7)
      at warnIfUpdatesNotWrappedWithActDEV (node_modules/react-dom/cjs/react-dom.development.js:27628:9)
      at scheduleUpdateOnFiber (node_modules/react-dom/cjs/react-dom.development.js:25547:5)
      at forceStoreRerender (node_modules/react-dom/cjs/react-dom.development.js:16158:5)
      at handleStoreChange (node_modules/react-dom/cjs/react-dom.development.js:16134:7)
      at node_modules/zustand/vanilla.js:12:16
          at Set.forEach (<anonymous>)
      at setState (node_modules/zustand/vanilla.js:11:17)
      at Object.set [as toggleGrid] (src/store/useCanvasStore.ts:116:23)
      at Object.toggleGrid (src/__tests__/integration/whiteboard-integration.test.tsx:275:35)

    console.error
      Failed to initialize canvas: TypeError: canvas.getElement is not a function
          at CanvasEngine.getElement [as initializeCanvas] (/Users/shuhaozhang/Project/miro-clone/src/lib/canvas-engine.ts:93:29)
          at new initializeCanvas (/Users/shuhaozhang/Project/miro-clone/src/lib/canvas-engine.ts:72:24)
          at initCanvas (/Users/shuhaozhang/Project/miro-clone/src/hooks/useCanvas.ts:45:18)
          at initCanvas (/Users/shuhaozhang/Project/miro-clone/src/hooks/useCanvas.ts:87:5)
          at commitHookEffectListMount (/Users/shuhaozhang/Project/miro-clone/node_modules/react-dom/cjs/react-dom.development.js:23189:26)
          at commitPassiveMountOnFiber (/Users/shuhaozhang/Project/miro-clone/node_modules/react-dom/cjs/react-dom.development.js:24970:11)
          at commitPassiveMountEffects_complete (/Users/shuhaozhang/Project/miro-clone/node_modules/react-dom/cjs/react-dom.development.js:24930:9)
          at commitPassiveMountEffects_begin (/Users/shuhaozhang/Project/miro-clone/node_modules/react-dom/cjs/react-dom.development.js:24917:7)
          at commitPassiveMountEffects (/Users/shuhaozhang/Project/miro-clone/node_modules/react-dom/cjs/react-dom.development.js:24905:3)
          at flushPassiveEffectsImpl (/Users/shuhaozhang/Project/miro-clone/node_modules/react-dom/cjs/react-dom.development.js:27078:3)
          at flushPassiveEffects (/Users/shuhaozhang/Project/miro-clone/node_modules/react-dom/cjs/react-dom.development.js:27023:14)
          at /Users/shuhaozhang/Project/miro-clone/node_modules/react-dom/cjs/react-dom.development.js:26808:9
          at flushActQueue (/Users/shuhaozhang/Project/miro-clone/node_modules/react/cjs/react.development.js:2667:24)
          at act (/Users/shuhaozhang/Project/miro-clone/node_modules/react/cjs/react.development.js:2582:11)
          at /Users/shuhaozhang/Project/miro-clone/node_modules/@testing-library/react/dist/act-compat.js:47:25
          at renderRoot (/Users/shuhaozhang/Project/miro-clone/node_modules/@testing-library/react/dist/pure.js:180:26)
          at render (/Users/shuhaozhang/Project/miro-clone/node_modules/@testing-library/react/dist/pure.js:271:10)
          at Object.<anonymous> (/Users/shuhaozhang/Project/miro-clone/src/__tests__/integration/whiteboard-integration.test.tsx:285:13)
          at Promise.then.completed (/Users/shuhaozhang/Project/miro-clone/node_modules/jest-circus/build/utils.js:298:28)
          at new Promise (<anonymous>)
          at callAsyncCircusFn (/Users/shuhaozhang/Project/miro-clone/node_modules/jest-circus/build/utils.js:231:10)
          at _callCircusTest (/Users/shuhaozhang/Project/miro-clone/node_modules/jest-circus/build/run.js:316:40)
          at _runTest (/Users/shuhaozhang/Project/miro-clone/node_modules/jest-circus/build/run.js:252:3)
          at _runTestsForDescribeBlock (/Users/shuhaozhang/Project/miro-clone/node_modules/jest-circus/build/run.js:126:9)
          at _runTestsForDescribeBlock (/Users/shuhaozhang/Project/miro-clone/node_modules/jest-circus/build/run.js:121:9)
          at _runTestsForDescribeBlock (/Users/shuhaozhang/Project/miro-clone/node_modules/jest-circus/build/run.js:121:9)
          at run (/Users/shuhaozhang/Project/miro-clone/node_modules/jest-circus/build/run.js:71:3)
          at runAndTransformResultsToJestFormat (/Users/shuhaozhang/Project/miro-clone/node_modules/jest-circus/build/legacy-code-todo-rewrite/jestAdapterInit.js:122:21)
          at jestAdapter (/Users/shuhaozhang/Project/miro-clone/node_modules/jest-circus/build/legacy-code-todo-rewrite/jestAdapter.js:79:19)
          at runTestInternal (/Users/shuhaozhang/Project/miro-clone/node_modules/jest-runner/build/runTest.js:367:16)
          at runTest (/Users/shuhaozhang/Project/miro-clone/node_modules/jest-runner/build/runTest.js:444:34)
          at Object.worker (/Users/shuhaozhang/Project/miro-clone/node_modules/jest-runner/build/testWorker.js:106:12)

      74 |         setIsInitialized(true)
      75 |       } catch (error) {
    > 76 |         console.error('Failed to initialize canvas:', error)
         |                 ^
      77 |         if (engine && !disposed) {
      78 |           try {
      79 |             engine.dispose()

      at error (src/hooks/useCanvas.ts:76:17)
      at initCanvas (src/hooks/useCanvas.ts:87:5)
      at commitHookEffectListMount (node_modules/react-dom/cjs/react-dom.development.js:23189:26)
      at commitPassiveMountOnFiber (node_modules/react-dom/cjs/react-dom.development.js:24970:11)
      at commitPassiveMountEffects_complete (node_modules/react-dom/cjs/react-dom.development.js:24930:9)
      at commitPassiveMountEffects_begin (node_modules/react-dom/cjs/react-dom.development.js:24917:7)
      at commitPassiveMountEffects (node_modules/react-dom/cjs/react-dom.development.js:24905:3)
      at flushPassiveEffectsImpl (node_modules/react-dom/cjs/react-dom.development.js:27078:3)
      at flushPassiveEffects (node_modules/react-dom/cjs/react-dom.development.js:27023:14)
      at node_modules/react-dom/cjs/react-dom.development.js:26808:9
      at flushActQueue (node_modules/react/cjs/react.development.js:2667:24)
      at act (node_modules/react/cjs/react.development.js:2582:11)
      at node_modules/@testing-library/react/dist/act-compat.js:47:25
      at renderRoot (node_modules/@testing-library/react/dist/pure.js:180:26)
      at render (node_modules/@testing-library/react/dist/pure.js:271:10)
      at Object.<anonymous> (src/__tests__/integration/whiteboard-integration.test.tsx:285:13)

    console.error
      Failed to initialize canvas: TypeError: canvas.getElement is not a function
          at CanvasEngine.getElement [as initializeCanvas] (/Users/shuhaozhang/Project/miro-clone/src/lib/canvas-engine.ts:93:29)
          at new initializeCanvas (/Users/shuhaozhang/Project/miro-clone/src/lib/canvas-engine.ts:72:24)
          at initCanvas (/Users/shuhaozhang/Project/miro-clone/src/hooks/useCanvas.ts:45:18)
          at initCanvas (/Users/shuhaozhang/Project/miro-clone/src/hooks/useCanvas.ts:87:5)
          at commitHookEffectListMount (/Users/shuhaozhang/Project/miro-clone/node_modules/react-dom/cjs/react-dom.development.js:23189:26)
          at commitPassiveMountOnFiber (/Users/shuhaozhang/Project/miro-clone/node_modules/react-dom/cjs/react-dom.development.js:24970:11)
          at commitPassiveMountEffects_complete (/Users/shuhaozhang/Project/miro-clone/node_modules/react-dom/cjs/react-dom.development.js:24930:9)
          at commitPassiveMountEffects_begin (/Users/shuhaozhang/Project/miro-clone/node_modules/react-dom/cjs/react-dom.development.js:24917:7)
          at commitPassiveMountEffects (/Users/shuhaozhang/Project/miro-clone/node_modules/react-dom/cjs/react-dom.development.js:24905:3)
          at flushPassiveEffectsImpl (/Users/shuhaozhang/Project/miro-clone/node_modules/react-dom/cjs/react-dom.development.js:27078:3)
          at flushPassiveEffects (/Users/shuhaozhang/Project/miro-clone/node_modules/react-dom/cjs/react-dom.development.js:27023:14)
          at /Users/shuhaozhang/Project/miro-clone/node_modules/react-dom/cjs/react-dom.development.js:26808:9
          at flushActQueue (/Users/shuhaozhang/Project/miro-clone/node_modules/react/cjs/react.development.js:2667:24)
          at act (/Users/shuhaozhang/Project/miro-clone/node_modules/react/cjs/react.development.js:2582:11)
          at /Users/shuhaozhang/Project/miro-clone/node_modules/@testing-library/react/dist/act-compat.js:47:25
          at renderRoot (/Users/shuhaozhang/Project/miro-clone/node_modules/@testing-library/react/dist/pure.js:180:26)
          at render (/Users/shuhaozhang/Project/miro-clone/node_modules/@testing-library/react/dist/pure.js:271:10)
          at Object.<anonymous> (/Users/shuhaozhang/Project/miro-clone/src/__tests__/integration/whiteboard-integration.test.tsx:298:13)
          at Promise.then.completed (/Users/shuhaozhang/Project/miro-clone/node_modules/jest-circus/build/utils.js:298:28)
          at new Promise (<anonymous>)
          at callAsyncCircusFn (/Users/shuhaozhang/Project/miro-clone/node_modules/jest-circus/build/utils.js:231:10)
          at _callCircusTest (/Users/shuhaozhang/Project/miro-clone/node_modules/jest-circus/build/run.js:316:40)
          at _runTest (/Users/shuhaozhang/Project/miro-clone/node_modules/jest-circus/build/run.js:252:3)
          at _runTestsForDescribeBlock (/Users/shuhaozhang/Project/miro-clone/node_modules/jest-circus/build/run.js:126:9)
          at _runTestsForDescribeBlock (/Users/shuhaozhang/Project/miro-clone/node_modules/jest-circus/build/run.js:121:9)
          at _runTestsForDescribeBlock (/Users/shuhaozhang/Project/miro-clone/node_modules/jest-circus/build/run.js:121:9)
          at run (/Users/shuhaozhang/Project/miro-clone/node_modules/jest-circus/build/run.js:71:3)
          at runAndTransformResultsToJestFormat (/Users/shuhaozhang/Project/miro-clone/node_modules/jest-circus/build/legacy-code-todo-rewrite/jestAdapterInit.js:122:21)
          at jestAdapter (/Users/shuhaozhang/Project/miro-clone/node_modules/jest-circus/build/legacy-code-todo-rewrite/jestAdapter.js:79:19)
          at runTestInternal (/Users/shuhaozhang/Project/miro-clone/node_modules/jest-runner/build/runTest.js:367:16)
          at runTest (/Users/shuhaozhang/Project/miro-clone/node_modules/jest-runner/build/runTest.js:444:34)
          at Object.worker (/Users/shuhaozhang/Project/miro-clone/node_modules/jest-runner/build/testWorker.js:106:12)

      74 |         setIsInitialized(true)
      75 |       } catch (error) {
    > 76 |         console.error('Failed to initialize canvas:', error)
         |                 ^
      77 |         if (engine && !disposed) {
      78 |           try {
      79 |             engine.dispose()

      at error (src/hooks/useCanvas.ts:76:17)
      at initCanvas (src/hooks/useCanvas.ts:87:5)
      at commitHookEffectListMount (node_modules/react-dom/cjs/react-dom.development.js:23189:26)
      at commitPassiveMountOnFiber (node_modules/react-dom/cjs/react-dom.development.js:24970:11)
      at commitPassiveMountEffects_complete (node_modules/react-dom/cjs/react-dom.development.js:24930:9)
      at commitPassiveMountEffects_begin (node_modules/react-dom/cjs/react-dom.development.js:24917:7)
      at commitPassiveMountEffects (node_modules/react-dom/cjs/react-dom.development.js:24905:3)
      at flushPassiveEffectsImpl (node_modules/react-dom/cjs/react-dom.development.js:27078:3)
      at flushPassiveEffects (node_modules/react-dom/cjs/react-dom.development.js:27023:14)
      at node_modules/react-dom/cjs/react-dom.development.js:26808:9
      at flushActQueue (node_modules/react/cjs/react.development.js:2667:24)
      at act (node_modules/react/cjs/react.development.js:2582:11)
      at node_modules/@testing-library/react/dist/act-compat.js:47:25
      at renderRoot (node_modules/@testing-library/react/dist/pure.js:180:26)
      at render (node_modules/@testing-library/react/dist/pure.js:271:10)
      at Object.<anonymous> (src/__tests__/integration/whiteboard-integration.test.tsx:298:13)

    console.error
      Warning: An update to Grid inside a test was not wrapped in act(...).
      
      When testing, code that causes React state updates should be wrapped into act(...):
      
      act(() => {
        /* fire events that update state */
      });
      /* assert on the output */
      
      This ensures that you're testing the behavior the user would see in the browser. Learn more at https://reactjs.org/link/wrap-tests-with-act
          at className (/Users/shuhaozhang/Project/miro-clone/src/components/Grid.tsx:11:45)
          at div
          at div
          at boardId (/Users/shuhaozhang/Project/miro-clone/src/components/Whiteboard.tsx:19:57)

      123 |     setCollaborators: (collaborators) => set({ collaborators }),
      124 |     
    > 125 |     updateCollaborator: (userId, presence) => set((state) => {
          |                                               ^
      126 |       const newCollaborators = new Map(state.collaborators)
      127 |       const existingPresence = newCollaborators.get(userId)
      128 |       if (existingPresence) {

      at printWarning (node_modules/react-dom/cjs/react-dom.development.js:86:30)
      at error (node_modules/react-dom/cjs/react-dom.development.js:60:7)
      at warnIfUpdatesNotWrappedWithActDEV (node_modules/react-dom/cjs/react-dom.development.js:27628:9)
      at scheduleUpdateOnFiber (node_modules/react-dom/cjs/react-dom.development.js:25547:5)
      at forceStoreRerender (node_modules/react-dom/cjs/react-dom.development.js:16158:5)
      at handleStoreChange (node_modules/react-dom/cjs/react-dom.development.js:16134:7)
      at node_modules/zustand/vanilla.js:12:16
          at Set.forEach (<anonymous>)
      at setState (node_modules/zustand/vanilla.js:11:17)
      at Object.set [as updateCollaborator] (src/store/useCanvasStore.ts:125:47)
      at Object.updateCollaborator (src/__tests__/integration/whiteboard-integration.test.tsx:301:33)

    console.error
      Warning: An update to Toolbar inside a test was not wrapped in act(...).
      
      When testing, code that causes React state updates should be wrapped into act(...):
      
      act(() => {
        /* fire events that update state */
      });
      /* assert on the output */
      
      This ensures that you're testing the behavior the user would see in the browser. Learn more at https://reactjs.org/link/wrap-tests-with-act
          at onZoomIn (/Users/shuhaozhang/Project/miro-clone/src/components/Toolbar.tsx:29:3)
          at div
          at div
          at boardId (/Users/shuhaozhang/Project/miro-clone/src/components/Whiteboard.tsx:19:57)

      123 |     setCollaborators: (collaborators) => set({ collaborators }),
      124 |     
    > 125 |     updateCollaborator: (userId, presence) => set((state) => {
          |                                               ^
      126 |       const newCollaborators = new Map(state.collaborators)
      127 |       const existingPresence = newCollaborators.get(userId)
      128 |       if (existingPresence) {

      at printWarning (node_modules/react-dom/cjs/react-dom.development.js:86:30)
      at error (node_modules/react-dom/cjs/react-dom.development.js:60:7)
      at warnIfUpdatesNotWrappedWithActDEV (node_modules/react-dom/cjs/react-dom.development.js:27628:9)
      at scheduleUpdateOnFiber (node_modules/react-dom/cjs/react-dom.development.js:25547:5)
      at forceStoreRerender (node_modules/react-dom/cjs/react-dom.development.js:16158:5)
      at handleStoreChange (node_modules/react-dom/cjs/react-dom.development.js:16134:7)
      at node_modules/zustand/vanilla.js:12:16
          at Set.forEach (<anonymous>)
      at setState (node_modules/zustand/vanilla.js:11:17)
      at Object.set [as updateCollaborator] (src/store/useCanvasStore.ts:125:47)
      at Object.updateCollaborator (src/__tests__/integration/whiteboard-integration.test.tsx:301:33)

    console.error
      Warning: An update to ToolPanel inside a test was not wrapped in act(...).
      
      When testing, code that causes React state updates should be wrapped into act(...):
      
      act(() => {
        /* fire events that update state */
      });
      /* assert on the output */
      
      This ensures that you're testing the behavior the user would see in the browser. Learn more at https://reactjs.org/link/wrap-tests-with-act
          at ToolPanel (/Users/shuhaozhang/Project/miro-clone/src/components/ToolPanel.tsx:36:43)
          at div
          at div
          at boardId (/Users/shuhaozhang/Project/miro-clone/src/components/Whiteboard.tsx:19:57)

      123 |     setCollaborators: (collaborators) => set({ collaborators }),
      124 |     
    > 125 |     updateCollaborator: (userId, presence) => set((state) => {
          |                                               ^
      126 |       const newCollaborators = new Map(state.collaborators)
      127 |       const existingPresence = newCollaborators.get(userId)
      128 |       if (existingPresence) {

      at printWarning (node_modules/react-dom/cjs/react-dom.development.js:86:30)
      at error (node_modules/react-dom/cjs/react-dom.development.js:60:7)
      at warnIfUpdatesNotWrappedWithActDEV (node_modules/react-dom/cjs/react-dom.development.js:27628:9)
      at scheduleUpdateOnFiber (node_modules/react-dom/cjs/react-dom.development.js:25547:5)
      at forceStoreRerender (node_modules/react-dom/cjs/react-dom.development.js:16158:5)
      at handleStoreChange (node_modules/react-dom/cjs/react-dom.development.js:16134:7)
      at node_modules/zustand/vanilla.js:12:16
          at Set.forEach (<anonymous>)
      at setState (node_modules/zustand/vanilla.js:11:17)
      at Object.set [as updateCollaborator] (src/store/useCanvasStore.ts:125:47)
      at Object.updateCollaborator (src/__tests__/integration/whiteboard-integration.test.tsx:301:33)

    console.error
      Warning: An update to CollaborationPanel inside a test was not wrapped in act(...).
      
      When testing, code that causes React state updates should be wrapped into act(...):
      
      act(() => {
        /* fire events that update state */
      });
      /* assert on the output */
      
      This ensures that you're testing the behavior the user would see in the browser. Learn more at https://reactjs.org/link/wrap-tests-with-act
          at CollaborationPanel (/Users/shuhaozhang/Project/miro-clone/src/components/CollaborationPanel.tsx:13:56)
          at div
          at div
          at boardId (/Users/shuhaozhang/Project/miro-clone/src/components/Whiteboard.tsx:19:57)

      123 |     setCollaborators: (collaborators) => set({ collaborators }),
      124 |     
    > 125 |     updateCollaborator: (userId, presence) => set((state) => {
          |                                               ^
      126 |       const newCollaborators = new Map(state.collaborators)
      127 |       const existingPresence = newCollaborators.get(userId)
      128 |       if (existingPresence) {

      at printWarning (node_modules/react-dom/cjs/react-dom.development.js:86:30)
      at error (node_modules/react-dom/cjs/react-dom.development.js:60:7)
      at warnIfUpdatesNotWrappedWithActDEV (node_modules/react-dom/cjs/react-dom.development.js:27628:9)
      at scheduleUpdateOnFiber (node_modules/react-dom/cjs/react-dom.development.js:25547:5)
      at forceStoreRerender (node_modules/react-dom/cjs/react-dom.development.js:16158:5)
      at handleStoreChange (node_modules/react-dom/cjs/react-dom.development.js:16134:7)
      at node_modules/zustand/vanilla.js:12:16
          at Set.forEach (<anonymous>)
      at setState (node_modules/zustand/vanilla.js:11:17)
      at Object.set [as updateCollaborator] (src/store/useCanvasStore.ts:125:47)
      at Object.updateCollaborator (src/__tests__/integration/whiteboard-integration.test.tsx:301:33)

    console.error
      Warning: An update to Whiteboard inside a test was not wrapped in act(...).
      
      When testing, code that causes React state updates should be wrapped into act(...):
      
      act(() => {
        /* fire events that update state */
      });
      /* assert on the output */
      
      This ensures that you're testing the behavior the user would see in the browser. Learn more at https://reactjs.org/link/wrap-tests-with-act
          at boardId (/Users/shuhaozhang/Project/miro-clone/src/components/Whiteboard.tsx:19:57)

      123 |     setCollaborators: (collaborators) => set({ collaborators }),
      124 |     
    > 125 |     updateCollaborator: (userId, presence) => set((state) => {
          |                                               ^
      126 |       const newCollaborators = new Map(state.collaborators)
      127 |       const existingPresence = newCollaborators.get(userId)
      128 |       if (existingPresence) {

      at printWarning (node_modules/react-dom/cjs/react-dom.development.js:86:30)
      at error (node_modules/react-dom/cjs/react-dom.development.js:60:7)
      at warnIfUpdatesNotWrappedWithActDEV (node_modules/react-dom/cjs/react-dom.development.js:27628:9)
      at scheduleUpdateOnFiber (node_modules/react-dom/cjs/react-dom.development.js:25547:5)
      at forceStoreRerender (node_modules/react-dom/cjs/react-dom.development.js:16158:5)
      at handleStoreChange (node_modules/react-dom/cjs/react-dom.development.js:16134:7)
      at node_modules/zustand/vanilla.js:12:16
          at Set.forEach (<anonymous>)
      at setState (node_modules/zustand/vanilla.js:11:17)
      at Object.set [as updateCollaborator] (src/store/useCanvasStore.ts:125:47)
      at Object.updateCollaborator (src/__tests__/integration/whiteboard-integration.test.tsx:301:33)

    console.error
      Warning: An update to Whiteboard inside a test was not wrapped in act(...).
      
      When testing, code that causes React state updates should be wrapped into act(...):
      
      act(() => {
        /* fire events that update state */
      });
      /* assert on the output */
      
      This ensures that you're testing the behavior the user would see in the browser. Learn more at https://reactjs.org/link/wrap-tests-with-act
          at boardId (/Users/shuhaozhang/Project/miro-clone/src/components/Whiteboard.tsx:19:57)

      123 |     setCollaborators: (collaborators) => set({ collaborators }),
      124 |     
    > 125 |     updateCollaborator: (userId, presence) => set((state) => {
          |                                               ^
      126 |       const newCollaborators = new Map(state.collaborators)
      127 |       const existingPresence = newCollaborators.get(userId)
      128 |       if (existingPresence) {

      at printWarning (node_modules/react-dom/cjs/react-dom.development.js:86:30)
      at error (node_modules/react-dom/cjs/react-dom.development.js:60:7)
      at warnIfUpdatesNotWrappedWithActDEV (node_modules/react-dom/cjs/react-dom.development.js:27628:9)
      at scheduleUpdateOnFiber (node_modules/react-dom/cjs/react-dom.development.js:25547:5)
      at forceStoreRerender (node_modules/react-dom/cjs/react-dom.development.js:16158:5)
      at handleStoreChange (node_modules/react-dom/cjs/react-dom.development.js:16134:7)
      at node_modules/zustand/vanilla.js:12:16
          at Set.forEach (<anonymous>)
      at setState (node_modules/zustand/vanilla.js:11:17)
      at Object.set [as updateCollaborator] (src/store/useCanvasStore.ts:125:47)
      at Object.updateCollaborator (src/__tests__/integration/whiteboard-integration.test.tsx:301:33)

    console.error
      Warning: An update to Whiteboard inside a test was not wrapped in act(...).
      
      When testing, code that causes React state updates should be wrapped into act(...):
      
      act(() => {
        /* fire events that update state */
      });
      /* assert on the output */
      
      This ensures that you're testing the behavior the user would see in the browser. Learn more at https://reactjs.org/link/wrap-tests-with-act
          at boardId (/Users/shuhaozhang/Project/miro-clone/src/components/Whiteboard.tsx:19:57)

      123 |     setCollaborators: (collaborators) => set({ collaborators }),
      124 |     
    > 125 |     updateCollaborator: (userId, presence) => set((state) => {
          |                                               ^
      126 |       const newCollaborators = new Map(state.collaborators)
      127 |       const existingPresence = newCollaborators.get(userId)
      128 |       if (existingPresence) {

      at printWarning (node_modules/react-dom/cjs/react-dom.development.js:86:30)
      at error (node_modules/react-dom/cjs/react-dom.development.js:60:7)
      at warnIfUpdatesNotWrappedWithActDEV (node_modules/react-dom/cjs/react-dom.development.js:27628:9)
      at scheduleUpdateOnFiber (node_modules/react-dom/cjs/react-dom.development.js:25547:5)
      at forceStoreRerender (node_modules/react-dom/cjs/react-dom.development.js:16158:5)
      at handleStoreChange (node_modules/react-dom/cjs/react-dom.development.js:16134:7)
      at node_modules/zustand/vanilla.js:12:16
          at Set.forEach (<anonymous>)
      at setState (node_modules/zustand/vanilla.js:11:17)
      at Object.set [as updateCollaborator] (src/store/useCanvasStore.ts:125:47)
      at Object.updateCollaborator (src/__tests__/integration/whiteboard-integration.test.tsx:301:33)

    console.error
      Warning: An update to Whiteboard inside a test was not wrapped in act(...).
      
      When testing, code that causes React state updates should be wrapped into act(...):
      
      act(() => {
        /* fire events that update state */
      });
      /* assert on the output */
      
      This ensures that you're testing the behavior the user would see in the browser. Learn more at https://reactjs.org/link/wrap-tests-with-act
          at boardId (/Users/shuhaozhang/Project/miro-clone/src/components/Whiteboard.tsx:19:57)

      123 |     setCollaborators: (collaborators) => set({ collaborators }),
      124 |     
    > 125 |     updateCollaborator: (userId, presence) => set((state) => {
          |                                               ^
      126 |       const newCollaborators = new Map(state.collaborators)
      127 |       const existingPresence = newCollaborators.get(userId)
      128 |       if (existingPresence) {

      at printWarning (node_modules/react-dom/cjs/react-dom.development.js:86:30)
      at error (node_modules/react-dom/cjs/react-dom.development.js:60:7)
      at warnIfUpdatesNotWrappedWithActDEV (node_modules/react-dom/cjs/react-dom.development.js:27628:9)
      at scheduleUpdateOnFiber (node_modules/react-dom/cjs/react-dom.development.js:25547:5)
      at forceStoreRerender (node_modules/react-dom/cjs/react-dom.development.js:16158:5)
      at handleStoreChange (node_modules/react-dom/cjs/react-dom.development.js:16134:7)
      at node_modules/zustand/vanilla.js:12:16
          at Set.forEach (<anonymous>)
      at setState (node_modules/zustand/vanilla.js:11:17)
      at Object.set [as updateCollaborator] (src/store/useCanvasStore.ts:125:47)
      at Object.updateCollaborator (src/__tests__/integration/whiteboard-integration.test.tsx:301:33)

    console.error
      Failed to initialize canvas: TypeError: canvas.getElement is not a function
          at CanvasEngine.getElement [as initializeCanvas] (/Users/shuhaozhang/Project/miro-clone/src/lib/canvas-engine.ts:93:29)
          at new initializeCanvas (/Users/shuhaozhang/Project/miro-clone/src/lib/canvas-engine.ts:72:24)
          at initCanvas (/Users/shuhaozhang/Project/miro-clone/src/hooks/useCanvas.ts:45:18)
          at initCanvas (/Users/shuhaozhang/Project/miro-clone/src/hooks/useCanvas.ts:87:5)
          at commitHookEffectListMount (/Users/shuhaozhang/Project/miro-clone/node_modules/react-dom/cjs/react-dom.development.js:23189:26)
          at commitPassiveMountOnFiber (/Users/shuhaozhang/Project/miro-clone/node_modules/react-dom/cjs/react-dom.development.js:24970:11)
          at commitPassiveMountEffects_complete (/Users/shuhaozhang/Project/miro-clone/node_modules/react-dom/cjs/react-dom.development.js:24930:9)
          at commitPassiveMountEffects_begin (/Users/shuhaozhang/Project/miro-clone/node_modules/react-dom/cjs/react-dom.development.js:24917:7)
          at commitPassiveMountEffects (/Users/shuhaozhang/Project/miro-clone/node_modules/react-dom/cjs/react-dom.development.js:24905:3)
          at flushPassiveEffectsImpl (/Users/shuhaozhang/Project/miro-clone/node_modules/react-dom/cjs/react-dom.development.js:27078:3)
          at flushPassiveEffects (/Users/shuhaozhang/Project/miro-clone/node_modules/react-dom/cjs/react-dom.development.js:27023:14)
          at /Users/shuhaozhang/Project/miro-clone/node_modules/react-dom/cjs/react-dom.development.js:26808:9
          at flushActQueue (/Users/shuhaozhang/Project/miro-clone/node_modules/react/cjs/react.development.js:2667:24)
          at act (/Users/shuhaozhang/Project/miro-clone/node_modules/react/cjs/react.development.js:2582:11)
          at /Users/shuhaozhang/Project/miro-clone/node_modules/@testing-library/react/dist/act-compat.js:47:25
          at renderRoot (/Users/shuhaozhang/Project/miro-clone/node_modules/@testing-library/react/dist/pure.js:180:26)
          at render (/Users/shuhaozhang/Project/miro-clone/node_modules/@testing-library/react/dist/pure.js:271:10)
          at Object.<anonymous> (/Users/shuhaozhang/Project/miro-clone/src/__tests__/integration/whiteboard-integration.test.tsx:328:13)
          at Promise.then.completed (/Users/shuhaozhang/Project/miro-clone/node_modules/jest-circus/build/utils.js:298:28)
          at new Promise (<anonymous>)
          at callAsyncCircusFn (/Users/shuhaozhang/Project/miro-clone/node_modules/jest-circus/build/utils.js:231:10)
          at _callCircusTest (/Users/shuhaozhang/Project/miro-clone/node_modules/jest-circus/build/run.js:316:40)
          at _runTest (/Users/shuhaozhang/Project/miro-clone/node_modules/jest-circus/build/run.js:252:3)
          at _runTestsForDescribeBlock (/Users/shuhaozhang/Project/miro-clone/node_modules/jest-circus/build/run.js:126:9)
          at _runTestsForDescribeBlock (/Users/shuhaozhang/Project/miro-clone/node_modules/jest-circus/build/run.js:121:9)
          at _runTestsForDescribeBlock (/Users/shuhaozhang/Project/miro-clone/node_modules/jest-circus/build/run.js:121:9)
          at run (/Users/shuhaozhang/Project/miro-clone/node_modules/jest-circus/build/run.js:71:3)
          at runAndTransformResultsToJestFormat (/Users/shuhaozhang/Project/miro-clone/node_modules/jest-circus/build/legacy-code-todo-rewrite/jestAdapterInit.js:122:21)
          at jestAdapter (/Users/shuhaozhang/Project/miro-clone/node_modules/jest-circus/build/legacy-code-todo-rewrite/jestAdapter.js:79:19)
          at runTestInternal (/Users/shuhaozhang/Project/miro-clone/node_modules/jest-runner/build/runTest.js:367:16)
          at runTest (/Users/shuhaozhang/Project/miro-clone/node_modules/jest-runner/build/runTest.js:444:34)
          at Object.worker (/Users/shuhaozhang/Project/miro-clone/node_modules/jest-runner/build/testWorker.js:106:12)

      74 |         setIsInitialized(true)
      75 |       } catch (error) {
    > 76 |         console.error('Failed to initialize canvas:', error)
         |                 ^
      77 |         if (engine && !disposed) {
      78 |           try {
      79 |             engine.dispose()

      at error (src/hooks/useCanvas.ts:76:17)
      at initCanvas (src/hooks/useCanvas.ts:87:5)
      at commitHookEffectListMount (node_modules/react-dom/cjs/react-dom.development.js:23189:26)
      at commitPassiveMountOnFiber (node_modules/react-dom/cjs/react-dom.development.js:24970:11)
      at commitPassiveMountEffects_complete (node_modules/react-dom/cjs/react-dom.development.js:24930:9)
      at commitPassiveMountEffects_begin (node_modules/react-dom/cjs/react-dom.development.js:24917:7)
      at commitPassiveMountEffects (node_modules/react-dom/cjs/react-dom.development.js:24905:3)
      at flushPassiveEffectsImpl (node_modules/react-dom/cjs/react-dom.development.js:27078:3)
      at flushPassiveEffects (node_modules/react-dom/cjs/react-dom.development.js:27023:14)
      at node_modules/react-dom/cjs/react-dom.development.js:26808:9
      at flushActQueue (node_modules/react/cjs/react.development.js:2667:24)
      at act (node_modules/react/cjs/react.development.js:2582:11)
      at node_modules/@testing-library/react/dist/act-compat.js:47:25
      at renderRoot (node_modules/@testing-library/react/dist/pure.js:180:26)
      at render (node_modules/@testing-library/react/dist/pure.js:271:10)
      at Object.<anonymous> (src/__tests__/integration/whiteboard-integration.test.tsx:328:13)

    console.error
      Failed to initialize canvas: TypeError: canvas.getElement is not a function
          at CanvasEngine.getElement [as initializeCanvas] (/Users/shuhaozhang/Project/miro-clone/src/lib/canvas-engine.ts:93:29)
          at new initializeCanvas (/Users/shuhaozhang/Project/miro-clone/src/lib/canvas-engine.ts:72:24)
          at initCanvas (/Users/shuhaozhang/Project/miro-clone/src/hooks/useCanvas.ts:45:18)
          at initCanvas (/Users/shuhaozhang/Project/miro-clone/src/hooks/useCanvas.ts:87:5)
          at commitHookEffectListMount (/Users/shuhaozhang/Project/miro-clone/node_modules/react-dom/cjs/react-dom.development.js:23189:26)
          at commitPassiveMountOnFiber (/Users/shuhaozhang/Project/miro-clone/node_modules/react-dom/cjs/react-dom.development.js:24970:11)
          at commitPassiveMountEffects_complete (/Users/shuhaozhang/Project/miro-clone/node_modules/react-dom/cjs/react-dom.development.js:24930:9)
          at commitPassiveMountEffects_begin (/Users/shuhaozhang/Project/miro-clone/node_modules/react-dom/cjs/react-dom.development.js:24917:7)
          at commitPassiveMountEffects (/Users/shuhaozhang/Project/miro-clone/node_modules/react-dom/cjs/react-dom.development.js:24905:3)
          at flushPassiveEffectsImpl (/Users/shuhaozhang/Project/miro-clone/node_modules/react-dom/cjs/react-dom.development.js:27078:3)
          at flushPassiveEffects (/Users/shuhaozhang/Project/miro-clone/node_modules/react-dom/cjs/react-dom.development.js:27023:14)
          at /Users/shuhaozhang/Project/miro-clone/node_modules/react-dom/cjs/react-dom.development.js:26808:9
          at flushActQueue (/Users/shuhaozhang/Project/miro-clone/node_modules/react/cjs/react.development.js:2667:24)
          at act (/Users/shuhaozhang/Project/miro-clone/node_modules/react/cjs/react.development.js:2582:11)
          at /Users/shuhaozhang/Project/miro-clone/node_modules/@testing-library/react/dist/act-compat.js:47:25
          at renderRoot (/Users/shuhaozhang/Project/miro-clone/node_modules/@testing-library/react/dist/pure.js:180:26)
          at render (/Users/shuhaozhang/Project/miro-clone/node_modules/@testing-library/react/dist/pure.js:271:10)
          at Object.<anonymous> (/Users/shuhaozhang/Project/miro-clone/src/__tests__/integration/whiteboard-integration.test.tsx:338:13)
          at Promise.then.completed (/Users/shuhaozhang/Project/miro-clone/node_modules/jest-circus/build/utils.js:298:28)
          at new Promise (<anonymous>)
          at callAsyncCircusFn (/Users/shuhaozhang/Project/miro-clone/node_modules/jest-circus/build/utils.js:231:10)
          at _callCircusTest (/Users/shuhaozhang/Project/miro-clone/node_modules/jest-circus/build/run.js:316:40)
          at _runTest (/Users/shuhaozhang/Project/miro-clone/node_modules/jest-circus/build/run.js:252:3)
          at _runTestsForDescribeBlock (/Users/shuhaozhang/Project/miro-clone/node_modules/jest-circus/build/run.js:126:9)
          at _runTestsForDescribeBlock (/Users/shuhaozhang/Project/miro-clone/node_modules/jest-circus/build/run.js:121:9)
          at _runTestsForDescribeBlock (/Users/shuhaozhang/Project/miro-clone/node_modules/jest-circus/build/run.js:121:9)
          at run (/Users/shuhaozhang/Project/miro-clone/node_modules/jest-circus/build/run.js:71:3)
          at runAndTransformResultsToJestFormat (/Users/shuhaozhang/Project/miro-clone/node_modules/jest-circus/build/legacy-code-todo-rewrite/jestAdapterInit.js:122:21)
          at jestAdapter (/Users/shuhaozhang/Project/miro-clone/node_modules/jest-circus/build/legacy-code-todo-rewrite/jestAdapter.js:79:19)
          at runTestInternal (/Users/shuhaozhang/Project/miro-clone/node_modules/jest-runner/build/runTest.js:367:16)
          at runTest (/Users/shuhaozhang/Project/miro-clone/node_modules/jest-runner/build/runTest.js:444:34)
          at Object.worker (/Users/shuhaozhang/Project/miro-clone/node_modules/jest-runner/build/testWorker.js:106:12)

      74 |         setIsInitialized(true)
      75 |       } catch (error) {
    > 76 |         console.error('Failed to initialize canvas:', error)
         |                 ^
      77 |         if (engine && !disposed) {
      78 |           try {
      79 |             engine.dispose()

      at error (src/hooks/useCanvas.ts:76:17)
      at initCanvas (src/hooks/useCanvas.ts:87:5)
      at commitHookEffectListMount (node_modules/react-dom/cjs/react-dom.development.js:23189:26)
      at commitPassiveMountOnFiber (node_modules/react-dom/cjs/react-dom.development.js:24970:11)
      at commitPassiveMountEffects_complete (node_modules/react-dom/cjs/react-dom.development.js:24930:9)
      at commitPassiveMountEffects_begin (node_modules/react-dom/cjs/react-dom.development.js:24917:7)
      at commitPassiveMountEffects (node_modules/react-dom/cjs/react-dom.development.js:24905:3)
      at flushPassiveEffectsImpl (node_modules/react-dom/cjs/react-dom.development.js:27078:3)
      at flushPassiveEffects (node_modules/react-dom/cjs/react-dom.development.js:27023:14)
      at node_modules/react-dom/cjs/react-dom.development.js:26808:9
      at flushActQueue (node_modules/react/cjs/react.development.js:2667:24)
      at act (node_modules/react/cjs/react.development.js:2582:11)
      at node_modules/@testing-library/react/dist/act-compat.js:47:25
      at renderRoot (node_modules/@testing-library/react/dist/pure.js:180:26)
      at render (node_modules/@testing-library/react/dist/pure.js:271:10)
      at Object.<anonymous> (src/__tests__/integration/whiteboard-integration.test.tsx:338:13)

    console.error
      Warning: An update to Grid inside a test was not wrapped in act(...).
      
      When testing, code that causes React state updates should be wrapped into act(...):
      
      act(() => {
        /* fire events that update state */
      });
      /* assert on the output */
      
      This ensures that you're testing the behavior the user would see in the browser. Learn more at https://reactjs.org/link/wrap-tests-with-act
          at className (/Users/shuhaozhang/Project/miro-clone/src/components/Grid.tsx:11:45)
          at div
          at div
          at boardId (/Users/shuhaozhang/Project/miro-clone/src/components/Whiteboard.tsx:19:57)

      111 |     
      112 |     // Tool actions
    > 113 |     setTool: (tool) => set({ tool }),
          |                        ^
      114 |     
      115 |     // UI actions
      116 |     toggleGrid: () => set((state) => ({ isGridVisible: !state.isGridVisible })),

      at printWarning (node_modules/react-dom/cjs/react-dom.development.js:86:30)
      at error (node_modules/react-dom/cjs/react-dom.development.js:60:7)
      at warnIfUpdatesNotWrappedWithActDEV (node_modules/react-dom/cjs/react-dom.development.js:27628:9)
      at scheduleUpdateOnFiber (node_modules/react-dom/cjs/react-dom.development.js:25547:5)
      at forceStoreRerender (node_modules/react-dom/cjs/react-dom.development.js:16158:5)
      at handleStoreChange (node_modules/react-dom/cjs/react-dom.development.js:16134:7)
      at node_modules/zustand/vanilla.js:12:16
          at Set.forEach (<anonymous>)
      at setState (node_modules/zustand/vanilla.js:11:17)
      at Object.set [as setTool] (src/store/useCanvasStore.ts:113:24)
      at Object.setTool (src/__tests__/integration/whiteboard-integration.test.tsx:346:35)

    console.error
      Warning: An update to Toolbar inside a test was not wrapped in act(...).
      
      When testing, code that causes React state updates should be wrapped into act(...):
      
      act(() => {
        /* fire events that update state */
      });
      /* assert on the output */
      
      This ensures that you're testing the behavior the user would see in the browser. Learn more at https://reactjs.org/link/wrap-tests-with-act
          at onZoomIn (/Users/shuhaozhang/Project/miro-clone/src/components/Toolbar.tsx:29:3)
          at div
          at div
          at boardId (/Users/shuhaozhang/Project/miro-clone/src/components/Whiteboard.tsx:19:57)

      111 |     
      112 |     // Tool actions
    > 113 |     setTool: (tool) => set({ tool }),
          |                        ^
      114 |     
      115 |     // UI actions
      116 |     toggleGrid: () => set((state) => ({ isGridVisible: !state.isGridVisible })),

      at printWarning (node_modules/react-dom/cjs/react-dom.development.js:86:30)
      at error (node_modules/react-dom/cjs/react-dom.development.js:60:7)
      at warnIfUpdatesNotWrappedWithActDEV (node_modules/react-dom/cjs/react-dom.development.js:27628:9)
      at scheduleUpdateOnFiber (node_modules/react-dom/cjs/react-dom.development.js:25547:5)
      at forceStoreRerender (node_modules/react-dom/cjs/react-dom.development.js:16158:5)
      at handleStoreChange (node_modules/react-dom/cjs/react-dom.development.js:16134:7)
      at node_modules/zustand/vanilla.js:12:16
          at Set.forEach (<anonymous>)
      at setState (node_modules/zustand/vanilla.js:11:17)
      at Object.set [as setTool] (src/store/useCanvasStore.ts:113:24)
      at Object.setTool (src/__tests__/integration/whiteboard-integration.test.tsx:346:35)

    console.error
      Warning: An update to ToolPanel inside a test was not wrapped in act(...).
      
      When testing, code that causes React state updates should be wrapped into act(...):
      
      act(() => {
        /* fire events that update state */
      });
      /* assert on the output */
      
      This ensures that you're testing the behavior the user would see in the browser. Learn more at https://reactjs.org/link/wrap-tests-with-act
          at ToolPanel (/Users/shuhaozhang/Project/miro-clone/src/components/ToolPanel.tsx:36:43)
          at div
          at div
          at boardId (/Users/shuhaozhang/Project/miro-clone/src/components/Whiteboard.tsx:19:57)

      111 |     
      112 |     // Tool actions
    > 113 |     setTool: (tool) => set({ tool }),
          |                        ^
      114 |     
      115 |     // UI actions
      116 |     toggleGrid: () => set((state) => ({ isGridVisible: !state.isGridVisible })),

      at printWarning (node_modules/react-dom/cjs/react-dom.development.js:86:30)
      at error (node_modules/react-dom/cjs/react-dom.development.js:60:7)
      at warnIfUpdatesNotWrappedWithActDEV (node_modules/react-dom/cjs/react-dom.development.js:27628:9)
      at scheduleUpdateOnFiber (node_modules/react-dom/cjs/react-dom.development.js:25547:5)
      at forceStoreRerender (node_modules/react-dom/cjs/react-dom.development.js:16158:5)
      at handleStoreChange (node_modules/react-dom/cjs/react-dom.development.js:16134:7)
      at node_modules/zustand/vanilla.js:12:16
          at Set.forEach (<anonymous>)
      at setState (node_modules/zustand/vanilla.js:11:17)
      at Object.set [as setTool] (src/store/useCanvasStore.ts:113:24)
      at Object.setTool (src/__tests__/integration/whiteboard-integration.test.tsx:346:35)

    console.error
      Warning: An update to CollaborationPanel inside a test was not wrapped in act(...).
      
      When testing, code that causes React state updates should be wrapped into act(...):
      
      act(() => {
        /* fire events that update state */
      });
      /* assert on the output */
      
      This ensures that you're testing the behavior the user would see in the browser. Learn more at https://reactjs.org/link/wrap-tests-with-act
          at CollaborationPanel (/Users/shuhaozhang/Project/miro-clone/src/components/CollaborationPanel.tsx:13:56)
          at div
          at div
          at boardId (/Users/shuhaozhang/Project/miro-clone/src/components/Whiteboard.tsx:19:57)

      111 |     
      112 |     // Tool actions
    > 113 |     setTool: (tool) => set({ tool }),
          |                        ^
      114 |     
      115 |     // UI actions
      116 |     toggleGrid: () => set((state) => ({ isGridVisible: !state.isGridVisible })),

      at printWarning (node_modules/react-dom/cjs/react-dom.development.js:86:30)
      at error (node_modules/react-dom/cjs/react-dom.development.js:60:7)
      at warnIfUpdatesNotWrappedWithActDEV (node_modules/react-dom/cjs/react-dom.development.js:27628:9)
      at scheduleUpdateOnFiber (node_modules/react-dom/cjs/react-dom.development.js:25547:5)
      at forceStoreRerender (node_modules/react-dom/cjs/react-dom.development.js:16158:5)
      at handleStoreChange (node_modules/react-dom/cjs/react-dom.development.js:16134:7)
      at node_modules/zustand/vanilla.js:12:16
          at Set.forEach (<anonymous>)
      at setState (node_modules/zustand/vanilla.js:11:17)
      at Object.set [as setTool] (src/store/useCanvasStore.ts:113:24)
      at Object.setTool (src/__tests__/integration/whiteboard-integration.test.tsx:346:35)

    console.error
      Warning: An update to Whiteboard inside a test was not wrapped in act(...).
      
      When testing, code that causes React state updates should be wrapped into act(...):
      
      act(() => {
        /* fire events that update state */
      });
      /* assert on the output */
      
      This ensures that you're testing the behavior the user would see in the browser. Learn more at https://reactjs.org/link/wrap-tests-with-act
          at boardId (/Users/shuhaozhang/Project/miro-clone/src/components/Whiteboard.tsx:19:57)

      111 |     
      112 |     // Tool actions
    > 113 |     setTool: (tool) => set({ tool }),
          |                        ^
      114 |     
      115 |     // UI actions
      116 |     toggleGrid: () => set((state) => ({ isGridVisible: !state.isGridVisible })),

      at printWarning (node_modules/react-dom/cjs/react-dom.development.js:86:30)
      at error (node_modules/react-dom/cjs/react-dom.development.js:60:7)
      at warnIfUpdatesNotWrappedWithActDEV (node_modules/react-dom/cjs/react-dom.development.js:27628:9)
      at scheduleUpdateOnFiber (node_modules/react-dom/cjs/react-dom.development.js:25547:5)
      at forceStoreRerender (node_modules/react-dom/cjs/react-dom.development.js:16158:5)
      at handleStoreChange (node_modules/react-dom/cjs/react-dom.development.js:16134:7)
      at node_modules/zustand/vanilla.js:12:16
          at Set.forEach (<anonymous>)
      at setState (node_modules/zustand/vanilla.js:11:17)
      at Object.set [as setTool] (src/store/useCanvasStore.ts:113:24)
      at Object.setTool (src/__tests__/integration/whiteboard-integration.test.tsx:346:35)

    console.error
      Warning: An update to Whiteboard inside a test was not wrapped in act(...).
      
      When testing, code that causes React state updates should be wrapped into act(...):
      
      act(() => {
        /* fire events that update state */
      });
      /* assert on the output */
      
      This ensures that you're testing the behavior the user would see in the browser. Learn more at https://reactjs.org/link/wrap-tests-with-act
          at boardId (/Users/shuhaozhang/Project/miro-clone/src/components/Whiteboard.tsx:19:57)

      111 |     
      112 |     // Tool actions
    > 113 |     setTool: (tool) => set({ tool }),
          |                        ^
      114 |     
      115 |     // UI actions
      116 |     toggleGrid: () => set((state) => ({ isGridVisible: !state.isGridVisible })),

      at printWarning (node_modules/react-dom/cjs/react-dom.development.js:86:30)
      at error (node_modules/react-dom/cjs/react-dom.development.js:60:7)
      at warnIfUpdatesNotWrappedWithActDEV (node_modules/react-dom/cjs/react-dom.development.js:27628:9)
      at scheduleUpdateOnFiber (node_modules/react-dom/cjs/react-dom.development.js:25547:5)
      at forceStoreRerender (node_modules/react-dom/cjs/react-dom.development.js:16158:5)
      at handleStoreChange (node_modules/react-dom/cjs/react-dom.development.js:16134:7)
      at node_modules/zustand/vanilla.js:12:16
          at Set.forEach (<anonymous>)
      at setState (node_modules/zustand/vanilla.js:11:17)
      at Object.set [as setTool] (src/store/useCanvasStore.ts:113:24)
      at Object.setTool (src/__tests__/integration/whiteboard-integration.test.tsx:346:35)

    console.error
      Warning: An update to Whiteboard inside a test was not wrapped in act(...).
      
      When testing, code that causes React state updates should be wrapped into act(...):
      
      act(() => {
        /* fire events that update state */
      });
      /* assert on the output */
      
      This ensures that you're testing the behavior the user would see in the browser. Learn more at https://reactjs.org/link/wrap-tests-with-act
          at boardId (/Users/shuhaozhang/Project/miro-clone/src/components/Whiteboard.tsx:19:57)

      111 |     
      112 |     // Tool actions
    > 113 |     setTool: (tool) => set({ tool }),
          |                        ^
      114 |     
      115 |     // UI actions
      116 |     toggleGrid: () => set((state) => ({ isGridVisible: !state.isGridVisible })),

      at printWarning (node_modules/react-dom/cjs/react-dom.development.js:86:30)
      at error (node_modules/react-dom/cjs/react-dom.development.js:60:7)
      at warnIfUpdatesNotWrappedWithActDEV (node_modules/react-dom/cjs/react-dom.development.js:27628:9)
      at scheduleUpdateOnFiber (node_modules/react-dom/cjs/react-dom.development.js:25547:5)
      at forceStoreRerender (node_modules/react-dom/cjs/react-dom.development.js:16158:5)
      at handleStoreChange (node_modules/react-dom/cjs/react-dom.development.js:16134:7)
      at node_modules/zustand/vanilla.js:12:16
          at Set.forEach (<anonymous>)
      at setState (node_modules/zustand/vanilla.js:11:17)
      at Object.set [as setTool] (src/store/useCanvasStore.ts:113:24)
      at Object.setTool (src/__tests__/integration/whiteboard-integration.test.tsx:346:35)

    console.error
      Warning: An update to Whiteboard inside a test was not wrapped in act(...).
      
      When testing, code that causes React state updates should be wrapped into act(...):
      
      act(() => {
        /* fire events that update state */
      });
      /* assert on the output */
      
      This ensures that you're testing the behavior the user would see in the browser. Learn more at https://reactjs.org/link/wrap-tests-with-act
          at boardId (/Users/shuhaozhang/Project/miro-clone/src/components/Whiteboard.tsx:19:57)

      111 |     
      112 |     // Tool actions
    > 113 |     setTool: (tool) => set({ tool }),
          |                        ^
      114 |     
      115 |     // UI actions
      116 |     toggleGrid: () => set((state) => ({ isGridVisible: !state.isGridVisible })),

      at printWarning (node_modules/react-dom/cjs/react-dom.development.js:86:30)
      at error (node_modules/react-dom/cjs/react-dom.development.js:60:7)
      at warnIfUpdatesNotWrappedWithActDEV (node_modules/react-dom/cjs/react-dom.development.js:27628:9)
      at scheduleUpdateOnFiber (node_modules/react-dom/cjs/react-dom.development.js:25547:5)
      at forceStoreRerender (node_modules/react-dom/cjs/react-dom.development.js:16158:5)
      at handleStoreChange (node_modules/react-dom/cjs/react-dom.development.js:16134:7)
      at node_modules/zustand/vanilla.js:12:16
          at Set.forEach (<anonymous>)
      at setState (node_modules/zustand/vanilla.js:11:17)
      at Object.set [as setTool] (src/store/useCanvasStore.ts:113:24)
      at Object.setTool (src/__tests__/integration/whiteboard-integration.test.tsx:346:35)

    console.error
      Warning: An update to Grid inside a test was not wrapped in act(...).
      
      When testing, code that causes React state updates should be wrapped into act(...):
      
      act(() => {
        /* fire events that update state */
      });
      /* assert on the output */
      
      This ensures that you're testing the behavior the user would see in the browser. Learn more at https://reactjs.org/link/wrap-tests-with-act
          at className (/Users/shuhaozhang/Project/miro-clone/src/components/Grid.tsx:11:45)
          at div
          at div
          at boardId (/Users/shuhaozhang/Project/miro-clone/src/components/Whiteboard.tsx:19:57)

      111 |     
      112 |     // Tool actions
    > 113 |     setTool: (tool) => set({ tool }),
          |                        ^
      114 |     
      115 |     // UI actions
      116 |     toggleGrid: () => set((state) => ({ isGridVisible: !state.isGridVisible })),

      at printWarning (node_modules/react-dom/cjs/react-dom.development.js:86:30)
      at error (node_modules/react-dom/cjs/react-dom.development.js:60:7)
      at warnIfUpdatesNotWrappedWithActDEV (node_modules/react-dom/cjs/react-dom.development.js:27628:9)
      at scheduleUpdateOnFiber (node_modules/react-dom/cjs/react-dom.development.js:25547:5)
      at forceStoreRerender (node_modules/react-dom/cjs/react-dom.development.js:16158:5)
      at handleStoreChange (node_modules/react-dom/cjs/react-dom.development.js:16134:7)
      at node_modules/zustand/vanilla.js:12:16
          at Set.forEach (<anonymous>)
      at setState (node_modules/zustand/vanilla.js:11:17)
      at Object.set [as setTool] (src/store/useCanvasStore.ts:113:24)
      at Object.setTool (src/__tests__/integration/whiteboard-integration.test.tsx:346:35)

    console.error
      Warning: An update to Toolbar inside a test was not wrapped in act(...).
      
      When testing, code that causes React state updates should be wrapped into act(...):
      
      act(() => {
        /* fire events that update state */
      });
      /* assert on the output */
      
      This ensures that you're testing the behavior the user would see in the browser. Learn more at https://reactjs.org/link/wrap-tests-with-act
          at onZoomIn (/Users/shuhaozhang/Project/miro-clone/src/components/Toolbar.tsx:29:3)
          at div
          at div
          at boardId (/Users/shuhaozhang/Project/miro-clone/src/components/Whiteboard.tsx:19:57)

      111 |     
      112 |     // Tool actions
    > 113 |     setTool: (tool) => set({ tool }),
          |                        ^
      114 |     
      115 |     // UI actions
      116 |     toggleGrid: () => set((state) => ({ isGridVisible: !state.isGridVisible })),

      at printWarning (node_modules/react-dom/cjs/react-dom.development.js:86:30)
      at error (node_modules/react-dom/cjs/react-dom.development.js:60:7)
      at warnIfUpdatesNotWrappedWithActDEV (node_modules/react-dom/cjs/react-dom.development.js:27628:9)
      at scheduleUpdateOnFiber (node_modules/react-dom/cjs/react-dom.development.js:25547:5)
      at forceStoreRerender (node_modules/react-dom/cjs/react-dom.development.js:16158:5)
      at handleStoreChange (node_modules/react-dom/cjs/react-dom.development.js:16134:7)
      at node_modules/zustand/vanilla.js:12:16
          at Set.forEach (<anonymous>)
      at setState (node_modules/zustand/vanilla.js:11:17)
      at Object.set [as setTool] (src/store/useCanvasStore.ts:113:24)
      at Object.setTool (src/__tests__/integration/whiteboard-integration.test.tsx:346:35)

    console.error
      Warning: An update to ToolPanel inside a test was not wrapped in act(...).
      
      When testing, code that causes React state updates should be wrapped into act(...):
      
      act(() => {
        /* fire events that update state */
      });
      /* assert on the output */
      
      This ensures that you're testing the behavior the user would see in the browser. Learn more at https://reactjs.org/link/wrap-tests-with-act
          at ToolPanel (/Users/shuhaozhang/Project/miro-clone/src/components/ToolPanel.tsx:36:43)
          at div
          at div
          at boardId (/Users/shuhaozhang/Project/miro-clone/src/components/Whiteboard.tsx:19:57)

      111 |     
      112 |     // Tool actions
    > 113 |     setTool: (tool) => set({ tool }),
          |                        ^
      114 |     
      115 |     // UI actions
      116 |     toggleGrid: () => set((state) => ({ isGridVisible: !state.isGridVisible })),

      at printWarning (node_modules/react-dom/cjs/react-dom.development.js:86:30)
      at error (node_modules/react-dom/cjs/react-dom.development.js:60:7)
      at warnIfUpdatesNotWrappedWithActDEV (node_modules/react-dom/cjs/react-dom.development.js:27628:9)
      at scheduleUpdateOnFiber (node_modules/react-dom/cjs/react-dom.development.js:25547:5)
      at forceStoreRerender (node_modules/react-dom/cjs/react-dom.development.js:16158:5)
      at handleStoreChange (node_modules/react-dom/cjs/react-dom.development.js:16134:7)
      at node_modules/zustand/vanilla.js:12:16
          at Set.forEach (<anonymous>)
      at setState (node_modules/zustand/vanilla.js:11:17)
      at Object.set [as setTool] (src/store/useCanvasStore.ts:113:24)
      at Object.setTool (src/__tests__/integration/whiteboard-integration.test.tsx:346:35)

    console.error
      Warning: An update to CollaborationPanel inside a test was not wrapped in act(...).
      
      When testing, code that causes React state updates should be wrapped into act(...):
      
      act(() => {
        /* fire events that update state */
      });
      /* assert on the output */
      
      This ensures that you're testing the behavior the user would see in the browser. Learn more at https://reactjs.org/link/wrap-tests-with-act
          at CollaborationPanel (/Users/shuhaozhang/Project/miro-clone/src/components/CollaborationPanel.tsx:13:56)
          at div
          at div
          at boardId (/Users/shuhaozhang/Project/miro-clone/src/components/Whiteboard.tsx:19:57)

      111 |     
      112 |     // Tool actions
    > 113 |     setTool: (tool) => set({ tool }),
          |                        ^
      114 |     
      115 |     // UI actions
      116 |     toggleGrid: () => set((state) => ({ isGridVisible: !state.isGridVisible })),

      at printWarning (node_modules/react-dom/cjs/react-dom.development.js:86:30)
      at error (node_modules/react-dom/cjs/react-dom.development.js:60:7)
      at warnIfUpdatesNotWrappedWithActDEV (node_modules/react-dom/cjs/react-dom.development.js:27628:9)
      at scheduleUpdateOnFiber (node_modules/react-dom/cjs/react-dom.development.js:25547:5)
      at forceStoreRerender (node_modules/react-dom/cjs/react-dom.development.js:16158:5)
      at handleStoreChange (node_modules/react-dom/cjs/react-dom.development.js:16134:7)
      at node_modules/zustand/vanilla.js:12:16
          at Set.forEach (<anonymous>)
      at setState (node_modules/zustand/vanilla.js:11:17)
      at Object.set [as setTool] (src/store/useCanvasStore.ts:113:24)
      at Object.setTool (src/__tests__/integration/whiteboard-integration.test.tsx:346:35)

    console.error
      Warning: An update to Whiteboard inside a test was not wrapped in act(...).
      
      When testing, code that causes React state updates should be wrapped into act(...):
      
      act(() => {
        /* fire events that update state */
      });
      /* assert on the output */
      
      This ensures that you're testing the behavior the user would see in the browser. Learn more at https://reactjs.org/link/wrap-tests-with-act
          at boardId (/Users/shuhaozhang/Project/miro-clone/src/components/Whiteboard.tsx:19:57)

      111 |     
      112 |     // Tool actions
    > 113 |     setTool: (tool) => set({ tool }),
          |                        ^
      114 |     
      115 |     // UI actions
      116 |     toggleGrid: () => set((state) => ({ isGridVisible: !state.isGridVisible })),

      at printWarning (node_modules/react-dom/cjs/react-dom.development.js:86:30)
      at error (node_modules/react-dom/cjs/react-dom.development.js:60:7)
      at warnIfUpdatesNotWrappedWithActDEV (node_modules/react-dom/cjs/react-dom.development.js:27628:9)
      at scheduleUpdateOnFiber (node_modules/react-dom/cjs/react-dom.development.js:25547:5)
      at forceStoreRerender (node_modules/react-dom/cjs/react-dom.development.js:16158:5)
      at handleStoreChange (node_modules/react-dom/cjs/react-dom.development.js:16134:7)
      at node_modules/zustand/vanilla.js:12:16
          at Set.forEach (<anonymous>)
      at setState (node_modules/zustand/vanilla.js:11:17)
      at Object.set [as setTool] (src/store/useCanvasStore.ts:113:24)
      at Object.setTool (src/__tests__/integration/whiteboard-integration.test.tsx:346:35)

    console.error
      Warning: An update to Whiteboard inside a test was not wrapped in act(...).
      
      When testing, code that causes React state updates should be wrapped into act(...):
      
      act(() => {
        /* fire events that update state */
      });
      /* assert on the output */
      
      This ensures that you're testing the behavior the user would see in the browser. Learn more at https://reactjs.org/link/wrap-tests-with-act
          at boardId (/Users/shuhaozhang/Project/miro-clone/src/components/Whiteboard.tsx:19:57)

      111 |     
      112 |     // Tool actions
    > 113 |     setTool: (tool) => set({ tool }),
          |                        ^
      114 |     
      115 |     // UI actions
      116 |     toggleGrid: () => set((state) => ({ isGridVisible: !state.isGridVisible })),

      at printWarning (node_modules/react-dom/cjs/react-dom.development.js:86:30)
      at error (node_modules/react-dom/cjs/react-dom.development.js:60:7)
      at warnIfUpdatesNotWrappedWithActDEV (node_modules/react-dom/cjs/react-dom.development.js:27628:9)
      at scheduleUpdateOnFiber (node_modules/react-dom/cjs/react-dom.development.js:25547:5)
      at forceStoreRerender (node_modules/react-dom/cjs/react-dom.development.js:16158:5)
      at handleStoreChange (node_modules/react-dom/cjs/react-dom.development.js:16134:7)
      at node_modules/zustand/vanilla.js:12:16
          at Set.forEach (<anonymous>)
      at setState (node_modules/zustand/vanilla.js:11:17)
      at Object.set [as setTool] (src/store/useCanvasStore.ts:113:24)
      at Object.setTool (src/__tests__/integration/whiteboard-integration.test.tsx:346:35)

    console.error
      Warning: An update to Whiteboard inside a test was not wrapped in act(...).
      
      When testing, code that causes React state updates should be wrapped into act(...):
      
      act(() => {
        /* fire events that update state */
      });
      /* assert on the output */
      
      This ensures that you're testing the behavior the user would see in the browser. Learn more at https://reactjs.org/link/wrap-tests-with-act
          at boardId (/Users/shuhaozhang/Project/miro-clone/src/components/Whiteboard.tsx:19:57)

      111 |     
      112 |     // Tool actions
    > 113 |     setTool: (tool) => set({ tool }),
          |                        ^
      114 |     
      115 |     // UI actions
      116 |     toggleGrid: () => set((state) => ({ isGridVisible: !state.isGridVisible })),

      at printWarning (node_modules/react-dom/cjs/react-dom.development.js:86:30)
      at error (node_modules/react-dom/cjs/react-dom.development.js:60:7)
      at warnIfUpdatesNotWrappedWithActDEV (node_modules/react-dom/cjs/react-dom.development.js:27628:9)
      at scheduleUpdateOnFiber (node_modules/react-dom/cjs/react-dom.development.js:25547:5)
      at forceStoreRerender (node_modules/react-dom/cjs/react-dom.development.js:16158:5)
      at handleStoreChange (node_modules/react-dom/cjs/react-dom.development.js:16134:7)
      at node_modules/zustand/vanilla.js:12:16
          at Set.forEach (<anonymous>)
      at setState (node_modules/zustand/vanilla.js:11:17)
      at Object.set [as setTool] (src/store/useCanvasStore.ts:113:24)
      at Object.setTool (src/__tests__/integration/whiteboard-integration.test.tsx:346:35)

    console.error
      Warning: An update to Whiteboard inside a test was not wrapped in act(...).
      
      When testing, code that causes React state updates should be wrapped into act(...):
      
      act(() => {
        /* fire events that update state */
      });
      /* assert on the output */
      
      This ensures that you're testing the behavior the user would see in the browser. Learn more at https://reactjs.org/link/wrap-tests-with-act
          at boardId (/Users/shuhaozhang/Project/miro-clone/src/components/Whiteboard.tsx:19:57)

      111 |     
      112 |     // Tool actions
    > 113 |     setTool: (tool) => set({ tool }),
          |                        ^
      114 |     
      115 |     // UI actions
      116 |     toggleGrid: () => set((state) => ({ isGridVisible: !state.isGridVisible })),

      at printWarning (node_modules/react-dom/cjs/react-dom.development.js:86:30)
      at error (node_modules/react-dom/cjs/react-dom.development.js:60:7)
      at warnIfUpdatesNotWrappedWithActDEV (node_modules/react-dom/cjs/react-dom.development.js:27628:9)
      at scheduleUpdateOnFiber (node_modules/react-dom/cjs/react-dom.development.js:25547:5)
      at forceStoreRerender (node_modules/react-dom/cjs/react-dom.development.js:16158:5)
      at handleStoreChange (node_modules/react-dom/cjs/react-dom.development.js:16134:7)
      at node_modules/zustand/vanilla.js:12:16
          at Set.forEach (<anonymous>)
      at setState (node_modules/zustand/vanilla.js:11:17)
      at Object.set [as setTool] (src/store/useCanvasStore.ts:113:24)
      at Object.setTool (src/__tests__/integration/whiteboard-integration.test.tsx:346:35)

    console.error
      Warning: An update to Grid inside a test was not wrapped in act(...).
      
      When testing, code that causes React state updates should be wrapped into act(...):
      
      act(() => {
        /* fire events that update state */
      });
      /* assert on the output */
      
      This ensures that you're testing the behavior the user would see in the browser. Learn more at https://reactjs.org/link/wrap-tests-with-act
          at className (/Users/shuhaozhang/Project/miro-clone/src/components/Grid.tsx:11:45)
          at div
          at div
          at boardId (/Users/shuhaozhang/Project/miro-clone/src/components/Whiteboard.tsx:19:57)

      111 |     
      112 |     // Tool actions
    > 113 |     setTool: (tool) => set({ tool }),
          |                        ^
      114 |     
      115 |     // UI actions
      116 |     toggleGrid: () => set((state) => ({ isGridVisible: !state.isGridVisible })),

      at printWarning (node_modules/react-dom/cjs/react-dom.development.js:86:30)
      at error (node_modules/react-dom/cjs/react-dom.development.js:60:7)
      at warnIfUpdatesNotWrappedWithActDEV (node_modules/react-dom/cjs/react-dom.development.js:27628:9)
      at scheduleUpdateOnFiber (node_modules/react-dom/cjs/react-dom.development.js:25547:5)
      at forceStoreRerender (node_modules/react-dom/cjs/react-dom.development.js:16158:5)
      at handleStoreChange (node_modules/react-dom/cjs/react-dom.development.js:16134:7)
      at node_modules/zustand/vanilla.js:12:16
          at Set.forEach (<anonymous>)
      at setState (node_modules/zustand/vanilla.js:11:17)
      at Object.set [as setTool] (src/store/useCanvasStore.ts:113:24)
      at Object.setTool (src/__tests__/integration/whiteboard-integration.test.tsx:346:35)

    console.error
      Warning: An update to Toolbar inside a test was not wrapped in act(...).
      
      When testing, code that causes React state updates should be wrapped into act(...):
      
      act(() => {
        /* fire events that update state */
      });
      /* assert on the output */
      
      This ensures that you're testing the behavior the user would see in the browser. Learn more at https://reactjs.org/link/wrap-tests-with-act
          at onZoomIn (/Users/shuhaozhang/Project/miro-clone/src/components/Toolbar.tsx:29:3)
          at div
          at div
          at boardId (/Users/shuhaozhang/Project/miro-clone/src/components/Whiteboard.tsx:19:57)

      111 |     
      112 |     // Tool actions
    > 113 |     setTool: (tool) => set({ tool }),
          |                        ^
      114 |     
      115 |     // UI actions
      116 |     toggleGrid: () => set((state) => ({ isGridVisible: !state.isGridVisible })),

      at printWarning (node_modules/react-dom/cjs/react-dom.development.js:86:30)
      at error (node_modules/react-dom/cjs/react-dom.development.js:60:7)
      at warnIfUpdatesNotWrappedWithActDEV (node_modules/react-dom/cjs/react-dom.development.js:27628:9)
      at scheduleUpdateOnFiber (node_modules/react-dom/cjs/react-dom.development.js:25547:5)
      at forceStoreRerender (node_modules/react-dom/cjs/react-dom.development.js:16158:5)
      at handleStoreChange (node_modules/react-dom/cjs/react-dom.development.js:16134:7)
      at node_modules/zustand/vanilla.js:12:16
          at Set.forEach (<anonymous>)
      at setState (node_modules/zustand/vanilla.js:11:17)
      at Object.set [as setTool] (src/store/useCanvasStore.ts:113:24)
      at Object.setTool (src/__tests__/integration/whiteboard-integration.test.tsx:346:35)

    console.error
      Warning: An update to ToolPanel inside a test was not wrapped in act(...).
      
      When testing, code that causes React state updates should be wrapped into act(...):
      
      act(() => {
        /* fire events that update state */
      });
      /* assert on the output */
      
      This ensures that you're testing the behavior the user would see in the browser. Learn more at https://reactjs.org/link/wrap-tests-with-act
          at ToolPanel (/Users/shuhaozhang/Project/miro-clone/src/components/ToolPanel.tsx:36:43)
          at div
          at div
          at boardId (/Users/shuhaozhang/Project/miro-clone/src/components/Whiteboard.tsx:19:57)

      111 |     
      112 |     // Tool actions
    > 113 |     setTool: (tool) => set({ tool }),
          |                        ^
      114 |     
      115 |     // UI actions
      116 |     toggleGrid: () => set((state) => ({ isGridVisible: !state.isGridVisible })),

      at printWarning (node_modules/react-dom/cjs/react-dom.development.js:86:30)
      at error (node_modules/react-dom/cjs/react-dom.development.js:60:7)
      at warnIfUpdatesNotWrappedWithActDEV (node_modules/react-dom/cjs/react-dom.development.js:27628:9)
      at scheduleUpdateOnFiber (node_modules/react-dom/cjs/react-dom.development.js:25547:5)
      at forceStoreRerender (node_modules/react-dom/cjs/react-dom.development.js:16158:5)
      at handleStoreChange (node_modules/react-dom/cjs/react-dom.development.js:16134:7)
      at node_modules/zustand/vanilla.js:12:16
          at Set.forEach (<anonymous>)
      at setState (node_modules/zustand/vanilla.js:11:17)
      at Object.set [as setTool] (src/store/useCanvasStore.ts:113:24)
      at Object.setTool (src/__tests__/integration/whiteboard-integration.test.tsx:346:35)

    console.error
      Warning: An update to CollaborationPanel inside a test was not wrapped in act(...).
      
      When testing, code that causes React state updates should be wrapped into act(...):
      
      act(() => {
        /* fire events that update state */
      });
      /* assert on the output */
      
      This ensures that you're testing the behavior the user would see in the browser. Learn more at https://reactjs.org/link/wrap-tests-with-act
          at CollaborationPanel (/Users/shuhaozhang/Project/miro-clone/src/components/CollaborationPanel.tsx:13:56)
          at div
          at div
          at boardId (/Users/shuhaozhang/Project/miro-clone/src/components/Whiteboard.tsx:19:57)

      111 |     
      112 |     // Tool actions
    > 113 |     setTool: (tool) => set({ tool }),
          |                        ^
      114 |     
      115 |     // UI actions
      116 |     toggleGrid: () => set((state) => ({ isGridVisible: !state.isGridVisible })),

      at printWarning (node_modules/react-dom/cjs/react-dom.development.js:86:30)
      at error (node_modules/react-dom/cjs/react-dom.development.js:60:7)
      at warnIfUpdatesNotWrappedWithActDEV (node_modules/react-dom/cjs/react-dom.development.js:27628:9)
      at scheduleUpdateOnFiber (node_modules/react-dom/cjs/react-dom.development.js:25547:5)
      at forceStoreRerender (node_modules/react-dom/cjs/react-dom.development.js:16158:5)
      at handleStoreChange (node_modules/react-dom/cjs/react-dom.development.js:16134:7)
      at node_modules/zustand/vanilla.js:12:16
          at Set.forEach (<anonymous>)
      at setState (node_modules/zustand/vanilla.js:11:17)
      at Object.set [as setTool] (src/store/useCanvasStore.ts:113:24)
      at Object.setTool (src/__tests__/integration/whiteboard-integration.test.tsx:346:35)

    console.error
      Warning: An update to Whiteboard inside a test was not wrapped in act(...).
      
      When testing, code that causes React state updates should be wrapped into act(...):
      
      act(() => {
        /* fire events that update state */
      });
      /* assert on the output */
      
      This ensures that you're testing the behavior the user would see in the browser. Learn more at https://reactjs.org/link/wrap-tests-with-act
          at boardId (/Users/shuhaozhang/Project/miro-clone/src/components/Whiteboard.tsx:19:57)

      111 |     
      112 |     // Tool actions
    > 113 |     setTool: (tool) => set({ tool }),
          |                        ^
      114 |     
      115 |     // UI actions
      116 |     toggleGrid: () => set((state) => ({ isGridVisible: !state.isGridVisible })),

      at printWarning (node_modules/react-dom/cjs/react-dom.development.js:86:30)
      at error (node_modules/react-dom/cjs/react-dom.development.js:60:7)
      at warnIfUpdatesNotWrappedWithActDEV (node_modules/react-dom/cjs/react-dom.development.js:27628:9)
      at scheduleUpdateOnFiber (node_modules/react-dom/cjs/react-dom.development.js:25547:5)
      at forceStoreRerender (node_modules/react-dom/cjs/react-dom.development.js:16158:5)
      at handleStoreChange (node_modules/react-dom/cjs/react-dom.development.js:16134:7)
      at node_modules/zustand/vanilla.js:12:16
          at Set.forEach (<anonymous>)
      at setState (node_modules/zustand/vanilla.js:11:17)
      at Object.set [as setTool] (src/store/useCanvasStore.ts:113:24)
      at Object.setTool (src/__tests__/integration/whiteboard-integration.test.tsx:346:35)

    console.error
      Warning: An update to Whiteboard inside a test was not wrapped in act(...).
      
      When testing, code that causes React state updates should be wrapped into act(...):
      
      act(() => {
        /* fire events that update state */
      });
      /* assert on the output */
      
      This ensures that you're testing the behavior the user would see in the browser. Learn more at https://reactjs.org/link/wrap-tests-with-act
          at boardId (/Users/shuhaozhang/Project/miro-clone/src/components/Whiteboard.tsx:19:57)

      111 |     
      112 |     // Tool actions
    > 113 |     setTool: (tool) => set({ tool }),
          |                        ^
      114 |     
      115 |     // UI actions
      116 |     toggleGrid: () => set((state) => ({ isGridVisible: !state.isGridVisible })),

      at printWarning (node_modules/react-dom/cjs/react-dom.development.js:86:30)
      at error (node_modules/react-dom/cjs/react-dom.development.js:60:7)
      at warnIfUpdatesNotWrappedWithActDEV (node_modules/react-dom/cjs/react-dom.development.js:27628:9)
      at scheduleUpdateOnFiber (node_modules/react-dom/cjs/react-dom.development.js:25547:5)
      at forceStoreRerender (node_modules/react-dom/cjs/react-dom.development.js:16158:5)
      at handleStoreChange (node_modules/react-dom/cjs/react-dom.development.js:16134:7)
      at node_modules/zustand/vanilla.js:12:16
          at Set.forEach (<anonymous>)
      at setState (node_modules/zustand/vanilla.js:11:17)
      at Object.set [as setTool] (src/store/useCanvasStore.ts:113:24)
      at Object.setTool (src/__tests__/integration/whiteboard-integration.test.tsx:346:35)

    console.error
      Warning: An update to Whiteboard inside a test was not wrapped in act(...).
      
      When testing, code that causes React state updates should be wrapped into act(...):
      
      act(() => {
        /* fire events that update state */
      });
      /* assert on the output */
      
      This ensures that you're testing the behavior the user would see in the browser. Learn more at https://reactjs.org/link/wrap-tests-with-act
          at boardId (/Users/shuhaozhang/Project/miro-clone/src/components/Whiteboard.tsx:19:57)

      111 |     
      112 |     // Tool actions
    > 113 |     setTool: (tool) => set({ tool }),
          |                        ^
      114 |     
      115 |     // UI actions
      116 |     toggleGrid: () => set((state) => ({ isGridVisible: !state.isGridVisible })),

      at printWarning (node_modules/react-dom/cjs/react-dom.development.js:86:30)
      at error (node_modules/react-dom/cjs/react-dom.development.js:60:7)
      at warnIfUpdatesNotWrappedWithActDEV (node_modules/react-dom/cjs/react-dom.development.js:27628:9)
      at scheduleUpdateOnFiber (node_modules/react-dom/cjs/react-dom.development.js:25547:5)
      at forceStoreRerender (node_modules/react-dom/cjs/react-dom.development.js:16158:5)
      at handleStoreChange (node_modules/react-dom/cjs/react-dom.development.js:16134:7)
      at node_modules/zustand/vanilla.js:12:16
          at Set.forEach (<anonymous>)
      at setState (node_modules/zustand/vanilla.js:11:17)
      at Object.set [as setTool] (src/store/useCanvasStore.ts:113:24)
      at Object.setTool (src/__tests__/integration/whiteboard-integration.test.tsx:346:35)

    console.error
      Warning: An update to Whiteboard inside a test was not wrapped in act(...).
      
      When testing, code that causes React state updates should be wrapped into act(...):
      
      act(() => {
        /* fire events that update state */
      });
      /* assert on the output */
      
      This ensures that you're testing the behavior the user would see in the browser. Learn more at https://reactjs.org/link/wrap-tests-with-act
          at boardId (/Users/shuhaozhang/Project/miro-clone/src/components/Whiteboard.tsx:19:57)

      111 |     
      112 |     // Tool actions
    > 113 |     setTool: (tool) => set({ tool }),
          |                        ^
      114 |     
      115 |     // UI actions
      116 |     toggleGrid: () => set((state) => ({ isGridVisible: !state.isGridVisible })),

      at printWarning (node_modules/react-dom/cjs/react-dom.development.js:86:30)
      at error (node_modules/react-dom/cjs/react-dom.development.js:60:7)
      at warnIfUpdatesNotWrappedWithActDEV (node_modules/react-dom/cjs/react-dom.development.js:27628:9)
      at scheduleUpdateOnFiber (node_modules/react-dom/cjs/react-dom.development.js:25547:5)
      at forceStoreRerender (node_modules/react-dom/cjs/react-dom.development.js:16158:5)
      at handleStoreChange (node_modules/react-dom/cjs/react-dom.development.js:16134:7)
      at node_modules/zustand/vanilla.js:12:16
          at Set.forEach (<anonymous>)
      at setState (node_modules/zustand/vanilla.js:11:17)
      at Object.set [as setTool] (src/store/useCanvasStore.ts:113:24)
      at Object.setTool (src/__tests__/integration/whiteboard-integration.test.tsx:346:35)

    console.error
      Warning: An update to Grid inside a test was not wrapped in act(...).
      
      When testing, code that causes React state updates should be wrapped into act(...):
      
      act(() => {
        /* fire events that update state */
      });
      /* assert on the output */
      
      This ensures that you're testing the behavior the user would see in the browser. Learn more at https://reactjs.org/link/wrap-tests-with-act
          at className (/Users/shuhaozhang/Project/miro-clone/src/components/Grid.tsx:11:45)
          at div
          at div
          at boardId (/Users/shuhaozhang/Project/miro-clone/src/components/Whiteboard.tsx:19:57)

      111 |     
      112 |     // Tool actions
    > 113 |     setTool: (tool) => set({ tool }),
          |                        ^
      114 |     
      115 |     // UI actions
      116 |     toggleGrid: () => set((state) => ({ isGridVisible: !state.isGridVisible })),

      at printWarning (node_modules/react-dom/cjs/react-dom.development.js:86:30)
      at error (node_modules/react-dom/cjs/react-dom.development.js:60:7)
      at warnIfUpdatesNotWrappedWithActDEV (node_modules/react-dom/cjs/react-dom.development.js:27628:9)
      at scheduleUpdateOnFiber (node_modules/react-dom/cjs/react-dom.development.js:25547:5)
      at forceStoreRerender (node_modules/react-dom/cjs/react-dom.development.js:16158:5)
      at handleStoreChange (node_modules/react-dom/cjs/react-dom.development.js:16134:7)
      at node_modules/zustand/vanilla.js:12:16
          at Set.forEach (<anonymous>)
      at setState (node_modules/zustand/vanilla.js:11:17)
      at Object.set [as setTool] (src/store/useCanvasStore.ts:113:24)
      at Object.setTool (src/__tests__/integration/whiteboard-integration.test.tsx:346:35)

    console.error
      Warning: An update to Toolbar inside a test was not wrapped in act(...).
      
      When testing, code that causes React state updates should be wrapped into act(...):
      
      act(() => {
        /* fire events that update state */
      });
      /* assert on the output */
      
      This ensures that you're testing the behavior the user would see in the browser. Learn more at https://reactjs.org/link/wrap-tests-with-act
          at onZoomIn (/Users/shuhaozhang/Project/miro-clone/src/components/Toolbar.tsx:29:3)
          at div
          at div
          at boardId (/Users/shuhaozhang/Project/miro-clone/src/components/Whiteboard.tsx:19:57)

      111 |     
      112 |     // Tool actions
    > 113 |     setTool: (tool) => set({ tool }),
          |                        ^
      114 |     
      115 |     // UI actions
      116 |     toggleGrid: () => set((state) => ({ isGridVisible: !state.isGridVisible })),

      at printWarning (node_modules/react-dom/cjs/react-dom.development.js:86:30)
      at error (node_modules/react-dom/cjs/react-dom.development.js:60:7)
      at warnIfUpdatesNotWrappedWithActDEV (node_modules/react-dom/cjs/react-dom.development.js:27628:9)
      at scheduleUpdateOnFiber (node_modules/react-dom/cjs/react-dom.development.js:25547:5)
      at forceStoreRerender (node_modules/react-dom/cjs/react-dom.development.js:16158:5)
      at handleStoreChange (node_modules/react-dom/cjs/react-dom.development.js:16134:7)
      at node_modules/zustand/vanilla.js:12:16
          at Set.forEach (<anonymous>)
      at setState (node_modules/zustand/vanilla.js:11:17)
      at Object.set [as setTool] (src/store/useCanvasStore.ts:113:24)
      at Object.setTool (src/__tests__/integration/whiteboard-integration.test.tsx:346:35)

    console.error
      Warning: An update to ToolPanel inside a test was not wrapped in act(...).
      
      When testing, code that causes React state updates should be wrapped into act(...):
      
      act(() => {
        /* fire events that update state */
      });
      /* assert on the output */
      
      This ensures that you're testing the behavior the user would see in the browser. Learn more at https://reactjs.org/link/wrap-tests-with-act
          at ToolPanel (/Users/shuhaozhang/Project/miro-clone/src/components/ToolPanel.tsx:36:43)
          at div
          at div
          at boardId (/Users/shuhaozhang/Project/miro-clone/src/components/Whiteboard.tsx:19:57)

      111 |     
      112 |     // Tool actions
    > 113 |     setTool: (tool) => set({ tool }),
          |                        ^
      114 |     
      115 |     // UI actions
      116 |     toggleGrid: () => set((state) => ({ isGridVisible: !state.isGridVisible })),

      at printWarning (node_modules/react-dom/cjs/react-dom.development.js:86:30)
      at error (node_modules/react-dom/cjs/react-dom.development.js:60:7)
      at warnIfUpdatesNotWrappedWithActDEV (node_modules/react-dom/cjs/react-dom.development.js:27628:9)
      at scheduleUpdateOnFiber (node_modules/react-dom/cjs/react-dom.development.js:25547:5)
      at forceStoreRerender (node_modules/react-dom/cjs/react-dom.development.js:16158:5)
      at handleStoreChange (node_modules/react-dom/cjs/react-dom.development.js:16134:7)
      at node_modules/zustand/vanilla.js:12:16
          at Set.forEach (<anonymous>)
      at setState (node_modules/zustand/vanilla.js:11:17)
      at Object.set [as setTool] (src/store/useCanvasStore.ts:113:24)
      at Object.setTool (src/__tests__/integration/whiteboard-integration.test.tsx:346:35)

    console.error
      Warning: An update to CollaborationPanel inside a test was not wrapped in act(...).
      
      When testing, code that causes React state updates should be wrapped into act(...):
      
      act(() => {
        /* fire events that update state */
      });
      /* assert on the output */
      
      This ensures that you're testing the behavior the user would see in the browser. Learn more at https://reactjs.org/link/wrap-tests-with-act
          at CollaborationPanel (/Users/shuhaozhang/Project/miro-clone/src/components/CollaborationPanel.tsx:13:56)
          at div
          at div
          at boardId (/Users/shuhaozhang/Project/miro-clone/src/components/Whiteboard.tsx:19:57)

      111 |     
      112 |     // Tool actions
    > 113 |     setTool: (tool) => set({ tool }),
          |                        ^
      114 |     
      115 |     // UI actions
      116 |     toggleGrid: () => set((state) => ({ isGridVisible: !state.isGridVisible })),

      at printWarning (node_modules/react-dom/cjs/react-dom.development.js:86:30)
      at error (node_modules/react-dom/cjs/react-dom.development.js:60:7)
      at warnIfUpdatesNotWrappedWithActDEV (node_modules/react-dom/cjs/react-dom.development.js:27628:9)
      at scheduleUpdateOnFiber (node_modules/react-dom/cjs/react-dom.development.js:25547:5)
      at forceStoreRerender (node_modules/react-dom/cjs/react-dom.development.js:16158:5)
      at handleStoreChange (node_modules/react-dom/cjs/react-dom.development.js:16134:7)
      at node_modules/zustand/vanilla.js:12:16
          at Set.forEach (<anonymous>)
      at setState (node_modules/zustand/vanilla.js:11:17)
      at Object.set [as setTool] (src/store/useCanvasStore.ts:113:24)
      at Object.setTool (src/__tests__/integration/whiteboard-integration.test.tsx:346:35)

    console.error
      Warning: An update to Whiteboard inside a test was not wrapped in act(...).
      
      When testing, code that causes React state updates should be wrapped into act(...):
      
      act(() => {
        /* fire events that update state */
      });
      /* assert on the output */
      
      This ensures that you're testing the behavior the user would see in the browser. Learn more at https://reactjs.org/link/wrap-tests-with-act
          at boardId (/Users/shuhaozhang/Project/miro-clone/src/components/Whiteboard.tsx:19:57)

      111 |     
      112 |     // Tool actions
    > 113 |     setTool: (tool) => set({ tool }),
          |                        ^
      114 |     
      115 |     // UI actions
      116 |     toggleGrid: () => set((state) => ({ isGridVisible: !state.isGridVisible })),

      at printWarning (node_modules/react-dom/cjs/react-dom.development.js:86:30)
      at error (node_modules/react-dom/cjs/react-dom.development.js:60:7)
      at warnIfUpdatesNotWrappedWithActDEV (node_modules/react-dom/cjs/react-dom.development.js:27628:9)
      at scheduleUpdateOnFiber (node_modules/react-dom/cjs/react-dom.development.js:25547:5)
      at forceStoreRerender (node_modules/react-dom/cjs/react-dom.development.js:16158:5)
      at handleStoreChange (node_modules/react-dom/cjs/react-dom.development.js:16134:7)
      at node_modules/zustand/vanilla.js:12:16
          at Set.forEach (<anonymous>)
      at setState (node_modules/zustand/vanilla.js:11:17)
      at Object.set [as setTool] (src/store/useCanvasStore.ts:113:24)
      at Object.setTool (src/__tests__/integration/whiteboard-integration.test.tsx:346:35)

    console.error
      Warning: An update to Whiteboard inside a test was not wrapped in act(...).
      
      When testing, code that causes React state updates should be wrapped into act(...):
      
      act(() => {
        /* fire events that update state */
      });
      /* assert on the output */
      
      This ensures that you're testing the behavior the user would see in the browser. Learn more at https://reactjs.org/link/wrap-tests-with-act
          at boardId (/Users/shuhaozhang/Project/miro-clone/src/components/Whiteboard.tsx:19:57)

      111 |     
      112 |     // Tool actions
    > 113 |     setTool: (tool) => set({ tool }),
          |                        ^
      114 |     
      115 |     // UI actions
      116 |     toggleGrid: () => set((state) => ({ isGridVisible: !state.isGridVisible })),

      at printWarning (node_modules/react-dom/cjs/react-dom.development.js:86:30)
      at error (node_modules/react-dom/cjs/react-dom.development.js:60:7)
      at warnIfUpdatesNotWrappedWithActDEV (node_modules/react-dom/cjs/react-dom.development.js:27628:9)
      at scheduleUpdateOnFiber (node_modules/react-dom/cjs/react-dom.development.js:25547:5)
      at forceStoreRerender (node_modules/react-dom/cjs/react-dom.development.js:16158:5)
      at handleStoreChange (node_modules/react-dom/cjs/react-dom.development.js:16134:7)
      at node_modules/zustand/vanilla.js:12:16
          at Set.forEach (<anonymous>)
      at setState (node_modules/zustand/vanilla.js:11:17)
      at Object.set [as setTool] (src/store/useCanvasStore.ts:113:24)
      at Object.setTool (src/__tests__/integration/whiteboard-integration.test.tsx:346:35)

    console.error
      Warning: An update to Whiteboard inside a test was not wrapped in act(...).
      
      When testing, code that causes React state updates should be wrapped into act(...):
      
      act(() => {
        /* fire events that update state */
      });
      /* assert on the output */
      
      This ensures that you're testing the behavior the user would see in the browser. Learn more at https://reactjs.org/link/wrap-tests-with-act
          at boardId (/Users/shuhaozhang/Project/miro-clone/src/components/Whiteboard.tsx:19:57)

      111 |     
      112 |     // Tool actions
    > 113 |     setTool: (tool) => set({ tool }),
          |                        ^
      114 |     
      115 |     // UI actions
      116 |     toggleGrid: () => set((state) => ({ isGridVisible: !state.isGridVisible })),

      at printWarning (node_modules/react-dom/cjs/react-dom.development.js:86:30)
      at error (node_modules/react-dom/cjs/react-dom.development.js:60:7)
      at warnIfUpdatesNotWrappedWithActDEV (node_modules/react-dom/cjs/react-dom.development.js:27628:9)
      at scheduleUpdateOnFiber (node_modules/react-dom/cjs/react-dom.development.js:25547:5)
      at forceStoreRerender (node_modules/react-dom/cjs/react-dom.development.js:16158:5)
      at handleStoreChange (node_modules/react-dom/cjs/react-dom.development.js:16134:7)
      at node_modules/zustand/vanilla.js:12:16
          at Set.forEach (<anonymous>)
      at setState (node_modules/zustand/vanilla.js:11:17)
      at Object.set [as setTool] (src/store/useCanvasStore.ts:113:24)
      at Object.setTool (src/__tests__/integration/whiteboard-integration.test.tsx:346:35)

    console.error
      Warning: An update to Whiteboard inside a test was not wrapped in act(...).
      
      When testing, code that causes React state updates should be wrapped into act(...):
      
      act(() => {
        /* fire events that update state */
      });
      /* assert on the output */
      
      This ensures that you're testing the behavior the user would see in the browser. Learn more at https://reactjs.org/link/wrap-tests-with-act
          at boardId (/Users/shuhaozhang/Project/miro-clone/src/components/Whiteboard.tsx:19:57)

      111 |     
      112 |     // Tool actions
    > 113 |     setTool: (tool) => set({ tool }),
          |                        ^
      114 |     
      115 |     // UI actions
      116 |     toggleGrid: () => set((state) => ({ isGridVisible: !state.isGridVisible })),

      at printWarning (node_modules/react-dom/cjs/react-dom.development.js:86:30)
      at error (node_modules/react-dom/cjs/react-dom.development.js:60:7)
      at warnIfUpdatesNotWrappedWithActDEV (node_modules/react-dom/cjs/react-dom.development.js:27628:9)
      at scheduleUpdateOnFiber (node_modules/react-dom/cjs/react-dom.development.js:25547:5)
      at forceStoreRerender (node_modules/react-dom/cjs/react-dom.development.js:16158:5)
      at handleStoreChange (node_modules/react-dom/cjs/react-dom.development.js:16134:7)
      at node_modules/zustand/vanilla.js:12:16
          at Set.forEach (<anonymous>)
      at setState (node_modules/zustand/vanilla.js:11:17)
      at Object.set [as setTool] (src/store/useCanvasStore.ts:113:24)
      at Object.setTool (src/__tests__/integration/whiteboard-integration.test.tsx:346:35)

    console.error
      Warning: An update to Grid inside a test was not wrapped in act(...).
      
      When testing, code that causes React state updates should be wrapped into act(...):
      
      act(() => {
        /* fire events that update state */
      });
      /* assert on the output */
      
      This ensures that you're testing the behavior the user would see in the browser. Learn more at https://reactjs.org/link/wrap-tests-with-act
          at className (/Users/shuhaozhang/Project/miro-clone/src/components/Grid.tsx:11:45)
          at div
          at div
          at boardId (/Users/shuhaozhang/Project/miro-clone/src/components/Whiteboard.tsx:19:57)

      111 |     
      112 |     // Tool actions
    > 113 |     setTool: (tool) => set({ tool }),
          |                        ^
      114 |     
      115 |     // UI actions
      116 |     toggleGrid: () => set((state) => ({ isGridVisible: !state.isGridVisible })),

      at printWarning (node_modules/react-dom/cjs/react-dom.development.js:86:30)
      at error (node_modules/react-dom/cjs/react-dom.development.js:60:7)
      at warnIfUpdatesNotWrappedWithActDEV (node_modules/react-dom/cjs/react-dom.development.js:27628:9)
      at scheduleUpdateOnFiber (node_modules/react-dom/cjs/react-dom.development.js:25547:5)
      at forceStoreRerender (node_modules/react-dom/cjs/react-dom.development.js:16158:5)
      at handleStoreChange (node_modules/react-dom/cjs/react-dom.development.js:16134:7)
      at node_modules/zustand/vanilla.js:12:16
          at Set.forEach (<anonymous>)
      at setState (node_modules/zustand/vanilla.js:11:17)
      at Object.set [as setTool] (src/store/useCanvasStore.ts:113:24)
      at Object.setTool (src/__tests__/integration/whiteboard-integration.test.tsx:346:35)

    console.error
      Warning: An update to Toolbar inside a test was not wrapped in act(...).
      
      When testing, code that causes React state updates should be wrapped into act(...):
      
      act(() => {
        /* fire events that update state */
      });
      /* assert on the output */
      
      This ensures that you're testing the behavior the user would see in the browser. Learn more at https://reactjs.org/link/wrap-tests-with-act
          at onZoomIn (/Users/shuhaozhang/Project/miro-clone/src/components/Toolbar.tsx:29:3)
          at div
          at div
          at boardId (/Users/shuhaozhang/Project/miro-clone/src/components/Whiteboard.tsx:19:57)

      111 |     
      112 |     // Tool actions
    > 113 |     setTool: (tool) => set({ tool }),
          |                        ^
      114 |     
      115 |     // UI actions
      116 |     toggleGrid: () => set((state) => ({ isGridVisible: !state.isGridVisible })),

      at printWarning (node_modules/react-dom/cjs/react-dom.development.js:86:30)
      at error (node_modules/react-dom/cjs/react-dom.development.js:60:7)
      at warnIfUpdatesNotWrappedWithActDEV (node_modules/react-dom/cjs/react-dom.development.js:27628:9)
      at scheduleUpdateOnFiber (node_modules/react-dom/cjs/react-dom.development.js:25547:5)
      at forceStoreRerender (node_modules/react-dom/cjs/react-dom.development.js:16158:5)
      at handleStoreChange (node_modules/react-dom/cjs/react-dom.development.js:16134:7)
      at node_modules/zustand/vanilla.js:12:16
          at Set.forEach (<anonymous>)
      at setState (node_modules/zustand/vanilla.js:11:17)
      at Object.set [as setTool] (src/store/useCanvasStore.ts:113:24)
      at Object.setTool (src/__tests__/integration/whiteboard-integration.test.tsx:346:35)

    console.error
      Warning: An update to ToolPanel inside a test was not wrapped in act(...).
      
      When testing, code that causes React state updates should be wrapped into act(...):
      
      act(() => {
        /* fire events that update state */
      });
      /* assert on the output */
      
      This ensures that you're testing the behavior the user would see in the browser. Learn more at https://reactjs.org/link/wrap-tests-with-act
          at ToolPanel (/Users/shuhaozhang/Project/miro-clone/src/components/ToolPanel.tsx:36:43)
          at div
          at div
          at boardId (/Users/shuhaozhang/Project/miro-clone/src/components/Whiteboard.tsx:19:57)

      111 |     
      112 |     // Tool actions
    > 113 |     setTool: (tool) => set({ tool }),
          |                        ^
      114 |     
      115 |     // UI actions
      116 |     toggleGrid: () => set((state) => ({ isGridVisible: !state.isGridVisible })),

      at printWarning (node_modules/react-dom/cjs/react-dom.development.js:86:30)
      at error (node_modules/react-dom/cjs/react-dom.development.js:60:7)
      at warnIfUpdatesNotWrappedWithActDEV (node_modules/react-dom/cjs/react-dom.development.js:27628:9)
      at scheduleUpdateOnFiber (node_modules/react-dom/cjs/react-dom.development.js:25547:5)
      at forceStoreRerender (node_modules/react-dom/cjs/react-dom.development.js:16158:5)
      at handleStoreChange (node_modules/react-dom/cjs/react-dom.development.js:16134:7)
      at node_modules/zustand/vanilla.js:12:16
          at Set.forEach (<anonymous>)
      at setState (node_modules/zustand/vanilla.js:11:17)
      at Object.set [as setTool] (src/store/useCanvasStore.ts:113:24)
      at Object.setTool (src/__tests__/integration/whiteboard-integration.test.tsx:346:35)

    console.error
      Warning: An update to CollaborationPanel inside a test was not wrapped in act(...).
      
      When testing, code that causes React state updates should be wrapped into act(...):
      
      act(() => {
        /* fire events that update state */
      });
      /* assert on the output */
      
      This ensures that you're testing the behavior the user would see in the browser. Learn more at https://reactjs.org/link/wrap-tests-with-act
          at CollaborationPanel (/Users/shuhaozhang/Project/miro-clone/src/components/CollaborationPanel.tsx:13:56)
          at div
          at div
          at boardId (/Users/shuhaozhang/Project/miro-clone/src/components/Whiteboard.tsx:19:57)

      111 |     
      112 |     // Tool actions
    > 113 |     setTool: (tool) => set({ tool }),
          |                        ^
      114 |     
      115 |     // UI actions
      116 |     toggleGrid: () => set((state) => ({ isGridVisible: !state.isGridVisible })),

      at printWarning (node_modules/react-dom/cjs/react-dom.development.js:86:30)
      at error (node_modules/react-dom/cjs/react-dom.development.js:60:7)
      at warnIfUpdatesNotWrappedWithActDEV (node_modules/react-dom/cjs/react-dom.development.js:27628:9)
      at scheduleUpdateOnFiber (node_modules/react-dom/cjs/react-dom.development.js:25547:5)
      at forceStoreRerender (node_modules/react-dom/cjs/react-dom.development.js:16158:5)
      at handleStoreChange (node_modules/react-dom/cjs/react-dom.development.js:16134:7)
      at node_modules/zustand/vanilla.js:12:16
          at Set.forEach (<anonymous>)
      at setState (node_modules/zustand/vanilla.js:11:17)
      at Object.set [as setTool] (src/store/useCanvasStore.ts:113:24)
      at Object.setTool (src/__tests__/integration/whiteboard-integration.test.tsx:346:35)

    console.error
      Warning: An update to Whiteboard inside a test was not wrapped in act(...).
      
      When testing, code that causes React state updates should be wrapped into act(...):
      
      act(() => {
        /* fire events that update state */
      });
      /* assert on the output */
      
      This ensures that you're testing the behavior the user would see in the browser. Learn more at https://reactjs.org/link/wrap-tests-with-act
          at boardId (/Users/shuhaozhang/Project/miro-clone/src/components/Whiteboard.tsx:19:57)

      111 |     
      112 |     // Tool actions
    > 113 |     setTool: (tool) => set({ tool }),
          |                        ^
      114 |     
      115 |     // UI actions
      116 |     toggleGrid: () => set((state) => ({ isGridVisible: !state.isGridVisible })),

      at printWarning (node_modules/react-dom/cjs/react-dom.development.js:86:30)
      at error (node_modules/react-dom/cjs/react-dom.development.js:60:7)
      at warnIfUpdatesNotWrappedWithActDEV (node_modules/react-dom/cjs/react-dom.development.js:27628:9)
      at scheduleUpdateOnFiber (node_modules/react-dom/cjs/react-dom.development.js:25547:5)
      at forceStoreRerender (node_modules/react-dom/cjs/react-dom.development.js:16158:5)
      at handleStoreChange (node_modules/react-dom/cjs/react-dom.development.js:16134:7)
      at node_modules/zustand/vanilla.js:12:16
          at Set.forEach (<anonymous>)
      at setState (node_modules/zustand/vanilla.js:11:17)
      at Object.set [as setTool] (src/store/useCanvasStore.ts:113:24)
      at Object.setTool (src/__tests__/integration/whiteboard-integration.test.tsx:346:35)

    console.error
      Warning: An update to Whiteboard inside a test was not wrapped in act(...).
      
      When testing, code that causes React state updates should be wrapped into act(...):
      
      act(() => {
        /* fire events that update state */
      });
      /* assert on the output */
      
      This ensures that you're testing the behavior the user would see in the browser. Learn more at https://reactjs.org/link/wrap-tests-with-act
          at boardId (/Users/shuhaozhang/Project/miro-clone/src/components/Whiteboard.tsx:19:57)

      111 |     
      112 |     // Tool actions
    > 113 |     setTool: (tool) => set({ tool }),
          |                        ^
      114 |     
      115 |     // UI actions
      116 |     toggleGrid: () => set((state) => ({ isGridVisible: !state.isGridVisible })),

      at printWarning (node_modules/react-dom/cjs/react-dom.development.js:86:30)
      at error (node_modules/react-dom/cjs/react-dom.development.js:60:7)
      at warnIfUpdatesNotWrappedWithActDEV (node_modules/react-dom/cjs/react-dom.development.js:27628:9)
      at scheduleUpdateOnFiber (node_modules/react-dom/cjs/react-dom.development.js:25547:5)
      at forceStoreRerender (node_modules/react-dom/cjs/react-dom.development.js:16158:5)
      at handleStoreChange (node_modules/react-dom/cjs/react-dom.development.js:16134:7)
      at node_modules/zustand/vanilla.js:12:16
          at Set.forEach (<anonymous>)
      at setState (node_modules/zustand/vanilla.js:11:17)
      at Object.set [as setTool] (src/store/useCanvasStore.ts:113:24)
      at Object.setTool (src/__tests__/integration/whiteboard-integration.test.tsx:346:35)

    console.error
      Warning: An update to Whiteboard inside a test was not wrapped in act(...).
      
      When testing, code that causes React state updates should be wrapped into act(...):
      
      act(() => {
        /* fire events that update state */
      });
      /* assert on the output */
      
      This ensures that you're testing the behavior the user would see in the browser. Learn more at https://reactjs.org/link/wrap-tests-with-act
          at boardId (/Users/shuhaozhang/Project/miro-clone/src/components/Whiteboard.tsx:19:57)

      111 |     
      112 |     // Tool actions
    > 113 |     setTool: (tool) => set({ tool }),
          |                        ^
      114 |     
      115 |     // UI actions
      116 |     toggleGrid: () => set((state) => ({ isGridVisible: !state.isGridVisible })),

      at printWarning (node_modules/react-dom/cjs/react-dom.development.js:86:30)
      at error (node_modules/react-dom/cjs/react-dom.development.js:60:7)
      at warnIfUpdatesNotWrappedWithActDEV (node_modules/react-dom/cjs/react-dom.development.js:27628:9)
      at scheduleUpdateOnFiber (node_modules/react-dom/cjs/react-dom.development.js:25547:5)
      at forceStoreRerender (node_modules/react-dom/cjs/react-dom.development.js:16158:5)
      at handleStoreChange (node_modules/react-dom/cjs/react-dom.development.js:16134:7)
      at node_modules/zustand/vanilla.js:12:16
          at Set.forEach (<anonymous>)
      at setState (node_modules/zustand/vanilla.js:11:17)
      at Object.set [as setTool] (src/store/useCanvasStore.ts:113:24)
      at Object.setTool (src/__tests__/integration/whiteboard-integration.test.tsx:346:35)

    console.error
      Warning: An update to Whiteboard inside a test was not wrapped in act(...).
      
      When testing, code that causes React state updates should be wrapped into act(...):
      
      act(() => {
        /* fire events that update state */
      });
      /* assert on the output */
      
      This ensures that you're testing the behavior the user would see in the browser. Learn more at https://reactjs.org/link/wrap-tests-with-act
          at boardId (/Users/shuhaozhang/Project/miro-clone/src/components/Whiteboard.tsx:19:57)

      111 |     
      112 |     // Tool actions
    > 113 |     setTool: (tool) => set({ tool }),
          |                        ^
      114 |     
      115 |     // UI actions
      116 |     toggleGrid: () => set((state) => ({ isGridVisible: !state.isGridVisible })),

      at printWarning (node_modules/react-dom/cjs/react-dom.development.js:86:30)
      at error (node_modules/react-dom/cjs/react-dom.development.js:60:7)
      at warnIfUpdatesNotWrappedWithActDEV (node_modules/react-dom/cjs/react-dom.development.js:27628:9)
      at scheduleUpdateOnFiber (node_modules/react-dom/cjs/react-dom.development.js:25547:5)
      at forceStoreRerender (node_modules/react-dom/cjs/react-dom.development.js:16158:5)
      at handleStoreChange (node_modules/react-dom/cjs/react-dom.development.js:16134:7)
      at node_modules/zustand/vanilla.js:12:16
          at Set.forEach (<anonymous>)
      at setState (node_modules/zustand/vanilla.js:11:17)
      at Object.set [as setTool] (src/store/useCanvasStore.ts:113:24)
      at Object.setTool (src/__tests__/integration/whiteboard-integration.test.tsx:346:35)

    console.error
      Warning: An update to Grid inside a test was not wrapped in act(...).
      
      When testing, code that causes React state updates should be wrapped into act(...):
      
      act(() => {
        /* fire events that update state */
      });
      /* assert on the output */
      
      This ensures that you're testing the behavior the user would see in the browser. Learn more at https://reactjs.org/link/wrap-tests-with-act
          at className (/Users/shuhaozhang/Project/miro-clone/src/components/Grid.tsx:11:45)
          at div
          at div
          at boardId (/Users/shuhaozhang/Project/miro-clone/src/components/Whiteboard.tsx:19:57)

      111 |     
      112 |     // Tool actions
    > 113 |     setTool: (tool) => set({ tool }),
          |                        ^
      114 |     
      115 |     // UI actions
      116 |     toggleGrid: () => set((state) => ({ isGridVisible: !state.isGridVisible })),

      at printWarning (node_modules/react-dom/cjs/react-dom.development.js:86:30)
      at error (node_modules/react-dom/cjs/react-dom.development.js:60:7)
      at warnIfUpdatesNotWrappedWithActDEV (node_modules/react-dom/cjs/react-dom.development.js:27628:9)
      at scheduleUpdateOnFiber (node_modules/react-dom/cjs/react-dom.development.js:25547:5)
      at forceStoreRerender (node_modules/react-dom/cjs/react-dom.development.js:16158:5)
      at handleStoreChange (node_modules/react-dom/cjs/react-dom.development.js:16134:7)
      at node_modules/zustand/vanilla.js:12:16
          at Set.forEach (<anonymous>)
      at setState (node_modules/zustand/vanilla.js:11:17)
      at Object.set [as setTool] (src/store/useCanvasStore.ts:113:24)
      at Object.setTool (src/__tests__/integration/whiteboard-integration.test.tsx:346:35)

    console.error
      Warning: An update to Toolbar inside a test was not wrapped in act(...).
      
      When testing, code that causes React state updates should be wrapped into act(...):
      
      act(() => {
        /* fire events that update state */
      });
      /* assert on the output */
      
      This ensures that you're testing the behavior the user would see in the browser. Learn more at https://reactjs.org/link/wrap-tests-with-act
          at onZoomIn (/Users/shuhaozhang/Project/miro-clone/src/components/Toolbar.tsx:29:3)
          at div
          at div
          at boardId (/Users/shuhaozhang/Project/miro-clone/src/components/Whiteboard.tsx:19:57)

      111 |     
      112 |     // Tool actions
    > 113 |     setTool: (tool) => set({ tool }),
          |                        ^
      114 |     
      115 |     // UI actions
      116 |     toggleGrid: () => set((state) => ({ isGridVisible: !state.isGridVisible })),

      at printWarning (node_modules/react-dom/cjs/react-dom.development.js:86:30)
      at error (node_modules/react-dom/cjs/react-dom.development.js:60:7)
      at warnIfUpdatesNotWrappedWithActDEV (node_modules/react-dom/cjs/react-dom.development.js:27628:9)
      at scheduleUpdateOnFiber (node_modules/react-dom/cjs/react-dom.development.js:25547:5)
      at forceStoreRerender (node_modules/react-dom/cjs/react-dom.development.js:16158:5)
      at handleStoreChange (node_modules/react-dom/cjs/react-dom.development.js:16134:7)
      at node_modules/zustand/vanilla.js:12:16
          at Set.forEach (<anonymous>)
      at setState (node_modules/zustand/vanilla.js:11:17)
      at Object.set [as setTool] (src/store/useCanvasStore.ts:113:24)
      at Object.setTool (src/__tests__/integration/whiteboard-integration.test.tsx:346:35)

    console.error
      Warning: An update to ToolPanel inside a test was not wrapped in act(...).
      
      When testing, code that causes React state updates should be wrapped into act(...):
      
      act(() => {
        /* fire events that update state */
      });
      /* assert on the output */
      
      This ensures that you're testing the behavior the user would see in the browser. Learn more at https://reactjs.org/link/wrap-tests-with-act
          at ToolPanel (/Users/shuhaozhang/Project/miro-clone/src/components/ToolPanel.tsx:36:43)
          at div
          at div
          at boardId (/Users/shuhaozhang/Project/miro-clone/src/components/Whiteboard.tsx:19:57)

      111 |     
      112 |     // Tool actions
    > 113 |     setTool: (tool) => set({ tool }),
          |                        ^
      114 |     
      115 |     // UI actions
      116 |     toggleGrid: () => set((state) => ({ isGridVisible: !state.isGridVisible })),

      at printWarning (node_modules/react-dom/cjs/react-dom.development.js:86:30)
      at error (node_modules/react-dom/cjs/react-dom.development.js:60:7)
      at warnIfUpdatesNotWrappedWithActDEV (node_modules/react-dom/cjs/react-dom.development.js:27628:9)
      at scheduleUpdateOnFiber (node_modules/react-dom/cjs/react-dom.development.js:25547:5)
      at forceStoreRerender (node_modules/react-dom/cjs/react-dom.development.js:16158:5)
      at handleStoreChange (node_modules/react-dom/cjs/react-dom.development.js:16134:7)
      at node_modules/zustand/vanilla.js:12:16
          at Set.forEach (<anonymous>)
      at setState (node_modules/zustand/vanilla.js:11:17)
      at Object.set [as setTool] (src/store/useCanvasStore.ts:113:24)
      at Object.setTool (src/__tests__/integration/whiteboard-integration.test.tsx:346:35)

    console.error
      Warning: An update to CollaborationPanel inside a test was not wrapped in act(...).
      
      When testing, code that causes React state updates should be wrapped into act(...):
      
      act(() => {
        /* fire events that update state */
      });
      /* assert on the output */
      
      This ensures that you're testing the behavior the user would see in the browser. Learn more at https://reactjs.org/link/wrap-tests-with-act
          at CollaborationPanel (/Users/shuhaozhang/Project/miro-clone/src/components/CollaborationPanel.tsx:13:56)
          at div
          at div
          at boardId (/Users/shuhaozhang/Project/miro-clone/src/components/Whiteboard.tsx:19:57)

      111 |     
      112 |     // Tool actions
    > 113 |     setTool: (tool) => set({ tool }),
          |                        ^
      114 |     
      115 |     // UI actions
      116 |     toggleGrid: () => set((state) => ({ isGridVisible: !state.isGridVisible })),

      at printWarning (node_modules/react-dom/cjs/react-dom.development.js:86:30)
      at error (node_modules/react-dom/cjs/react-dom.development.js:60:7)
      at warnIfUpdatesNotWrappedWithActDEV (node_modules/react-dom/cjs/react-dom.development.js:27628:9)
      at scheduleUpdateOnFiber (node_modules/react-dom/cjs/react-dom.development.js:25547:5)
      at forceStoreRerender (node_modules/react-dom/cjs/react-dom.development.js:16158:5)
      at handleStoreChange (node_modules/react-dom/cjs/react-dom.development.js:16134:7)
      at node_modules/zustand/vanilla.js:12:16
          at Set.forEach (<anonymous>)
      at setState (node_modules/zustand/vanilla.js:11:17)
      at Object.set [as setTool] (src/store/useCanvasStore.ts:113:24)
      at Object.setTool (src/__tests__/integration/whiteboard-integration.test.tsx:346:35)

    console.error
      Warning: An update to Whiteboard inside a test was not wrapped in act(...).
      
      When testing, code that causes React state updates should be wrapped into act(...):
      
      act(() => {
        /* fire events that update state */
      });
      /* assert on the output */
      
      This ensures that you're testing the behavior the user would see in the browser. Learn more at https://reactjs.org/link/wrap-tests-with-act
          at boardId (/Users/shuhaozhang/Project/miro-clone/src/components/Whiteboard.tsx:19:57)

      111 |     
      112 |     // Tool actions
    > 113 |     setTool: (tool) => set({ tool }),
          |                        ^
      114 |     
      115 |     // UI actions
      116 |     toggleGrid: () => set((state) => ({ isGridVisible: !state.isGridVisible })),

      at printWarning (node_modules/react-dom/cjs/react-dom.development.js:86:30)
      at error (node_modules/react-dom/cjs/react-dom.development.js:60:7)
      at warnIfUpdatesNotWrappedWithActDEV (node_modules/react-dom/cjs/react-dom.development.js:27628:9)
      at scheduleUpdateOnFiber (node_modules/react-dom/cjs/react-dom.development.js:25547:5)
      at forceStoreRerender (node_modules/react-dom/cjs/react-dom.development.js:16158:5)
      at handleStoreChange (node_modules/react-dom/cjs/react-dom.development.js:16134:7)
      at node_modules/zustand/vanilla.js:12:16
          at Set.forEach (<anonymous>)
      at setState (node_modules/zustand/vanilla.js:11:17)
      at Object.set [as setTool] (src/store/useCanvasStore.ts:113:24)
      at Object.setTool (src/__tests__/integration/whiteboard-integration.test.tsx:346:35)

    console.error
      Warning: An update to Whiteboard inside a test was not wrapped in act(...).
      
      When testing, code that causes React state updates should be wrapped into act(...):
      
      act(() => {
        /* fire events that update state */
      });
      /* assert on the output */
      
      This ensures that you're testing the behavior the user would see in the browser. Learn more at https://reactjs.org/link/wrap-tests-with-act
          at boardId (/Users/shuhaozhang/Project/miro-clone/src/components/Whiteboard.tsx:19:57)

      111 |     
      112 |     // Tool actions
    > 113 |     setTool: (tool) => set({ tool }),
          |                        ^
      114 |     
      115 |     // UI actions
      116 |     toggleGrid: () => set((state) => ({ isGridVisible: !state.isGridVisible })),

      at printWarning (node_modules/react-dom/cjs/react-dom.development.js:86:30)
      at error (node_modules/react-dom/cjs/react-dom.development.js:60:7)
      at warnIfUpdatesNotWrappedWithActDEV (node_modules/react-dom/cjs/react-dom.development.js:27628:9)
      at scheduleUpdateOnFiber (node_modules/react-dom/cjs/react-dom.development.js:25547:5)
      at forceStoreRerender (node_modules/react-dom/cjs/react-dom.development.js:16158:5)
      at handleStoreChange (node_modules/react-dom/cjs/react-dom.development.js:16134:7)
      at node_modules/zustand/vanilla.js:12:16
          at Set.forEach (<anonymous>)
      at setState (node_modules/zustand/vanilla.js:11:17)
      at Object.set [as setTool] (src/store/useCanvasStore.ts:113:24)
      at Object.setTool (src/__tests__/integration/whiteboard-integration.test.tsx:346:35)

    console.error
      Warning: An update to Whiteboard inside a test was not wrapped in act(...).
      
      When testing, code that causes React state updates should be wrapped into act(...):
      
      act(() => {
        /* fire events that update state */
      });
      /* assert on the output */
      
      This ensures that you're testing the behavior the user would see in the browser. Learn more at https://reactjs.org/link/wrap-tests-with-act
          at boardId (/Users/shuhaozhang/Project/miro-clone/src/components/Whiteboard.tsx:19:57)

      111 |     
      112 |     // Tool actions
    > 113 |     setTool: (tool) => set({ tool }),
          |                        ^
      114 |     
      115 |     // UI actions
      116 |     toggleGrid: () => set((state) => ({ isGridVisible: !state.isGridVisible })),

      at printWarning (node_modules/react-dom/cjs/react-dom.development.js:86:30)
      at error (node_modules/react-dom/cjs/react-dom.development.js:60:7)
      at warnIfUpdatesNotWrappedWithActDEV (node_modules/react-dom/cjs/react-dom.development.js:27628:9)
      at scheduleUpdateOnFiber (node_modules/react-dom/cjs/react-dom.development.js:25547:5)
      at forceStoreRerender (node_modules/react-dom/cjs/react-dom.development.js:16158:5)
      at handleStoreChange (node_modules/react-dom/cjs/react-dom.development.js:16134:7)
      at node_modules/zustand/vanilla.js:12:16
          at Set.forEach (<anonymous>)
      at setState (node_modules/zustand/vanilla.js:11:17)
      at Object.set [as setTool] (src/store/useCanvasStore.ts:113:24)
      at Object.setTool (src/__tests__/integration/whiteboard-integration.test.tsx:346:35)

    console.error
      Warning: An update to Whiteboard inside a test was not wrapped in act(...).
      
      When testing, code that causes React state updates should be wrapped into act(...):
      
      act(() => {
        /* fire events that update state */
      });
      /* assert on the output */
      
      This ensures that you're testing the behavior the user would see in the browser. Learn more at https://reactjs.org/link/wrap-tests-with-act
          at boardId (/Users/shuhaozhang/Project/miro-clone/src/components/Whiteboard.tsx:19:57)

      111 |     
      112 |     // Tool actions
    > 113 |     setTool: (tool) => set({ tool }),
          |                        ^
      114 |     
      115 |     // UI actions
      116 |     toggleGrid: () => set((state) => ({ isGridVisible: !state.isGridVisible })),

      at printWarning (node_modules/react-dom/cjs/react-dom.development.js:86:30)
      at error (node_modules/react-dom/cjs/react-dom.development.js:60:7)
      at warnIfUpdatesNotWrappedWithActDEV (node_modules/react-dom/cjs/react-dom.development.js:27628:9)
      at scheduleUpdateOnFiber (node_modules/react-dom/cjs/react-dom.development.js:25547:5)
      at forceStoreRerender (node_modules/react-dom/cjs/react-dom.development.js:16158:5)
      at handleStoreChange (node_modules/react-dom/cjs/react-dom.development.js:16134:7)
      at node_modules/zustand/vanilla.js:12:16
          at Set.forEach (<anonymous>)
      at setState (node_modules/zustand/vanilla.js:11:17)
      at Object.set [as setTool] (src/store/useCanvasStore.ts:113:24)
      at Object.setTool (src/__tests__/integration/whiteboard-integration.test.tsx:346:35)

    console.error
      Warning: An update to Grid inside a test was not wrapped in act(...).
      
      When testing, code that causes React state updates should be wrapped into act(...):
      
      act(() => {
        /* fire events that update state */
      });
      /* assert on the output */
      
      This ensures that you're testing the behavior the user would see in the browser. Learn more at https://reactjs.org/link/wrap-tests-with-act
          at className (/Users/shuhaozhang/Project/miro-clone/src/components/Grid.tsx:11:45)
          at div
          at div
          at boardId (/Users/shuhaozhang/Project/miro-clone/src/components/Whiteboard.tsx:19:57)

      111 |     
      112 |     // Tool actions
    > 113 |     setTool: (tool) => set({ tool }),
          |                        ^
      114 |     
      115 |     // UI actions
      116 |     toggleGrid: () => set((state) => ({ isGridVisible: !state.isGridVisible })),

      at printWarning (node_modules/react-dom/cjs/react-dom.development.js:86:30)
      at error (node_modules/react-dom/cjs/react-dom.development.js:60:7)
      at warnIfUpdatesNotWrappedWithActDEV (node_modules/react-dom/cjs/react-dom.development.js:27628:9)
      at scheduleUpdateOnFiber (node_modules/react-dom/cjs/react-dom.development.js:25547:5)
      at forceStoreRerender (node_modules/react-dom/cjs/react-dom.development.js:16158:5)
      at handleStoreChange (node_modules/react-dom/cjs/react-dom.development.js:16134:7)
      at node_modules/zustand/vanilla.js:12:16
          at Set.forEach (<anonymous>)
      at setState (node_modules/zustand/vanilla.js:11:17)
      at Object.set [as setTool] (src/store/useCanvasStore.ts:113:24)
      at Object.setTool (src/__tests__/integration/whiteboard-integration.test.tsx:346:35)

    console.error
      Warning: An update to Toolbar inside a test was not wrapped in act(...).
      
      When testing, code that causes React state updates should be wrapped into act(...):
      
      act(() => {
        /* fire events that update state */
      });
      /* assert on the output */
      
      This ensures that you're testing the behavior the user would see in the browser. Learn more at https://reactjs.org/link/wrap-tests-with-act
          at onZoomIn (/Users/shuhaozhang/Project/miro-clone/src/components/Toolbar.tsx:29:3)
          at div
          at div
          at boardId (/Users/shuhaozhang/Project/miro-clone/src/components/Whiteboard.tsx:19:57)

      111 |     
      112 |     // Tool actions
    > 113 |     setTool: (tool) => set({ tool }),
          |                        ^
      114 |     
      115 |     // UI actions
      116 |     toggleGrid: () => set((state) => ({ isGridVisible: !state.isGridVisible })),

      at printWarning (node_modules/react-dom/cjs/react-dom.development.js:86:30)
      at error (node_modules/react-dom/cjs/react-dom.development.js:60:7)
      at warnIfUpdatesNotWrappedWithActDEV (node_modules/react-dom/cjs/react-dom.development.js:27628:9)
      at scheduleUpdateOnFiber (node_modules/react-dom/cjs/react-dom.development.js:25547:5)
      at forceStoreRerender (node_modules/react-dom/cjs/react-dom.development.js:16158:5)
      at handleStoreChange (node_modules/react-dom/cjs/react-dom.development.js:16134:7)
      at node_modules/zustand/vanilla.js:12:16
          at Set.forEach (<anonymous>)
      at setState (node_modules/zustand/vanilla.js:11:17)
      at Object.set [as setTool] (src/store/useCanvasStore.ts:113:24)
      at Object.setTool (src/__tests__/integration/whiteboard-integration.test.tsx:346:35)

    console.error
      Warning: An update to ToolPanel inside a test was not wrapped in act(...).
      
      When testing, code that causes React state updates should be wrapped into act(...):
      
      act(() => {
        /* fire events that update state */
      });
      /* assert on the output */
      
      This ensures that you're testing the behavior the user would see in the browser. Learn more at https://reactjs.org/link/wrap-tests-with-act
          at ToolPanel (/Users/shuhaozhang/Project/miro-clone/src/components/ToolPanel.tsx:36:43)
          at div
          at div
          at boardId (/Users/shuhaozhang/Project/miro-clone/src/components/Whiteboard.tsx:19:57)

      111 |     
      112 |     // Tool actions
    > 113 |     setTool: (tool) => set({ tool }),
          |                        ^
      114 |     
      115 |     // UI actions
      116 |     toggleGrid: () => set((state) => ({ isGridVisible: !state.isGridVisible })),

      at printWarning (node_modules/react-dom/cjs/react-dom.development.js:86:30)
      at error (node_modules/react-dom/cjs/react-dom.development.js:60:7)
      at warnIfUpdatesNotWrappedWithActDEV (node_modules/react-dom/cjs/react-dom.development.js:27628:9)
      at scheduleUpdateOnFiber (node_modules/react-dom/cjs/react-dom.development.js:25547:5)
      at forceStoreRerender (node_modules/react-dom/cjs/react-dom.development.js:16158:5)
      at handleStoreChange (node_modules/react-dom/cjs/react-dom.development.js:16134:7)
      at node_modules/zustand/vanilla.js:12:16
          at Set.forEach (<anonymous>)
      at setState (node_modules/zustand/vanilla.js:11:17)
      at Object.set [as setTool] (src/store/useCanvasStore.ts:113:24)
      at Object.setTool (src/__tests__/integration/whiteboard-integration.test.tsx:346:35)

    console.error
      Warning: An update to CollaborationPanel inside a test was not wrapped in act(...).
      
      When testing, code that causes React state updates should be wrapped into act(...):
      
      act(() => {
        /* fire events that update state */
      });
      /* assert on the output */
      
      This ensures that you're testing the behavior the user would see in the browser. Learn more at https://reactjs.org/link/wrap-tests-with-act
          at CollaborationPanel (/Users/shuhaozhang/Project/miro-clone/src/components/CollaborationPanel.tsx:13:56)
          at div
          at div
          at boardId (/Users/shuhaozhang/Project/miro-clone/src/components/Whiteboard.tsx:19:57)

      111 |     
      112 |     // Tool actions
    > 113 |     setTool: (tool) => set({ tool }),
          |                        ^
      114 |     
      115 |     // UI actions
      116 |     toggleGrid: () => set((state) => ({ isGridVisible: !state.isGridVisible })),

      at printWarning (node_modules/react-dom/cjs/react-dom.development.js:86:30)
      at error (node_modules/react-dom/cjs/react-dom.development.js:60:7)
      at warnIfUpdatesNotWrappedWithActDEV (node_modules/react-dom/cjs/react-dom.development.js:27628:9)
      at scheduleUpdateOnFiber (node_modules/react-dom/cjs/react-dom.development.js:25547:5)
      at forceStoreRerender (node_modules/react-dom/cjs/react-dom.development.js:16158:5)
      at handleStoreChange (node_modules/react-dom/cjs/react-dom.development.js:16134:7)
      at node_modules/zustand/vanilla.js:12:16
          at Set.forEach (<anonymous>)
      at setState (node_modules/zustand/vanilla.js:11:17)
      at Object.set [as setTool] (src/store/useCanvasStore.ts:113:24)
      at Object.setTool (src/__tests__/integration/whiteboard-integration.test.tsx:346:35)

    console.error
      Warning: An update to Whiteboard inside a test was not wrapped in act(...).
      
      When testing, code that causes React state updates should be wrapped into act(...):
      
      act(() => {
        /* fire events that update state */
      });
      /* assert on the output */
      
      This ensures that you're testing the behavior the user would see in the browser. Learn more at https://reactjs.org/link/wrap-tests-with-act
          at boardId (/Users/shuhaozhang/Project/miro-clone/src/components/Whiteboard.tsx:19:57)

      111 |     
      112 |     // Tool actions
    > 113 |     setTool: (tool) => set({ tool }),
          |                        ^
      114 |     
      115 |     // UI actions
      116 |     toggleGrid: () => set((state) => ({ isGridVisible: !state.isGridVisible })),

      at printWarning (node_modules/react-dom/cjs/react-dom.development.js:86:30)
      at error (node_modules/react-dom/cjs/react-dom.development.js:60:7)
      at warnIfUpdatesNotWrappedWithActDEV (node_modules/react-dom/cjs/react-dom.development.js:27628:9)
      at scheduleUpdateOnFiber (node_modules/react-dom/cjs/react-dom.development.js:25547:5)
      at forceStoreRerender (node_modules/react-dom/cjs/react-dom.development.js:16158:5)
      at handleStoreChange (node_modules/react-dom/cjs/react-dom.development.js:16134:7)
      at node_modules/zustand/vanilla.js:12:16
          at Set.forEach (<anonymous>)
      at setState (node_modules/zustand/vanilla.js:11:17)
      at Object.set [as setTool] (src/store/useCanvasStore.ts:113:24)
      at Object.setTool (src/__tests__/integration/whiteboard-integration.test.tsx:346:35)

    console.error
      Warning: An update to Whiteboard inside a test was not wrapped in act(...).
      
      When testing, code that causes React state updates should be wrapped into act(...):
      
      act(() => {
        /* fire events that update state */
      });
      /* assert on the output */
      
      This ensures that you're testing the behavior the user would see in the browser. Learn more at https://reactjs.org/link/wrap-tests-with-act
          at boardId (/Users/shuhaozhang/Project/miro-clone/src/components/Whiteboard.tsx:19:57)

      111 |     
      112 |     // Tool actions
    > 113 |     setTool: (tool) => set({ tool }),
          |                        ^
      114 |     
      115 |     // UI actions
      116 |     toggleGrid: () => set((state) => ({ isGridVisible: !state.isGridVisible })),

      at printWarning (node_modules/react-dom/cjs/react-dom.development.js:86:30)
      at error (node_modules/react-dom/cjs/react-dom.development.js:60:7)
      at warnIfUpdatesNotWrappedWithActDEV (node_modules/react-dom/cjs/react-dom.development.js:27628:9)
      at scheduleUpdateOnFiber (node_modules/react-dom/cjs/react-dom.development.js:25547:5)
      at forceStoreRerender (node_modules/react-dom/cjs/react-dom.development.js:16158:5)
      at handleStoreChange (node_modules/react-dom/cjs/react-dom.development.js:16134:7)
      at node_modules/zustand/vanilla.js:12:16
          at Set.forEach (<anonymous>)
      at setState (node_modules/zustand/vanilla.js:11:17)
      at Object.set [as setTool] (src/store/useCanvasStore.ts:113:24)
      at Object.setTool (src/__tests__/integration/whiteboard-integration.test.tsx:346:35)

    console.error
      Warning: An update to Whiteboard inside a test was not wrapped in act(...).
      
      When testing, code that causes React state updates should be wrapped into act(...):
      
      act(() => {
        /* fire events that update state */
      });
      /* assert on the output */
      
      This ensures that you're testing the behavior the user would see in the browser. Learn more at https://reactjs.org/link/wrap-tests-with-act
          at boardId (/Users/shuhaozhang/Project/miro-clone/src/components/Whiteboard.tsx:19:57)

      111 |     
      112 |     // Tool actions
    > 113 |     setTool: (tool) => set({ tool }),
          |                        ^
      114 |     
      115 |     // UI actions
      116 |     toggleGrid: () => set((state) => ({ isGridVisible: !state.isGridVisible })),

      at printWarning (node_modules/react-dom/cjs/react-dom.development.js:86:30)
      at error (node_modules/react-dom/cjs/react-dom.development.js:60:7)
      at warnIfUpdatesNotWrappedWithActDEV (node_modules/react-dom/cjs/react-dom.development.js:27628:9)
      at scheduleUpdateOnFiber (node_modules/react-dom/cjs/react-dom.development.js:25547:5)
      at forceStoreRerender (node_modules/react-dom/cjs/react-dom.development.js:16158:5)
      at handleStoreChange (node_modules/react-dom/cjs/react-dom.development.js:16134:7)
      at node_modules/zustand/vanilla.js:12:16
          at Set.forEach (<anonymous>)
      at setState (node_modules/zustand/vanilla.js:11:17)
      at Object.set [as setTool] (src/store/useCanvasStore.ts:113:24)
      at Object.setTool (src/__tests__/integration/whiteboard-integration.test.tsx:346:35)

    console.error
      Warning: An update to Whiteboard inside a test was not wrapped in act(...).
      
      When testing, code that causes React state updates should be wrapped into act(...):
      
      act(() => {
        /* fire events that update state */
      });
      /* assert on the output */
      
      This ensures that you're testing the behavior the user would see in the browser. Learn more at https://reactjs.org/link/wrap-tests-with-act
          at boardId (/Users/shuhaozhang/Project/miro-clone/src/components/Whiteboard.tsx:19:57)

      111 |     
      112 |     // Tool actions
    > 113 |     setTool: (tool) => set({ tool }),
          |                        ^
      114 |     
      115 |     // UI actions
      116 |     toggleGrid: () => set((state) => ({ isGridVisible: !state.isGridVisible })),

      at printWarning (node_modules/react-dom/cjs/react-dom.development.js:86:30)
      at error (node_modules/react-dom/cjs/react-dom.development.js:60:7)
      at warnIfUpdatesNotWrappedWithActDEV (node_modules/react-dom/cjs/react-dom.development.js:27628:9)
      at scheduleUpdateOnFiber (node_modules/react-dom/cjs/react-dom.development.js:25547:5)
      at forceStoreRerender (node_modules/react-dom/cjs/react-dom.development.js:16158:5)
      at handleStoreChange (node_modules/react-dom/cjs/react-dom.development.js:16134:7)
      at node_modules/zustand/vanilla.js:12:16
          at Set.forEach (<anonymous>)
      at setState (node_modules/zustand/vanilla.js:11:17)
      at Object.set [as setTool] (src/store/useCanvasStore.ts:113:24)
      at Object.setTool (src/__tests__/integration/whiteboard-integration.test.tsx:346:35)

    console.error
      Warning: An update to Grid inside a test was not wrapped in act(...).
      
      When testing, code that causes React state updates should be wrapped into act(...):
      
      act(() => {
        /* fire events that update state */
      });
      /* assert on the output */
      
      This ensures that you're testing the behavior the user would see in the browser. Learn more at https://reactjs.org/link/wrap-tests-with-act
          at className (/Users/shuhaozhang/Project/miro-clone/src/components/Grid.tsx:11:45)
          at div
          at div
          at boardId (/Users/shuhaozhang/Project/miro-clone/src/components/Whiteboard.tsx:19:57)

      111 |     
      112 |     // Tool actions
    > 113 |     setTool: (tool) => set({ tool }),
          |                        ^
      114 |     
      115 |     // UI actions
      116 |     toggleGrid: () => set((state) => ({ isGridVisible: !state.isGridVisible })),

      at printWarning (node_modules/react-dom/cjs/react-dom.development.js:86:30)
      at error (node_modules/react-dom/cjs/react-dom.development.js:60:7)
      at warnIfUpdatesNotWrappedWithActDEV (node_modules/react-dom/cjs/react-dom.development.js:27628:9)
      at scheduleUpdateOnFiber (node_modules/react-dom/cjs/react-dom.development.js:25547:5)
      at forceStoreRerender (node_modules/react-dom/cjs/react-dom.development.js:16158:5)
      at handleStoreChange (node_modules/react-dom/cjs/react-dom.development.js:16134:7)
      at node_modules/zustand/vanilla.js:12:16
          at Set.forEach (<anonymous>)
      at setState (node_modules/zustand/vanilla.js:11:17)
      at Object.set [as setTool] (src/store/useCanvasStore.ts:113:24)
      at Object.setTool (src/__tests__/integration/whiteboard-integration.test.tsx:346:35)

    console.error
      Warning: An update to Toolbar inside a test was not wrapped in act(...).
      
      When testing, code that causes React state updates should be wrapped into act(...):
      
      act(() => {
        /* fire events that update state */
      });
      /* assert on the output */
      
      This ensures that you're testing the behavior the user would see in the browser. Learn more at https://reactjs.org/link/wrap-tests-with-act
          at onZoomIn (/Users/shuhaozhang/Project/miro-clone/src/components/Toolbar.tsx:29:3)
          at div
          at div
          at boardId (/Users/shuhaozhang/Project/miro-clone/src/components/Whiteboard.tsx:19:57)

      111 |     
      112 |     // Tool actions
    > 113 |     setTool: (tool) => set({ tool }),
          |                        ^
      114 |     
      115 |     // UI actions
      116 |     toggleGrid: () => set((state) => ({ isGridVisible: !state.isGridVisible })),

      at printWarning (node_modules/react-dom/cjs/react-dom.development.js:86:30)
      at error (node_modules/react-dom/cjs/react-dom.development.js:60:7)
      at warnIfUpdatesNotWrappedWithActDEV (node_modules/react-dom/cjs/react-dom.development.js:27628:9)
      at scheduleUpdateOnFiber (node_modules/react-dom/cjs/react-dom.development.js:25547:5)
      at forceStoreRerender (node_modules/react-dom/cjs/react-dom.development.js:16158:5)
      at handleStoreChange (node_modules/react-dom/cjs/react-dom.development.js:16134:7)
      at node_modules/zustand/vanilla.js:12:16
          at Set.forEach (<anonymous>)
      at setState (node_modules/zustand/vanilla.js:11:17)
      at Object.set [as setTool] (src/store/useCanvasStore.ts:113:24)
      at Object.setTool (src/__tests__/integration/whiteboard-integration.test.tsx:346:35)

    console.error
      Warning: An update to ToolPanel inside a test was not wrapped in act(...).
      
      When testing, code that causes React state updates should be wrapped into act(...):
      
      act(() => {
        /* fire events that update state */
      });
      /* assert on the output */
      
      This ensures that you're testing the behavior the user would see in the browser. Learn more at https://reactjs.org/link/wrap-tests-with-act
          at ToolPanel (/Users/shuhaozhang/Project/miro-clone/src/components/ToolPanel.tsx:36:43)
          at div
          at div
          at boardId (/Users/shuhaozhang/Project/miro-clone/src/components/Whiteboard.tsx:19:57)

      111 |     
      112 |     // Tool actions
    > 113 |     setTool: (tool) => set({ tool }),
          |                        ^
      114 |     
      115 |     // UI actions
      116 |     toggleGrid: () => set((state) => ({ isGridVisible: !state.isGridVisible })),

      at printWarning (node_modules/react-dom/cjs/react-dom.development.js:86:30)
      at error (node_modules/react-dom/cjs/react-dom.development.js:60:7)
      at warnIfUpdatesNotWrappedWithActDEV (node_modules/react-dom/cjs/react-dom.development.js:27628:9)
      at scheduleUpdateOnFiber (node_modules/react-dom/cjs/react-dom.development.js:25547:5)
      at forceStoreRerender (node_modules/react-dom/cjs/react-dom.development.js:16158:5)
      at handleStoreChange (node_modules/react-dom/cjs/react-dom.development.js:16134:7)
      at node_modules/zustand/vanilla.js:12:16
          at Set.forEach (<anonymous>)
      at setState (node_modules/zustand/vanilla.js:11:17)
      at Object.set [as setTool] (src/store/useCanvasStore.ts:113:24)
      at Object.setTool (src/__tests__/integration/whiteboard-integration.test.tsx:346:35)

    console.error
      Warning: An update to CollaborationPanel inside a test was not wrapped in act(...).
      
      When testing, code that causes React state updates should be wrapped into act(...):
      
      act(() => {
        /* fire events that update state */
      });
      /* assert on the output */
      
      This ensures that you're testing the behavior the user would see in the browser. Learn more at https://reactjs.org/link/wrap-tests-with-act
          at CollaborationPanel (/Users/shuhaozhang/Project/miro-clone/src/components/CollaborationPanel.tsx:13:56)
          at div
          at div
          at boardId (/Users/shuhaozhang/Project/miro-clone/src/components/Whiteboard.tsx:19:57)

      111 |     
      112 |     // Tool actions
    > 113 |     setTool: (tool) => set({ tool }),
          |                        ^
      114 |     
      115 |     // UI actions
      116 |     toggleGrid: () => set((state) => ({ isGridVisible: !state.isGridVisible })),

      at printWarning (node_modules/react-dom/cjs/react-dom.development.js:86:30)
      at error (node_modules/react-dom/cjs/react-dom.development.js:60:7)
      at warnIfUpdatesNotWrappedWithActDEV (node_modules/react-dom/cjs/react-dom.development.js:27628:9)
      at scheduleUpdateOnFiber (node_modules/react-dom/cjs/react-dom.development.js:25547:5)
      at forceStoreRerender (node_modules/react-dom/cjs/react-dom.development.js:16158:5)
      at handleStoreChange (node_modules/react-dom/cjs/react-dom.development.js:16134:7)
      at node_modules/zustand/vanilla.js:12:16
          at Set.forEach (<anonymous>)
      at setState (node_modules/zustand/vanilla.js:11:17)
      at Object.set [as setTool] (src/store/useCanvasStore.ts:113:24)
      at Object.setTool (src/__tests__/integration/whiteboard-integration.test.tsx:346:35)

    console.error
      Warning: An update to Whiteboard inside a test was not wrapped in act(...).
      
      When testing, code that causes React state updates should be wrapped into act(...):
      
      act(() => {
        /* fire events that update state */
      });
      /* assert on the output */
      
      This ensures that you're testing the behavior the user would see in the browser. Learn more at https://reactjs.org/link/wrap-tests-with-act
          at boardId (/Users/shuhaozhang/Project/miro-clone/src/components/Whiteboard.tsx:19:57)

      111 |     
      112 |     // Tool actions
    > 113 |     setTool: (tool) => set({ tool }),
          |                        ^
      114 |     
      115 |     // UI actions
      116 |     toggleGrid: () => set((state) => ({ isGridVisible: !state.isGridVisible })),

      at printWarning (node_modules/react-dom/cjs/react-dom.development.js:86:30)
      at error (node_modules/react-dom/cjs/react-dom.development.js:60:7)
      at warnIfUpdatesNotWrappedWithActDEV (node_modules/react-dom/cjs/react-dom.development.js:27628:9)
      at scheduleUpdateOnFiber (node_modules/react-dom/cjs/react-dom.development.js:25547:5)
      at forceStoreRerender (node_modules/react-dom/cjs/react-dom.development.js:16158:5)
      at handleStoreChange (node_modules/react-dom/cjs/react-dom.development.js:16134:7)
      at node_modules/zustand/vanilla.js:12:16
          at Set.forEach (<anonymous>)
      at setState (node_modules/zustand/vanilla.js:11:17)
      at Object.set [as setTool] (src/store/useCanvasStore.ts:113:24)
      at Object.setTool (src/__tests__/integration/whiteboard-integration.test.tsx:346:35)

    console.error
      Warning: An update to Whiteboard inside a test was not wrapped in act(...).
      
      When testing, code that causes React state updates should be wrapped into act(...):
      
      act(() => {
        /* fire events that update state */
      });
      /* assert on the output */
      
      This ensures that you're testing the behavior the user would see in the browser. Learn more at https://reactjs.org/link/wrap-tests-with-act
          at boardId (/Users/shuhaozhang/Project/miro-clone/src/components/Whiteboard.tsx:19:57)

      111 |     
      112 |     // Tool actions
    > 113 |     setTool: (tool) => set({ tool }),
          |                        ^
      114 |     
      115 |     // UI actions
      116 |     toggleGrid: () => set((state) => ({ isGridVisible: !state.isGridVisible })),

      at printWarning (node_modules/react-dom/cjs/react-dom.development.js:86:30)
      at error (node_modules/react-dom/cjs/react-dom.development.js:60:7)
      at warnIfUpdatesNotWrappedWithActDEV (node_modules/react-dom/cjs/react-dom.development.js:27628:9)
      at scheduleUpdateOnFiber (node_modules/react-dom/cjs/react-dom.development.js:25547:5)
      at forceStoreRerender (node_modules/react-dom/cjs/react-dom.development.js:16158:5)
      at handleStoreChange (node_modules/react-dom/cjs/react-dom.development.js:16134:7)
      at node_modules/zustand/vanilla.js:12:16
          at Set.forEach (<anonymous>)
      at setState (node_modules/zustand/vanilla.js:11:17)
      at Object.set [as setTool] (src/store/useCanvasStore.ts:113:24)
      at Object.setTool (src/__tests__/integration/whiteboard-integration.test.tsx:346:35)

    console.error
      Warning: An update to Whiteboard inside a test was not wrapped in act(...).
      
      When testing, code that causes React state updates should be wrapped into act(...):
      
      act(() => {
        /* fire events that update state */
      });
      /* assert on the output */
      
      This ensures that you're testing the behavior the user would see in the browser. Learn more at https://reactjs.org/link/wrap-tests-with-act
          at boardId (/Users/shuhaozhang/Project/miro-clone/src/components/Whiteboard.tsx:19:57)

      111 |     
      112 |     // Tool actions
    > 113 |     setTool: (tool) => set({ tool }),
          |                        ^
      114 |     
      115 |     // UI actions
      116 |     toggleGrid: () => set((state) => ({ isGridVisible: !state.isGridVisible })),

      at printWarning (node_modules/react-dom/cjs/react-dom.development.js:86:30)
      at error (node_modules/react-dom/cjs/react-dom.development.js:60:7)
      at warnIfUpdatesNotWrappedWithActDEV (node_modules/react-dom/cjs/react-dom.development.js:27628:9)
      at scheduleUpdateOnFiber (node_modules/react-dom/cjs/react-dom.development.js:25547:5)
      at forceStoreRerender (node_modules/react-dom/cjs/react-dom.development.js:16158:5)
      at handleStoreChange (node_modules/react-dom/cjs/react-dom.development.js:16134:7)
      at node_modules/zustand/vanilla.js:12:16
          at Set.forEach (<anonymous>)
      at setState (node_modules/zustand/vanilla.js:11:17)
      at Object.set [as setTool] (src/store/useCanvasStore.ts:113:24)
      at Object.setTool (src/__tests__/integration/whiteboard-integration.test.tsx:346:35)

    console.error
      Warning: An update to Whiteboard inside a test was not wrapped in act(...).
      
      When testing, code that causes React state updates should be wrapped into act(...):
      
      act(() => {
        /* fire events that update state */
      });
      /* assert on the output */
      
      This ensures that you're testing the behavior the user would see in the browser. Learn more at https://reactjs.org/link/wrap-tests-with-act
          at boardId (/Users/shuhaozhang/Project/miro-clone/src/components/Whiteboard.tsx:19:57)

      111 |     
      112 |     // Tool actions
    > 113 |     setTool: (tool) => set({ tool }),
          |                        ^
      114 |     
      115 |     // UI actions
      116 |     toggleGrid: () => set((state) => ({ isGridVisible: !state.isGridVisible })),

      at printWarning (node_modules/react-dom/cjs/react-dom.development.js:86:30)
      at error (node_modules/react-dom/cjs/react-dom.development.js:60:7)
      at warnIfUpdatesNotWrappedWithActDEV (node_modules/react-dom/cjs/react-dom.development.js:27628:9)
      at scheduleUpdateOnFiber (node_modules/react-dom/cjs/react-dom.development.js:25547:5)
      at forceStoreRerender (node_modules/react-dom/cjs/react-dom.development.js:16158:5)
      at handleStoreChange (node_modules/react-dom/cjs/react-dom.development.js:16134:7)
      at node_modules/zustand/vanilla.js:12:16
          at Set.forEach (<anonymous>)
      at setState (node_modules/zustand/vanilla.js:11:17)
      at Object.set [as setTool] (src/store/useCanvasStore.ts:113:24)
      at Object.setTool (src/__tests__/integration/whiteboard-integration.test.tsx:346:35)

    console.error
      Warning: An update to Grid inside a test was not wrapped in act(...).
      
      When testing, code that causes React state updates should be wrapped into act(...):
      
      act(() => {
        /* fire events that update state */
      });
      /* assert on the output */
      
      This ensures that you're testing the behavior the user would see in the browser. Learn more at https://reactjs.org/link/wrap-tests-with-act
          at className (/Users/shuhaozhang/Project/miro-clone/src/components/Grid.tsx:11:45)
          at div
          at div
          at boardId (/Users/shuhaozhang/Project/miro-clone/src/components/Whiteboard.tsx:19:57)

      111 |     
      112 |     // Tool actions
    > 113 |     setTool: (tool) => set({ tool }),
          |                        ^
      114 |     
      115 |     // UI actions
      116 |     toggleGrid: () => set((state) => ({ isGridVisible: !state.isGridVisible })),

      at printWarning (node_modules/react-dom/cjs/react-dom.development.js:86:30)
      at error (node_modules/react-dom/cjs/react-dom.development.js:60:7)
      at warnIfUpdatesNotWrappedWithActDEV (node_modules/react-dom/cjs/react-dom.development.js:27628:9)
      at scheduleUpdateOnFiber (node_modules/react-dom/cjs/react-dom.development.js:25547:5)
      at forceStoreRerender (node_modules/react-dom/cjs/react-dom.development.js:16158:5)
      at handleStoreChange (node_modules/react-dom/cjs/react-dom.development.js:16134:7)
      at node_modules/zustand/vanilla.js:12:16
          at Set.forEach (<anonymous>)
      at setState (node_modules/zustand/vanilla.js:11:17)
      at Object.set [as setTool] (src/store/useCanvasStore.ts:113:24)
      at Object.setTool (src/__tests__/integration/whiteboard-integration.test.tsx:346:35)

    console.error
      Warning: An update to Toolbar inside a test was not wrapped in act(...).
      
      When testing, code that causes React state updates should be wrapped into act(...):
      
      act(() => {
        /* fire events that update state */
      });
      /* assert on the output */
      
      This ensures that you're testing the behavior the user would see in the browser. Learn more at https://reactjs.org/link/wrap-tests-with-act
          at onZoomIn (/Users/shuhaozhang/Project/miro-clone/src/components/Toolbar.tsx:29:3)
          at div
          at div
          at boardId (/Users/shuhaozhang/Project/miro-clone/src/components/Whiteboard.tsx:19:57)

      111 |     
      112 |     // Tool actions
    > 113 |     setTool: (tool) => set({ tool }),
          |                        ^
      114 |     
      115 |     // UI actions
      116 |     toggleGrid: () => set((state) => ({ isGridVisible: !state.isGridVisible })),

      at printWarning (node_modules/react-dom/cjs/react-dom.development.js:86:30)
      at error (node_modules/react-dom/cjs/react-dom.development.js:60:7)
      at warnIfUpdatesNotWrappedWithActDEV (node_modules/react-dom/cjs/react-dom.development.js:27628:9)
      at scheduleUpdateOnFiber (node_modules/react-dom/cjs/react-dom.development.js:25547:5)
      at forceStoreRerender (node_modules/react-dom/cjs/react-dom.development.js:16158:5)
      at handleStoreChange (node_modules/react-dom/cjs/react-dom.development.js:16134:7)
      at node_modules/zustand/vanilla.js:12:16
          at Set.forEach (<anonymous>)
      at setState (node_modules/zustand/vanilla.js:11:17)
      at Object.set [as setTool] (src/store/useCanvasStore.ts:113:24)
      at Object.setTool (src/__tests__/integration/whiteboard-integration.test.tsx:346:35)

    console.error
      Warning: An update to ToolPanel inside a test was not wrapped in act(...).
      
      When testing, code that causes React state updates should be wrapped into act(...):
      
      act(() => {
        /* fire events that update state */
      });
      /* assert on the output */
      
      This ensures that you're testing the behavior the user would see in the browser. Learn more at https://reactjs.org/link/wrap-tests-with-act
          at ToolPanel (/Users/shuhaozhang/Project/miro-clone/src/components/ToolPanel.tsx:36:43)
          at div
          at div
          at boardId (/Users/shuhaozhang/Project/miro-clone/src/components/Whiteboard.tsx:19:57)

      111 |     
      112 |     // Tool actions
    > 113 |     setTool: (tool) => set({ tool }),
          |                        ^
      114 |     
      115 |     // UI actions
      116 |     toggleGrid: () => set((state) => ({ isGridVisible: !state.isGridVisible })),

      at printWarning (node_modules/react-dom/cjs/react-dom.development.js:86:30)
      at error (node_modules/react-dom/cjs/react-dom.development.js:60:7)
      at warnIfUpdatesNotWrappedWithActDEV (node_modules/react-dom/cjs/react-dom.development.js:27628:9)
      at scheduleUpdateOnFiber (node_modules/react-dom/cjs/react-dom.development.js:25547:5)
      at forceStoreRerender (node_modules/react-dom/cjs/react-dom.development.js:16158:5)
      at handleStoreChange (node_modules/react-dom/cjs/react-dom.development.js:16134:7)
      at node_modules/zustand/vanilla.js:12:16
          at Set.forEach (<anonymous>)
      at setState (node_modules/zustand/vanilla.js:11:17)
      at Object.set [as setTool] (src/store/useCanvasStore.ts:113:24)
      at Object.setTool (src/__tests__/integration/whiteboard-integration.test.tsx:346:35)

    console.error
      Warning: An update to CollaborationPanel inside a test was not wrapped in act(...).
      
      When testing, code that causes React state updates should be wrapped into act(...):
      
      act(() => {
        /* fire events that update state */
      });
      /* assert on the output */
      
      This ensures that you're testing the behavior the user would see in the browser. Learn more at https://reactjs.org/link/wrap-tests-with-act
          at CollaborationPanel (/Users/shuhaozhang/Project/miro-clone/src/components/CollaborationPanel.tsx:13:56)
          at div
          at div
          at boardId (/Users/shuhaozhang/Project/miro-clone/src/components/Whiteboard.tsx:19:57)

      111 |     
      112 |     // Tool actions
    > 113 |     setTool: (tool) => set({ tool }),
          |                        ^
      114 |     
      115 |     // UI actions
      116 |     toggleGrid: () => set((state) => ({ isGridVisible: !state.isGridVisible })),

      at printWarning (node_modules/react-dom/cjs/react-dom.development.js:86:30)
      at error (node_modules/react-dom/cjs/react-dom.development.js:60:7)
      at warnIfUpdatesNotWrappedWithActDEV (node_modules/react-dom/cjs/react-dom.development.js:27628:9)
      at scheduleUpdateOnFiber (node_modules/react-dom/cjs/react-dom.development.js:25547:5)
      at forceStoreRerender (node_modules/react-dom/cjs/react-dom.development.js:16158:5)
      at handleStoreChange (node_modules/react-dom/cjs/react-dom.development.js:16134:7)
      at node_modules/zustand/vanilla.js:12:16
          at Set.forEach (<anonymous>)
      at setState (node_modules/zustand/vanilla.js:11:17)
      at Object.set [as setTool] (src/store/useCanvasStore.ts:113:24)
      at Object.setTool (src/__tests__/integration/whiteboard-integration.test.tsx:346:35)

    console.error
      Warning: An update to Whiteboard inside a test was not wrapped in act(...).
      
      When testing, code that causes React state updates should be wrapped into act(...):
      
      act(() => {
        /* fire events that update state */
      });
      /* assert on the output */
      
      This ensures that you're testing the behavior the user would see in the browser. Learn more at https://reactjs.org/link/wrap-tests-with-act
          at boardId (/Users/shuhaozhang/Project/miro-clone/src/components/Whiteboard.tsx:19:57)

      111 |     
      112 |     // Tool actions
    > 113 |     setTool: (tool) => set({ tool }),
          |                        ^
      114 |     
      115 |     // UI actions
      116 |     toggleGrid: () => set((state) => ({ isGridVisible: !state.isGridVisible })),

      at printWarning (node_modules/react-dom/cjs/react-dom.development.js:86:30)
      at error (node_modules/react-dom/cjs/react-dom.development.js:60:7)
      at warnIfUpdatesNotWrappedWithActDEV (node_modules/react-dom/cjs/react-dom.development.js:27628:9)
      at scheduleUpdateOnFiber (node_modules/react-dom/cjs/react-dom.development.js:25547:5)
      at forceStoreRerender (node_modules/react-dom/cjs/react-dom.development.js:16158:5)
      at handleStoreChange (node_modules/react-dom/cjs/react-dom.development.js:16134:7)
      at node_modules/zustand/vanilla.js:12:16
          at Set.forEach (<anonymous>)
      at setState (node_modules/zustand/vanilla.js:11:17)
      at Object.set [as setTool] (src/store/useCanvasStore.ts:113:24)
      at Object.setTool (src/__tests__/integration/whiteboard-integration.test.tsx:346:35)

    console.error
      Warning: An update to Whiteboard inside a test was not wrapped in act(...).
      
      When testing, code that causes React state updates should be wrapped into act(...):
      
      act(() => {
        /* fire events that update state */
      });
      /* assert on the output */
      
      This ensures that you're testing the behavior the user would see in the browser. Learn more at https://reactjs.org/link/wrap-tests-with-act
          at boardId (/Users/shuhaozhang/Project/miro-clone/src/components/Whiteboard.tsx:19:57)

      111 |     
      112 |     // Tool actions
    > 113 |     setTool: (tool) => set({ tool }),
          |                        ^
      114 |     
      115 |     // UI actions
      116 |     toggleGrid: () => set((state) => ({ isGridVisible: !state.isGridVisible })),

      at printWarning (node_modules/react-dom/cjs/react-dom.development.js:86:30)
      at error (node_modules/react-dom/cjs/react-dom.development.js:60:7)
      at warnIfUpdatesNotWrappedWithActDEV (node_modules/react-dom/cjs/react-dom.development.js:27628:9)
      at scheduleUpdateOnFiber (node_modules/react-dom/cjs/react-dom.development.js:25547:5)
      at forceStoreRerender (node_modules/react-dom/cjs/react-dom.development.js:16158:5)
      at handleStoreChange (node_modules/react-dom/cjs/react-dom.development.js:16134:7)
      at node_modules/zustand/vanilla.js:12:16
          at Set.forEach (<anonymous>)
      at setState (node_modules/zustand/vanilla.js:11:17)
      at Object.set [as setTool] (src/store/useCanvasStore.ts:113:24)
      at Object.setTool (src/__tests__/integration/whiteboard-integration.test.tsx:346:35)

    console.error
      Warning: An update to Whiteboard inside a test was not wrapped in act(...).
      
      When testing, code that causes React state updates should be wrapped into act(...):
      
      act(() => {
        /* fire events that update state */
      });
      /* assert on the output */
      
      This ensures that you're testing the behavior the user would see in the browser. Learn more at https://reactjs.org/link/wrap-tests-with-act
          at boardId (/Users/shuhaozhang/Project/miro-clone/src/components/Whiteboard.tsx:19:57)

      111 |     
      112 |     // Tool actions
    > 113 |     setTool: (tool) => set({ tool }),
          |                        ^
      114 |     
      115 |     // UI actions
      116 |     toggleGrid: () => set((state) => ({ isGridVisible: !state.isGridVisible })),

      at printWarning (node_modules/react-dom/cjs/react-dom.development.js:86:30)
      at error (node_modules/react-dom/cjs/react-dom.development.js:60:7)
      at warnIfUpdatesNotWrappedWithActDEV (node_modules/react-dom/cjs/react-dom.development.js:27628:9)
      at scheduleUpdateOnFiber (node_modules/react-dom/cjs/react-dom.development.js:25547:5)
      at forceStoreRerender (node_modules/react-dom/cjs/react-dom.development.js:16158:5)
      at handleStoreChange (node_modules/react-dom/cjs/react-dom.development.js:16134:7)
      at node_modules/zustand/vanilla.js:12:16
          at Set.forEach (<anonymous>)
      at setState (node_modules/zustand/vanilla.js:11:17)
      at Object.set [as setTool] (src/store/useCanvasStore.ts:113:24)
      at Object.setTool (src/__tests__/integration/whiteboard-integration.test.tsx:346:35)

    console.error
      Warning: An update to Whiteboard inside a test was not wrapped in act(...).
      
      When testing, code that causes React state updates should be wrapped into act(...):
      
      act(() => {
        /* fire events that update state */
      });
      /* assert on the output */
      
      This ensures that you're testing the behavior the user would see in the browser. Learn more at https://reactjs.org/link/wrap-tests-with-act
          at boardId (/Users/shuhaozhang/Project/miro-clone/src/components/Whiteboard.tsx:19:57)

      111 |     
      112 |     // Tool actions
    > 113 |     setTool: (tool) => set({ tool }),
          |                        ^
      114 |     
      115 |     // UI actions
      116 |     toggleGrid: () => set((state) => ({ isGridVisible: !state.isGridVisible })),

      at printWarning (node_modules/react-dom/cjs/react-dom.development.js:86:30)
      at error (node_modules/react-dom/cjs/react-dom.development.js:60:7)
      at warnIfUpdatesNotWrappedWithActDEV (node_modules/react-dom/cjs/react-dom.development.js:27628:9)
      at scheduleUpdateOnFiber (node_modules/react-dom/cjs/react-dom.development.js:25547:5)
      at forceStoreRerender (node_modules/react-dom/cjs/react-dom.development.js:16158:5)
      at handleStoreChange (node_modules/react-dom/cjs/react-dom.development.js:16134:7)
      at node_modules/zustand/vanilla.js:12:16
          at Set.forEach (<anonymous>)
      at setState (node_modules/zustand/vanilla.js:11:17)
      at Object.set [as setTool] (src/store/useCanvasStore.ts:113:24)
      at Object.setTool (src/__tests__/integration/whiteboard-integration.test.tsx:346:35)

    console.error
      Warning: An update to Grid inside a test was not wrapped in act(...).
      
      When testing, code that causes React state updates should be wrapped into act(...):
      
      act(() => {
        /* fire events that update state */
      });
      /* assert on the output */
      
      This ensures that you're testing the behavior the user would see in the browser. Learn more at https://reactjs.org/link/wrap-tests-with-act
          at className (/Users/shuhaozhang/Project/miro-clone/src/components/Grid.tsx:11:45)
          at div
          at div
          at boardId (/Users/shuhaozhang/Project/miro-clone/src/components/Whiteboard.tsx:19:57)

      111 |     
      112 |     // Tool actions
    > 113 |     setTool: (tool) => set({ tool }),
          |                        ^
      114 |     
      115 |     // UI actions
      116 |     toggleGrid: () => set((state) => ({ isGridVisible: !state.isGridVisible })),

      at printWarning (node_modules/react-dom/cjs/react-dom.development.js:86:30)
      at error (node_modules/react-dom/cjs/react-dom.development.js:60:7)
      at warnIfUpdatesNotWrappedWithActDEV (node_modules/react-dom/cjs/react-dom.development.js:27628:9)
      at scheduleUpdateOnFiber (node_modules/react-dom/cjs/react-dom.development.js:25547:5)
      at forceStoreRerender (node_modules/react-dom/cjs/react-dom.development.js:16158:5)
      at handleStoreChange (node_modules/react-dom/cjs/react-dom.development.js:16134:7)
      at node_modules/zustand/vanilla.js:12:16
          at Set.forEach (<anonymous>)
      at setState (node_modules/zustand/vanilla.js:11:17)
      at Object.set [as setTool] (src/store/useCanvasStore.ts:113:24)
      at Object.setTool (src/__tests__/integration/whiteboard-integration.test.tsx:346:35)

    console.error
      Warning: An update to Toolbar inside a test was not wrapped in act(...).
      
      When testing, code that causes React state updates should be wrapped into act(...):
      
      act(() => {
        /* fire events that update state */
      });
      /* assert on the output */
      
      This ensures that you're testing the behavior the user would see in the browser. Learn more at https://reactjs.org/link/wrap-tests-with-act
          at onZoomIn (/Users/shuhaozhang/Project/miro-clone/src/components/Toolbar.tsx:29:3)
          at div
          at div
          at boardId (/Users/shuhaozhang/Project/miro-clone/src/components/Whiteboard.tsx:19:57)

      111 |     
      112 |     // Tool actions
    > 113 |     setTool: (tool) => set({ tool }),
          |                        ^
      114 |     
      115 |     // UI actions
      116 |     toggleGrid: () => set((state) => ({ isGridVisible: !state.isGridVisible })),

      at printWarning (node_modules/react-dom/cjs/react-dom.development.js:86:30)
      at error (node_modules/react-dom/cjs/react-dom.development.js:60:7)
      at warnIfUpdatesNotWrappedWithActDEV (node_modules/react-dom/cjs/react-dom.development.js:27628:9)
      at scheduleUpdateOnFiber (node_modules/react-dom/cjs/react-dom.development.js:25547:5)
      at forceStoreRerender (node_modules/react-dom/cjs/react-dom.development.js:16158:5)
      at handleStoreChange (node_modules/react-dom/cjs/react-dom.development.js:16134:7)
      at node_modules/zustand/vanilla.js:12:16
          at Set.forEach (<anonymous>)
      at setState (node_modules/zustand/vanilla.js:11:17)
      at Object.set [as setTool] (src/store/useCanvasStore.ts:113:24)
      at Object.setTool (src/__tests__/integration/whiteboard-integration.test.tsx:346:35)

    console.error
      Warning: An update to ToolPanel inside a test was not wrapped in act(...).
      
      When testing, code that causes React state updates should be wrapped into act(...):
      
      act(() => {
        /* fire events that update state */
      });
      /* assert on the output */
      
      This ensures that you're testing the behavior the user would see in the browser. Learn more at https://reactjs.org/link/wrap-tests-with-act
          at ToolPanel (/Users/shuhaozhang/Project/miro-clone/src/components/ToolPanel.tsx:36:43)
          at div
          at div
          at boardId (/Users/shuhaozhang/Project/miro-clone/src/components/Whiteboard.tsx:19:57)

      111 |     
      112 |     // Tool actions
    > 113 |     setTool: (tool) => set({ tool }),
          |                        ^
      114 |     
      115 |     // UI actions
      116 |     toggleGrid: () => set((state) => ({ isGridVisible: !state.isGridVisible })),

      at printWarning (node_modules/react-dom/cjs/react-dom.development.js:86:30)
      at error (node_modules/react-dom/cjs/react-dom.development.js:60:7)
      at warnIfUpdatesNotWrappedWithActDEV (node_modules/react-dom/cjs/react-dom.development.js:27628:9)
      at scheduleUpdateOnFiber (node_modules/react-dom/cjs/react-dom.development.js:25547:5)
      at forceStoreRerender (node_modules/react-dom/cjs/react-dom.development.js:16158:5)
      at handleStoreChange (node_modules/react-dom/cjs/react-dom.development.js:16134:7)
      at node_modules/zustand/vanilla.js:12:16
          at Set.forEach (<anonymous>)
      at setState (node_modules/zustand/vanilla.js:11:17)
      at Object.set [as setTool] (src/store/useCanvasStore.ts:113:24)
      at Object.setTool (src/__tests__/integration/whiteboard-integration.test.tsx:346:35)

    console.error
      Warning: An update to CollaborationPanel inside a test was not wrapped in act(...).
      
      When testing, code that causes React state updates should be wrapped into act(...):
      
      act(() => {
        /* fire events that update state */
      });
      /* assert on the output */
      
      This ensures that you're testing the behavior the user would see in the browser. Learn more at https://reactjs.org/link/wrap-tests-with-act
          at CollaborationPanel (/Users/shuhaozhang/Project/miro-clone/src/components/CollaborationPanel.tsx:13:56)
          at div
          at div
          at boardId (/Users/shuhaozhang/Project/miro-clone/src/components/Whiteboard.tsx:19:57)

      111 |     
      112 |     // Tool actions
    > 113 |     setTool: (tool) => set({ tool }),
          |                        ^
      114 |     
      115 |     // UI actions
      116 |     toggleGrid: () => set((state) => ({ isGridVisible: !state.isGridVisible })),

      at printWarning (node_modules/react-dom/cjs/react-dom.development.js:86:30)
      at error (node_modules/react-dom/cjs/react-dom.development.js:60:7)
      at warnIfUpdatesNotWrappedWithActDEV (node_modules/react-dom/cjs/react-dom.development.js:27628:9)
      at scheduleUpdateOnFiber (node_modules/react-dom/cjs/react-dom.development.js:25547:5)
      at forceStoreRerender (node_modules/react-dom/cjs/react-dom.development.js:16158:5)
      at handleStoreChange (node_modules/react-dom/cjs/react-dom.development.js:16134:7)
      at node_modules/zustand/vanilla.js:12:16
          at Set.forEach (<anonymous>)
      at setState (node_modules/zustand/vanilla.js:11:17)
      at Object.set [as setTool] (src/store/useCanvasStore.ts:113:24)
      at Object.setTool (src/__tests__/integration/whiteboard-integration.test.tsx:346:35)

    console.error
      Warning: An update to Whiteboard inside a test was not wrapped in act(...).
      
      When testing, code that causes React state updates should be wrapped into act(...):
      
      act(() => {
        /* fire events that update state */
      });
      /* assert on the output */
      
      This ensures that you're testing the behavior the user would see in the browser. Learn more at https://reactjs.org/link/wrap-tests-with-act
          at boardId (/Users/shuhaozhang/Project/miro-clone/src/components/Whiteboard.tsx:19:57)

      111 |     
      112 |     // Tool actions
    > 113 |     setTool: (tool) => set({ tool }),
          |                        ^
      114 |     
      115 |     // UI actions
      116 |     toggleGrid: () => set((state) => ({ isGridVisible: !state.isGridVisible })),

      at printWarning (node_modules/react-dom/cjs/react-dom.development.js:86:30)
      at error (node_modules/react-dom/cjs/react-dom.development.js:60:7)
      at warnIfUpdatesNotWrappedWithActDEV (node_modules/react-dom/cjs/react-dom.development.js:27628:9)
      at scheduleUpdateOnFiber (node_modules/react-dom/cjs/react-dom.development.js:25547:5)
      at forceStoreRerender (node_modules/react-dom/cjs/react-dom.development.js:16158:5)
      at handleStoreChange (node_modules/react-dom/cjs/react-dom.development.js:16134:7)
      at node_modules/zustand/vanilla.js:12:16
          at Set.forEach (<anonymous>)
      at setState (node_modules/zustand/vanilla.js:11:17)
      at Object.set [as setTool] (src/store/useCanvasStore.ts:113:24)
      at Object.setTool (src/__tests__/integration/whiteboard-integration.test.tsx:346:35)

    console.error
      Warning: An update to Whiteboard inside a test was not wrapped in act(...).
      
      When testing, code that causes React state updates should be wrapped into act(...):
      
      act(() => {
        /* fire events that update state */
      });
      /* assert on the output */
      
      This ensures that you're testing the behavior the user would see in the browser. Learn more at https://reactjs.org/link/wrap-tests-with-act
          at boardId (/Users/shuhaozhang/Project/miro-clone/src/components/Whiteboard.tsx:19:57)

      111 |     
      112 |     // Tool actions
    > 113 |     setTool: (tool) => set({ tool }),
          |                        ^
      114 |     
      115 |     // UI actions
      116 |     toggleGrid: () => set((state) => ({ isGridVisible: !state.isGridVisible })),

      at printWarning (node_modules/react-dom/cjs/react-dom.development.js:86:30)
      at error (node_modules/react-dom/cjs/react-dom.development.js:60:7)
      at warnIfUpdatesNotWrappedWithActDEV (node_modules/react-dom/cjs/react-dom.development.js:27628:9)
      at scheduleUpdateOnFiber (node_modules/react-dom/cjs/react-dom.development.js:25547:5)
      at forceStoreRerender (node_modules/react-dom/cjs/react-dom.development.js:16158:5)
      at handleStoreChange (node_modules/react-dom/cjs/react-dom.development.js:16134:7)
      at node_modules/zustand/vanilla.js:12:16
          at Set.forEach (<anonymous>)
      at setState (node_modules/zustand/vanilla.js:11:17)
      at Object.set [as setTool] (src/store/useCanvasStore.ts:113:24)
      at Object.setTool (src/__tests__/integration/whiteboard-integration.test.tsx:346:35)

    console.error
      Warning: An update to Whiteboard inside a test was not wrapped in act(...).
      
      When testing, code that causes React state updates should be wrapped into act(...):
      
      act(() => {
        /* fire events that update state */
      });
      /* assert on the output */
      
      This ensures that you're testing the behavior the user would see in the browser. Learn more at https://reactjs.org/link/wrap-tests-with-act
          at boardId (/Users/shuhaozhang/Project/miro-clone/src/components/Whiteboard.tsx:19:57)

      111 |     
      112 |     // Tool actions
    > 113 |     setTool: (tool) => set({ tool }),
          |                        ^
      114 |     
      115 |     // UI actions
      116 |     toggleGrid: () => set((state) => ({ isGridVisible: !state.isGridVisible })),

      at printWarning (node_modules/react-dom/cjs/react-dom.development.js:86:30)
      at error (node_modules/react-dom/cjs/react-dom.development.js:60:7)
      at warnIfUpdatesNotWrappedWithActDEV (node_modules/react-dom/cjs/react-dom.development.js:27628:9)
      at scheduleUpdateOnFiber (node_modules/react-dom/cjs/react-dom.development.js:25547:5)
      at forceStoreRerender (node_modules/react-dom/cjs/react-dom.development.js:16158:5)
      at handleStoreChange (node_modules/react-dom/cjs/react-dom.development.js:16134:7)
      at node_modules/zustand/vanilla.js:12:16
          at Set.forEach (<anonymous>)
      at setState (node_modules/zustand/vanilla.js:11:17)
      at Object.set [as setTool] (src/store/useCanvasStore.ts:113:24)
      at Object.setTool (src/__tests__/integration/whiteboard-integration.test.tsx:346:35)

    console.error
      Warning: An update to Whiteboard inside a test was not wrapped in act(...).
      
      When testing, code that causes React state updates should be wrapped into act(...):
      
      act(() => {
        /* fire events that update state */
      });
      /* assert on the output */
      
      This ensures that you're testing the behavior the user would see in the browser. Learn more at https://reactjs.org/link/wrap-tests-with-act
          at boardId (/Users/shuhaozhang/Project/miro-clone/src/components/Whiteboard.tsx:19:57)

      111 |     
      112 |     // Tool actions
    > 113 |     setTool: (tool) => set({ tool }),
          |                        ^
      114 |     
      115 |     // UI actions
      116 |     toggleGrid: () => set((state) => ({ isGridVisible: !state.isGridVisible })),

      at printWarning (node_modules/react-dom/cjs/react-dom.development.js:86:30)
      at error (node_modules/react-dom/cjs/react-dom.development.js:60:7)
      at warnIfUpdatesNotWrappedWithActDEV (node_modules/react-dom/cjs/react-dom.development.js:27628:9)
      at scheduleUpdateOnFiber (node_modules/react-dom/cjs/react-dom.development.js:25547:5)
      at forceStoreRerender (node_modules/react-dom/cjs/react-dom.development.js:16158:5)
      at handleStoreChange (node_modules/react-dom/cjs/react-dom.development.js:16134:7)
      at node_modules/zustand/vanilla.js:12:16
          at Set.forEach (<anonymous>)
      at setState (node_modules/zustand/vanilla.js:11:17)
      at Object.set [as setTool] (src/store/useCanvasStore.ts:113:24)
      at Object.setTool (src/__tests__/integration/whiteboard-integration.test.tsx:346:35)

    console.error
      Failed to initialize canvas: TypeError: canvas.getElement is not a function
          at CanvasEngine.getElement [as initializeCanvas] (/Users/shuhaozhang/Project/miro-clone/src/lib/canvas-engine.ts:93:29)
          at new initializeCanvas (/Users/shuhaozhang/Project/miro-clone/src/lib/canvas-engine.ts:72:24)
          at initCanvas (/Users/shuhaozhang/Project/miro-clone/src/hooks/useCanvas.ts:45:18)
          at initCanvas (/Users/shuhaozhang/Project/miro-clone/src/hooks/useCanvas.ts:87:5)
          at commitHookEffectListMount (/Users/shuhaozhang/Project/miro-clone/node_modules/react-dom/cjs/react-dom.development.js:23189:26)
          at commitPassiveMountOnFiber (/Users/shuhaozhang/Project/miro-clone/node_modules/react-dom/cjs/react-dom.development.js:24970:11)
          at commitPassiveMountEffects_complete (/Users/shuhaozhang/Project/miro-clone/node_modules/react-dom/cjs/react-dom.development.js:24930:9)
          at commitPassiveMountEffects_begin (/Users/shuhaozhang/Project/miro-clone/node_modules/react-dom/cjs/react-dom.development.js:24917:7)
          at commitPassiveMountEffects (/Users/shuhaozhang/Project/miro-clone/node_modules/react-dom/cjs/react-dom.development.js:24905:3)
          at flushPassiveEffectsImpl (/Users/shuhaozhang/Project/miro-clone/node_modules/react-dom/cjs/react-dom.development.js:27078:3)
          at flushPassiveEffects (/Users/shuhaozhang/Project/miro-clone/node_modules/react-dom/cjs/react-dom.development.js:27023:14)
          at /Users/shuhaozhang/Project/miro-clone/node_modules/react-dom/cjs/react-dom.development.js:26808:9
          at flushActQueue (/Users/shuhaozhang/Project/miro-clone/node_modules/react/cjs/react.development.js:2667:24)
          at act (/Users/shuhaozhang/Project/miro-clone/node_modules/react/cjs/react.development.js:2582:11)
          at /Users/shuhaozhang/Project/miro-clone/node_modules/@testing-library/react/dist/act-compat.js:47:25
          at renderRoot (/Users/shuhaozhang/Project/miro-clone/node_modules/@testing-library/react/dist/pure.js:180:26)
          at render (/Users/shuhaozhang/Project/miro-clone/node_modules/@testing-library/react/dist/pure.js:271:10)
          at Object.<anonymous> (/Users/shuhaozhang/Project/miro-clone/src/__tests__/integration/whiteboard-integration.test.tsx:354:13)
          at Promise.then.completed (/Users/shuhaozhang/Project/miro-clone/node_modules/jest-circus/build/utils.js:298:28)
          at new Promise (<anonymous>)
          at callAsyncCircusFn (/Users/shuhaozhang/Project/miro-clone/node_modules/jest-circus/build/utils.js:231:10)
          at _callCircusTest (/Users/shuhaozhang/Project/miro-clone/node_modules/jest-circus/build/run.js:316:40)
          at _runTest (/Users/shuhaozhang/Project/miro-clone/node_modules/jest-circus/build/run.js:252:3)
          at _runTestsForDescribeBlock (/Users/shuhaozhang/Project/miro-clone/node_modules/jest-circus/build/run.js:126:9)
          at _runTestsForDescribeBlock (/Users/shuhaozhang/Project/miro-clone/node_modules/jest-circus/build/run.js:121:9)
          at _runTestsForDescribeBlock (/Users/shuhaozhang/Project/miro-clone/node_modules/jest-circus/build/run.js:121:9)
          at run (/Users/shuhaozhang/Project/miro-clone/node_modules/jest-circus/build/run.js:71:3)
          at runAndTransformResultsToJestFormat (/Users/shuhaozhang/Project/miro-clone/node_modules/jest-circus/build/legacy-code-todo-rewrite/jestAdapterInit.js:122:21)
          at jestAdapter (/Users/shuhaozhang/Project/miro-clone/node_modules/jest-circus/build/legacy-code-todo-rewrite/jestAdapter.js:79:19)
          at runTestInternal (/Users/shuhaozhang/Project/miro-clone/node_modules/jest-runner/build/runTest.js:367:16)
          at runTest (/Users/shuhaozhang/Project/miro-clone/node_modules/jest-runner/build/runTest.js:444:34)
          at Object.worker (/Users/shuhaozhang/Project/miro-clone/node_modules/jest-runner/build/testWorker.js:106:12)

      74 |         setIsInitialized(true)
      75 |       } catch (error) {
    > 76 |         console.error('Failed to initialize canvas:', error)
         |                 ^
      77 |         if (engine && !disposed) {
      78 |           try {
      79 |             engine.dispose()

      at error (src/hooks/useCanvas.ts:76:17)
      at initCanvas (src/hooks/useCanvas.ts:87:5)
      at commitHookEffectListMount (node_modules/react-dom/cjs/react-dom.development.js:23189:26)
      at commitPassiveMountOnFiber (node_modules/react-dom/cjs/react-dom.development.js:24970:11)
      at commitPassiveMountEffects_complete (node_modules/react-dom/cjs/react-dom.development.js:24930:9)
      at commitPassiveMountEffects_begin (node_modules/react-dom/cjs/react-dom.development.js:24917:7)
      at commitPassiveMountEffects (node_modules/react-dom/cjs/react-dom.development.js:24905:3)
      at flushPassiveEffectsImpl (node_modules/react-dom/cjs/react-dom.development.js:27078:3)
      at flushPassiveEffects (node_modules/react-dom/cjs/react-dom.development.js:27023:14)
      at node_modules/react-dom/cjs/react-dom.development.js:26808:9
      at flushActQueue (node_modules/react/cjs/react.development.js:2667:24)
      at act (node_modules/react/cjs/react.development.js:2582:11)
      at node_modules/@testing-library/react/dist/act-compat.js:47:25
      at renderRoot (node_modules/@testing-library/react/dist/pure.js:180:26)
      at render (node_modules/@testing-library/react/dist/pure.js:271:10)
      at Object.<anonymous> (src/__tests__/integration/whiteboard-integration.test.tsx:354:13)

    console.error
      Warning: An update to Grid inside a test was not wrapped in act(...).
      
      When testing, code that causes React state updates should be wrapped into act(...):
      
      act(() => {
        /* fire events that update state */
      });
      /* assert on the output */
      
      This ensures that you're testing the behavior the user would see in the browser. Learn more at https://reactjs.org/link/wrap-tests-with-act
          at className (/Users/shuhaozhang/Project/miro-clone/src/components/Grid.tsx:11:45)
          at div
          at div
          at boardId (/Users/shuhaozhang/Project/miro-clone/src/components/Whiteboard.tsx:19:57)

      61 |     
      62 |     // Element actions
    > 63 |     setElements: (elements) => set({ elements }),
         |                                ^
      64 |     
      65 |     addElement: (element) => set((state) => ({
      66 |       elements: [...state.elements, element]

      at printWarning (node_modules/react-dom/cjs/react-dom.development.js:86:30)
      at error (node_modules/react-dom/cjs/react-dom.development.js:60:7)
      at warnIfUpdatesNotWrappedWithActDEV (node_modules/react-dom/cjs/react-dom.development.js:27628:9)
      at scheduleUpdateOnFiber (node_modules/react-dom/cjs/react-dom.development.js:25547:5)
      at forceStoreRerender (node_modules/react-dom/cjs/react-dom.development.js:16158:5)
      at handleStoreChange (node_modules/react-dom/cjs/react-dom.development.js:16134:7)
      at node_modules/zustand/vanilla.js:12:16
          at Set.forEach (<anonymous>)
      at setState (node_modules/zustand/vanilla.js:11:17)
      at Object.set [as setElements] (src/store/useCanvasStore.ts:63:32)
      at Object.setElements (src/__tests__/integration/whiteboard-integration.test.tsx:379:33)

    console.error
      Warning: An update to Toolbar inside a test was not wrapped in act(...).
      
      When testing, code that causes React state updates should be wrapped into act(...):
      
      act(() => {
        /* fire events that update state */
      });
      /* assert on the output */
      
      This ensures that you're testing the behavior the user would see in the browser. Learn more at https://reactjs.org/link/wrap-tests-with-act
          at onZoomIn (/Users/shuhaozhang/Project/miro-clone/src/components/Toolbar.tsx:29:3)
          at div
          at div
          at boardId (/Users/shuhaozhang/Project/miro-clone/src/components/Whiteboard.tsx:19:57)

      61 |     
      62 |     // Element actions
    > 63 |     setElements: (elements) => set({ elements }),
         |                                ^
      64 |     
      65 |     addElement: (element) => set((state) => ({
      66 |       elements: [...state.elements, element]

      at printWarning (node_modules/react-dom/cjs/react-dom.development.js:86:30)
      at error (node_modules/react-dom/cjs/react-dom.development.js:60:7)
      at warnIfUpdatesNotWrappedWithActDEV (node_modules/react-dom/cjs/react-dom.development.js:27628:9)
      at scheduleUpdateOnFiber (node_modules/react-dom/cjs/react-dom.development.js:25547:5)
      at forceStoreRerender (node_modules/react-dom/cjs/react-dom.development.js:16158:5)
      at handleStoreChange (node_modules/react-dom/cjs/react-dom.development.js:16134:7)
      at node_modules/zustand/vanilla.js:12:16
          at Set.forEach (<anonymous>)
      at setState (node_modules/zustand/vanilla.js:11:17)
      at Object.set [as setElements] (src/store/useCanvasStore.ts:63:32)
      at Object.setElements (src/__tests__/integration/whiteboard-integration.test.tsx:379:33)

    console.error
      Warning: An update to ToolPanel inside a test was not wrapped in act(...).
      
      When testing, code that causes React state updates should be wrapped into act(...):
      
      act(() => {
        /* fire events that update state */
      });
      /* assert on the output */
      
      This ensures that you're testing the behavior the user would see in the browser. Learn more at https://reactjs.org/link/wrap-tests-with-act
          at ToolPanel (/Users/shuhaozhang/Project/miro-clone/src/components/ToolPanel.tsx:36:43)
          at div
          at div
          at boardId (/Users/shuhaozhang/Project/miro-clone/src/components/Whiteboard.tsx:19:57)

      61 |     
      62 |     // Element actions
    > 63 |     setElements: (elements) => set({ elements }),
         |                                ^
      64 |     
      65 |     addElement: (element) => set((state) => ({
      66 |       elements: [...state.elements, element]

      at printWarning (node_modules/react-dom/cjs/react-dom.development.js:86:30)
      at error (node_modules/react-dom/cjs/react-dom.development.js:60:7)
      at warnIfUpdatesNotWrappedWithActDEV (node_modules/react-dom/cjs/react-dom.development.js:27628:9)
      at scheduleUpdateOnFiber (node_modules/react-dom/cjs/react-dom.development.js:25547:5)
      at forceStoreRerender (node_modules/react-dom/cjs/react-dom.development.js:16158:5)
      at handleStoreChange (node_modules/react-dom/cjs/react-dom.development.js:16134:7)
      at node_modules/zustand/vanilla.js:12:16
          at Set.forEach (<anonymous>)
      at setState (node_modules/zustand/vanilla.js:11:17)
      at Object.set [as setElements] (src/store/useCanvasStore.ts:63:32)
      at Object.setElements (src/__tests__/integration/whiteboard-integration.test.tsx:379:33)

    console.error
      Warning: An update to CollaborationPanel inside a test was not wrapped in act(...).
      
      When testing, code that causes React state updates should be wrapped into act(...):
      
      act(() => {
        /* fire events that update state */
      });
      /* assert on the output */
      
      This ensures that you're testing the behavior the user would see in the browser. Learn more at https://reactjs.org/link/wrap-tests-with-act
          at CollaborationPanel (/Users/shuhaozhang/Project/miro-clone/src/components/CollaborationPanel.tsx:13:56)
          at div
          at div
          at boardId (/Users/shuhaozhang/Project/miro-clone/src/components/Whiteboard.tsx:19:57)

      61 |     
      62 |     // Element actions
    > 63 |     setElements: (elements) => set({ elements }),
         |                                ^
      64 |     
      65 |     addElement: (element) => set((state) => ({
      66 |       elements: [...state.elements, element]

      at printWarning (node_modules/react-dom/cjs/react-dom.development.js:86:30)
      at error (node_modules/react-dom/cjs/react-dom.development.js:60:7)
      at warnIfUpdatesNotWrappedWithActDEV (node_modules/react-dom/cjs/react-dom.development.js:27628:9)
      at scheduleUpdateOnFiber (node_modules/react-dom/cjs/react-dom.development.js:25547:5)
      at forceStoreRerender (node_modules/react-dom/cjs/react-dom.development.js:16158:5)
      at handleStoreChange (node_modules/react-dom/cjs/react-dom.development.js:16134:7)
      at node_modules/zustand/vanilla.js:12:16
          at Set.forEach (<anonymous>)
      at setState (node_modules/zustand/vanilla.js:11:17)
      at Object.set [as setElements] (src/store/useCanvasStore.ts:63:32)
      at Object.setElements (src/__tests__/integration/whiteboard-integration.test.tsx:379:33)

    console.error
      Warning: An update to Whiteboard inside a test was not wrapped in act(...).
      
      When testing, code that causes React state updates should be wrapped into act(...):
      
      act(() => {
        /* fire events that update state */
      });
      /* assert on the output */
      
      This ensures that you're testing the behavior the user would see in the browser. Learn more at https://reactjs.org/link/wrap-tests-with-act
          at boardId (/Users/shuhaozhang/Project/miro-clone/src/components/Whiteboard.tsx:19:57)

      61 |     
      62 |     // Element actions
    > 63 |     setElements: (elements) => set({ elements }),
         |                                ^
      64 |     
      65 |     addElement: (element) => set((state) => ({
      66 |       elements: [...state.elements, element]

      at printWarning (node_modules/react-dom/cjs/react-dom.development.js:86:30)
      at error (node_modules/react-dom/cjs/react-dom.development.js:60:7)
      at warnIfUpdatesNotWrappedWithActDEV (node_modules/react-dom/cjs/react-dom.development.js:27628:9)
      at scheduleUpdateOnFiber (node_modules/react-dom/cjs/react-dom.development.js:25547:5)
      at forceStoreRerender (node_modules/react-dom/cjs/react-dom.development.js:16158:5)
      at handleStoreChange (node_modules/react-dom/cjs/react-dom.development.js:16134:7)
      at node_modules/zustand/vanilla.js:12:16
          at Set.forEach (<anonymous>)
      at setState (node_modules/zustand/vanilla.js:11:17)
      at Object.set [as setElements] (src/store/useCanvasStore.ts:63:32)
      at Object.setElements (src/__tests__/integration/whiteboard-integration.test.tsx:379:33)

    console.error
      Warning: An update to Whiteboard inside a test was not wrapped in act(...).
      
      When testing, code that causes React state updates should be wrapped into act(...):
      
      act(() => {
        /* fire events that update state */
      });
      /* assert on the output */
      
      This ensures that you're testing the behavior the user would see in the browser. Learn more at https://reactjs.org/link/wrap-tests-with-act
          at boardId (/Users/shuhaozhang/Project/miro-clone/src/components/Whiteboard.tsx:19:57)

      61 |     
      62 |     // Element actions
    > 63 |     setElements: (elements) => set({ elements }),
         |                                ^
      64 |     
      65 |     addElement: (element) => set((state) => ({
      66 |       elements: [...state.elements, element]

      at printWarning (node_modules/react-dom/cjs/react-dom.development.js:86:30)
      at error (node_modules/react-dom/cjs/react-dom.development.js:60:7)
      at warnIfUpdatesNotWrappedWithActDEV (node_modules/react-dom/cjs/react-dom.development.js:27628:9)
      at scheduleUpdateOnFiber (node_modules/react-dom/cjs/react-dom.development.js:25547:5)
      at forceStoreRerender (node_modules/react-dom/cjs/react-dom.development.js:16158:5)
      at handleStoreChange (node_modules/react-dom/cjs/react-dom.development.js:16134:7)
      at node_modules/zustand/vanilla.js:12:16
          at Set.forEach (<anonymous>)
      at setState (node_modules/zustand/vanilla.js:11:17)
      at Object.set [as setElements] (src/store/useCanvasStore.ts:63:32)
      at Object.setElements (src/__tests__/integration/whiteboard-integration.test.tsx:379:33)

    console.error
      Warning: An update to Whiteboard inside a test was not wrapped in act(...).
      
      When testing, code that causes React state updates should be wrapped into act(...):
      
      act(() => {
        /* fire events that update state */
      });
      /* assert on the output */
      
      This ensures that you're testing the behavior the user would see in the browser. Learn more at https://reactjs.org/link/wrap-tests-with-act
          at boardId (/Users/shuhaozhang/Project/miro-clone/src/components/Whiteboard.tsx:19:57)

      61 |     
      62 |     // Element actions
    > 63 |     setElements: (elements) => set({ elements }),
         |                                ^
      64 |     
      65 |     addElement: (element) => set((state) => ({
      66 |       elements: [...state.elements, element]

      at printWarning (node_modules/react-dom/cjs/react-dom.development.js:86:30)
      at error (node_modules/react-dom/cjs/react-dom.development.js:60:7)
      at warnIfUpdatesNotWrappedWithActDEV (node_modules/react-dom/cjs/react-dom.development.js:27628:9)
      at scheduleUpdateOnFiber (node_modules/react-dom/cjs/react-dom.development.js:25547:5)
      at forceStoreRerender (node_modules/react-dom/cjs/react-dom.development.js:16158:5)
      at handleStoreChange (node_modules/react-dom/cjs/react-dom.development.js:16134:7)
      at node_modules/zustand/vanilla.js:12:16
          at Set.forEach (<anonymous>)
      at setState (node_modules/zustand/vanilla.js:11:17)
      at Object.set [as setElements] (src/store/useCanvasStore.ts:63:32)
      at Object.setElements (src/__tests__/integration/whiteboard-integration.test.tsx:379:33)

    console.error
      Warning: An update to Whiteboard inside a test was not wrapped in act(...).
      
      When testing, code that causes React state updates should be wrapped into act(...):
      
      act(() => {
        /* fire events that update state */
      });
      /* assert on the output */
      
      This ensures that you're testing the behavior the user would see in the browser. Learn more at https://reactjs.org/link/wrap-tests-with-act
          at boardId (/Users/shuhaozhang/Project/miro-clone/src/components/Whiteboard.tsx:19:57)

      61 |     
      62 |     // Element actions
    > 63 |     setElements: (elements) => set({ elements }),
         |                                ^
      64 |     
      65 |     addElement: (element) => set((state) => ({
      66 |       elements: [...state.elements, element]

      at printWarning (node_modules/react-dom/cjs/react-dom.development.js:86:30)
      at error (node_modules/react-dom/cjs/react-dom.development.js:60:7)
      at warnIfUpdatesNotWrappedWithActDEV (node_modules/react-dom/cjs/react-dom.development.js:27628:9)
      at scheduleUpdateOnFiber (node_modules/react-dom/cjs/react-dom.development.js:25547:5)
      at forceStoreRerender (node_modules/react-dom/cjs/react-dom.development.js:16158:5)
      at handleStoreChange (node_modules/react-dom/cjs/react-dom.development.js:16134:7)
      at node_modules/zustand/vanilla.js:12:16
          at Set.forEach (<anonymous>)
      at setState (node_modules/zustand/vanilla.js:11:17)
      at Object.set [as setElements] (src/store/useCanvasStore.ts:63:32)
      at Object.setElements (src/__tests__/integration/whiteboard-integration.test.tsx:379:33)

  ● Whiteboard Integration Tests › Component Rendering › should render whiteboard with all essential UI components

    TestingLibraryElementError: Unable to find an accessible element with the role "button" and name `/zoom in/i`

    Here are the accessible roles:

      button:

      Name "":
      [36m<button[39m
        [33mclass[39m=[32m"inline-flex items-center justify-center font-medium rounded-md focus:outline-none focus:ring-2 focus:ring-offset-2 transition-colors duration-200 disabled:opacity-50 disabled:cursor-not-allowed px-3 py-1.5 text-sm text-gray-600 hover:text-gray-900 hover:bg-gray-100 focus:ring-gray-500"[39m
        [33mdisabled[39m=[32m""[39m
      [36m/>[39m

      Name "":
      [36m<button[39m
        [33mclass[39m=[32m"inline-flex items-center justify-center font-medium rounded-md focus:outline-none focus:ring-2 focus:ring-offset-2 transition-colors duration-200 disabled:opacity-50 disabled:cursor-not-allowed px-3 py-1.5 text-sm text-gray-600 hover:text-gray-900 hover:bg-gray-100 focus:ring-gray-500"[39m
        [33mdisabled[39m=[32m""[39m
      [36m/>[39m

      Name "":
      [36m<button[39m
        [33mclass[39m=[32m"inline-flex items-center justify-center font-medium rounded-md focus:outline-none focus:ring-2 focus:ring-offset-2 transition-colors duration-200 disabled:opacity-50 disabled:cursor-not-allowed px-3 py-1.5 text-sm text-gray-600 hover:text-gray-900 hover:bg-gray-100 focus:ring-gray-500"[39m
      [36m/>[39m

      Name "100%":
      [36m<button[39m
        [33mclass[39m=[32m"inline-flex items-center justify-center font-medium rounded-md focus:outline-none focus:ring-2 focus:ring-offset-2 transition-colors duration-200 disabled:opacity-50 disabled:cursor-not-allowed px-3 py-1.5 text-sm text-gray-600 hover:text-gray-900 hover:bg-gray-100 focus:ring-gray-500 min-w-16 text-sm font-mono"[39m
      [36m/>[39m

      Name "":
      [36m<button[39m
        [33mclass[39m=[32m"inline-flex items-center justify-center font-medium rounded-md focus:outline-none focus:ring-2 focus:ring-offset-2 transition-colors duration-200 disabled:opacity-50 disabled:cursor-not-allowed px-3 py-1.5 text-sm text-gray-600 hover:text-gray-900 hover:bg-gray-100 focus:ring-gray-500"[39m
      [36m/>[39m

      Name "":
      [36m<button[39m
        [33mclass[39m=[32m"inline-flex items-center justify-center font-medium rounded-md focus:outline-none focus:ring-2 focus:ring-offset-2 transition-colors duration-200 disabled:opacity-50 disabled:cursor-not-allowed px-3 py-1.5 text-sm text-gray-600 hover:text-gray-900 hover:bg-gray-100 focus:ring-gray-500"[39m
        [33mdisabled[39m=[32m""[39m
      [36m/>[39m

      Name "":
      [36m<button[39m
        [33mclass[39m=[32m"inline-flex items-center justify-center font-medium rounded-md focus:outline-none focus:ring-2 focus:ring-offset-2 transition-colors duration-200 disabled:opacity-50 disabled:cursor-not-allowed px-3 py-1.5 text-sm text-gray-600 hover:text-gray-900 hover:bg-gray-100 focus:ring-gray-500 bg-blue-50 text-blue-600"[39m
      [36m/>[39m

      Name "":
      [36m<button[39m
        [33mclass[39m=[32m"inline-flex items-center justify-center font-medium rounded-md focus:outline-none focus:ring-2 focus:ring-offset-2 transition-colors duration-200 disabled:opacity-50 disabled:cursor-not-allowed px-3 py-1.5 text-sm text-gray-600 hover:text-gray-900 hover:bg-gray-100 focus:ring-gray-500"[39m
        [33mdisabled[39m=[32m""[39m
      [36m/>[39m

      Name "":
      [36m<button[39m
        [33mclass[39m=[32m"inline-flex items-center justify-center font-medium rounded-md focus:outline-none focus:ring-2 focus:ring-offset-2 transition-colors duration-200 disabled:opacity-50 disabled:cursor-not-allowed px-3 py-1.5 text-sm text-gray-600 hover:text-gray-900 hover:bg-gray-100 focus:ring-gray-500"[39m
      [36m/>[39m

      Name "Select (V)":
      [36m<button[39m
        [33maria-label[39m=[32m"Select (V)"[39m
        [33mclass[39m=[32m"inline-flex items-center justify-center font-medium rounded-md focus:outline-none focus:ring-2 focus:ring-offset-2 transition-colors duration-200 disabled:opacity-50 disabled:cursor-not-allowed px-3 py-1.5 text-sm text-gray-600 hover:text-gray-900 hover:bg-gray-100 focus:ring-gray-500 w-10 h-10 flex items-center justify-center bg-blue-50 text-blue-600 ring-2 ring-blue-200"[39m
        [33mdata-testid[39m=[32m"tool-select"[39m
        [33mtitle[39m=[32m"Select (V)"[39m
      [36m/>[39m

      Name "Hand tool (H)":
      [36m<button[39m
        [33maria-label[39m=[32m"Hand tool (H)"[39m
        [33mclass[39m=[32m"inline-flex items-center justify-center font-medium rounded-md focus:outline-none focus:ring-2 focus:ring-offset-2 transition-colors duration-200 disabled:opacity-50 disabled:cursor-not-allowed px-3 py-1.5 text-sm text-gray-600 hover:text-gray-900 hover:bg-gray-100 focus:ring-gray-500 w-10 h-10 flex items-center justify-center"[39m
        [33mdata-testid[39m=[32m"tool-pan"[39m
        [33mtitle[39m=[32m"Hand tool (H)"[39m
      [36m/>[39m

      Name "Sticky note (S)":
      [36m<button[39m
        [33maria-label[39m=[32m"Sticky note (S)"[39m
        [33mclass[39m=[32m"inline-flex items-center justify-center font-medium rounded-md focus:outline-none focus:ring-2 focus:ring-offset-2 transition-colors duration-200 disabled:opacity-50 disabled:cursor-not-allowed px-3 py-1.5 text-sm text-gray-600 hover:text-gray-900 hover:bg-gray-100 focus:ring-gray-500 w-10 h-10 flex items-center justify-center"[39m
        [33mdata-testid[39m=[32m"tool-sticky_note"[39m
        [33mtitle[39m=[32m"Sticky note (S)"[39m
      [36m/>[39m

      Name "Rectangle (R)":
      [36m<button[39m
        [33maria-label[39m=[32m"Rectangle (R)"[39m
        [33mclass[39m=[32m"inline-flex items-center justify-center font-medium rounded-md focus:outline-none focus:ring-2 focus:ring-offset-2 transition-colors duration-200 disabled:opacity-50 disabled:cursor-not-allowed px-3 py-1.5 text-sm text-gray-600 hover:text-gray-900 hover:bg-gray-100 focus:ring-gray-500 w-10 h-10 flex items-center justify-center"[39m
        [33mdata-testid[39m=[32m"tool-rectangle"[39m
        [33mtitle[39m=[32m"Rectangle (R)"[39m
      [36m/>[39m

      Name "Circle (C)":
      [36m<button[39m
        [33maria-label[39m=[32m"Circle (C)"[39m
        [33mclass[39m=[32m"inline-flex items-center justify-center font-medium rounded-md focus:outline-none focus:ring-2 focus:ring-offset-2 transition-colors duration-200 disabled:opacity-50 disabled:cursor-not-allowed px-3 py-1.5 text-sm text-gray-600 hover:text-gray-900 hover:bg-gray-100 focus:ring-gray-500 w-10 h-10 flex items-center justify-center"[39m
        [33mdata-testid[39m=[32m"tool-circle"[39m
        [33mtitle[39m=[32m"Circle (C)"[39m
      [36m/>[39m

      Name "Text (T)":
      [36m<button[39m
        [33maria-label[39m=[32m"Text (T)"[39m
        [33mclass[39m=[32m"inline-flex items-center justify-center font-medium rounded-md focus:outline-none focus:ring-2 focus:ring-offset-2 transition-colors duration-200 disabled:opacity-50 disabled:cursor-not-allowed px-3 py-1.5 text-sm text-gray-600 hover:text-gray-900 hover:bg-gray-100 focus:ring-gray-500 w-10 h-10 flex items-center justify-center"[39m
        [33mdata-testid[39m=[32m"tool-text"[39m
        [33mtitle[39m=[32m"Text (T)"[39m
      [36m/>[39m

      Name "Line (L)":
      [36m<button[39m
        [33maria-label[39m=[32m"Line (L)"[39m
        [33mclass[39m=[32m"inline-flex items-center justify-center font-medium rounded-md focus:outline-none focus:ring-2 focus:ring-offset-2 transition-colors duration-200 disabled:opacity-50 disabled:cursor-not-allowed px-3 py-1.5 text-sm text-gray-600 hover:text-gray-900 hover:bg-gray-100 focus:ring-gray-500 w-10 h-10 flex items-center justify-center"[39m
        [33mdata-testid[39m=[32m"tool-line"[39m
        [33mtitle[39m=[32m"Line (L)"[39m
      [36m/>[39m

      Name "Pen (P)":
      [36m<button[39m
        [33maria-label[39m=[32m"Pen (P)"[39m
        [33mclass[39m=[32m"inline-flex items-center justify-center font-medium rounded-md focus:outline-none focus:ring-2 focus:ring-offset-2 transition-colors duration-200 disabled:opacity-50 disabled:cursor-not-allowed px-3 py-1.5 text-sm text-gray-600 hover:text-gray-900 hover:bg-gray-100 focus:ring-gray-500 w-10 h-10 flex items-center justify-center"[39m
        [33mdata-testid[39m=[32m"tool-freehand"[39m
        [33mtitle[39m=[32m"Pen (P)"[39m
      [36m/>[39m

      Name "":
      [36m<button[39m
        [33mclass[39m=[32m"inline-flex items-center justify-center font-medium rounded-md focus:outline-none focus:ring-2 focus:ring-offset-2 transition-colors duration-200 disabled:opacity-50 disabled:cursor-not-allowed px-3 py-1.5 text-sm text-gray-600 hover:text-gray-900 hover:bg-gray-100 focus:ring-gray-500 w-10 h-10 flex items-center justify-center opacity-50"[39m
        [33mdisabled[39m=[32m""[39m
      [36m/>[39m

      Name "":
      [36m<button[39m
        [33mclass[39m=[32m"inline-flex items-center justify-center font-medium rounded-md focus:outline-none focus:ring-2 focus:ring-offset-2 transition-colors duration-200 disabled:opacity-50 disabled:cursor-not-allowed px-3 py-1.5 text-sm text-gray-600 hover:text-gray-900 hover:bg-gray-100 focus:ring-gray-500 w-10 h-10 flex items-center justify-center opacity-50"[39m
        [33mdisabled[39m=[32m""[39m
      [36m/>[39m

      Name "":
      [36m<button[39m
        [33mclass[39m=[32m"inline-flex items-center justify-center font-medium rounded-md focus:outline-none focus:ring-2 focus:ring-offset-2 transition-colors duration-200 disabled:opacity-50 disabled:cursor-not-allowed px-3 py-1.5 text-sm text-gray-600 hover:text-gray-900 hover:bg-gray-100 focus:ring-gray-500 w-10 h-10 flex items-center justify-center opacity-50"[39m
        [33mdisabled[39m=[32m""[39m
      [36m/>[39m

      Name "":
      [36m<button[39m
        [33mclass[39m=[32m"inline-flex items-center justify-center font-medium rounded-md focus:outline-none focus:ring-2 focus:ring-offset-2 transition-colors duration-200 disabled:opacity-50 disabled:cursor-not-allowed px-2 py-1 text-xs text-gray-600 hover:text-gray-900 hover:bg-gray-100 focus:ring-gray-500 p-1"[39m
      [36m/>[39m

      Name "Invite others":
      [36m<button[39m
        [33mclass[39m=[32m"inline-flex items-center justify-center font-medium rounded-md focus:outline-none focus:ring-2 focus:ring-offset-2 transition-colors duration-200 disabled:opacity-50 disabled:cursor-not-allowed px-3 py-1.5 text-sm border border-gray-300 bg-white text-gray-700 hover:bg-gray-50 focus:ring-blue-500 w-full flex items-center gap-2"[39m
      [36m/>[39m

      --------------------------------------------------

    Ignored nodes: comments, script, style
    [36m<body>[39m
      [36m<div>[39m
        [36m<div[39m
          [33mclass[39m=[32m"fixed inset-0 overflow-hidden bg-white focus:outline-none"[39m
          [33mstyle[39m=[32m"margin: 0px; padding: 0px;"[39m
          [33mtabindex[39m=[32m"0"[39m
        [36m>[39m
          [36m<div[39m
            [33mclass[39m=[32m"canvas-container fixed inset-0 cursor-crosshair touch-none select-none bg-gray-50 w-full h-full"[39m
            [33mstyle[39m=[32m"position: fixed; inset: 0; top: 0px; right: 0px; bottom: 0px; left: 0px; width: 100%; height: 100%; margin: 0px; padding: 0px; will-change: transform; transform: translateZ(0); z-index: 0;"[39m
          [36m>[39m
            [36m<canvas[39m
              [33mclass[39m=[32m"absolute inset-0 pointer-events-none z-0"[39m
              [33mstyle[39m=[32m"mix-blend-mode: multiply;"[39m
            [36m/>[39m
            [36m<div[39m
              [33mclass[39m=[32m"absolute inset-0 flex items-center justify-center bg-white bg-opacity-75 z-50"[39m
            [36m>[39m
              [36m<div[39m
                [33mclass[39m=[32m"animate-spin rounded-full border-2 border-gray-300 border-t-blue-600 w-8 h-8"[39m
              [36m/>[39m
            [36m</div>[39m
          [36m</div>[39m
          [36m<div[39m
            [33mclass[39m=[32m"toolbar"[39m
            [33mstyle[39m=[32m"position: fixed; top: 16px; left: 50%; transform: translateX(-50%); z-index: 100;"[39m
          [36m>[39m
            [36m<div[39m
              [33mclass[39m=[32m"absolute top-4 left-1/2 transform -translate-x-1/2 z-40 flex items-center gap-2 bg-white shadow-lg rounded-lg border p-2"[39m
            [36m>[39m
              [36m<div[39m
                [33mclass[39m=[32m"flex items-center gap-1"[39m
              [36m>[39m
                [36m<div[39m
                  [33mclass[39m=[32m"relative inline-block"[39m
                [36m>[39m
                  [36m<button[39m
                    [33mclass[39m=[32m"inline-flex items-center justify-center font-medium rounded-md focus:outline-none focus:ring-2 focus:ring-offset-2 transition-colors duration-200 disabled:opacity-50 disabled:cursor-not-allowed px-3 py-1.5 text-sm text-gray-600 hover:text-gray-900 hover:bg-gray-100 focus:ring-gray-500"[39m
                    [33mdisabled[39m=[32m""[39m
                  [36m>[39m
                    [36m<svg[39m
                      [33mclass[39m=[32m"w-4 h-4"[39m
                      [33mfill[39m=[32m"none"[39m
                      [33mstroke[39m=[32m"currentColor"[39m
                      [33mviewBox[39m=[32m"0 0 24 24"[39m
                    [36m>[39m
                      [36m<path[39m
                        [33md[39m=[32m"M3 10h10a8 8 0 018 8v2M3 10l6 6m-6-6l6-6"[39m
                        [33mstroke-linecap[39m=[32m"round"[39m
                        [33mstroke-linejoin[39m=[32m"round"[39m
                        [33mstroke-width[39m=[32m"2"[39m
                      [36m/>[39m
                    [36m</svg>[39m
                  [36m</button>[39m
                [36m</div>[39m
                [36m<div[39m
                  [33mclass[39m=[32m"relative inline-block"[39m
                [36m>[39m
                  [36m<button[39m
                    [33mclass[39m=[32m"inline-flex items-center justify-center font-medium rounded-md focus:outline-none focus:ring-2 focus:ring-offset-2 transition-colors duration-200 disabled:opacity-50 disabled:cursor-not-allowed px-3 py-1.5 text-sm text-gray-600 hover:text-gray-900 hover:bg-gray-100 focus:ring-gray-500"[39m
                    [33mdisabled[39m=[32m""[39m
                  [36m>[39m
                    [36m<svg[39m
                      [33mclass[39m=[32m"w-4 h-4"[39m
                      [33mfill[39m=[32m"none"[39m
                      [33mstroke[39m=[32m"currentColor"[39m
                      [33mviewBox[39m=[32m"0 0 24 24"[39m
                    [36m>[39m
                      [36m<path[39m
                        [33md[39m=[32m"M21 10h-10a8 8 0 00-8 8v2m18-10l-6 6m6-6l-6-6"[39m
                        [33mstroke-linecap[39m=[32m"round"[39m
                        [33mstroke-linejoin[39m=[32m"round"[39m
                        [33mstroke-width[39m=[32m"2"[39m
                      [36m/>[39m
                    [36m</svg>[39m
                  [36m</button>[39m
                [36m</div>[39m
                [36m<div[39m
                  [33mclass[39m=[32m"w-px h-6 bg-gray-200 mx-1"[39m
                [36m/>[39m
              [36m</div>[39m
              [36m<div[39m
                [33mclass[39m=[32m"flex items-center gap-1"[39m
              [36m>[39m
                [36m<div[39m
                  [33mclass[39m=[32m"relative inline-block"[39m
                [36m>[39m
                  [36m<button[39m
                    [33mclass[39m=[32m"inline-flex items-center justify-center font-medium rounded-md focus:outline-none focus:ring-2 focus:ring-offset-2 transition-colors duration-200 disabled:opacity-50 disabled:cursor-not-allowed px-3 py-1.5 text-sm text-gray-600 hover:text-gray-900 hover:bg-gray-100 focus:ring-gray-500"[39m
                  [36m>[39m
                    [36m<svg[39m
                      [33mclass[39m=[32m"w-4 h-4"[39m
                      [33mfill[39m=[32m"none"[39m
                      [33mstroke[39m=[32m"currentColor"[39m
                      [33mviewBox[39m=[32m"0 0 24 24"[39m
                    [36m>[39m
                      [36m<circle[39m
                        [33mcx[39m=[32m"11"[39m
                        [33mcy[39m=[32m"11"[39m
                        [33mr[39m=[32m"8"[39m
                        [33mstroke-width[39m=[32m"2"[39m
                      [36m/>[39m
                      [36m<path[39m
                        [33md[39m=[32m"m21 21-4.35-4.35M8 11h6"[39m
                        [33mstroke-width[39m=[32m"2"[39m
                      [36m/>[39m
                    [36m</svg>[39m
                  [36m</button>[39m
                [36m</div>[39m
                [36m<div[39m
                  [33mclass[39m=[32m"relative inline-block"[39m
                [36m>[39m
                  [36m<button[39m
                    [33mclass[39m=[32m"inline-flex items-center justify-center font-medium rounded-md focus:outline-none focus:ring-2 focus:ring-offset-2 transition-colors duration-200 disabled:opacity-50 disabled:cursor-not-allowed px-3 py-1.5 text-sm text-gray-600 hover:text-gray-900 hover:bg-gray-100 focus:ring-gray-500 min-w-16 text-sm font-mono"[39m
                  [36m>[39m
                    [0m100[0m
                    [0m%[0m
                  [36m</button>[39m
                [36m</div>[39m
                [36m<div[39m
                  [33mclass[39m=[32m"relative inline-block"[39m
                [36m>[39m
                  [36m<button[39m
                    [33mclass[39m=[32m"inline-flex items-center justify-center font-medium rounded-md focus:outline-none focus:ring-2 focus:ring-offset-2 transition-colors duration-200 disabled:opacity-50 disabled:cursor-not-allowed px-3 py-1.5 text-sm text-gray-600 hover:text-gray-900 hover:bg-gray-100 focus:ring-gray-500"[39m
                  [36m...

       96 |
       97 |       // Check toolbar is present
    >  98 |       expect(screen.getByRole('button', { name: /zoom in/i })).toBeInTheDocument()
          |                     ^
       99 |       expect(screen.getByRole('button', { name: /zoom out/i })).toBeInTheDocument()
      100 |       expect(screen.getByRole('button', { name: /reset zoom/i })).toBeInTheDocument()
      101 |

      at Object.getElementError (node_modules/@testing-library/react/node_modules/@testing-library/dom/dist/config.js:37:19)
      at node_modules/@testing-library/react/node_modules/@testing-library/dom/dist/query-helpers.js:76:38
      at node_modules/@testing-library/react/node_modules/@testing-library/dom/dist/query-helpers.js:52:17
      at node_modules/@testing-library/react/node_modules/@testing-library/dom/dist/query-helpers.js:95:19
      at Object.getByRole (src/__tests__/integration/whiteboard-integration.test.tsx:98:21)

  ● Whiteboard Integration Tests › Keyboard Shortcuts › should respond to tool keyboard shortcuts

    TestingLibraryElementError: Found multiple elements with the role "generic"

    Here are the matching elements:

    Ignored nodes: comments, script, style
    [36m<div>[39m
      [36m<div[39m
        [33mclass[39m=[32m"fixed inset-0 overflow-hidden bg-white focus:outline-none"[39m
        [33mstyle[39m=[32m"margin: 0px; padding: 0px;"[39m
        [33mtabindex[39m=[32m"0"[39m
      [36m>[39m
        [36m<div[39m
          [33mclass[39m=[32m"canvas-container fixed inset-0 cursor-crosshair touch-none select-none bg-gray-50 w-full h-full"[39m
          [33mstyle[39m=[32m"position: fixed; inset: 0; top: 0px; right: 0px; bottom: 0px; left: 0px; width: 100%; height: 100%; margin: 0px; padding: 0px; will-change: transform; transform: translateZ(0); z-index: 0;"[39m
        [36m>[39m
          [36m<canvas[39m
            [33mclass[39m=[32m"absolute inset-0 pointer-events-none z-0"[39m
            [33mstyle[39m=[32m"mix-blend-mode: multiply;"[39m
          [36m/>[39m
          [36m<div[39m
            [33mclass[39m=[32m"absolute inset-0 flex items-center justify-center bg-white bg-opacity-75 z-50"[39m
          [36m>[39m
            [36m<div[39m
              [33mclass[39m=[32m"animate-spin rounded-full border-2 border-gray-300 border-t-blue-600 w-8 h-8"[39m
            [36m/>[39m
          [36m</div>[39m
        [36m</div>[39m
        [36m<div[39m
          [33mclass[39m=[32m"toolbar"[39m
          [33mstyle[39m=[32m"position: fixed; top: 16px; left: 50%; transform: translateX(-50%); z-index: 100;"[39m
        [36m>[39m
          [36m<div[39m
            [33mclass[39m=[32m"absolute top-4 left-1/2 transform -translate-x-1/2 z-40 flex items-center gap-2 bg-white shadow-lg rounded-lg border p-2"[39m
          [36m>[39m
            [36m<div[39m
              [33mclass[39m=[32m"flex items-center gap-1"[39m
            [36m>[39m
              [36m<div[39m
                [33mclass[39m=[32m"relative inline-block"[39m
              [36m>[39m
                [36m<button[39m
                  [33mclass[39m=[32m"inline-flex items-center justify-center font-medium rounded-md focus:outline-none focus:ring-2 focus:ring-offset-2 transition-colors duration-200 disabled:opacity-50 disabled:cursor-not-allowed px-3 py-1.5 text-sm text-gray-600 hover:text-gray-900 hover:bg-gray-100 focus:ring-gray-500"[39m
                  [33mdisabled[39m=[32m""[39m
                [36m>[39m
                  [36m<svg[39m
                    [33mclass[39m=[32m"w-4 h-4"[39m
                    [33mfill[39m=[32m"none"[39m
                    [33mstroke[39m=[32m"currentColor"[39m
                    [33mviewBox[39m=[32m"0 0 24 24"[39m
                  [36m>[39m
                    [36m<path[39m
                      [33md[39m=[32m"M3 10h10a8 8 0 018 8v2M3 10l6 6m-6-6l6-6"[39m
                      [33mstroke-linecap[39m=[32m"round"[39m
                      [33mstroke-linejoin[39m=[32m"round"[39m
                      [33mstroke-width[39m=[32m"2"[39m
                    [36m/>[39m
                  [36m</svg>[39m
                [36m</button>[39m
              [36m</div>[39m
              [36m<div[39m
                [33mclass[39m=[32m"relative inline-block"[39m
              [36m>[39m
                [36m<button[39m
                  [33mclass[39m=[32m"inline-flex items-center justify-center font-medium rounded-md focus:outline-none focus:ring-2 focus:ring-offset-2 transition-colors duration-200 disabled:opacity-50 disabled:cursor-not-allowed px-3 py-1.5 text-sm text-gray-600 hover:text-gray-900 hover:bg-gray-100 focus:ring-gray-500"[39m
                  [33mdisabled[39m=[32m""[39m
                [36m>[39m
                  [36m<svg[39m
                    [33mclass[39m=[32m"w-4 h-4"[39m
                    [33mfill[39m=[32m"none"[39m
                    [33mstroke[39m=[32m"currentColor"[39m
                    [33mviewBox[39m=[32m"0 0 24 24"[39m
                  [36m>[39m
                    [36m<path[39m
                      [33md[39m=[32m"M21 10h-10a8 8 0 00-8 8v2m18-10l-6 6m6-6l-6-6"[39m
                      [33mstroke-linecap[39m=[32m"round"[39m
                      [33mstroke-linejoin[39m=[32m"round"[39m
                      [33mstroke-width[39m=[32m"2"[39m
                    [36m/>[39m
                  [36m</svg>[39m
                [36m</button>[39m
              [36m</div>[39m
              [36m<div[39m
                [33mclass[39m=[32m"w-px h-6 bg-gray-200 mx-1"[39m
              [36m/>[39m
            [36m</div>[39m
            [36m<div[39m
              [33mclass[39m=[32m"flex items-center gap-1"[39m
            [36m>[39m
              [36m<div[39m
                [33mclass[39m=[32m"relative inline-block"[39m
              [36m>[39m
                [36m<button[39m
                  [33mclass[39m=[32m"inline-flex items-center justify-center font-medium rounded-md focus:outline-none focus:ring-2 focus:ring-offset-2 transition-colors duration-200 disabled:opacity-50 disabled:cursor-not-allowed px-3 py-1.5 text-sm text-gray-600 hover:text-gray-900 hover:bg-gray-100 focus:ring-gray-500"[39m
                [36m>[39m
                  [36m<svg[39m
                    [33mclass[39m=[32m"w-4 h-4"[39m
                    [33mfill[39m=[32m"none"[39m
                    [33mstroke[39m=[32m"currentColor"[39m
                    [33mviewBox[39m=[32m"0 0 24 24"[39m
                  [36m>[39m
                    [36m<circle[39m
                      [33mcx[39m=[32m"11"[39m
                      [33mcy[39m=[32m"11"[39m
                      [33mr[39m=[32m"8"[39m
                      [33mstroke-width[39m=[32m"2"[39m
                    [36m/>[39m
                    [36m<path[39m
                      [33md[39m=[32m"m21 21-4.35-4.35M8 11h6"[39m
                      [33mstroke-width[39m=[32m"2"[39m
                    [36m/>[39m
                  [36m</svg>[39m
                [36m</button>[39m
              [36m</div>[39m
              [36m<div[39m
                [33mclass[39m=[32m"relative inline-block"[39m
              [36m>[39m
                [36m<button[39m
                  [33mclass[39m=[32m"inline-flex items-center justify-center font-medium rounded-md focus:outline-none focus:ring-2 focus:ring-offset-2 transition-colors duration-200 disabled:opacity-50 disabled:cursor-not-allowed px-3 py-1.5 text-sm text-gray-600 hover:text-gray-900 hover:bg-gray-100 focus:ring-gray-500 min-w-16 text-sm font-mono"[39m
                [36m>[39m
                  [0m100[0m
                  [0m%[0m
                [36m</button>[39m
              [36m</div>[39m
              [36m<div[39m
                [33mclass[39m=[32m"relative inline-block"[39m
              [36m>[39m
                [36m<button[39m
                  [33mclass[39m=[32m"inline-flex items-center justify-center font-medium rounded-md focus:outline-none focus:ring-2 focus:ring-offset-2 transition-colors duration-200 disabled:opacity-50 disabled:cursor-not-allowed px-3 py-1.5 text-sm text-gray-600 hover:text-gray-900 hover:bg-gray-100 focus:ring-gray-500"[39m
                [36m>[39m
                  [36m<svg[39m
                    [33mclass[39m=[32m"w-4 h-4"[39m
                    [33mfill[39m=[32m"none"[39m
                    [33mstroke[39m=[32m"currentColor"[39m
                    [33mviewBox[39m=[32m"0 0 24 24"[39m
                  ...

    Ignored nodes: comments, script, style
    [36m<div[39m
      [33mclass[39m=[32m"fixed inset-0 overflow-hidden bg-white focus:outline-none"[39m
      [33mstyle[39m=[32m"margin: 0px; padding: 0px;"[39m
      [33mtabindex[39m=[32m"0"[39m
    [36m>[39m
      [36m<div[39m
        [33mclass[39m=[32m"canvas-container fixed inset-0 cursor-crosshair touch-none select-none bg-gray-50 w-full h-full"[39m
        [33mstyle[39m=[32m"position: fixed; inset: 0; top: 0px; right: 0px; bottom: 0px; left: 0px; width: 100%; height: 100%; margin: 0px; padding: 0px; will-change: transform; transform: translateZ(0); z-index: 0;"[39m
      [36m>[39m
        [36m<canvas[39m
          [33mclass[39m=[32m"absolute inset-0 pointer-events-none z-0"[39m
          [33mstyle[39m=[32m"mix-blend-mode: multiply;"[39m
        [36m/>[39m
        [36m<div[39m
          [33mclass[39m=[32m"absolute inset-0 flex items-center justify-center bg-white bg-opacity-75 z-50"[39m
        [36m>[39m
          [36m<div[39m
            [33mclass[39m=[32m"animate-spin rounded-full border-2 border-gray-300 border-t-blue-600 w-8 h-8"[39m
          [36m/>[39m
        [36m</div>[39m
      [36m</div>[39m
      [36m<div[39m
        [33mclass[39m=[32m"toolbar"[39m
        [33mstyle[39m=[32m"position: fixed; top: 16px; left: 50%; transform: translateX(-50%); z-index: 100;"[39m
      [36m>[39m
        [36m<div[39m
          [33mclass[39m=[32m"absolute top-4 left-1/2 transform -translate-x-1/2 z-40 flex items-center gap-2 bg-white shadow-lg rounded-lg border p-2"[39m
        [36m>[39m
          [36m<div[39m
            [33mclass[39m=[32m"flex items-center gap-1"[39m
          [36m>[39m
            [36m<div[39m
              [33mclass[39m=[32m"relative inline-block"[39m
            [36m>[39m
              [36m<button[39m
                [33mclass[39m=[32m"inline-flex items-center justify-center font-medium rounded-md focus:outline-none focus:ring-2 focus:ring-offset-2 transition-colors duration-200 disabled:opacity-50 disabled:cursor-not-allowed px-3 py-1.5 text-sm text-gray-600 hover:text-gray-900 hover:bg-gray-100 focus:ring-gray-500"[39m
                [33mdisabled[39m=[32m""[39m
              [36m>[39m
                [36m<svg[39m
                  [33mclass[39m=[32m"w-4 h-4"[39m
                  [33mfill[39m=[32m"none"[39m
                  [33mstroke[39m=[32m"currentColor"[39m
                  [33mviewBox[39m=[32m"0 0 24 24"[39m
                [36m>[39m
                  [36m<path[39m
                    [33md[39m=[32m"M3 10h10a8 8 0 018 8v2M3 10l6 6m-6-6l6-6"[39m
                    [33mstroke-linecap[39m=[32m"round"[39m
                    [33mstroke-linejoin[39m=[32m"round"[39m
                    [33mstroke-width[39m=[32m"2"[39m
                  [36m/>[39m
                [36m</svg>[39m
              [36m</button>[39m
            [36m</div>[39m
            [36m<div[39m
              [33mclass[39m=[32m"relative inline-block"[39m
            [36m>[39m
              [36m<button[39m
                [33mclass[39m=[32m"inline-flex items-center justify-center font-medium rounded-md focus:outline-none focus:ring-2 focus:ring-offset-2 transition-colors duration-200 disabled:opacity-50 disabled:cursor-not-allowed px-3 py-1.5 text-sm text-gray-600 hover:text-gray-900 hover:bg-gray-100 focus:ring-gray-500"[39m
                [33mdisabled[39m=[32m""[39m
              [36m>[39m
                [36m<svg[39m
                  [33mclass[39m=[32m"w-4 h-4"[39m
                  [33mfill[39m=[32m"none"[39m
                  [33mstroke[39m=[32m"currentColor"[39m
                  [33mviewBox[39m=[32m"0 0 24 24"[39m
                [36m>[39m
                  [36m<path[39m
                    [33md[39m=[32m"M21 10h-10a8 8 0 00-8 8v2m18-10l-6 6m6-6l-6-6"[39m
                    [33mstroke-linecap[39m=[32m"round"[39m
                    [33mstroke-linejoin[39m=[32m"round"[39m
                    [33mstroke-width[39m=[32m"2"[39m
                  [36m/>[39m
                [36m</svg>[39m
              [36m</button>[39m
            [36m</div>[39m
            [36m<div[39m
              [33mclass[39m=[32m"w-px h-6 bg-gray-200 mx-1"[39m
            [36m/>[39m
          [36m</div>[39m
          [36m<div[39m
            [33mclass[39m=[32m"flex items-center gap-1"[39m
          [36m>[39m
            [36m<div[39m
              [33mclass[39m=[32m"relative inline-block"[39m
            [36m>[39m
              [36m<button[39m
                [33mclass[39m=[32m"inline-flex items-center justify-center font-medium rounded-md focus:outline-none focus:ring-2 focus:ring-offset-2 transition-colors duration-200 disabled:opacity-50 disabled:cursor-not-allowed px-3 py-1.5 text-sm text-gray-600 hover:text-gray-900 hover:bg-gray-100 focus:ring-gray-500"[39m
              [36m>[39m
                [36m<svg[39m
                  [33mclass[39m=[32m"w-4 h-4"[39m
                  [33mfill[39m=[32m"none"[39m
                  [33mstroke[39m=[32m"currentColor"[39m
                  [33mviewBox[39m=[32m"0 0 24 24"[39m
                [36m>[39m
                  [36m<circle[39m
                    [33mcx[39m=[32m"11"[39m
                    [33mcy[39m=[32m"11"[39m
                    [33mr[39m=[32m"8"[39m
                    [33mstroke-width[39m=[32m"2"[39m
                  [36m/>[39m
                  [36m<path[39m
                    [33md[39m=[32m"m21 21-4.35-4.35M8 11h6"[39m
                    [33mstroke-width[39m=[32m"2"[39m
                  [36m/>[39m
                [36m</svg>[39m
              [36m</button>[39m
            [36m</div>[39m
            [36m<div[39m
              [33mclass[39m=[32m"relative inline-block"[39m
            [36m>[39m
              [36m<button[39m
                [33mclass[39m=[32m"inline-flex items-center justify-center font-medium rounded-md focus:outline-none focus:ring-2 focus:ring-offset-2 transition-colors duration-200 disabled:opacity-50 disabled:cursor-not-allowed px-3 py-1.5 text-sm text-gray-600 hover:text-gray-900 hover:bg-gray-100 focus:ring-gray-500 min-w-16 text-sm font-mono"[39m
              [36m>[39m
                [0m100[0m
                [0m%[0m
              [36m</button>[39m
            [36m</div>[39m
            [36m<div[39m
              [33mclass[39m=[32m"relative inline-block"[39m
            [36m>[39m
              [36m<button[39m
                [33mclass[39m=[32m"inline-flex items-center justify-center font-medium rounded-md focus:outline-none focus:ring-2 focus:ring-offset-2 transition-colors duration-200 disabled:opacity-50 disabled:cursor-not-allowed px-3 py-1.5 text-sm text-gray-600 hover:text-gray-900 hover:bg-gray-100 focus:ring-gray-500"[39m
              [36m>[39m
                [36m<svg[39m
                  [33mclass[39m=[32m"w-4 h-4"[39m
                  [33mfill[39m=[32m"none"[39m
                  [33mstroke[39m=[32m"currentColor"[39m
                  [33mviewBox[39m=[32m"0 0 24 24"[39m
                [36m>[39m
                  [36m<circle[39m
                    [33mcx[39m=[32m"11"[39m
                    [33mcy[39m=[32m"11"[39m
                    [33mr[39m=[32m"8"[39m
                    [33mstroke-width[39m=[32m"2"[39m
                  [36m/>[39m
                  [36m<p...

    Ignored nodes: comments, script, style
    [36m<div[39m
      [33mclass[39m=[32m"canvas-container fixed inset-0 cursor-crosshair touch-none select-none bg-gray-50 w-full h-full"[39m
      [33mstyle[39m=[32m"position: fixed; inset: 0; top: 0px; right: 0px; bottom: 0px; left: 0px; width: 100%; height: 100%; margin: 0px; padding: 0px; will-change: transform; transform: translateZ(0); z-index: 0;"[39m
    [36m>[39m
      [36m<canvas[39m
        [33mclass[39m=[32m"absolute inset-0 pointer-events-none z-0"[39m
        [33mstyle[39m=[32m"mix-blend-mode: multiply;"[39m
      [36m/>[39m
      [36m<div[39m
        [33mclass[39m=[32m"absolute inset-0 flex items-center justify-center bg-white bg-opacity-75 z-50"[39m
      [36m>[39m
        [36m<div[39m
          [33mclass[39m=[32m"animate-spin rounded-full border-2 border-gray-300 border-t-blue-600 w-8 h-8"[39m
        [36m/>[39m
      [36m</div>[39m
    [36m</div>[39m

    Ignored nodes: comments, script, style
    [36m<div[39m
      [33mclass[39m=[32m"absolute inset-0 flex items-center justify-center bg-white bg-opacity-75 z-50"[39m
    [36m>[39m
      [36m<div[39m
        [33mclass[39m=[32m"animate-spin rounded-full border-2 border-gray-300 border-t-blue-600 w-8 h-8"[39m
      [36m/>[39m
    [36m</div>[39m

    Ignored nodes: comments, script, style
    [36m<div[39m
      [33mclass[39m=[32m"animate-spin rounded-full border-2 border-gray-300 border-t-blue-600 w-8 h-8"[39m
    [36m/>[39m

    Ignored nodes: comments, script, style
    [36m<div[39m
      [33mclass[39m=[32m"toolbar"[39m
      [33mstyle[39m=[32m"position: fixed; top: 16px; left: 50%; transform: translateX(-50%); z-index: 100;"[39m
    [36m>[39m
      [36m<div[39m
        [33mclass[39m=[32m"absolute top-4 left-1/2 transform -translate-x-1/2 z-40 flex items-center gap-2 bg-white shadow-lg rounded-lg border p-2"[39m
      [36m>[39m
        [36m<div[39m
          [33mclass[39m=[32m"flex items-center gap-1"[39m
        [36m>[39m
          [36m<div[39m
            [33mclass[39m=[32m"relative inline-block"[39m
          [36m>[39m
            [36m<button[39m
              [33mclass[39m=[32m"inline-flex items-center justify-center font-medium rounded-md focus:outline-none focus:ring-2 focus:ring-offset-2 transition-colors duration-200 disabled:opacity-50 disabled:cursor-not-allowed px-3 py-1.5 text-sm text-gray-600 hover:text-gray-900 hover:bg-gray-100 focus:ring-gray-500"[39m
              [33mdisabled[39m=[32m""[39m
            [36m>[39m
              [36m<svg[39m
                [33mclass[39m=[32m"w-4 h-4"[39m
                [33mfill[39m=[32m"none"[39m
                [33mstroke[39m=[32m"currentColor"[39m
                [33mviewBox[39m=[32m"0 0 24 24"[39m
              [36m>[39m
                [36m<path[39m
                  [33md[39m=[32m"M3 10h10a8 8 0 018 8v2M3 10l6 6m-6-6l6-6"[39m
                  [33mstroke-linecap[39m=[32m"round"[39m
                  [33mstroke-linejoin[39m=[32m"round"[39m
                  [33mstroke-width[39m=[32m"2"[39m
                [36m/>[39m
              [36m</svg>[39m
            [36m</button>[39m
          [36m</div>[39m
          [36m<div[39m
            [33mclass[39m=[32m"relative inline-block"[39m
          [36m>[39m
            [36m<button[39m
              [33mclass[39m=[32m"inline-flex items-center justify-center font-medium rounded-md focus:outline-none focus:ring-2 focus:ring-offset-2 transition-colors duration-200 disabled:opacity-50 disabled:cursor-not-allowed px-3 py-1.5 text-sm text-gray-600 hover:text-gray-900 hover:bg-gray-100 focus:ring-gray-500"[39m
              [33mdisabled[39m=[32m""[39m
            [36m>[39m
              [36m<svg[39m
                [33mclass[39m=[32m"w-4 h-4"[39m
                [33mfill[39m=[32m"none"[39m
                [33mstroke[39m=[32m"currentColor"[39m
                [33mviewBox[39m=[32m"0 0 24 24"[39m
              [36m>[39m
                [36m<path[39m
                  [33md[39m=[32m"M21 10h-10a8 8 0 00-8 8v2m18-10l-6 6m6-6l-6-6"[39m
                  [33mstroke-linecap[39m=[32m"round"[39m
                  [33mstroke-linejoin[39m=[32m"round"[39m
                  [33mstroke-width[39m=[32m"2"[39m
                [36m/>[39m
              [36m</svg>[39m
            [36m</button>[39m
          [36m</div>[39m
          [36m<div[39m
            [33mclass[39m=[32m"w-px h-6 bg-gray-200 mx-1"[39m
          [36m/>[39m
        [36m</div>[39m
        [36m<div[39m
          [33mclass[39m=[32m"flex items-center gap-1"[39m
        [36m>[39m
          [36m<div[39m
            [33mclass[39m=[32m"relative inline-block"[39m
          [36m>[39m
            [36m<button[39m
              [33mclass[39m=[32m"inline-flex items-center justify-center font-medium rounded-md focus:outline-none focus:ring-2 focus:ring-offset-2 transition-colors duration-200 disabled:opacity-50 disabled:cursor-not-allowed px-3 py-1.5 text-sm text-gray-600 hover:text-gray-900 hover:bg-gray-100 focus:ring-gray-500"[39m
            [36m>[39m
              [36m<svg[39m
                [33mclass[39m=[32m"w-4 h-4"[39m
                [33mfill[39m=[32m"none"[39m
                [33mstroke[39m=[32m"currentColor"[39m
                [33mviewBox[39m=[32m"0 0 24 24"[39m
              [36m>[39m
                [36m<circle[39m
                  [33mcx[39m=[32m"11"[39m
                  [33mcy[39m=[32m"11"[39m
                  [33mr[39m=[32m"8"[39m
                  [33mstroke-width[39m=[32m"2"[39m
                [36m/>[39m
                [36m<path[39m
                  [33md[39m=[32m"m21 21-4.35-4.35M8 11h6"[39m
                  [33mstroke-width[39m=[32m"2"[39m
                [36m/>[39m
              [36m</svg>[39m
            [36m</button>[39m
          [36m</div>[39m
          [36m<div[39m
            [33mclass[39m=[32m"relative inline-block"[39m
          [36m>[39m
            [36m<button[39m
              [33mclass[39m=[32m"inline-flex items-center justify-center font-medium rounded-md focus:outline-none focus:ring-2 focus:ring-offset-2 transition-colors duration-200 disabled:opacity-50 disabled:cursor-not-allowed px-3 py-1.5 text-sm text-gray-600 hover:text-gray-900 hover:bg-gray-100 focus:ring-gray-500 min-w-16 text-sm font-mono"[39m
            [36m>[39m
              [0m100[0m
              [0m%[0m
            [36m</button>[39m
          [36m</div>[39m
          [36m<div[39m
            [33mclass[39m=[32m"relative inline-block"[39m
          [36m>[39m
            [36m<button[39m
              [33mclass[39m=[32m"inline-flex items-center justify-center font-medium rounded-md focus:outline-none focus:ring-2 focus:ring-offset-2 transition-colors duration-200 disabled:opacity-50 disabled:cursor-not-allowed px-3 py-1.5 text-sm text-gray-600 hover:text-gray-900 hover:bg-gray-100 focus:ring-gray-500"[39m
            [36m>[39m
              [36m<svg[39m
                [33mclass[39m=[32m"w-4 h-4"[39m
                [33mfill[39m=[32m"none"[39m
                [33mstroke[39m=[32m"currentColor"[39m
                [33mviewBox[39m=[32m"0 0 24 24"[39m
              [36m>[39m
                [36m<circle[39m
                  [33mcx[39m=[32m"11"[39m
                  [33mcy[39m=[32m"11"[39m
                  [33mr[39m=[32m"8"[39m
                  [33mstroke-width[39m=[32m"2"[39m
                [36m/>[39m
                [36m<path[39m
                  [33md[39m=[32m"m21 21-4.35-4.35M11 8v6M8 11h6"[39m
                  [33mstroke-width[39m=[32m"2"[39m
                [36m/>[39m
              [36m</svg>[39m
            [36m</button>[39m
          [36m</div>[39m
          [36m<div[39m
            [33mclass[39m=[32m"w-px h-6 bg-gray-200 mx-1"[39m
          [36m/>[39m
        [36m</div>[39m
        [36m<div[39m
          [33mclass[39m=[32m"flex items-center gap-1"[39m
        [36m>[39m
          [36m<div[39m
            [33mclass[39m=[32m"relative inline-block"[39m
          [36m>[39m
            [36m<button[39m
              [33mclass[39m=[32m"inline-flex items-center justify-center font-medium rounded-md focus:outline-none focus:ring-2 focus:ring-offset-2 transition-colors duration-200 disabled:opacity-50 disabled:cursor-not-allowed px-3 py-1.5 text-sm text-gray-600 hover:text-gray-900 hover:bg-gray-100 focus:ring-gray-500"[39m
              [33mdisabled[39m=[32m""[39m
            [36m>[39m
              [36m<svg[39m
                [33mclass[39m=[32m"w-4 h-4"[39m
                [33mfill[39m=[32m"none"[39m
                [33mstroke[39m=[32m"currentColor"[39m
                [33mviewBox[39m=[32m"0 0 24 24"[39m
              [36m>[39m
                [36m<path[39m
                  [33md[39m=[32m"M4 8V4m0 0h4M4 4l5 5m11-1V4m0 0h-4m4 0l-5 5M4 16v4m0 0h4m-4 0l5-5m11 5l-5-5m5 5v-4m0 4h-4"[39m
                  [33mstroke-linecap[39m=[32m"round"[39m
                  [33mstroke-linejoin[39m=[32m"round"[39m
                  [33mstroke-width[39m=[32m"2"[39m
                [36m/>[39m
              [36m</svg>[39m
            [36m</button>[39m
          [36m</div>[39m
          [36m<div[39m
            [33mclass[39m=[32m"relative inline-block"[39m
          [36m>[39m
            [36m<button[39m
              [33mclass[39m=[32m"inline-flex items-center justify-center font-medium rounded-md focus:outline-none focus:ring-2 focus:ring-offset-2 transition-colors duration-200 disabled:opacity-50 disabled:cursor-not-allowed px-3 py-1.5 text-sm text-gray-600 hover:text-gray-900 hover:bg-gray-100 focus:ring-gray-500 bg-blue-50 text-blue-600"[39m
            [36m>[39m
              [36m<svg[39m
                [33mclass[39m=[32m"w-4 h-4"[39m
                [33mfill[39m=[32m"none"[39m
                [33mstroke[39m=[32m"currentColor"[39m
                [33mviewBox[39m=[32m"0 0 24 24"[39m
              [36m>[39m
                [36m<rect[39m
                  [33mheight[39m=[32m"7"[39m
                  [33mstroke-width[39m=[32m"2"[39m
                  [33mwidth[39m=[32m"7"[39m
                  [33mx[39m=[32m"3"[39m
                  [33my[39m=[32m"3"[39m
                [36m/>[39m
                [36m<rect[39m
                  [33mheight[39m=[32m"7"[39m
                  [33mstroke-width[39m=[32m"2"[39m
                  [33mwidth[39m=[32m"7"[39m
                  [33mx[39m=[32m"14"[39m
                  [33my[39m=[32m"3"[39m
                [36m/>[39m
                [36m<rect[39m
                  [33mheight[39m=[32m"7"[39m
                  [33mstroke-width[39m=[32m"2"[39m
                  [33mwidth[39m=[32m"7"[39m
                  [33mx[39m=[32m"14"[39m
                  [33my[39m=[32m"14"[39m
                [36m/>[39m
                [36m<rect[39m
                  [33mheight[39m=[32m"7"[39m
                  [33mstroke-width[39m=[32m"2"[39m
                  [33mwidth[39m=[32m"7"[39m
                  [33mx[39m=[32m"3"[39m
                  [33my[39m=[32m"14"[39m
                [36m/>[39m
              [36m</svg>[39m
            [36m</button>[39m
          [36m</div>[39m
          [36m<div[39m
            [33mclass[39m=[32m"w-px h-6 bg-gray-200 mx-1"[39m
          [36m/>[39m
        [36m</div>[39m
        [36m<div[39m
          [33mclass[39m=[32m"flex items-center gap-1"[39m
        [36m>[39m
          [36m<div[39m
            [33mclass[39m=[32m"relative inline-block"[39m
          [36m>[39m
            [36m<button[39m
              [33mclass[39m=[32m"inline-flex items-center justify-center font-medium rounded-md focus:outline-none focus:ring-2 focus:ring-offset-2 transition-colors duration-200 disabled:opacity-50 disabled:cursor-not-allowed px-3 py-1.5 text-sm text-gray-600 hover:text-gray-900 hover:bg-gray-100 focus:ring-gray-500"[39m
              [33mdisabled[39m=[32m""[39m
            [36m>[39m
              [36m<svg[39m
                [33mclass[39m=[32m"w-4 h-4"[39m
                [33mfill[39m=[32m"none"[39m
                [33mstroke[39m=[32m"currentColor"[39m
                [33mviewBox[39m=[32m"0 0 24 24"[39m
              [36m>[39m
                [36m<path[39m
                  [33md[39m=[32m"M12 10v6m0 0l-3-3m3 3l3-3M3 17V7a2 2 0 012-2h6l2 2h6a2 2 0 012 2v10a2 2 0 01-2 2H5a2 2 0 01-2-2z"[39m
                  [33mstroke-linecap[39m=[32m"round"[39m
                  [33mstroke-linejoin[39m=[32m"round"[39m
                  [33mstroke-width[39m=[32m"2"[39m
                [36m/>[39m
              [36m</svg>[39m
            [36m</button>[39m
          [36m</div>[39m
          [36m<div[39m
            [33mclass[39m=[32m"w-px h-6 bg-gray-200 mx-1"[39m
          [36m/>[39m
        [36m</div>[39m
        [36m<div[39m
          [33mclass[39m=[32m"flex items-center gap-2"[39m
        [36m>[39m
          [36m<div[39m
            [33mclass[39m=[32m"relative inline-block"[39m
          [36m>[39m
            [36m<div[39m
              [33mclass[39m=[32m"w-2 h-2 rounded-full bg-red-500"[39m
            [36m/>[39m
          [36m</div>[39m
          [36m<div[39m
            [33mclass[39m=[32m"relative inline-block"[39m
          [36m>[39m
            [36m<button[39m
              [33mclass[39m=[32m"inline-flex items-center justify-center font-medium rounded-md focus:outline-none focus:ring-2 focus:ring-offset-2 transition-colors duration-200 disabled:opacity-50 disabled:cursor-not-allowed px-3 py-1.5 text-sm text-gray-600 hover:text-gray-900 hover:bg-gray-100 focus:ring-gray-500"[39m
            [36m>[39m
              [36m<svg[39m
                [33mclass[39m=[32m"w-4 h-4"[39m
                [33mfill[39m=[32m"none"[39m
                [33mstroke[39m=[32m"currentColor"[39m
                [33mviewBox[39m=[32m"0 0 24 24"[39m
              [36m>[39m
                [36m<path[39m
                  [33md[39m=[32m"M8.684 13.342C8.886 12.938 9 12.482 9 12c0-.482-.114-.938-.316-1.342m0 2.684a3 3 0 110-2.684m0 2.684l6.632 3.316m-6.632-6l6.632-3.316m0 0a3 3 0 105.367-2.684 3 3 0 00-5.367 2.684zm0 9.316a3 3 0 105.367 2.684 3 3 0 00-5.367-2.684z"[39m
                  [33mstroke-linecap[39m=[32m"round"[39m
                  [33mstroke-linejoin[39m=[32m"round"[39m
                  [33mstroke-width[39m=[32m"2"[39m
                [36m/>[39m
              [36m</svg>[39m
            [36m</button>[39m
          [36m</div>[39m
        [36m</div>[39m
        [36m<div[39m
          [33mclass[39m=[32m"text-xs text-gray-400 px-2"[39m
        [36m>[39m
          [0m0[0m
          [0m elements[0m
        [36m</div>[39m
      [36m</div>[39m
    [36m</div>[39m

    Ignored nodes: comments, script, style
    [36m<div[39m
      [33mclass[39m=[32m"absolute top-4 left-1/2 transform -translate-x-1/2 z-40 flex items-center gap-2 bg-white shadow-lg rounded-lg border p-2"[39m
    [36m>[39m
      [36m<div[39m
        [33mclass[39m=[32m"flex items-center gap-1"[39m
      [36m>[39m
        [36m<div[39m
          [33mclass[39m=[32m"relative inline-block"[39m
        [36m>[39m
          [36m<button[39m
            [33mclass[39m=[32m"inline-flex items-center justify-center font-medium rounded-md focus:outline-none focus:ring-2 focus:ring-offset-2 transition-colors duration-200 disabled:opacity-50 disabled:cursor-not-allowed px-3 py-1.5 text-sm text-gray-600 hover:text-gray-900 hover:bg-gray-100 focus:ring-gray-500"[39m
            [33mdisabled[39m=[32m""[39m
          [36m>[39m
            [36m<svg[39m
              [33mclass[39m=[32m"w-4 h-4"[39m
              [33mfill[39m=[32m"none"[39m
              [33mstroke[39m=[32m"currentColor"[39m
              [33mviewBox[39m=[32m"0 0 24 24"[39m
            [36m>[39m
              [36m<path[39m
                [33md[39m=[32m"M3 10h10a8 8 0 018 8v2M3 10l6 6m-6-6l6-6"[39m
                [33mstroke-linecap[39m=[32m"round"[39m
                [33mstroke-linejoin[39m=[32m"round"[39m
                [33mstroke-width[39m=[32m"2"[39m
              [36m/>[39m
            [36m</svg>[39m
          [36m</button>[39m
        [36m</div>[39m
        [36m<div[39m
          [33mclass[39m=[32m"relative inline-block"[39m
        [36m>[39m
          [36m<button[39m
            [33mclass[39m=[32m"inline-flex items-center justify-center font-medium rounded-md focus:outline-none focus:ring-2 focus:ring-offset-2 transition-colors duration-200 disabled:opacity-50 disabled:cursor-not-allowed px-3 py-1.5 text-sm text-gray-600 hover:text-gray-900 hover:bg-gray-100 focus:ring-gray-500"[39m
            [33mdisabled[39m=[32m""[39m
          [36m>[39m
            [36m<svg[39m
              [33mclass[39m=[32m"w-4 h-4"[39m
              [33mfill[39m=[32m"none"[39m
              [33mstroke[39m=[32m"currentColor"[39m
              [33mviewBox[39m=[32m"0 0 24 24"[39m
            [36m>[39m
              [36m<path[39m
                [33md[39m=[32m"M21 10h-10a8 8 0 00-8 8v2m18-10l-6 6m6-6l-6-6"[39m
                [33mstroke-linecap[39m=[32m"round"[39m
                [33mstroke-linejoin[39m=[32m"round"[39m
                [33mstroke-width[39m=[32m"2"[39m
              [36m/>[39m
            [36m</svg>[39m
          [36m</button>[39m
        [36m</div>[39m
        [36m<div[39m
          [33mclass[39m=[32m"w-px h-6 bg-gray-200 mx-1"[39m
        [36m/>[39m
      [36m</div>[39m
      [36m<div[39m
        [33mclass[39m=[32m"flex items-center gap-1"[39m
      [36m>[39m
        [36m<div[39m
          [33mclass[39m=[32m"relative inline-block"[39m
        [36m>[39m
          [36m<button[39m
            [33mclass[39m=[32m"inline-flex items-center justify-center font-medium rounded-md focus:outline-none focus:ring-2 focus:ring-offset-2 transition-colors duration-200 disabled:opacity-50 disabled:cursor-not-allowed px-3 py-1.5 text-sm text-gray-600 hover:text-gray-900 hover:bg-gray-100 focus:ring-gray-500"[39m
          [36m>[39m
            [36m<svg[39m
              [33mclass[39m=[32m"w-4 h-4"[39m
              [33mfill[39m=[32m"none"[39m
              [33mstroke[39m=[32m"currentColor"[39m
              [33mviewBox[39m=[32m"0 0 24 24"[39m
            [36m>[39m
              [36m<circle[39m
                [33mcx[39m=[32m"11"[39m
                [33mcy[39m=[32m"11"[39m
                [33mr[39m=[32m"8"[39m
                [33mstroke-width[39m=[32m"2"[39m
              [36m/>[39m
              [36m<path[39m
                [33md[39m=[32m"m21 21-4.35-4.35M8 11h6"[39m
                [33mstroke-width[39m=[32m"2"[39m
              [36m/>[39m
            [36m</svg>[39m
          [36m</button>[39m
        [36m</div>[39m
        [36m<div[39m
          [33mclass[39m=[32m"relative inline-block"[39m
        [36m>[39m
          [36m<button[39m
            [33mclass[39m=[32m"inline-flex items-center justify-center font-medium rounded-md focus:outline-none focus:ring-2 focus:ring-offset-2 transition-colors duration-200 disabled:opacity-50 disabled:cursor-not-allowed px-3 py-1.5 text-sm text-gray-600 hover:text-gray-900 hover:bg-gray-100 focus:ring-gray-500 min-w-16 text-sm font-mono"[39m
          [36m>[39m
            [0m100[0m
            [0m%[0m
          [36m</button>[39m
        [36m</div>[39m
        [36m<div[39m
          [33mclass[39m=[32m"relative inline-block"[39m
        [36m>[39m
          [36m<button[39m
            [33mclass[39m=[32m"inline-flex items-center justify-center font-medium rounded-md focus:outline-none focus:ring-2 focus:ring-offset-2 transition-colors duration-200 disabled:opacity-50 disabled:cursor-not-allowed px-3 py-1.5 text-sm text-gray-600 hover:text-gray-900 hover:bg-gray-100 focus:ring-gray-500"[39m
          [36m>[39m
            [36m<svg[39m
              [33mclass[39m=[32m"w-4 h-4"[39m
              [33mfill[39m=[32m"none"[39m
              [33mstroke[39m=[32m"currentColor"[39m
              [33mviewBox[39m=[32m"0 0 24 24"[39m
            [36m>[39m
              [36m<circle[39m
                [33mcx[39m=[32m"11"[39m
                [33mcy[39m=[32m"11"[39m
                [33mr[39m=[32m"8"[39m
                [33mstroke-width[39m=[32m"2"[39m
              [36m/>[39m
              [36m<path[39m
                [33md[39m=[32m"m21 21-4.35-4.35M11 8v6M8 11h6"[39m
                [33mstroke-width[39m=[32m"2"[39m
              [36m/>[39m
            [36m</svg>[39m
          [36m</button>[39m
        [36m</div>[39m
        [36m<div[39m
          [33mclass[39m=[32m"w-px h-6 bg-gray-200 mx-1"[39m
        [36m/>[39m
      [36m</div>[39m
      [36m<div[39m
        [33mclass[39m=[32m"flex items-center gap-1"[39m
      [36m>[39m
        [36m<div[39m
          [33mclass[39m=[32m"relative inline-block"[39m
        [36m>[39m
          [36m<button[39m
            [33mclass[39m=[32m"inline-flex items-center justify-center font-medium rounded-md focus:outline-none focus:ring-2 focus:ring-offset-2 transition-colors duration-200 disabled:opacity-50 disabled:cursor-not-allowed px-3 py-1.5 text-sm text-gray-600 hover:text-gray-900 hover:bg-gray-100 focus:ring-gray-500"[39m
            [33mdisabled[39m=[32m""[39m
          [36m>[39m
            [36m<svg[39m
              [33mclass[39m=[32m"w-4 h-4"[39m
              [33mfill[39m=[32m"none"[39m
              [33mstroke[39m=[32m"currentColor"[39m
              [33mviewBox[39m=[32m"0 0 24 24"[39m
            [36m>[39m
              [36m<path[39m
                [33md[39m=[32m"M4 8V4m0 0h4M4 4l5 5m11-1V4m0 0h-4m4 0l-5 5M4 16v4m0 0h4m-4 0l5-5m11 5l-5-5m5 5v-4m0 4h-4"[39m
                [33mstroke-linecap[39m=[32m"round"[39m
                [33mstroke-linejoin[39m=[32m"round"[39m
                [33mstroke-width[39m=[32m"2"[39m
              [36m/>[39m
            [36m</svg>[39m
          [36m</button>[39m
        [36m</div>[39m
        [36m<div[39m
          [33mclass[39m=[32m"relative inline-block"[39m
        [36m>[39m
          [36m<button[39m
            [33mclass[39m=[32m"inline-flex items-center justify-center font-medium rounded-md focus:outline-none focus:ring-2 focus:ring-offset-2 transition-colors duration-200 disabled:opacity-50 disabled:cursor-not-allowed px-3 py-1.5 text-sm text-gray-600 hover:text-gray-900 hover:bg-gray-100 focus:ring-gray-500 bg-blue-50 text-blue-600"[39m
          [36m>[39m
            [36m<svg[39m
              [33mclass[39m=[32m"w-4 h-4"[39m
              [33mfill[39m=[32m"none"[39m
              [33mstroke[39m=[32m"currentColor"[39m
              [33mviewBox[39m=[32m"0 0 24 24"[39m
            [36m>[39m
              [36m<rect[39m
                [33mheight[39m=[32m"7"[39m
                [33mstroke-width[39m=[32m"2"[39m
                [33mwidth[39m=[32m"7"[39m
                [33mx[39m=[32m"3"[39m
                [33my[39m=[32m"3"[39m
              [36m/>[39m
              [36m<rect[39m
                [33mheight[39m=[32m"7"[39m
                [33mstroke-width[39m=[32m"2"[39m
                [33mwidth[39m=[32m"7"[39m
                [33mx[39m=[32m"14"[39m
                [33my[39m=[32m"3"[39m
              [36m/>[39m
              [36m<rect[39m
                [33mheight[39m=[32m"7"[39m
                [33mstroke-width[39m=[32m"2"[39m
                [33mwidth[39m=[32m"7"[39m
                [33mx[39m=[32m"14"[39m
                [33my[39m=[32m"14"[39m
              [36m/>[39m
              [36m<rect[39m
                [33mheight[39m=[32m"7"[39m
                [33mstroke-width[39m=[32m"2"[39m
                [33mwidth[39m=[32m"7"[39m
                [33mx[39m=[32m"3"[39m
                [33my[39m=[32m"14"[39m
              [36m/>[39m
            [36m</svg>[39m
          [36m</button>[39m
        [36m</div>[39m
        [36m<div[39m
          [33mclass[39m=[32m"w-px h-6 bg-gray-200 mx-1"[39m
        [36m/>[39m
      [36m</div>[39m
      [36m<div[39m
        [33mclass[39m=[32m"flex items-center gap-1"[39m
      [36m>[39m
        [36m<div[39m
          [33mclass[39m=[32m"relative inline-block"[39m
        [36m>[39m
          [36m<button[39m
            [33mclass[39m=[32m"inline-flex items-center justify-center font-medium rounded-md focus:outline-none focus:ring-2 focus:ring-offset-2 transition-colors duration-200 disabled:opacity-50 disabled:cursor-not-allowed px-3 py-1.5 text-sm text-gray-600 hover:text-gray-900 hover:bg-gray-100 focus:ring-gray-500"[39m
            [33mdisabled[39m=[32m""[39m
          [36m>[39m
            [36m<svg[39m
              [33mclass[39m=[32m"w-4 h-4"[39m
              [33mfill[39m=[32m"none"[39m
              [33mstroke[39m=[32m"currentColor"[39m
              [33mviewBox[39m=[32m"0 0 24 24"[39m
            [36m>[39m
              [36m<path[39m
                [33md[39m=[32m"M12 10v6m0 0l-3-3m3 3l3-3M3 17V7a2 2 0 012-2h6l2 2h6a2 2 0 012 2v10a2 2 0 01-2 2H5a2 2 0 01-2-2z"[39m
                [33mstroke-linecap[39m=[32m"round"[39m
                [33mstroke-linejoin[39m=[32m"round"[39m
                [33mstroke-width[39m=[32m"2"[39m
              [36m/>[39m
            [36m</svg>[39m
          [36m</button>[39m
        [36m</div>[39m
        [36m<div[39m
          [33mclass[39m=[32m"w-px h-6 bg-gray-200 mx-1"[39m
        [36m/>[39m
      [36m</div>[39m
      [36m<div[39m
        [33mclass[39m=[32m"flex items-center gap-2"[39m
      [36m>[39m
        [36m<div[39m
          [33mclass[39m=[32m"relative inline-block"[39m
        [36m>[39m
          [36m<div[39m
            [33mclass[39m=[32m"w-2 h-2 rounded-full bg-red-500"[39m
          [36m/>[39m
        [36m</div>[39m
        [36m<div[39m
          [33mclass[39m=[32m"relative inline-block"[39m
        [36m>[39m
          [36m<button[39m
            [33mclass[39m=[32m"inline-flex items-center justify-center font-medium rounded-md focus:outline-none focus:ring-2 focus:ring-offset-2 transition-colors duration-200 disabled:opacity-50 disabled:cursor-not-allowed px-3 py-1.5 text-sm text-gray-600 hover:text-gray-900 hover:bg-gray-100 focus:ring-gray-500"[39m
          [36m>[39m
            [36m<svg[39m
              [33mclass[39m=[32m"w-4 h-4"[39m
              [33mfill[39m=[32m"none"[39m
              [33mstroke[39m=[32m"currentColor"[39m
              [33mviewBox[39m=[32m"0 0 24 24"[39m
            [36m>[39m
              [36m<path[39m
                [33md[39m=[32m"M8.684 13.342C8.886 12.938 9 12.482 9 12c0-.482-.114-.938-.316-1.342m0 2.684a3 3 0 110-2.684m0 2.684l6.632 3.316m-6.632-6l6.632-3.316m0 0a3 3 0 105.367-2.684 3 3 0 00-5.367 2.684zm0 9.316a3 3 0 105.367 2.684 3 3 0 00-5.367-2.684z"[39m
                [33mstroke-linecap[39m=[32m"round"[39m
                [33mstroke-linejoin[39m=[32m"round"[39m
                [33mstroke-width[39m=[32m"2"[39m
              [36m/>[39m
            [36m</svg>[39m
          [36m</button>[39m
        [36m</div>[39m
      [36m</div>[39m
      [36m<div[39m
        [33mclass[39m=[32m"text-xs text-gray-400 px-2"[39m
      [36m>[39m
        [0m0[0m
        [0m elements[0m
      [36m</div>[39m
    [36m</div>[39m

    Ignored nodes: comments, script, style
    [36m<div[39m
      [33mclass[39m=[32m"flex items-center gap-1"[39m
    [36m>[39m
      [36m<div[39m
        [33mclass[39m=[32m"relative inline-block"[39m
      [36m>[39m
        [36m<button[39m
          [33mclass[39m=[32m"inline-flex items-center justify-center font-medium rounded-md focus:outline-none focus:ring-2 focus:ring-offset-2 transition-colors duration-200 disabled:opacity-50 disabled:cursor-not-allowed px-3 py-1.5 text-sm text-gray-600 hover:text-gray-900 hover:bg-gray-100 focus:ring-gray-500"[39m
          [33mdisabled[39m=[32m""[39m
        [36m>[39m
          [36m<svg[39m
            [33mclass[39m=[32m"w-4 h-4"[39m
            [33mfill[39m=[32m"none"[39m
            [33mstroke[39m=[32m"currentColor"[39m
            [33mviewBox[39m=[32m"0 0 24 24"[39m
          [36m>[39m
            [36m<path[39m
              [33md[39m=[32m"M3 10h10a8 8 0 018 8v2M3 10l6 6m-6-6l6-6"[39m
              [33mstroke-linecap[39m=[32m"round"[39m
              [33mstroke-linejoin[39m=[32m"round"[39m
              [33mstroke-width[39m=[32m"2"[39m
            [36m/>[39m
          [36m</svg>[39m
        [36m</button>[39m
      [36m</div>[39m
      [36m<div[39m
        [33mclass[39m=[32m"relative inline-block"[39m
      [36m>[39m
        [36m<button[39m
          [33mclass[39m=[32m"inline-flex items-center justify-center font-medium rounded-md focus:outline-none focus:ring-2 focus:ring-offset-2 transition-colors duration-200 disabled:opacity-50 disabled:cursor-not-allowed px-3 py-1.5 text-sm text-gray-600 hover:text-gray-900 hover:bg-gray-100 focus:ring-gray-500"[39m
          [33mdisabled[39m=[32m""[39m
        [36m>[39m
          [36m<svg[39m
            [33mclass[39m=[32m"w-4 h-4"[39m
            [33mfill[39m=[32m"none"[39m
            [33mstroke[39m=[32m"currentColor"[39m
            [33mviewBox[39m=[32m"0 0 24 24"[39m
          [36m>[39m
            [36m<path[39m
              [33md[39m=[32m"M21 10h-10a8 8 0 00-8 8v2m18-10l-6 6m6-6l-6-6"[39m
              [33mstroke-linecap[39m=[32m"round"[39m
              [33mstroke-linejoin[39m=[32m"round"[39m
              [33mstroke-width[39m=[32m"2"[39m
            [36m/>[39m
          [36m</svg>[39m
        [36m</button>[39m
      [36m</div>[39m
      [36m<div[39m
        [33mclass[39m=[32m"w-px h-6 bg-gray-200 mx-1"[39m
      [36m/>[39m
    [36m</div>[39m

    Ignored nodes: comments, script, style
    [36m<div[39m
      [33mclass[39m=[32m"relative inline-block"[39m
    [36m>[39m
      [36m<button[39m
        [33mclass[39m=[32m"inline-flex items-center justify-center font-medium rounded-md focus:outline-none focus:ring-2 focus:ring-offset-2 transition-colors duration-200 disabled:opacity-50 disabled:cursor-not-allowed px-3 py-1.5 text-sm text-gray-600 hover:text-gray-900 hover:bg-gray-100 focus:ring-gray-500"[39m
        [33mdisabled[39m=[32m""[39m
      [36m>[39m
        [36m<svg[39m
          [33mclass[39m=[32m"w-4 h-4"[39m
          [33mfill[39m=[32m"none"[39m
          [33mstroke[39m=[32m"currentColor"[39m
          [33mviewBox[39m=[32m"0 0 24 24"[39m
        [36m>[39m
          [36m<path[39m
            [33md[39m=[32m"M3 10h10a8 8 0 018 8v2M3 10l6 6m-6-6l6-6"[39m
            [33mstroke-linecap[39m=[32m"round"[39m
            [33mstroke-linejoin[39m=[32m"round"[39m
            [33mstroke-width[39m=[32m"2"[39m
          [36m/>[39m
        [36m</svg>[39m
      [36m</button>[39m
    [36m</div>[39m

    Ignored nodes: comments, script, style
    [36m<div[39m
      [33mclass[39m=[32m"relative inline-block"[39m
    [36m>[39m
      [36m<button[39m
        [33mclass[39m=[32m"inline-flex items-center justify-center font-medium rounded-md focus:outline-none focus:ring-2 focus:ring-offset-2 transition-colors duration-200 disabled:opacity-50 disabled:cursor-not-allowed px-3 py-1.5 text-sm text-gray-600 hover:text-gray-900 hover:bg-gray-100 focus:ring-gray-500"[39m
        [33mdisabled[39m=[32m""[39m
      [36m>[39m
        [36m<svg[39m
          [33mclass[39m=[32m"w-4 h-4"[39m
          [33mfill[39m=[32m"none"[39m
          [33mstroke[39m=[32m"currentColor"[39m
          [33mviewBox[39m=[32m"0 0 24 24"[39m
        [36m>[39m
          [36m<path[39m
            [33md[39m=[32m"M21 10h-10a8 8 0 00-8 8v2m18-10l-6 6m6-6l-6-6"[39m
            [33mstroke-linecap[39m=[32m"round"[39m
            [33mstroke-linejoin[39m=[32m"round"[39m
            [33mstroke-width[39m=[32m"2"[39m
          [36m/>[39m
        [36m</svg>[39m
      [36m</button>[39m
    [36m</div>[39m

    Ignored nodes: comments, script, style
    [36m<div[39m
      [33mclass[39m=[32m"w-px h-6 bg-gray-200 mx-1"[39m
    [36m/>[39m

    Ignored nodes: comments, script, style
    [36m<div[39m
      [33mclass[39m=[32m"flex items-center gap-1"[39m
    [36m>[39m
      [36m<div[39m
        [33mclass[39m=[32m"relative inline-block"[39m
      [36m>[39m
        [36m<button[39m
          [33mclass[39m=[32m"inline-flex items-center justify-center font-medium rounded-md focus:outline-none focus:ring-2 focus:ring-offset-2 transition-colors duration-200 disabled:opacity-50 disabled:cursor-not-allowed px-3 py-1.5 text-sm text-gray-600 hover:text-gray-900 hover:bg-gray-100 focus:ring-gray-500"[39m
        [36m>[39m
          [36m<svg[39m
            [33mclass[39m=[32m"w-4 h-4"[39m
            [33mfill[39m=[32m"none"[39m
            [33mstroke[39m=[32m"currentColor"[39m
            [33mviewBox[39m=[32m"0 0 24 24"[39m
          [36m>[39m
            [36m<circle[39m
              [33mcx[39m=[32m"11"[39m
              [33mcy[39m=[32m"11"[39m
              [33mr[39m=[32m"8"[39m
              [33mstroke-width[39m=[32m"2"[39m
            [36m/>[39m
            [36m<path[39m
              [33md[39m=[32m"m21 21-4.35-4.35M8 11h6"[39m
              [33mstroke-width[39m=[32m"2"[39m
            [36m/>[39m
          [36m</svg>[39m
        [36m</button>[39m
      [36m</div>[39m
      [36m<div[39m
        [33mclass[39m=[32m"relative inline-block"[39m
      [36m>[39m
        [36m<button[39m
          [33mclass[39m=[32m"inline-flex items-center justify-center font-medium rounded-md focus:outline-none focus:ring-2 focus:ring-offset-2 transition-colors duration-200 disabled:opacity-50 disabled:cursor-not-allowed px-3 py-1.5 text-sm text-gray-600 hover:text-gray-900 hover:bg-gray-100 focus:ring-gray-500 min-w-16 text-sm font-mono"[39m
        [36m>[39m
          [0m100[0m
          [0m%[0m
        [36m</button>[39m
      [36m</div>[39m
      [36m<div[39m
        [33mclass[39m=[32m"relative inline-block"[39m
      [36m>[39m
        [36m<button[39m
          [33mclass[39m=[32m"inline-flex items-center justify-center font-medium rounded-md focus:outline-none focus:ring-2 focus:ring-offset-2 transition-colors duration-200 disabled:opacity-50 disabled:cursor-not-allowed px-3 py-1.5 text-sm text-gray-600 hover:text-gray-900 hover:bg-gray-100 focus:ring-gray-500"[39m
        [36m>[39m
          [36m<svg[39m
            [33mclass[39m=[32m"w-4 h-4"[39m
            [33mfill[39m=[32m"none"[39m
            [33mstroke[39m=[32m"currentColor"[39m
            [33mviewBox[39m=[32m"0 0 24 24"[39m
          [36m>[39m
            [36m<circle[39m
              [33mcx[39m=[32m"11"[39m
              [33mcy[39m=[32m"11"[39m
              [33mr[39m=[32m"8"[39m
              [33mstroke-width[39m=[32m"2"[39m
            [36m/>[39m
            [36m<path[39m
              [33md[39m=[32m"m21 21-4.35-4.35M11 8v6M8 11h6"[39m
              [33mstroke-width[39m=[32m"2"[39m
            [36m/>[39m
          [36m</svg>[39m
        [36m</button>[39m
      [36m</div>[39m
      [36m<div[39m
        [33mclass[39m=[32m"w-px h-6 bg-gray-200 mx-1"[39m
      [36m/>[39m
    [36m</div>[39m

    Ignored nodes: comments, script, style
    [36m<div[39m
      [33mclass[39m=[32m"relative inline-block"[39m
    [36m>[39m
      [36m<button[39m
        [33mclass[39m=[32m"inline-flex items-center justify-center font-medium rounded-md focus:outline-none focus:ring-2 focus:ring-offset-2 transition-colors duration-200 disabled:opacity-50 disabled:cursor-not-allowed px-3 py-1.5 text-sm text-gray-600 hover:text-gray-900 hover:bg-gray-100 focus:ring-gray-500"[39m
      [36m>[39m
        [36m<svg[39m
          [33mclass[39m=[32m"w-4 h-4"[39m
          [33mfill[39m=[32m"none"[39m
          [33mstroke[39m=[32m"currentColor"[39m
          [33mviewBox[39m=[32m"0 0 24 24"[39m
        [36m>[39m
          [36m<circle[39m
            [33mcx[39m=[32m"11"[39m
            [33mcy[39m=[32m"11"[39m
            [33mr[39m=[32m"8"[39m
            [33mstroke-width[39m=[32m"2"[39m
          [36m/>[39m
          [36m<path[39m
            [33md[39m=[32m"m21 21-4.35-4.35M8 11h6"[39m
            [33mstroke-width[39m=[32m"2"[39m
          [36m/>[39m
        [36m</svg>[39m
      [36m</button>[39m
    [36m</div>[39m

    Ignored nodes: comments, script, style
    [36m<div[39m
      [33mclass[39m=[32m"relative inline-block"[39m
    [36m>[39m
      [36m<button[39m
        [33mclass[39m=[32m"inline-flex items-center justify-center font-medium rounded-md focus:outline-none focus:ring-2 focus:ring-offset-2 transition-colors duration-200 disabled:opacity-50 disabled:cursor-not-allowed px-3 py-1.5 text-sm text-gray-600 hover:text-gray-900 hover:bg-gray-100 focus:ring-gray-500 min-w-16 text-sm font-mono"[39m
      [36m>[39m
        [0m100[0m
        [0m%[0m
      [36m</button>[39m
    [36m</div>[39m

    Ignored nodes: comments, script, style
    [36m<div[39m
      [33mclass[39m=[32m"relative inline-block"[39m
    [36m>[39m
      [36m<button[39m
        [33mclass[39m=[32m"inline-flex items-center justify-center font-medium rounded-md focus:outline-none focus:ring-2 focus:ring-offset-2 transition-colors duration-200 disabled:opacity-50 disabled:cursor-not-allowed px-3 py-1.5 text-sm text-gray-600 hover:text-gray-900 hover:bg-gray-100 focus:ring-gray-500"[39m
      [36m>[39m
        [36m<svg[39m
          [33mclass[39m=[32m"w-4 h-4"[39m
          [33mfill[39m=[32m"none"[39m
          [33mstroke[39m=[32m"currentColor"[39m
          [33mviewBox[39m=[32m"0 0 24 24"[39m
        [36m>[39m
          [36m<circle[39m
            [33mcx[39m=[32m"11"[39m
            [33mcy[39m=[32m"11"[39m
            [33mr[39m=[32m"8"[39m
            [33mstroke-width[39m=[32m"2"[39m
          [36m/>[39m
          [36m<path[39m
            [33md[39m=[32m"m21 21-4.35-4.35M11 8v6M8 11h6"[39m
            [33mstroke-width[39m=[32m"2"[39m
          [36m/>[39m
        [36m</svg>[39m
      [36m</button>[39m
    [36m</div>[39m

    Ignored nodes: comments, script, style
    [36m<div[39m
      [33mclass[39m=[32m"w-px h-6 bg-gray-200 mx-1"[39m
    [36m/>[39m

    Ignored nodes: comments, script, style
    [36m<div[39m
      [33mclass[39m=[32m"flex items-center gap-1"[39m
    [36m>[39m
      [36m<div[39m
        [33mclass[39m=[32m"relative inline-block"[39m
      [36m>[39m
        [36m<button[39m
          [33mclass[39m=[32m"inline-flex items-center justify-center font-medium rounded-md focus:outline-none focus:ring-2 focus:ring-offset-2 transition-colors duration-200 disabled:opacity-50 disabled:cursor-not-allowed px-3 py-1.5 text-sm text-gray-600 hover:text-gray-900 hover:bg-gray-100 focus:ring-gray-500"[39m
          [33mdisabled[39m=[32m""[39m
        [36m>[39m
          [36m<svg[39m
            [33mclass[39m=[32m"w-4 h-4"[39m
            [33mfill[39m=[32m"none"[39m
            [33mstroke[39m=[32m"currentColor"[39m
            [33mviewBox[39m=[32m"0 0 24 24"[39m
          [36m>[39m
            [36m<path[39m
              [33md[39m=[32m"M4 8V4m0 0h4M4 4l5 5m11-1V4m0 0h-4m4 0l-5 5M4 16v4m0 0h4m-4 0l5-5m11 5l-5-5m5 5v-4m0 4h-4"[39m
              [33mstroke-linecap[39m=[32m"round"[39m
              [33mstroke-linejoin[39m=[32m"round"[39m
              [33mstroke-width[39m=[32m"2"[39m
            [36m/>[39m
          [36m</svg>[39m
        [36m</button>[39m
      [36m</div>[39m
      [36m<div[39m
        [33mclass[39m=[32m"relative inline-block"[39m
      [36m>[39m
        [36m<button[39m
          [33mclass[39m=[32m"inline-flex items-center justify-center font-medium rounded-md focus:outline-none focus:ring-2 focus:ring-offset-2 transition-colors duration-200 disabled:opacity-50 disabled:cursor-not-allowed px-3 py-1.5 text-sm text-gray-600 hover:text-gray-900 hover:bg-gray-100 focus:ring-gray-500 bg-blue-50 text-blue-600"[39m
        [36m>[39m
          [36m<svg[39m
            [33mclass[39m=[32m"w-4 h-4"[39m
            [33mfill[39m=[32m"none"[39m
            [33mstroke[39m=[32m"currentColor"[39m
            [33mviewBox[39m=[32m"0 0 24 24"[39m
          [36m>[39m
            [36m<rect[39m
              [33mheight[39m=[32m"7"[39m
              [33mstroke-width[39m=[32m"2"[39m
              [33mwidth[39m=[32m"7"[39m
              [33mx[39m=[32m"3"[39m
              [33my[39m=[32m"3"[39m
            [36m/>[39m
            [36m<rect[39m
              [33mheight[39m=[32m"7"[39m
              [33mstroke-width[39m=[32m"2"[39m
              [33mwidth[39m=[32m"7"[39m
              [33mx[39m=[32m"14"[39m
              [33my[39m=[32m"3"[39m
            [36m/>[39m
            [36m<rect[39m
              [33mheight[39m=[32m"7"[39m
              [33mstroke-width[39m=[32m"2"[39m
              [33mwidth[39m=[32m"7"[39m
              [33mx[39m=[32m"14"[39m
              [33my[39m=[32m"14"[39m
            [36m/>[39m
            [36m<rect[39m
              [33mheight[39m=[32m"7"[39m
              [33mstroke-width[39m=[32m"2"[39m
              [33mwidth[39m=[32m"7"[39m
              [33mx[39m=[32m"3"[39m
              [33my[39m=[32m"14"[39m
            [36m/>[39m
          [36m</svg>[39m
        [36m</button>[39m
      [36m</div>[39m
      [36m<div[39m
        [33mclass[39m=[32m"w-px h-6 bg-gray-200 mx-1"[39m
      [36m/>[39m
    [36m</div>[39m

    Ignored nodes: comments, script, style
    [36m<div[39m
      [33mclass[39m=[32m"relative inline-block"[39m
    [36m>[39m
      [36m<button[39m
        [33mclass[39m=[32m"inline-flex items-center justify-center font-medium rounded-md focus:outline-none focus:ring-2 focus:ring-offset-2 transition-colors duration-200 disabled:opacity-50 disabled:cursor-not-allowed px-3 py-1.5 text-sm text-gray-600 hover:text-gray-900 hover:bg-gray-100 focus:ring-gray-500"[39m
        [33mdisabled[39m=[32m""[39m
      [36m>[39m
        [36m<svg[39m
          [33mclass[39m=[32m"w-4 h-4"[39m
          [33mfill[39m=[32m"none"[39m
          [33mstroke[39m=[32m"currentColor"[39m
          [33mviewBox[39m=[32m"0 0 24 24"[39m
        [36m>[39m
          [36m<path[39m
            [33md[39m=[32m"M4 8V4m0 0h4M4 4l5 5m11-1V4m0 0h-4m4 0l-5 5M4 16v4m0 0h4m-4 0l5-5m11 5l-5-5m5 5v-4m0 4h-4"[39m
            [33mstroke-linecap[39m=[32m"round"[39m
            [33mstroke-linejoin[39m=[32m"round"[39m
            [33mstroke-width[39m=[32m"2"[39m
          [36m/>[39m
        [36m</svg>[39m
      [36m</button>[39m
    [36m</div>[39m

    Ignored nodes: comments, script, style
    [36m<div[39m
      [33mclass[39m=[32m"relative inline-block"[39m
    [36m>[39m
      [36m<button[39m
        [33mclass[39m=[32m"inline-flex items-center justify-center font-medium rounded-md focus:outline-none focus:ring-2 focus:ring-offset-2 transition-colors duration-200 disabled:opacity-50 disabled:cursor-not-allowed px-3 py-1.5 text-sm text-gray-600 hover:text-gray-900 hover:bg-gray-100 focus:ring-gray-500 bg-blue-50 text-blue-600"[39m
      [36m>[39m
        [36m<svg[39m
          [33mclass[39m=[32m"w-4 h-4"[39m
          [33mfill[39m=[32m"none"[39m
          [33mstroke[39m=[32m"currentColor"[39m
          [33mviewBox[39m=[32m"0 0 24 24"[39m
        [36m>[39m
          [36m<rect[39m
            [33mheight[39m=[32m"7"[39m
            [33mstroke-width[39m=[32m"2"[39m
            [33mwidth[39m=[32m"7"[39m
            [33mx[39m=[32m"3"[39m
            [33my[39m=[32m"3"[39m
          [36m/>[39m
          [36m<rect[39m
            [33mheight[39m=[32m"7"[39m
            [33mstroke-width[39m=[32m"2"[39m
            [33mwidth[39m=[32m"7"[39m
            [33mx[39m=[32m"14"[39m
            [33my[39m=[32m"3"[39m
          [36m/>[39m
          [36m<rect[39m
            [33mheight[39m=[32m"7"[39m
            [33mstroke-width[39m=[32m"2"[39m
            [33mwidth[39m=[32m"7"[39m
            [33mx[39m=[32m"14"[39m
            [33my[39m=[32m"14"[39m
          [36m/>[39m
          [36m<rect[39m
            [33mheight[39m=[32m"7"[39m
            [33mstroke-width[39m=[32m"2"[39m
            [33mwidth[39m=[32m"7"[39m
            [33mx[39m=[32m"3"[39m
            [33my[39m=[32m"14"[39m
          [36m/>[39m
        [36m</svg>[39m
      [36m</button>[39m
    [36m</div>[39m

    Ignored nodes: comments, script, style
    [36m<div[39m
      [33mclass[39m=[32m"w-px h-6 bg-gray-200 mx-1"[39m
    [36m/>[39m

    Ignored nodes: comments, script, style
    [36m<div[39m
      [33mclass[39m=[32m"flex items-center gap-1"[39m
    [36m>[39m
      [36m<div[39m
        [33mclass[39m=[32m"relative inline-block"[39m
      [36m>[39m
        [36m<button[39m
          [33mclass[39m=[32m"inline-flex items-center justify-center font-medium rounded-md focus:outline-none focus:ring-2 focus:ring-offset-2 transition-colors duration-200 disabled:opacity-50 disabled:cursor-not-allowed px-3 py-1.5 text-sm text-gray-600 hover:text-gray-900 hover:bg-gray-100 focus:ring-gray-500"[39m
          [33mdisabled[39m=[32m""[39m
        [36m>[39m
          [36m<svg[39m
            [33mclass[39m=[32m"w-4 h-4"[39m
            [33mfill[39m=[32m"none"[39m
            [33mstroke[39m=[32m"currentColor"[39m
            [33mviewBox[39m=[32m"0 0 24 24"[39m
          [36m>[39m
            [36m<path[39m
              [33md[39m=[32m"M12 10v6m0 0l-3-3m3 3l3-3M3 17V7a2 2 0 012-2h6l2 2h6a2 2 0 012 2v10a2 2 0 01-2 2H5a2 2 0 01-2-2z"[39m
              [33mstroke-linecap[39m=[32m"round"[39m
              [33mstroke-linejoin[39m=[32m"round"[39m
              [33mstroke-width[39m=[32m"2"[39m
            [36m/>[39m
          [36m</svg>[39m
        [36m</button>[39m
      [36m</div>[39m
      [36m<div[39m
        [33mclass[39m=[32m"w-px h-6 bg-gray-200 mx-1"[39m
      [36m/>[39m
    [36m</div>[39m

    Ignored nodes: comments, script, style
    [36m<div[39m
      [33mclass[39m=[32m"relative inline-block"[39m
    [36m>[39m
      [36m<button[39m
        [33mclass[39m=[32m"inline-flex items-center justify-center font-medium rounded-md focus:outline-none focus:ring-2 focus:ring-offset-2 transition-colors duration-200 disabled:opacity-50 disabled:cursor-not-allowed px-3 py-1.5 text-sm text-gray-600 hover:text-gray-900 hover:bg-gray-100 focus:ring-gray-500"[39m
        [33mdisabled[39m=[32m""[39m
      [36m>[39m
        [36m<svg[39m
          [33mclass[39m=[32m"w-4 h-4"[39m
          [33mfill[39m=[32m"none"[39m
          [33mstroke[39m=[32m"currentColor"[39m
          [33mviewBox[39m=[32m"0 0 24 24"[39m
        [36m>[39m
          [36m<path[39m
            [33md[39m=[32m"M12 10v6m0 0l-3-3m3 3l3-3M3 17V7a2 2 0 012-2h6l2 2h6a2 2 0 012 2v10a2 2 0 01-2 2H5a2 2 0 01-2-2z"[39m
            [33mstroke-linecap[39m=[32m"round"[39m
            [33mstroke-linejoin[39m=[32m"round"[39m
            [33mstroke-width[39m=[32m"2"[39m
          [36m/>[39m
        [36m</svg>[39m
      [36m</button>[39m
    [36m</div>[39m

    Ignored nodes: comments, script, style
    [36m<div[39m
      [33mclass[39m=[32m"w-px h-6 bg-gray-200 mx-1"[39m
    [36m/>[39m

    Ignored nodes: comments, script, style
    [36m<div[39m
      [33mclass[39m=[32m"flex items-center gap-2"[39m
    [36m>[39m
      [36m<div[39m
        [33mclass[39m=[32m"relative inline-block"[39m
      [36m>[39m
        [36m<div[39m
          [33mclass[39m=[32m"w-2 h-2 rounded-full bg-red-500"[39m
        [36m/>[39m
      [36m</div>[39m
      [36m<div[39m
        [33mclass[39m=[32m"relative inline-block"[39m
      [36m>[39m
        [36m<button[39m
          [33mclass[39m=[32m"inline-flex items-center justify-center font-medium rounded-md focus:outline-none focus:ring-2 focus:ring-offset-2 transition-colors duration-200 disabled:opacity-50 disabled:cursor-not-allowed px-3 py-1.5 text-sm text-gray-600 hover:text-gray-900 hover:bg-gray-100 focus:ring-gray-500"[39m
        [36m>[39m
          [36m<svg[39m
            [33mclass[39m=[32m"w-4 h-4"[39m
            [33mfill[39m=[32m"none"[39m
            [33mstroke[39m=[32m"currentColor"[39m
            [33mviewBox[39m=[32m"0 0 24 24"[39m
          [36m>[39m
            [36m<path[39m
              [33md[39m=[32m"M8.684 13.342C8.886 12.938 9 12.482 9 12c0-.482-.114-.938-.316-1.342m0 2.684a3 3 0 110-2.684m0 2.684l6.632 3.316m-6.632-6l6.632-3.316m0 0a3 3 0 105.367-2.684 3 3 0 00-5.367 2.684zm0 9.316a3 3 0 105.367 2.684 3 3 0 00-5.367-2.684z"[39m
              [33mstroke-linecap[39m=[32m"round"[39m
              [33mstroke-linejoin[39m=[32m"round"[39m
              [33mstroke-width[39m=[32m"2"[39m
            [36m/>[39m
          [36m</svg>[39m
        [36m</button>[39m
      [36m</div>[39m
    [36m</div>[39m

    Ignored nodes: comments, script, style
    [36m<div[39m
      [33mclass[39m=[32m"relative inline-block"[39m
    [36m>[39m
      [36m<div[39m
        [33mclass[39m=[32m"w-2 h-2 rounded-full bg-red-500"[39m
      [36m/>[39m
    [36m</div>[39m

    Ignored nodes: comments, script, style
    [36m<div[39m
      [33mclass[39m=[32m"w-2 h-2 rounded-full bg-red-500"[39m
    [36m/>[39m

    Ignored nodes: comments, script, style
    [36m<div[39m
      [33mclass[39m=[32m"relative inline-block"[39m
    [36m>[39m
      [36m<button[39m
        [33mclass[39m=[32m"inline-flex items-center justify-center font-medium rounded-md focus:outline-none focus:ring-2 focus:ring-offset-2 transition-colors duration-200 disabled:opacity-50 disabled:cursor-not-allowed px-3 py-1.5 text-sm text-gray-600 hover:text-gray-900 hover:bg-gray-100 focus:ring-gray-500"[39m
      [36m>[39m
        [36m<svg[39m
          [33mclass[39m=[32m"w-4 h-4"[39m
          [33mfill[39m=[32m"none"[39m
          [33mstroke[39m=[32m"currentColor"[39m
          [33mviewBox[39m=[32m"0 0 24 24"[39m
        [36m>[39m
          [36m<path[39m
            [33md[39m=[32m"M8.684 13.342C8.886 12.938 9 12.482 9 12c0-.482-.114-.938-.316-1.342m0 2.684a3 3 0 110-2.684m0 2.684l6.632 3.316m-6.632-6l6.632-3.316m0 0a3 3 0 105.367-2.684 3 3 0 00-5.367 2.684zm0 9.316a3 3 0 105.367 2.684 3 3 0 00-5.367-2.684z"[39m
            [33mstroke-linecap[39m=[32m"round"[39m
            [33mstroke-linejoin[39m=[32m"round"[39m
            [33mstroke-width[39m=[32m"2"[39m
          [36m/>[39m
        [36m</svg>[39m
      [36m</button>[39m
    [36m</div>[39m

    Ignored nodes: comments, script, style
    [36m<div[39m
      [33mclass[39m=[32m"text-xs text-gray-400 px-2"[39m
    [36m>[39m
      [0m0[0m
      [0m elements[0m
    [36m</div>[39m

    Ignored nodes: comments, script, style
    [36m<div[39m
      [33mstyle[39m=[32m"position: fixed; left: 16px; top: 88px; z-index: 100;"[39m
    [36m>[39m
      [36m<div[39m
        [33mclass[39m=[32m"absolute top-4 left-4 z-40"[39m
      [36m>[39m
        [36m<div[39m
          [33mclass[39m=[32m"flex flex-col gap-1 bg-white shadow-lg rounded-lg border p-2"[39m
        [36m>[39m
          [36m<div[39m
            [33mclass[39m=[32m"relative inline-block"[39m
          [36m>[39m
            [36m<button[39m
              [33maria-label[39m=[32m"Select (V)"[39m
              [33mclass[39m=[32m"inline-flex items-center justify-center font-medium rounded-md focus:outline-none focus:ring-2 focus:ring-offset-2 transition-colors duration-200 disabled:opacity-50 disabled:cursor-not-allowed px-3 py-1.5 text-sm text-gray-600 hover:text-gray-900 hover:bg-gray-100 focus:ring-gray-500 w-10 h-10 flex items-center justify-center bg-blue-50 text-blue-600 ring-2 ring-blue-200"[39m
              [33mdata-testid[39m=[32m"tool-select"[39m
              [33mtitle[39m=[32m"Select (V)"[39m
            [36m>[39m
              [36m<svg[39m
                [33mclass[39m=[32m"w-5 h-5"[39m
                [33mfill[39m=[32m"none"[39m
                [33mstroke[39m=[32m"currentColor"[39m
                [33mviewBox[39m=[32m"0 0 24 24"[39m
              [36m>[39m
                [36m<path[39m
                  [33md[39m=[32m"M12 3l7 7-7 7-7-7z"[39m
                  [33mstroke-linecap[39m=[32m"round"[39m
                  [33mstroke-linejoin[39m=[32m"round"[39m
                  [33mstroke-width[39m=[32m"2"[39m
                [36m/>[39m
              [36m</svg>[39m
            [36m</button>[39m
          [36m</div>[39m
          [36m<div[39m
            [33mclass[39m=[32m"relative inline-block"[39m
          [36m>[39m
            [36m<button[39m
              [33maria-label[39m=[32m"Hand tool (H)"[39m
              [33mclass[39m=[32m"inline-flex items-center justify-center font-medium rounded-md focus:outline-none focus:ring-2 focus:ring-offset-2 transition-colors duration-200 disabled:opacity-50 disabled:cursor-not-allowed px-3 py-1.5 text-sm text-gray-600 hover:text-gray-900 hover:bg-gray-100 focus:ring-gray-500 w-10 h-10 flex items-center justify-center"[39m
              [33mdata-testid[39m=[32m"tool-pan"[39m
              [33mtitle[39m=[32m"Hand tool (H)"[39m
            [36m>[39m
              [36m<svg[39m
                [33mclass[39m=[32m"w-5 h-5"[39m
                [33mfill[39m=[32m"none"[39m
                [33mstroke[39m=[32m"currentColor"[39m
                [33mviewBox[39m=[32m"0 0 24 24"[39m
              [36m>[39m
                [36m<path[39m
                  [33md[39m=[32m"M7 11.5V14m0-2.5v-6a1.5 1.5 0 113 0m-3 6a1.5 1.5 0 00-3 0v2a7.5 7.5 0 0015 0v-5a1.5 1.5 0 00-3 0m-6-3V11m0-5.5v-1a1.5 1.5 0 013 0v1m0 0V11m0-5.5a1.5 1.5 0 013 0v3m0 0V11"[39m
                  [33mstroke-linecap[39m=[32m"round"[39m
                  [33mstroke-linejoin[39m=[32m"round"[39m
                  [33mstroke-width[39m=[32m"2"[39m
                [36m/>[39m
              [36m</svg>[39m
            [36m</button>[39m
          [36m</div>[39m
          [36m<div[39m
            [33mclass[39m=[32m"relative inline-block"[39m
          [36m>[39m
            [36m<button[39m
              [33maria-label[39m=[32m"Sticky note (S)"[39m
              [33mclass[39m=[32m"inline-flex items-center justify-center font-medium rounded-md focus:outline-none focus:ring-2 focus:ring-offset-2 transition-colors duration-200 disabled:opacity-50 disabled:cursor-not-allowed px-3 py-1.5 text-sm text-gray-600 hover:text-gray-900 hover:bg-gray-100 focus:ring-gray-500 w-10 h-10 flex items-center justify-center"[39m
              [33mdata-testid[39m=[32m"tool-sticky_note"[39m
              [33mtitle[39m=[32m"Sticky note (S)"[39m
            [36m>[39m
              [36m<svg[39m
                [33mclass[39m=[32m"w-5 h-5"[39m
                [33mfill[39m=[32m"none"[39m
                [33mstroke[39m=[32m"currentColor"[39m
                [33mviewBox[39m=[32m"0 0 24 24"[39m
              [36m>[39m
                [36m<path[39m
                  [33md[39m=[32m"M19 11H5m14 0a2 2 0 012 2v6a2 2 0 01-2 2H5a2 2 0 01-2-2v-6a2 2 0 012-2m14 0V9a2 2 0 00-2-2M5 11V9a2 2 0 012-2m0 0V5a2 2 0 012-2h6a2 2 0 012 2v2M7 7h10"[39m
                  [33mstroke-linecap[39m=[32m"round"[39m
                  [33mstroke-linejoin[39m=[32m"round"[39m
                  [33mstroke-width[39m=[32m"2"[39m
                [36m/>[39m
              [36m</svg>[39m
            [36m</button>[39m
          [36m</div>[39m
          [36m<div[39m
            [33mclass[39m=[32m"relative inline-block"[39m
          [36m>[39m
            [36m<button[39m
              [33maria-label[39m=[32m"Rectangle (R)"[39m
              [33mclass[39m=[32m"inline-flex items-center justify-center font-medium rounded-md focus:outline-none focus:ring-2 focus:ring-offset-2 transition-colors duration-200 disabled:opacity-50 disabled:cursor-not-allowed px-3 py-1.5 text-sm text-gray-600 hover:text-gray-900 hover:bg-gray-100 focus:ring-gray-500 w-10 h-10 flex items-center justify-center"[39m
              [33mdata-testid[39m=[32m"tool-rectangle"[39m
              [33mtitle[39m=[32m"Rectangle (R)"[39m
            [36m>[39m
              [36m<svg[39m
                [33mclass[39m=[32m"w-5 h-5"[39m
                [33mfill[39m=[32m"none"[39m
                [33mstroke[39m=[32m"currentColor"[39m
                [33mviewBox[39m=[32m"0 0 24 24"[39m
              [36m>[39m
                [36m<rect[39m
                  [33mheight[39m=[32m"18"[39m
                  [33mrx[39m=[32m"2"[39m
                  [33mry[39m=[32m"2"[39m
                  [33mstroke-width[39m=[32m"2"[39m
                  [33mwidth[39m=[32m"18"[39m
                  [33mx[39m=[32m"3"[39m
                  [33my[39m=[32m"3"[39m
                [36m/>[39m
              [36m</svg>[39m
            [36m</button>[39m
          [36m</div>[39m
          [36m<div[39m
            [33mclass[39m=[32m"relative inline-block"[39m
          [36m>[39m
            [36m<button[39m
              [33maria-label[39m=[32m"Circle (C)"[39m
              [33mclass[39m=[32m"inline-flex items-center justify-center font-medium rounded-md focus:outline-none focus:ring-2 focus:ring-offset-2 transition-colors duration-200 disabled:opacity-50 disabled:cursor-not-allowed px-3 py-1.5 text-sm text-gray-600 hover:text-gray-900 hover:bg-gray-100 focus:ring-gray-500 w-10 h-10 flex items-center justify-center"[39m
              [33mdata-testid[39m=[32m"tool-circle"[39m
              [33mtitle[39m=[32m"Circle (C)"[39m
            [36m>[39m
              [36m<svg[39m
                [33mclass[39m=[32m"w-5 h-5"[39m
                [33mfill[39m=[32m"none"[39m
                [33mstroke[39m=[32m"currentColor"[39m
                [33mviewBox[39m=[32m"0 0 24 24"[39m
              [36m>[39m
                [36m<circle[39m
                  [33mcx[39m=[32m"12"[39m
                  [33mcy[39m=[32m"12"[39m
                  [33mr[39m=[32m"9"[39m
                  [33mstroke-width[39m=[32m"2"[39m
                [36m/>[39m
              [36m<...

    Ignored nodes: comments, script, style
    [36m<div[39m
      [33mclass[39m=[32m"absolute top-4 left-4 z-40"[39m
    [36m>[39m
      [36m<div[39m
        [33mclass[39m=[32m"flex flex-col gap-1 bg-white shadow-lg rounded-lg border p-2"[39m
      [36m>[39m
        [36m<div[39m
          [33mclass[39m=[32m"relative inline-block"[39m
        [36m>[39m
          [36m<button[39m
            [33maria-label[39m=[32m"Select (V)"[39m
            [33mclass[39m=[32m"inline-flex items-center justify-center font-medium rounded-md focus:outline-none focus:ring-2 focus:ring-offset-2 transition-colors duration-200 disabled:opacity-50 disabled:cursor-not-allowed px-3 py-1.5 text-sm text-gray-600 hover:text-gray-900 hover:bg-gray-100 focus:ring-gray-500 w-10 h-10 flex items-center justify-center bg-blue-50 text-blue-600 ring-2 ring-blue-200"[39m
            [33mdata-testid[39m=[32m"tool-select"[39m
            [33mtitle[39m=[32m"Select (V)"[39m
          [36m>[39m
            [36m<svg[39m
              [33mclass[39m=[32m"w-5 h-5"[39m
              [33mfill[39m=[32m"none"[39m
              [33mstroke[39m=[32m"currentColor"[39m
              [33mviewBox[39m=[32m"0 0 24 24"[39m
            [36m>[39m
              [36m<path[39m
                [33md[39m=[32m"M12 3l7 7-7 7-7-7z"[39m
                [33mstroke-linecap[39m=[32m"round"[39m
                [33mstroke-linejoin[39m=[32m"round"[39m
                [33mstroke-width[39m=[32m"2"[39m
              [36m/>[39m
            [36m</svg>[39m
          [36m</button>[39m
        [36m</div>[39m
        [36m<div[39m
          [33mclass[39m=[32m"relative inline-block"[39m
        [36m>[39m
          [36m<button[39m
            [33maria-label[39m=[32m"Hand tool (H)"[39m
            [33mclass[39m=[32m"inline-flex items-center justify-center font-medium rounded-md focus:outline-none focus:ring-2 focus:ring-offset-2 transition-colors duration-200 disabled:opacity-50 disabled:cursor-not-allowed px-3 py-1.5 text-sm text-gray-600 hover:text-gray-900 hover:bg-gray-100 focus:ring-gray-500 w-10 h-10 flex items-center justify-center"[39m
            [33mdata-testid[39m=[32m"tool-pan"[39m
            [33mtitle[39m=[32m"Hand tool (H)"[39m
          [36m>[39m
            [36m<svg[39m
              [33mclass[39m=[32m"w-5 h-5"[39m
              [33mfill[39m=[32m"none"[39m
              [33mstroke[39m=[32m"currentColor"[39m
              [33mviewBox[39m=[32m"0 0 24 24"[39m
            [36m>[39m
              [36m<path[39m
                [33md[39m=[32m"M7 11.5V14m0-2.5v-6a1.5 1.5 0 113 0m-3 6a1.5 1.5 0 00-3 0v2a7.5 7.5 0 0015 0v-5a1.5 1.5 0 00-3 0m-6-3V11m0-5.5v-1a1.5 1.5 0 013 0v1m0 0V11m0-5.5a1.5 1.5 0 013 0v3m0 0V11"[39m
                [33mstroke-linecap[39m=[32m"round"[39m
                [33mstroke-linejoin[39m=[32m"round"[39m
                [33mstroke-width[39m=[32m"2"[39m
              [36m/>[39m
            [36m</svg>[39m
          [36m</button>[39m
        [36m</div>[39m
        [36m<div[39m
          [33mclass[39m=[32m"relative inline-block"[39m
        [36m>[39m
          [36m<button[39m
            [33maria-label[39m=[32m"Sticky note (S)"[39m
            [33mclass[39m=[32m"inline-flex items-center justify-center font-medium rounded-md focus:outline-none focus:ring-2 focus:ring-offset-2 transition-colors duration-200 disabled:opacity-50 disabled:cursor-not-allowed px-3 py-1.5 text-sm text-gray-600 hover:text-gray-900 hover:bg-gray-100 focus:ring-gray-500 w-10 h-10 flex items-center justify-center"[39m
            [33mdata-testid[39m=[32m"tool-sticky_note"[39m
            [33mtitle[39m=[32m"Sticky note (S)"[39m
          [36m>[39m
            [36m<svg[39m
              [33mclass[39m=[32m"w-5 h-5"[39m
              [33mfill[39m=[32m"none"[39m
              [33mstroke[39m=[32m"currentColor"[39m
              [33mviewBox[39m=[32m"0 0 24 24"[39m
            [36m>[39m
              [36m<path[39m
                [33md[39m=[32m"M19 11H5m14 0a2 2 0 012 2v6a2 2 0 01-2 2H5a2 2 0 01-2-2v-6a2 2 0 012-2m14 0V9a2 2 0 00-2-2M5 11V9a2 2 0 012-2m0 0V5a2 2 0 012-2h6a2 2 0 012 2v2M7 7h10"[39m
                [33mstroke-linecap[39m=[32m"round"[39m
                [33mstroke-linejoin[39m=[32m"round"[39m
                [33mstroke-width[39m=[32m"2"[39m
              [36m/>[39m
            [36m</svg>[39m
          [36m</button>[39m
        [36m</div>[39m
        [36m<div[39m
          [33mclass[39m=[32m"relative inline-block"[39m
        [36m>[39m
          [36m<button[39m
            [33maria-label[39m=[32m"Rectangle (R)"[39m
            [33mclass[39m=[32m"inline-flex items-center justify-center font-medium rounded-md focus:outline-none focus:ring-2 focus:ring-offset-2 transition-colors duration-200 disabled:opacity-50 disabled:cursor-not-allowed px-3 py-1.5 text-sm text-gray-600 hover:text-gray-900 hover:bg-gray-100 focus:ring-gray-500 w-10 h-10 flex items-center justify-center"[39m
            [33mdata-testid[39m=[32m"tool-rectangle"[39m
            [33mtitle[39m=[32m"Rectangle (R)"[39m
          [36m>[39m
            [36m<svg[39m
              [33mclass[39m=[32m"w-5 h-5"[39m
              [33mfill[39m=[32m"none"[39m
              [33mstroke[39m=[32m"currentColor"[39m
              [33mviewBox[39m=[32m"0 0 24 24"[39m
            [36m>[39m
              [36m<rect[39m
                [33mheight[39m=[32m"18"[39m
                [33mrx[39m=[32m"2"[39m
                [33mry[39m=[32m"2"[39m
                [33mstroke-width[39m=[32m"2"[39m
                [33mwidth[39m=[32m"18"[39m
                [33mx[39m=[32m"3"[39m
                [33my[39m=[32m"3"[39m
              [36m/>[39m
            [36m</svg>[39m
          [36m</button>[39m
        [36m</div>[39m
        [36m<div[39m
          [33mclass[39m=[32m"relative inline-block"[39m
        [36m>[39m
          [36m<button[39m
            [33maria-label[39m=[32m"Circle (C)"[39m
            [33mclass[39m=[32m"inline-flex items-center justify-center font-medium rounded-md focus:outline-none focus:ring-2 focus:ring-offset-2 transition-colors duration-200 disabled:opacity-50 disabled:cursor-not-allowed px-3 py-1.5 text-sm text-gray-600 hover:text-gray-900 hover:bg-gray-100 focus:ring-gray-500 w-10 h-10 flex items-center justify-center"[39m
            [33mdata-testid[39m=[32m"tool-circle"[39m
            [33mtitle[39m=[32m"Circle (C)"[39m
          [36m>[39m
            [36m<svg[39m
              [33mclass[39m=[32m"w-5 h-5"[39m
              [33mfill[39m=[32m"none"[39m
              [33mstroke[39m=[32m"currentColor"[39m
              [33mviewBox[39m=[32m"0 0 24 24"[39m
            [36m>[39m
              [36m<circle[39m
                [33mcx[39m=[32m"12"[39m
                [33mcy[39m=[32m"12"[39m
                [33mr[39m=[32m"9"[39m
                [33mstroke-width[39m=[32m"2"[39m
              [36m/>[39m
            [36m</svg>[39m
          [36m</button>[39m
        [36m</div>[39m
        [36m<div[39m
          [33mclass[39m=[32m"relative inline-block"[39m
        [36m>[39m
          [36m<button[39m
            [33maria-label[39m=[32m"Text (T)"[39m
            [33mclass[39m=[32m"inline-flex items-center justify-center font-medium rounded-md focus:outline-none focus:ring-2 focus:ring-offset...

    Ignored nodes: comments, script, style
    [36m<div[39m
      [33mclass[39m=[32m"flex flex-col gap-1 bg-white shadow-lg rounded-lg border p-2"[39m
    [36m>[39m
      [36m<div[39m
        [33mclass[39m=[32m"relative inline-block"[39m
      [36m>[39m
        [36m<button[39m
          [33maria-label[39m=[32m"Select (V)"[39m
          [33mclass[39m=[32m"inline-flex items-center justify-center font-medium rounded-md focus:outline-none focus:ring-2 focus:ring-offset-2 transition-colors duration-200 disabled:opacity-50 disabled:cursor-not-allowed px-3 py-1.5 text-sm text-gray-600 hover:text-gray-900 hover:bg-gray-100 focus:ring-gray-500 w-10 h-10 flex items-center justify-center bg-blue-50 text-blue-600 ring-2 ring-blue-200"[39m
          [33mdata-testid[39m=[32m"tool-select"[39m
          [33mtitle[39m=[32m"Select (V)"[39m
        [36m>[39m
          [36m<svg[39m
            [33mclass[39m=[32m"w-5 h-5"[39m
            [33mfill[39m=[32m"none"[39m
            [33mstroke[39m=[32m"currentColor"[39m
            [33mviewBox[39m=[32m"0 0 24 24"[39m
          [36m>[39m
            [36m<path[39m
              [33md[39m=[32m"M12 3l7 7-7 7-7-7z"[39m
              [33mstroke-linecap[39m=[32m"round"[39m
              [33mstroke-linejoin[39m=[32m"round"[39m
              [33mstroke-width[39m=[32m"2"[39m
            [36m/>[39m
          [36m</svg>[39m
        [36m</button>[39m
      [36m</div>[39m
      [36m<div[39m
        [33mclass[39m=[32m"relative inline-block"[39m
      [36m>[39m
        [36m<button[39m
          [33maria-label[39m=[32m"Hand tool (H)"[39m
          [33mclass[39m=[32m"inline-flex items-center justify-center font-medium rounded-md focus:outline-none focus:ring-2 focus:ring-offset-2 transition-colors duration-200 disabled:opacity-50 disabled:cursor-not-allowed px-3 py-1.5 text-sm text-gray-600 hover:text-gray-900 hover:bg-gray-100 focus:ring-gray-500 w-10 h-10 flex items-center justify-center"[39m
          [33mdata-testid[39m=[32m"tool-pan"[39m
          [33mtitle[39m=[32m"Hand tool (H)"[39m
        [36m>[39m
          [36m<svg[39m
            [33mclass[39m=[32m"w-5 h-5"[39m
            [33mfill[39m=[32m"none"[39m
            [33mstroke[39m=[32m"currentColor"[39m
            [33mviewBox[39m=[32m"0 0 24 24"[39m
          [36m>[39m
            [36m<path[39m
              [33md[39m=[32m"M7 11.5V14m0-2.5v-6a1.5 1.5 0 113 0m-3 6a1.5 1.5 0 00-3 0v2a7.5 7.5 0 0015 0v-5a1.5 1.5 0 00-3 0m-6-3V11m0-5.5v-1a1.5 1.5 0 013 0v1m0 0V11m0-5.5a1.5 1.5 0 013 0v3m0 0V11"[39m
              [33mstroke-linecap[39m=[32m"round"[39m
              [33mstroke-linejoin[39m=[32m"round"[39m
              [33mstroke-width[39m=[32m"2"[39m
            [36m/>[39m
          [36m</svg>[39m
        [36m</button>[39m
      [36m</div>[39m
      [36m<div[39m
        [33mclass[39m=[32m"relative inline-block"[39m
      [36m>[39m
        [36m<button[39m
          [33maria-label[39m=[32m"Sticky note (S)"[39m
          [33mclass[39m=[32m"inline-flex items-center justify-center font-medium rounded-md focus:outline-none focus:ring-2 focus:ring-offset-2 transition-colors duration-200 disabled:opacity-50 disabled:cursor-not-allowed px-3 py-1.5 text-sm text-gray-600 hover:text-gray-900 hover:bg-gray-100 focus:ring-gray-500 w-10 h-10 flex items-center justify-center"[39m
          [33mdata-testid[39m=[32m"tool-sticky_note"[39m
          [33mtitle[39m=[32m"Sticky note (S)"[39m
        [36m>[39m
          [36m<svg[39m
            [33mclass[39m=[32m"w-5 h-5"[39m
            [33mfill[39m=[32m"none"[39m
            [33mstroke[39m=[32m"currentColor"[39m
            [33mviewBox[39m=[32m"0 0 24 24"[39m
          [36m>[39m
            [36m<path[39m
              [33md[39m=[32m"M19 11H5m14 0a2 2 0 012 2v6a2 2 0 01-2 2H5a2 2 0 01-2-2v-6a2 2 0 012-2m14 0V9a2 2 0 00-2-2M5 11V9a2 2 0 012-2m0 0V5a2 2 0 012-2h6a2 2 0 012 2v2M7 7h10"[39m
              [33mstroke-linecap[39m=[32m"round"[39m
              [33mstroke-linejoin[39m=[32m"round"[39m
              [33mstroke-width[39m=[32m"2"[39m
            [36m/>[39m
          [36m</svg>[39m
        [36m</button>[39m
      [36m</div>[39m
      [36m<div[39m
        [33mclass[39m=[32m"relative inline-block"[39m
      [36m>[39m
        [36m<button[39m
          [33maria-label[39m=[32m"Rectangle (R)"[39m
          [33mclass[39m=[32m"inline-flex items-center justify-center font-medium rounded-md focus:outline-none focus:ring-2 focus:ring-offset-2 transition-colors duration-200 disabled:opacity-50 disabled:cursor-not-allowed px-3 py-1.5 text-sm text-gray-600 hover:text-gray-900 hover:bg-gray-100 focus:ring-gray-500 w-10 h-10 flex items-center justify-center"[39m
          [33mdata-testid[39m=[32m"tool-rectangle"[39m
          [33mtitle[39m=[32m"Rectangle (R)"[39m
        [36m>[39m
          [36m<svg[39m
            [33mclass[39m=[32m"w-5 h-5"[39m
            [33mfill[39m=[32m"none"[39m
            [33mstroke[39m=[32m"currentColor"[39m
            [33mviewBox[39m=[32m"0 0 24 24"[39m
          [36m>[39m
            [36m<rect[39m
              [33mheight[39m=[32m"18"[39m
              [33mrx[39m=[32m"2"[39m
              [33mry[39m=[32m"2"[39m
              [33mstroke-width[39m=[32m"2"[39m
              [33mwidth[39m=[32m"18"[39m
              [33mx[39m=[32m"3"[39m
              [33my[39m=[32m"3"[39m
            [36m/>[39m
          [36m</svg>[39m
        [36m</button>[39m
      [36m</div>[39m
      [36m<div[39m
        [33mclass[39m=[32m"relative inline-block"[39m
      [36m>[39m
        [36m<button[39m
          [33maria-label[39m=[32m"Circle (C)"[39m
          [33mclass[39m=[32m"inline-flex items-center justify-center font-medium rounded-md focus:outline-none focus:ring-2 focus:ring-offset-2 transition-colors duration-200 disabled:opacity-50 disabled:cursor-not-allowed px-3 py-1.5 text-sm text-gray-600 hover:text-gray-900 hover:bg-gray-100 focus:ring-gray-500 w-10 h-10 flex items-center justify-center"[39m
          [33mdata-testid[39m=[32m"tool-circle"[39m
          [33mtitle[39m=[32m"Circle (C)"[39m
        [36m>[39m
          [36m<svg[39m
            [33mclass[39m=[32m"w-5 h-5"[39m
            [33mfill[39m=[32m"none"[39m
            [33mstroke[39m=[32m"currentColor"[39m
            [33mviewBox[39m=[32m"0 0 24 24"[39m
          [36m>[39m
            [36m<circle[39m
              [33mcx[39m=[32m"12"[39m
              [33mcy[39m=[32m"12"[39m
              [33mr[39m=[32m"9"[39m
              [33mstroke-width[39m=[32m"2"[39m
            [36m/>[39m
          [36m</svg>[39m
        [36m</button>[39m
      [36m</div>[39m
      [36m<div[39m
        [33mclass[39m=[32m"relative inline-block"[39m
      [36m>[39m
        [36m<button[39m
          [33maria-label[39m=[32m"Text (T)"[39m
          [33mclass[39m=[32m"inline-flex items-center justify-center font-medium rounded-md focus:outline-none focus:ring-2 focus:ring-offset-2 transition-colors duration-200 disabled:opacity-50 disabled:cursor-not-allowed px-3 py-1.5 text-sm text-gray-600 hover:text-gray-900 hover:bg-gray-100 focus:ring-gray-500 w-10 h-10 flex items-center justify-center"[39m
          [33mdata-testid[39m=[32m"tool-text"[39m
          [33mtitle[39m=[32m"Text (T)"[39m
        [36m>[39m
          [36m<svg...

    Ignored nodes: comments, script, style
    [36m<div[39m
      [33mclass[39m=[32m"relative inline-block"[39m
    [36m>[39m
      [36m<button[39m
        [33maria-label[39m=[32m"Select (V)"[39m
        [33mclass[39m=[32m"inline-flex items-center justify-center font-medium rounded-md focus:outline-none focus:ring-2 focus:ring-offset-2 transition-colors duration-200 disabled:opacity-50 disabled:cursor-not-allowed px-3 py-1.5 text-sm text-gray-600 hover:text-gray-900 hover:bg-gray-100 focus:ring-gray-500 w-10 h-10 flex items-center justify-center bg-blue-50 text-blue-600 ring-2 ring-blue-200"[39m
        [33mdata-testid[39m=[32m"tool-select"[39m
        [33mtitle[39m=[32m"Select (V)"[39m
      [36m>[39m
        [36m<svg[39m
          [33mclass[39m=[32m"w-5 h-5"[39m
          [33mfill[39m=[32m"none"[39m
          [33mstroke[39m=[32m"currentColor"[39m
          [33mviewBox[39m=[32m"0 0 24 24"[39m
        [36m>[39m
          [36m<path[39m
            [33md[39m=[32m"M12 3l7 7-7 7-7-7z"[39m
            [33mstroke-linecap[39m=[32m"round"[39m
            [33mstroke-linejoin[39m=[32m"round"[39m
            [33mstroke-width[39m=[32m"2"[39m
          [36m/>[39m
        [36m</svg>[39m
      [36m</button>[39m
    [36m</div>[39m

    Ignored nodes: comments, script, style
    [36m<div[39m
      [33mclass[39m=[32m"relative inline-block"[39m
    [36m>[39m
      [36m<button[39m
        [33maria-label[39m=[32m"Hand tool (H)"[39m
        [33mclass[39m=[32m"inline-flex items-center justify-center font-medium rounded-md focus:outline-none focus:ring-2 focus:ring-offset-2 transition-colors duration-200 disabled:opacity-50 disabled:cursor-not-allowed px-3 py-1.5 text-sm text-gray-600 hover:text-gray-900 hover:bg-gray-100 focus:ring-gray-500 w-10 h-10 flex items-center justify-center"[39m
        [33mdata-testid[39m=[32m"tool-pan"[39m
        [33mtitle[39m=[32m"Hand tool (H)"[39m
      [36m>[39m
        [36m<svg[39m
          [33mclass[39m=[32m"w-5 h-5"[39m
          [33mfill[39m=[32m"none"[39m
          [33mstroke[39m=[32m"currentColor"[39m
          [33mviewBox[39m=[32m"0 0 24 24"[39m
        [36m>[39m
          [36m<path[39m
            [33md[39m=[32m"M7 11.5V14m0-2.5v-6a1.5 1.5 0 113 0m-3 6a1.5 1.5 0 00-3 0v2a7.5 7.5 0 0015 0v-5a1.5 1.5 0 00-3 0m-6-3V11m0-5.5v-1a1.5 1.5 0 013 0v1m0 0V11m0-5.5a1.5 1.5 0 013 0v3m0 0V11"[39m
            [33mstroke-linecap[39m=[32m"round"[39m
            [33mstroke-linejoin[39m=[32m"round"[39m
            [33mstroke-width[39m=[32m"2"[39m
          [36m/>[39m
        [36m</svg>[39m
      [36m</button>[39m
    [36m</div>[39m

    Ignored nodes: comments, script, style
    [36m<div[39m
      [33mclass[39m=[32m"relative inline-block"[39m
    [36m>[39m
      [36m<button[39m
        [33maria-label[39m=[32m"Sticky note (S)"[39m
        [33mclass[39m=[32m"inline-flex items-center justify-center font-medium rounded-md focus:outline-none focus:ring-2 focus:ring-offset-2 transition-colors duration-200 disabled:opacity-50 disabled:cursor-not-allowed px-3 py-1.5 text-sm text-gray-600 hover:text-gray-900 hover:bg-gray-100 focus:ring-gray-500 w-10 h-10 flex items-center justify-center"[39m
        [33mdata-testid[39m=[32m"tool-sticky_note"[39m
        [33mtitle[39m=[32m"Sticky note (S)"[39m
      [36m>[39m
        [36m<svg[39m
          [33mclass[39m=[32m"w-5 h-5"[39m
          [33mfill[39m=[32m"none"[39m
          [33mstroke[39m=[32m"currentColor"[39m
          [33mviewBox[39m=[32m"0 0 24 24"[39m
        [36m>[39m
          [36m<path[39m
            [33md[39m=[32m"M19 11H5m14 0a2 2 0 012 2v6a2 2 0 01-2 2H5a2 2 0 01-2-2v-6a2 2 0 012-2m14 0V9a2 2 0 00-2-2M5 11V9a2 2 0 012-2m0 0V5a2 2 0 012-2h6a2 2 0 012 2v2M7 7h10"[39m
            [33mstroke-linecap[39m=[32m"round"[39m
            [33mstroke-linejoin[39m=[32m"round"[39m
            [33mstroke-width[39m=[32m"2"[39m
          [36m/>[39m
        [36m</svg>[39m
      [36m</button>[39m
    [36m</div>[39m

    Ignored nodes: comments, script, style
    [36m<div[39m
      [33mclass[39m=[32m"relative inline-block"[39m
    [36m>[39m
      [36m<button[39m
        [33maria-label[39m=[32m"Rectangle (R)"[39m
        [33mclass[39m=[32m"inline-flex items-center justify-center font-medium rounded-md focus:outline-none focus:ring-2 focus:ring-offset-2 transition-colors duration-200 disabled:opacity-50 disabled:cursor-not-allowed px-3 py-1.5 text-sm text-gray-600 hover:text-gray-900 hover:bg-gray-100 focus:ring-gray-500 w-10 h-10 flex items-center justify-center"[39m
        [33mdata-testid[39m=[32m"tool-rectangle"[39m
        [33mtitle[39m=[32m"Rectangle (R)"[39m
      [36m>[39m
        [36m<svg[39m
          [33mclass[39m=[32m"w-5 h-5"[39m
          [33mfill[39m=[32m"none"[39m
          [33mstroke[39m=[32m"currentColor"[39m
          [33mviewBox[39m=[32m"0 0 24 24"[39m
        [36m>[39m
          [36m<rect[39m
            [33mheight[39m=[32m"18"[39m
            [33mrx[39m=[32m"2"[39m
            [33mry[39m=[32m"2"[39m
            [33mstroke-width[39m=[32m"2"[39m
            [33mwidth[39m=[32m"18"[39m
            [33mx[39m=[32m"3"[39m
            [33my[39m=[32m"3"[39m
          [36m/>[39m
        [36m</svg>[39m
      [36m</button>[39m
    [36m</div>[39m

    Ignored nodes: comments, script, style
    [36m<div[39m
      [33mclass[39m=[32m"relative inline-block"[39m
    [36m>[39m
      [36m<button[39m
        [33maria-label[39m=[32m"Circle (C)"[39m
        [33mclass[39m=[32m"inline-flex items-center justify-center font-medium rounded-md focus:outline-none focus:ring-2 focus:ring-offset-2 transition-colors duration-200 disabled:opacity-50 disabled:cursor-not-allowed px-3 py-1.5 text-sm text-gray-600 hover:text-gray-900 hover:bg-gray-100 focus:ring-gray-500 w-10 h-10 flex items-center justify-center"[39m
        [33mdata-testid[39m=[32m"tool-circle"[39m
        [33mtitle[39m=[32m"Circle (C)"[39m
      [36m>[39m
        [36m<svg[39m
          [33mclass[39m=[32m"w-5 h-5"[39m
          [33mfill[39m=[32m"none"[39m
          [33mstroke[39m=[32m"currentColor"[39m
          [33mviewBox[39m=[32m"0 0 24 24"[39m
        [36m>[39m
          [36m<circle[39m
            [33mcx[39m=[32m"12"[39m
            [33mcy[39m=[32m"12"[39m
            [33mr[39m=[32m"9"[39m
            [33mstroke-width[39m=[32m"2"[39m
          [36m/>[39m
        [36m</svg>[39m
      [36m</button>[39m
    [36m</div>[39m

    Ignored nodes: comments, script, style
    [36m<div[39m
      [33mclass[39m=[32m"relative inline-block"[39m
    [36m>[39m
      [36m<button[39m
        [33maria-label[39m=[32m"Text (T)"[39m
        [33mclass[39m=[32m"inline-flex items-center justify-center font-medium rounded-md focus:outline-none focus:ring-2 focus:ring-offset-2 transition-colors duration-200 disabled:opacity-50 disabled:cursor-not-allowed px-3 py-1.5 text-sm text-gray-600 hover:text-gray-900 hover:bg-gray-100 focus:ring-gray-500 w-10 h-10 flex items-center justify-center"[39m
        [33mdata-testid[39m=[32m"tool-text"[39m
        [33mtitle[39m=[32m"Text (T)"[39m
      [36m>[39m
        [36m<svg[39m
          [33mclass[39m=[32m"w-5 h-5"[39m
          [33mfill[39m=[32m"none"[39m
          [33mstroke[39m=[32m"currentColor"[39m
          [33mviewBox[39m=[32m"0 0 24 24"[39m
        [36m>[39m
          [36m<path[39m
            [33md[39m=[32m"M4 5h16M4 19h16M10 5v14M14 5v14"[39m
            [33mstroke-linecap[39m=[32m"round"[39m
            [33mstroke-linejoin[39m=[32m"round"[39m
            [33mstroke-width[39m=[32m"2"[39m
          [36m/>[39m
        [36m</svg>[39m
      [36m</button>[39m
    [36m</div>[39m

    Ignored nodes: comments, script, style
    [36m<div[39m
      [33mclass[39m=[32m"relative inline-block"[39m
    [36m>[39m
      [36m<button[39m
        [33maria-label[39m=[32m"Line (L)"[39m
        [33mclass[39m=[32m"inline-flex items-center justify-center font-medium rounded-md focus:outline-none focus:ring-2 focus:ring-offset-2 transition-colors duration-200 disabled:opacity-50 disabled:cursor-not-allowed px-3 py-1.5 text-sm text-gray-600 hover:text-gray-900 hover:bg-gray-100 focus:ring-gray-500 w-10 h-10 flex items-center justify-center"[39m
        [33mdata-testid[39m=[32m"tool-line"[39m
        [33mtitle[39m=[32m"Line (L)"[39m
      [36m>[39m
        [36m<svg[39m
          [33mclass[39m=[32m"w-5 h-5"[39m
          [33mfill[39m=[32m"none"[39m
          [33mstroke[39m=[32m"currentColor"[39m
          [33mviewBox[39m=[32m"0 0 24 24"[39m
        [36m>[39m
          [36m<path[39m
            [33md[39m=[32m"M4 20L20 4"[39m
            [33mstroke-linecap[39m=[32m"round"[39m
            [33mstroke-linejoin[39m=[32m"round"[39m
            [33mstroke-width[39m=[32m"2"[39m
          [36m/>[39m
        [36m</svg>[39m
      [36m</button>[39m
    [36m</div>[39m

    Ignored nodes: comments, script, style
    [36m<div[39m
      [33mclass[39m=[32m"relative inline-block"[39m
    [36m>[39m
      [36m<button[39m
        [33maria-label[39m=[32m"Pen (P)"[39m
        [33mclass[39m=[32m"inline-flex items-center justify-center font-medium rounded-md focus:outline-none focus:ring-2 focus:ring-offset-2 transition-colors duration-200 disabled:opacity-50 disabled:cursor-not-allowed px-3 py-1.5 text-sm text-gray-600 hover:text-gray-900 hover:bg-gray-100 focus:ring-gray-500 w-10 h-10 flex items-center justify-center"[39m
        [33mdata-testid[39m=[32m"tool-freehand"[39m
        [33mtitle[39m=[32m"Pen (P)"[39m
      [36m>[39m
        [36m<svg[39m
          [33mclass[39m=[32m"w-5 h-5"[39m
          [33mfill[39m=[32m"none"[39m
          [33mstroke[39m=[32m"currentColor"[39m
          [33mviewBox[39m=[32m"0 0 24 24"[39m
        [36m>[39m
          [36m<path[39m
            [33md[39m=[32m"M15.232 5.232l3.536 3.536m-2.036-5.036a2.5 2.5 0 113.536 3.536L6.5 21.036H3v-3.572L16.732 3.732z"[39m
            [33mstroke-linecap[39m=[32m"round"[39m
            [33mstroke-linejoin[39m=[32m"round"[39m
            [33mstroke-width[39m=[32m"2"[39m
          [36m/>[39m
        [36m</svg>[39m
      [36m</button>[39m
    [36m</div>[39m

    Ignored nodes: comments, script, style
    [36m<div[39m
      [33mclass[39m=[32m"h-px bg-gray-200 my-1"[39m
    [36m/>[39m

    Ignored nodes: comments, script, style
    [36m<div[39m
      [33mclass[39m=[32m"flex flex-col gap-1"[39m
    [36m>[39m
      [36m<div[39m
        [33mclass[39m=[32m"relative inline-block"[39m
      [36m>[39m
        [36m<button[39m
          [33mclass[39m=[32m"inline-flex items-center justify-center font-medium rounded-md focus:outline-none focus:ring-2 focus:ring-offset-2 transition-colors duration-200 disabled:opacity-50 disabled:cursor-not-allowed px-3 py-1.5 text-sm text-gray-600 hover:text-gray-900 hover:bg-gray-100 focus:ring-gray-500 w-10 h-10 flex items-center justify-center opacity-50"[39m
          [33mdisabled[39m=[32m""[39m
        [36m>[39m
          [36m<svg[39m
            [33mclass[39m=[32m"w-5 h-5"[39m
            [33mfill[39m=[32m"none"[39m
            [33mstroke[39m=[32m"currentColor"[39m
            [33mviewBox[39m=[32m"0 0 24 24"[39m
          [36m>[39m
            [36m<rect[39m
              [33mheight[39m=[32m"18"[39m
              [33mrx[39m=[32m"2"[39m
              [33mry[39m=[32m"2"[39m
              [33mstroke-width[39m=[32m"2"[39m
              [33mwidth[39m=[32m"18"[39m
              [33mx[39m=[32m"3"[39m
              [33my[39m=[32m"3"[39m
            [36m/>[39m
            [36m<circle[39m
              [33mcx[39m=[32m"8.5"[39m
              [33mcy[39m=[32m"8.5"[39m
              [33mr[39m=[32m"1.5"[39m
              [33mstroke-width[39m=[32m"2"[39m
            [36m/>[39m
            [36m<path[39m
              [33md[39m=[32m"m21 15-3.086-3.086a2 2 0 00-2.828 0L6 21"[39m
              [33mstroke-width[39m=[32m"2"[39m
            [36m/>[39m
          [36m</svg>[39m
        [36m</button>[39m
      [36m</div>[39m
      [36m<div[39m
        [33mclass[39m=[32m"relative inline-block"[39m
      [36m>[39m
        [36m<button[39m
          [33mclass[39m=[32m"inline-flex items-center justify-center font-medium rounded-md focus:outline-none focus:ring-2 focus:ring-offset-2 transition-colors duration-200 disabled:opacity-50 disabled:cursor-not-allowed px-3 py-1.5 text-sm text-gray-600 hover:text-gray-900 hover:bg-gray-100 focus:ring-gray-500 w-10 h-10 flex items-center justify-center opacity-50"[39m
          [33mdisabled[39m=[32m""[39m
        [36m>[39m
          [36m<svg[39m
            [33mclass[39m=[32m"w-5 h-5"[39m
            [33mfill[39m=[32m"none"[39m
            [33mstroke[39m=[32m"currentColor"[39m
            [33mviewBox[39m=[32m"0 0 24 24"[39m
          [36m>[39m
            [36m<path[39m
              [33md[39m=[32m"M13.828 10.172a4 4 0 00-5.656 0l-4 4a4 4 0 105.656 5.656l1.102-1.101m-.758-4.899a4 4 0 005.656 0l4-4a4 4 0 00-5.656-5.656l-1.1 1.1"[39m
              [33mstroke-linecap[39m=[32m"round"[39m
              [33mstroke-linejoin[39m=[32m"round"[39m
              [33mstroke-width[39m=[32m"2"[39m
            [36m/>[39m
          [36m</svg>[39m
        [36m</button>[39m
      [36m</div>[39m
      [36m<div[39m
        [33mclass[39m=[32m"relative inline-block"[39m
      [36m>[39m
        [36m<button[39m
          [33mclass[39m=[32m"inline-flex items-center justify-center font-medium rounded-md focus:outline-none focus:ring-2 focus:ring-offset-2 transition-colors duration-200 disabled:opacity-50 disabled:cursor-not-allowed px-3 py-1.5 text-sm text-gray-600 hover:text-gray-900 hover:bg-gray-100 focus:ring-gray-500 w-10 h-10 flex items-center justify-center opacity-50"[39m
          [33mdisabled[39m=[32m""[39m
        [36m>[39m
          [36m<svg[39m
            [33mclass[39m=[32m"w-5 h-5"[39m
            [33mfill[39m=[32m"none"[39m
            [33mstroke[39m=[32m"currentColor"[39m
            [33mviewBox[39m=[32m"0 0 24 24"[39m
          [36m>[39m
            [36m<path[39m
              [33md[39m=[32m"M15.232 5.232l3.536 3.536m-2.036-5.036a2.5 2.5 0 113.536 3.536L6.5 21.036H3v-3.572L16.732 3.732z"[39m
              [33mstroke-linecap[39m=[32m"round"[39m
              [33mstroke-linejoin[39m=[32m"round"[39m
              [33mstroke-width[39m=[32m"2"[39m
            [36m/>[39m
          [36m</svg>[39m
        [36m</button>[39m
      [36m</div>[39m
    [36m</div>[39m

    Ignored nodes: comments, script, style
    [36m<div[39m
      [33mclass[39m=[32m"relative inline-block"[39m
    [36m>[39m
      [36m<button[39m
        [33mclass[39m=[32m"inline-flex items-center justify-center font-medium rounded-md focus:outline-none focus:ring-2 focus:ring-offset-2 transition-colors duration-200 disabled:opacity-50 disabled:cursor-not-allowed px-3 py-1.5 text-sm text-gray-600 hover:text-gray-900 hover:bg-gray-100 focus:ring-gray-500 w-10 h-10 flex items-center justify-center opacity-50"[39m
        [33mdisabled[39m=[32m""[39m
      [36m>[39m
        [36m<svg[39m
          [33mclass[39m=[32m"w-5 h-5"[39m
          [33mfill[39m=[32m"none"[39m
          [33mstroke[39m=[32m"currentColor"[39m
          [33mviewBox[39m=[32m"0 0 24 24"[39m
        [36m>[39m
          [36m<rect[39m
            [33mheight[39m=[32m"18"[39m
            [33mrx[39m=[32m"2"[39m
            [33mry[39m=[32m"2"[39m
            [33mstroke-width[39m=[32m"2"[39m
            [33mwidth[39m=[32m"18"[39m
            [33mx[39m=[32m"3"[39m
            [33my[39m=[32m"3"[39m
          [36m/>[39m
          [36m<circle[39m
            [33mcx[39m=[32m"8.5"[39m
            [33mcy[39m=[32m"8.5"[39m
            [33mr[39m=[32m"1.5"[39m
            [33mstroke-width[39m=[32m"2"[39m
          [36m/>[39m
          [36m<path[39m
            [33md[39m=[32m"m21 15-3.086-3.086a2 2 0 00-2.828 0L6 21"[39m
            [33mstroke-width[39m=[32m"2"[39m
          [36m/>[39m
        [36m</svg>[39m
      [36m</button>[39m
    [36m</div>[39m

    Ignored nodes: comments, script, style
    [36m<div[39m
      [33mclass[39m=[32m"relative inline-block"[39m
    [36m>[39m
      [36m<button[39m
        [33mclass[39m=[32m"inline-flex items-center justify-center font-medium rounded-md focus:outline-none focus:ring-2 focus:ring-offset-2 transition-colors duration-200 disabled:opacity-50 disabled:cursor-not-allowed px-3 py-1.5 text-sm text-gray-600 hover:text-gray-900 hover:bg-gray-100 focus:ring-gray-500 w-10 h-10 flex items-center justify-center opacity-50"[39m
        [33mdisabled[39m=[32m""[39m
      [36m>[39m
        [36m<svg[39m
          [33mclass[39m=[32m"w-5 h-5"[39m
          [33mfill[39m=[32m"none"[39m
          [33mstroke[39m=[32m"currentColor"[39m
          [33mviewBox[39m=[32m"0 0 24 24"[39m
        [36m>[39m
          [36m<path[39m
            [33md[39m=[32m"M13.828 10.172a4 4 0 00-5.656 0l-4 4a4 4 0 105.656 5.656l1.102-1.101m-.758-4.899a4 4 0 005.656 0l4-4a4 4 0 00-5.656-5.656l-1.1 1.1"[39m
            [33mstroke-linecap[39m=[32m"round"[39m
            [33mstroke-linejoin[39m=[32m"round"[39m
            [33mstroke-width[39m=[32m"2"[39m
          [36m/>[39m
        [36m</svg>[39m
      [36m</button>[39m
    [36m</div>[39m

    Ignored nodes: comments, script, style
    [36m<div[39m
      [33mclass[39m=[32m"relative inline-block"[39m
    [36m>[39m
      [36m<button[39m
        [33mclass[39m=[32m"inline-flex items-center justify-center font-medium rounded-md focus:outline-none focus:ring-2 focus:ring-offset-2 transition-colors duration-200 disabled:opacity-50 disabled:cursor-not-allowed px-3 py-1.5 text-sm text-gray-600 hover:text-gray-900 hover:bg-gray-100 focus:ring-gray-500 w-10 h-10 flex items-center justify-center opacity-50"[39m
        [33mdisabled[39m=[32m""[39m
      [36m>[39m
        [36m<svg[39m
          [33mclass[39m=[32m"w-5 h-5"[39m
          [33mfill[39m=[32m"none"[39m
          [33mstroke[39m=[32m"currentColor"[39m
          [33mviewBox[39m=[32m"0 0 24 24"[39m
        [36m>[39m
          [36m<path[39m
            [33md[39m=[32m"M15.232 5.232l3.536 3.536m-2.036-5.036a2.5 2.5 0 113.536 3.536L6.5 21.036H3v-3.572L16.732 3.732z"[39m
            [33mstroke-linecap[39m=[32m"round"[39m
            [33mstroke-linejoin[39m=[32m"round"[39m
            [33mstroke-width[39m=[32m"2"[39m
          [36m/>[39m
        [36m</svg>[39m
      [36m</button>[39m
    [36m</div>[39m

    Ignored nodes: comments, script, style
    [36m<div[39m
      [33mclass[39m=[32m"mt-2 bg-white shadow-lg rounded-lg border p-2 text-xs text-gray-600"[39m
    [36m>[39m
      [36m<div[39m
        [33mclass[39m=[32m"font-medium"[39m
      [36m>[39m
        [0mCurrent Tool[0m
      [36m</div>[39m
      [36m<div[39m
        [33mclass[39m=[32m"capitalize"[39m
      [36m>[39m
        [0mselect[0m
      [36m</div>[39m
      [36m<div[39m
        [33mclass[39m=[32m"text-gray-400"[39m
      [36m>[39m
        [0mPress [0m
        [0mV[0m
      [36m</div>[39m
    [36m</div>[39m

    Ignored nodes: comments, script, style
    [36m<div[39m
      [33mclass[39m=[32m"font-medium"[39m
    [36m>[39m
      [0mCurrent Tool[0m
    [36m</div>[39m

    Ignored nodes: comments, script, style
    [36m<div[39m
      [33mclass[39m=[32m"capitalize"[39m
    [36m>[39m
      [0mselect[0m
    [36m</div>[39m

    Ignored nodes: comments, script, style
    [36m<div[39m
      [33mclass[39m=[32m"text-gray-400"[39m
    [36m>[39m
      [0mPress [0m
      [0mV[0m
    [36m</div>[39m

    Ignored nodes: comments, script, style
    [36m<div[39m
      [33mstyle[39m=[32m"position: fixed; right: 16px; top: 88px; z-index: 100;"[39m
    [36m>[39m
      [36m<div[39m
        [33mclass[39m=[32m"absolute top-4 right-4 z-40"[39m
      [36m>[39m
        [36m<div[39m
          [33mclass[39m=[32m"bg-white shadow-lg rounded-lg border p-3"[39m
        [36m>[39m
          [36m<div[39m
            [33mclass[39m=[32m"flex items-center justify-between mb-2"[39m
          [36m>[39m
            [36m<div[39m
              [33mclass[39m=[32m"flex items-center gap-2"[39m
            [36m>[39m
              [36m<div[39m
                [33mclass[39m=[32m"w-2 h-2 rounded-full bg-red-500"[39m
              [36m/>[39m
              [36m<span[39m
                [33mclass[39m=[32m"text-sm font-medium"[39m
              [36m>[39m
                [0mOffline[0m
              [36m</span>[39m
            [36m</div>[39m
            [36m<button[39m
              [33mclass[39m=[32m"inline-flex items-center justify-center font-medium rounded-md focus:outline-none focus:ring-2 focus:ring-offset-2 transition-colors duration-200 disabled:opacity-50 disabled:cursor-not-allowed px-2 py-1 text-xs text-gray-600 hover:text-gray-900 hover:bg-gray-100 focus:ring-gray-500 p-1"[39m
            [36m>[39m
              [36m<svg[39m
                [33mclass[39m=[32m"w-4 h-4"[39m
                [33mfill[39m=[32m"none"[39m
                [33mstroke[39m=[32m"currentColor"[39m
                [33mviewBox[39m=[32m"0 0 24 24"[39m
              [36m>[39m
                [36m<path[39m
                  [33md[39m=[32m"M10.325 4.317c.426-1.756 2.924-1.756 3.35 0a1.724 1.724 0 002.573 1.066c1.543-.94 3.31.826 2.37 2.37a1.724 1.724 0 001.065 2.572c1.756.426 1.756 2.924 0 3.35a1.724 1.724 0 00-1.066 2.573c.94 1.543-.826 3.31-2.37 2.37a1.724 1.724 0 00-2.572 1.065c-.426 1.756-2.924 1.756-3.35 0a1.724 1.724 0 00-2.573-1.066c-1.543.94-3.31-.826-2.37-2.37a1.724 1.724 0 00-1.065-2.572c-1.756-.426-1.756-2.924 0-3.35a1.724 1.724 0 001.066-2.573c-.94-1.543.826-3.31 2.37-2.37.996.608 2.296.07 2.572-1.065z"[39m
                  [33mstroke-linecap[39m=[32m"round"[39m
                  [33mstroke-linejoin[39m=[32m"round"[39m
                  [33mstroke-width[39m=[32m"2"[39m
                [36m/>[39m
                [36m<path[39m
                  [33md[39m=[32m"M15 12a3 3 0 11-6 0 3 3 0 016 0z"[39m
                  [33mstroke-linecap[39m=[32m"round"[39m
                  [33mstroke-linejoin[39m=[32m"round"[39m
                  [33mstroke-width[39m=[32m"2"[39m
                [36m/>[39m
              [36m</svg>[39m
            [36m</button>[39m
          [36m</div>[39m
          [36m<div[39m
            [33mclass[39m=[32m"flex items-center gap-2"[39m
          [36m>[39m
            [36m<div[39m
              [33mclass[39m=[32m"text-sm text-gray-500"[39m
            [36m>[39m
              [0mNo active collaborators[0m
            [36m</div>[39m
          [36m</div>[39m
          [36m<div[39m
            [33mclass[39m=[32m"mt-2 pt-2 border-t"[39m
          [36m>[39m
            [36m<button[39m
              [33mclass[39m=[32m"inline-flex items-center justify-center font-medium rounded-md focus:outline-none focus:ring-2 focus:ring-offset-2 transition-colors duration-200 disabled:opacity-50 disabled:cursor-not-allowed px-3 py-1.5 text-sm border border-gray-300 bg-white text-gray-700 hover:bg-gray-50 focus:ring-blue-500 w-full flex items-center gap-2"[39m
            [36m>[39m
              [36m<svg[39m
                [33mclass[39m=[32m"w-4 h-4"[39m
                [33mfill[39m=[32m"none"[39m
                [33mstroke[39m=[32m"currentColor"[39m
                [33mviewBox[39m=[32m"0 0 24 24"[39m
              [36m>[39m
                [36m<path[39m
                  [33md[39m=[32m"M12 6v6m0 0v6m0-6h6m-6 0H6"[39m
                  [33mstroke-linecap[39m=[32m"round"[39m
                  [33mstroke-linejoin[39m=[32m"round"[39m
                  [33mstroke-width[39m=[32m"2"[39m
                [36m/>[39m
              [36m</svg>[39m
              [0mInvite others[0m
            [36m</button>[39m
          [36m</div>[39m
        [36m</div>[39m
      [36m</div>[39m
    [36m</div>[39m

    Ignored nodes: comments, script, style
    [36m<div[39m
      [33mclass[39m=[32m"absolute top-4 right-4 z-40"[39m
    [36m>[39m
      [36m<div[39m
        [33mclass[39m=[32m"bg-white shadow-lg rounded-lg border p-3"[39m
      [36m>[39m
        [36m<div[39m
          [33mclass[39m=[32m"flex items-center justify-between mb-2"[39m
        [36m>[39m
          [36m<div[39m
            [33mclass[39m=[32m"flex items-center gap-2"[39m
          [36m>[39m
            [36m<div[39m
              [33mclass[39m=[32m"w-2 h-2 rounded-full bg-red-500"[39m
            [36m/>[39m
            [36m<span[39m
              [33mclass[39m=[32m"text-sm font-medium"[39m
            [36m>[39m
              [0mOffline[0m
            [36m</span>[39m
          [36m</div>[39m
          [36m<button[39m
            [33mclass[39m=[32m"inline-flex items-center justify-center font-medium rounded-md focus:outline-none focus:ring-2 focus:ring-offset-2 transition-colors duration-200 disabled:opacity-50 disabled:cursor-not-allowed px-2 py-1 text-xs text-gray-600 hover:text-gray-900 hover:bg-gray-100 focus:ring-gray-500 p-1"[39m
          [36m>[39m
            [36m<svg[39m
              [33mclass[39m=[32m"w-4 h-4"[39m
              [33mfill[39m=[32m"none"[39m
              [33mstroke[39m=[32m"currentColor"[39m
              [33mviewBox[39m=[32m"0 0 24 24"[39m
            [36m>[39m
              [36m<path[39m
                [33md[39m=[32m"M10.325 4.317c.426-1.756 2.924-1.756 3.35 0a1.724 1.724 0 002.573 1.066c1.543-.94 3.31.826 2.37 2.37a1.724 1.724 0 001.065 2.572c1.756.426 1.756 2.924 0 3.35a1.724 1.724 0 00-1.066 2.573c.94 1.543-.826 3.31-2.37 2.37a1.724 1.724 0 00-2.572 1.065c-.426 1.756-2.924 1.756-3.35 0a1.724 1.724 0 00-2.573-1.066c-1.543.94-3.31-.826-2.37-2.37a1.724 1.724 0 00-1.065-2.572c-1.756-.426-1.756-2.924 0-3.35a1.724 1.724 0 001.066-2.573c-.94-1.543.826-3.31 2.37-2.37.996.608 2.296.07 2.572-1.065z"[39m
                [33mstroke-linecap[39m=[32m"round"[39m
                [33mstroke-linejoin[39m=[32m"round"[39m
                [33mstroke-width[39m=[32m"2"[39m
              [36m/>[39m
              [36m<path[39m
                [33md[39m=[32m"M15 12a3 3 0 11-6 0 3 3 0 016 0z"[39m
                [33mstroke-linecap[39m=[32m"round"[39m
                [33mstroke-linejoin[39m=[32m"round"[39m
                [33mstroke-width[39m=[32m"2"[39m
              [36m/>[39m
            [36m</svg>[39m
          [36m</button>[39m
        [36m</div>[39m
        [36m<div[39m
          [33mclass[39m=[32m"flex items-center gap-2"[39m
        [36m>[39m
          [36m<div[39m
            [33mclass[39m=[32m"text-sm text-gray-500"[39m
          [36m>[39m
            [0mNo active collaborators[0m
          [36m</div>[39m
        [36m</div>[39m
        [36m<div[39m
          [33mclass[39m=[32m"mt-2 pt-2 border-t"[39m
        [36m>[39m
          [36m<button[39m
            [33mclass[39m=[32m"inline-flex items-center justify-center font-medium rounded-md focus:outline-none focus:ring-2 focus:ring-offset-2 transition-colors duration-200 disabled:opacity-50 disabled:cursor-not-allowed px-3 py-1.5 text-sm border border-gray-300 bg-white text-gray-700 hover:bg-gray-50 focus:ring-blue-500 w-full flex items-center gap-2"[39m
          [36m>[39m
            [36m<svg[39m
              [33mclass[39m=[32m"w-4 h-4"[39m
              [33mfill[39m=[32m"none"[39m
              [33mstroke[39m=[32m"currentColor"[39m
              [33mviewBox[39m=[32m"0 0 24 24"[39m
            [36m>[39m
              [36m<path[39m
                [33md[39m=[32m"M12 6v6m0 0v6m0-6h6m-6 0H6"[39m
                [33mstroke-linecap[39m=[32m"round"[39m
                [33mstroke-linejoin[39m=[32m"round"[39m
                [33mstroke-width[39m=[32m"2"[39m
              [36m/>[39m
            [36m</svg>[39m
            [0mInvite others[0m
          [36m</button>[39m
        [36m</div>[39m
      [36m</div>[39m
    [36m</div>[39m

    Ignored nodes: comments, script, style
    [36m<div[39m
      [33mclass[39m=[32m"bg-white shadow-lg rounded-lg border p-3"[39m
    [36m>[39m
      [36m<div[39m
        [33mclass[39m=[32m"flex items-center justify-between mb-2"[39m
      [36m>[39m
        [36m<div[39m
          [33mclass[39m=[32m"flex items-center gap-2"[39m
        [36m>[39m
          [36m<div[39m
            [33mclass[39m=[32m"w-2 h-2 rounded-full bg-red-500"[39m
          [36m/>[39m
          [36m<span[39m
            [33mclass[39m=[32m"text-sm font-medium"[39m
          [36m>[39m
            [0mOffline[0m
          [36m</span>[39m
        [36m</div>[39m
        [36m<button[39m
          [33mclass[39m=[32m"inline-flex items-center justify-center font-medium rounded-md focus:outline-none focus:ring-2 focus:ring-offset-2 transition-colors duration-200 disabled:opacity-50 disabled:cursor-not-allowed px-2 py-1 text-xs text-gray-600 hover:text-gray-900 hover:bg-gray-100 focus:ring-gray-500 p-1"[39m
        [36m>[39m
          [36m<svg[39m
            [33mclass[39m=[32m"w-4 h-4"[39m
            [33mfill[39m=[32m"none"[39m
            [33mstroke[39m=[32m"currentColor"[39m
            [33mviewBox[39m=[32m"0 0 24 24"[39m
          [36m>[39m
            [36m<path[39m
              [33md[39m=[32m"M10.325 4.317c.426-1.756 2.924-1.756 3.35 0a1.724 1.724 0 002.573 1.066c1.543-.94 3.31.826 2.37 2.37a1.724 1.724 0 001.065 2.572c1.756.426 1.756 2.924 0 3.35a1.724 1.724 0 00-1.066 2.573c.94 1.543-.826 3.31-2.37 2.37a1.724 1.724 0 00-2.572 1.065c-.426 1.756-2.924 1.756-3.35 0a1.724 1.724 0 00-2.573-1.066c-1.543.94-3.31-.826-2.37-2.37a1.724 1.724 0 00-1.065-2.572c-1.756-.426-1.756-2.924 0-3.35a1.724 1.724 0 001.066-2.573c-.94-1.543.826-3.31 2.37-2.37.996.608 2.296.07 2.572-1.065z"[39m
              [33mstroke-linecap[39m=[32m"round"[39m
              [33mstroke-linejoin[39m=[32m"round"[39m
              [33mstroke-width[39m=[32m"2"[39m
            [36m/>[39m
            [36m<path[39m
              [33md[39m=[32m"M15 12a3 3 0 11-6 0 3 3 0 016 0z"[39m
              [33mstroke-linecap[39m=[32m"round"[39m
              [33mstroke-linejoin[39m=[32m"round"[39m
              [33mstroke-width[39m=[32m"2"[39m
            [36m/>[39m
          [36m</svg>[39m
        [36m</button>[39m
      [36m</div>[39m
      [36m<div[39m
        [33mclass[39m=[32m"flex items-center gap-2"[39m
      [36m>[39m
        [36m<div[39m
          [33mclass[39m=[32m"text-sm text-gray-500"[39m
        [36m>[39m
          [0mNo active collaborators[0m
        [36m</div>[39m
      [36m</div>[39m
      [36m<div[39m
        [33mclass[39m=[32m"mt-2 pt-2 border-t"[39m
      [36m>[39m
        [36m<button[39m
          [33mclass[39m=[32m"inline-flex items-center justify-center font-medium rounded-md focus:outline-none focus:ring-2 focus:ring-offset-2 transition-colors duration-200 disabled:opacity-50 disabled:cursor-not-allowed px-3 py-1.5 text-sm border border-gray-300 bg-white text-gray-700 hover:bg-gray-50 focus:ring-blue-500 w-full flex items-center gap-2"[39m
        [36m>[39m
          [36m<svg[39m
            [33mclass[39m=[32m"w-4 h-4"[39m
            [33mfill[39m=[32m"none"[39m
            [33mstroke[39m=[32m"currentColor"[39m
            [33mviewBox[39m=[32m"0 0 24 24"[39m
          [36m>[39m
            [36m<path[39m
              [33md[39m=[32m"M12 6v6m0 0v6m0-6h6m-6 0H6"[39m
              [33mstroke-linecap[39m=[32m"round"[39m
              [33mstroke-linejoin[39m=[32m"round"[39m
              [33mstroke-width[39m=[32m"2"[39m
            [36m/>[39m
          [36m</svg>[39m
          [0mInvite others[0m
        [36m</button>[39m
      [36m</div>[39m
    [36m</div>[39m

    Ignored nodes: comments, script, style
    [36m<div[39m
      [33mclass[39m=[32m"flex items-center justify-between mb-2"[39m
    [36m>[39m
      [36m<div[39m
        [33mclass[39m=[32m"flex items-center gap-2"[39m
      [36m>[39m
        [36m<div[39m
          [33mclass[39m=[32m"w-2 h-2 rounded-full bg-red-500"[39m
        [36m/>[39m
        [36m<span[39m
          [33mclass[39m=[32m"text-sm font-medium"[39m
        [36m>[39m
          [0mOffline[0m
        [36m</span>[39m
      [36m</div>[39m
      [36m<button[39m
        [33mclass[39m=[32m"inline-flex items-center justify-center font-medium rounded-md focus:outline-none focus:ring-2 focus:ring-offset-2 transition-colors duration-200 disabled:opacity-50 disabled:cursor-not-allowed px-2 py-1 text-xs text-gray-600 hover:text-gray-900 hover:bg-gray-100 focus:ring-gray-500 p-1"[39m
      [36m>[39m
        [36m<svg[39m
          [33mclass[39m=[32m"w-4 h-4"[39m
          [33mfill[39m=[32m"none"[39m
          [33mstroke[39m=[32m"currentColor"[39m
          [33mviewBox[39m=[32m"0 0 24 24"[39m
        [36m>[39m
          [36m<path[39m
            [33md[39m=[32m"M10.325 4.317c.426-1.756 2.924-1.756 3.35 0a1.724 1.724 0 002.573 1.066c1.543-.94 3.31.826 2.37 2.37a1.724 1.724 0 001.065 2.572c1.756.426 1.756 2.924 0 3.35a1.724 1.724 0 00-1.066 2.573c.94 1.543-.826 3.31-2.37 2.37a1.724 1.724 0 00-2.572 1.065c-.426 1.756-2.924 1.756-3.35 0a1.724 1.724 0 00-2.573-1.066c-1.543.94-3.31-.826-2.37-2.37a1.724 1.724 0 00-1.065-2.572c-1.756-.426-1.756-2.924 0-3.35a1.724 1.724 0 001.066-2.573c-.94-1.543.826-3.31 2.37-2.37.996.608 2.296.07 2.572-1.065z"[39m
            [33mstroke-linecap[39m=[32m"round"[39m
            [33mstroke-linejoin[39m=[32m"round"[39m
            [33mstroke-width[39m=[32m"2"[39m
          [36m/>[39m
          [36m<path[39m
            [33md[39m=[32m"M15 12a3 3 0 11-6 0 3 3 0 016 0z"[39m
            [33mstroke-linecap[39m=[32m"round"[39m
            [33mstroke-linejoin[39m=[32m"round"[39m
            [33mstroke-width[39m=[32m"2"[39m
          [36m/>[39m
        [36m</svg>[39m
      [36m</button>[39m
    [36m</div>[39m

    Ignored nodes: comments, script, style
    [36m<div[39m
      [33mclass[39m=[32m"flex items-center gap-2"[39m
    [36m>[39m
      [36m<div[39m
        [33mclass[39m=[32m"w-2 h-2 rounded-full bg-red-500"[39m
      [36m/>[39m
      [36m<span[39m
        [33mclass[39m=[32m"text-sm font-medium"[39m
      [36m>[39m
        [0mOffline[0m
      [36m</span>[39m
    [36m</div>[39m

    Ignored nodes: comments, script, style
    [36m<div[39m
      [33mclass[39m=[32m"w-2 h-2 rounded-full bg-red-500"[39m
    [36m/>[39m

    Ignored nodes: comments, script, style
    [36m<span[39m
      [33mclass[39m=[32m"text-sm font-medium"[39m
    [36m>[39m
      [0mOffline[0m
    [36m</span>[39m

    Ignored nodes: comments, script, style
    [36m<div[39m
      [33mclass[39m=[32m"flex items-center gap-2"[39m
    [36m>[39m
      [36m<div[39m
        [33mclass[39m=[32m"text-sm text-gray-500"[39m
      [36m>[39m
        [0mNo active collaborators[0m
      [36m</div>[39m
    [36m</div>[39m

    Ignored nodes: comments, script, style
    [36m<div[39m
      [33mclass[39m=[32m"text-sm text-gray-500"[39m
    [36m>[39m
      [0mNo active collaborators[0m
    [36m</div>[39m

    Ignored nodes: comments, script, style
    [36m<div[39m
      [33mclass[39m=[32m"mt-2 pt-2 border-t"[39m
    [36m>[39m
      [36m<button[39m
        [33mclass[39m=[32m"inline-flex items-center justify-center font-medium rounded-md focus:outline-none focus:ring-2 focus:ring-offset-2 transition-colors duration-200 disabled:opacity-50 disabled:cursor-not-allowed px-3 py-1.5 text-sm border border-gray-300 bg-white text-gray-700 hover:bg-gray-50 focus:ring-blue-500 w-full flex items-center gap-2"[39m
      [36m>[39m
        [36m<svg[39m
          [33mclass[39m=[32m"w-4 h-4"[39m
          [33mfill[39m=[32m"none"[39m
          [33mstroke[39m=[32m"currentColor"[39m
          [33mviewBox[39m=[32m"0 0 24 24"[39m
        [36m>[39m
          [36m<path[39m
            [33md[39m=[32m"M12 6v6m0 0v6m0-6h6m-6 0H6"[39m
            [33mstroke-linecap[39m=[32m"round"[39m
            [33mstroke-linejoin[39m=[32m"round"[39m
            [33mstroke-width[39m=[32m"2"[39m
          [36m/>[39m
        [36m</svg>[39m
        [0mInvite others[0m
      [36m</button>[39m
    [36m</div>[39m

    Ignored nodes: comments, script, style
    [36m<div[39m
      [33mclass[39m=[32m"absolute bottom-4 right-4 bg-white shadow-lg rounded-lg px-3 py-2 text-sm text-gray-600 border"[39m
      [33mstyle[39m=[32m"z-index: 100;"[39m
    [36m>[39m
      [36m<span>[39m
        [0mBoard: [0m
        [0mtest-board-123[0m
      [36m</span>[39m
    [36m</div>[39m

    Ignored nodes: comments, script, style
    [36m<span>[39m
      [0mBoard: [0m
      [0mtest-board-123[0m
    [36m</span>[39m

    Ignored nodes: comments, script, style
    [36m<div[39m
      [33mclass[39m=[32m"sr-only"[39m
    [36m>[39m
      [36m<div>[39m
        [0mUse V for select, S for sticky note, R for rectangle, C for circle, T for text[0m
      [36m</div>[39m
      [36m<div>[39m
        [0mUse Ctrl+A to select all, Escape to clear selection[0m
      [36m</div>[39m
      [36m<div>[39m
        [0mUse Delete to remove selected elements[0m
      [36m</div>[39m
      [36m<div>[39m
        [0mUse Ctrl+Plus/Minus to zoom, Ctrl+0 to reset zoom[0m
      [36m</div>[39m
    [36m</div>[39m

    Ignored nodes: comments, script, style
    [36m<div>[39m
      [0mUse V for select, S for sticky note, R for rectangle, C for circle, T for text[0m
    [36m</div>[39m

    Ignored nodes: comments, script, style
    [36m<div>[39m
      [0mUse Ctrl+A to select all, Escape to clear selection[0m
    [36m</div>[39m

    Ignored nodes: comments, script, style
    [36m<div>[39m
      [0mUse Delete to remove selected elements[0m
    [36m</div>[39m

    Ignored nodes: comments, script, style
    [36m<div>[39m
      [0mUse Ctrl+Plus/Minus to zoom, Ctrl+0 to reset zoom[0m
    [36m</div>[39m

    (If this is intentional, then use the `*AllBy*` variant of the query (like `queryAllByText`, `getAllByText`, or `findAllByText`)).

    Ignored nodes: comments, script, style
    [36m<body>[39m
      [36m<div>[39m
        [36m<div[39m
          [33mclass[39m=[32m"fixed inset-0 overflow-hidden bg-white focus:outline-none"[39m
          [33mstyle[39m=[32m"margin: 0px; padding: 0px;"[39m
          [33mtabindex[39m=[32m"0"[39m
        [36m>[39m
          [36m<div[39m
            [33mclass[39m=[32m"canvas-container fixed inset-0 cursor-crosshair touch-none select-none bg-gray-50 w-full h-full"[39m
            [33mstyle[39m=[32m"position: fixed; inset: 0; top: 0px; right: 0px; bottom: 0px; left: 0px; width: 100%; height: 100%; margin: 0px; padding: 0px; will-change: transform; transform: translateZ(0); z-index: 0;"[39m
          [36m>[39m
            [36m<canvas[39m
              [33mclass[39m=[32m"absolute inset-0 pointer-events-none z-0"[39m
              [33mstyle[39m=[32m"mix-blend-mode: multiply;"[39m
            [36m/>[39m
            [36m<div[39m
              [33mclass[39m=[32m"absolute inset-0 flex items-center justify-center bg-white bg-opacity-75 z-50"[39m
            [36m>[39m
              [36m<div[39m
                [33mclass[39m=[32m"animate-spin rounded-full border-2 border-gray-300 border-t-blue-600 w-8 h-8"[39m
              [36m/>[39m
            [36m</div>[39m
          [36m</div>[39m
          [36m<div[39m
            [33mclass[39m=[32m"toolbar"[39m
            [33mstyle[39m=[32m"position: fixed; top: 16px; left: 50%; transform: translateX(-50%); z-index: 100;"[39m
          [36m>[39m
            [36m<div[39m
              [33mclass[39m=[32m"absolute top-4 left-1/2 transform -translate-x-1/2 z-40 flex items-center gap-2 bg-white shadow-lg rounded-lg border p-2"[39m
            [36m>[39m
              [36m<div[39m
                [33mclass[39m=[32m"flex items-center gap-1"[39m
              [36m>[39m
                [36m<div[39m
                  [33mclass[39m=[32m"relative inline-block"[39m
                [36m>[39m
                  [36m<button[39m
                    [33mclass[39m=[32m"inline-flex items-center justify-center font-medium rounded-md focus:outline-none focus:ring-2 focus:ring-offset-2 transition-colors duration-200 disabled:opacity-50 disabled:cursor-not-allowed px-3 py-1.5 text-sm text-gray-600 hover:text-gray-900 hover:bg-gray-100 focus:ring-gray-500"[39m
                    [33mdisabled[39m=[32m""[39m
                  [36m>[39m
                    [36m<svg[39m
                      [33mclass[39m=[32m"w-4 h-4"[39m
                      [33mfill[39m=[32m"none"[39m
                      [33mstroke[39m=[32m"currentColor"[39m
                      [33mviewBox[39m=[32m"0 0 24 24"[39m
                    [36m>[39m
                      [36m<path[39m
                        [33md[39m=[32m"M3 10h10a8 8 0 018 8v2M3 10l6 6m-6-6l6-6"[39m
                        [33mstroke-linecap[39m=[32m"round"[39m
                        [33mstroke-linejoin[39m=[32m"round"[39m
                        [33mstroke-width[39m=[32m"2"[39m
                      [36m/>[39m
                    [36m</svg>[39m
                  [36m</button>[39m
                [36m</div>[39m
                [36m<div[39m
                  [33mclass[39m=[32m"relative inline-block"[39m
                [36m>[39m
                  [36m<button[39m
                    [33mclass[39m=[32m"inline-flex items-center justify-center font-medium rounded-md focus:outline-none focus:ring-2 focus:ring-offset-2 transition-colors duration-200 disabled:opacity-50 disabled:cursor-not-allowed px-3 py-1.5 text-sm text-gray-600 hover:text-gray-900 hover:bg-gray-100 focus:ring-gray-500"[39m
                    [33mdisabled[39m=[32m""[39m
                  [36m>[39m
                    [36m<svg[39m
                      [33mclass[39m=[32m"w-4 h-4"[39m
                      [33mfill[39m=[32m"none"[39m
                      [33mstroke[39m=[32m"currentColor"[39m
                      [33mviewBox[39m=[32m"0 0 24 24"[39m
                    [36m>[39m
                      [36m<path[39m
                        [33md[39m=[32m"M21 10h-10a8 8 0 00-8 8v2m18-10l-6 6m6-6l-6-6"[39m
                        [33mstroke-linecap[39m=[32m"round"[39m
                        [33mstroke-linejoin[39m=[32m"round"[39m
                        [33mstroke-width[39m=[32m"2"[39m
                      [36m/>[39m
                    [36m</svg>[39m
                  [36m</button>[39m
                [36m</div>[39m
                [36m<div[39m
                  [33mclass[39m=[32m"w-px h-6 bg-gray-200 mx-1"[39m
                [36m/>[39m
              [36m</div>[39m
              [36m<div[39m
                [33mclass[39m=[32m"flex items-center gap-1"[39m
              [36m>[39m
                [36m<div[39m
                  [33mclass[39m=[32m"relative inline-block"[39m
                [36m>[39m
                  [36m<button[39m
                    [33mclass[39m=[32m"inline-flex items-center justify-center font-medium rounded-md focus:outline-none focus:ring-2 focus:ring-offset-2 transition-colors duration-200 disabled:opacity-50 disabled:cursor-not-allowed px-3 py-1.5 text-sm text-gray-600 hover:text-gray-900 hover:bg-gray-100 focus:ring-gray-500"[39m
                  [36m>[39m
                    [36m<svg[39m
                      [33mclass[39m=[32m"w-4 h-4"[39m
                      [33mfill[39m=[32m"none"[39m
                      [33mstroke[39m=[32m"currentColor"[39m
                      [33mviewBox[39m=[32m"0 0 24 24"[39m
                    [36m>[39m
                      [36m<circle[39m
                        [33mcx[39m=[32m"11"[39m
                        [33mcy[39m=[32m"11"[39m
                        [33mr[39m=[32m"8"[39m
                        [33mstroke-width[39m=[32m"2"[39m
                      [36m/>[39m
                      [36m<path[39m
                        [33md[39m=[32m"m21 21-4.35-4.35M8 11h6"[39m
                        [33mstroke-width[39m=[32m"2"[39m
                      [36m/>[39m
                    [36m</svg>[39m
                  [36m</button>[39m
                [36m</div>[39m
                [36m<div[39m
                  [33mclass[39m=[32m"relative inline-block"[39m
                [36m>[39m
                  [36m<button[39m
                    [33mclass[39m=[32m"inline-flex items-center justify-center font-medium rounded-md focus:outline-none focus:ring-2 focus:ring-offset-2 transition-colors duration-200 disabled:opacity-50 disabled:cursor-not-allowed px-3 py-1.5 text-sm text-gray-600 hover:text-gray-900 hover:bg-gray-100 focus:ring-gray-500 min-w-16 text-sm font-mono"[39m
                  [36m>[39m
                    [0m100[0m
                    [0m%[0m
                  [36m</button>[39m
                [36m</div>[39m
                [36m<div[39m
                  [33mclass[39m=[32m"relative inline-block"[39m
                [36m>[39m
                  [36m<button[39m
                    [33mclass[39m=[32m"inline-flex items-center justify-center font-medium rounded-md focus:outline-none focus:ring-2 focus:ring-offset-2 transition-colors duration-200 disabled:opacity-50 disabled:cursor-not-allowed px-3 py-1.5 text-sm text-gray-600 hover:text-gray-900 hover:bg-gray-100 focus:ring-gray-500"[39m
                  [36m...

      154 |       render(<Whiteboard boardId={mockBoardId} />)
      155 |
    > 156 |       const whiteboard = screen.getByRole('generic', { hidden: true }) // Canvas container
          |                                 ^
      157 |
      158 |       // Test sticky note shortcut
      159 |       whiteboard.focus()

      at Object.getElementError (node_modules/@testing-library/react/node_modules/@testing-library/dom/dist/config.js:37:19)
      at getElementError (node_modules/@testing-library/react/node_modules/@testing-library/dom/dist/query-helpers.js:20:35)
      at getMultipleElementsFoundError (node_modules/@testing-library/react/node_modules/@testing-library/dom/dist/query-helpers.js:23:10)
      at node_modules/@testing-library/react/node_modules/@testing-library/dom/dist/query-helpers.js:55:13
      at node_modules/@testing-library/react/node_modules/@testing-library/dom/dist/query-helpers.js:95:19
      at Object.getByRole (src/__tests__/integration/whiteboard-integration.test.tsx:156:33)

  ● Whiteboard Integration Tests › Keyboard Shortcuts › should clear selection with escape key

    TestingLibraryElementError: Found multiple elements with the role "generic"

    Here are the matching elements:

    Ignored nodes: comments, script, style
    [36m<div>[39m
      [36m<div[39m
        [33mclass[39m=[32m"fixed inset-0 overflow-hidden bg-white focus:outline-none"[39m
        [33mstyle[39m=[32m"margin: 0px; padding: 0px;"[39m
        [33mtabindex[39m=[32m"0"[39m
      [36m>[39m
        [36m<div[39m
          [33mclass[39m=[32m"canvas-container fixed inset-0 cursor-crosshair touch-none select-none bg-gray-50 w-full h-full"[39m
          [33mstyle[39m=[32m"position: fixed; inset: 0; top: 0px; right: 0px; bottom: 0px; left: 0px; width: 100%; height: 100%; margin: 0px; padding: 0px; will-change: transform; transform: translateZ(0); z-index: 0;"[39m
        [36m>[39m
          [36m<canvas[39m
            [33mclass[39m=[32m"absolute inset-0 pointer-events-none z-0"[39m
            [33mstyle[39m=[32m"mix-blend-mode: multiply;"[39m
          [36m/>[39m
          [36m<div[39m
            [33mclass[39m=[32m"absolute inset-0 flex items-center justify-center bg-white bg-opacity-75 z-50"[39m
          [36m>[39m
            [36m<div[39m
              [33mclass[39m=[32m"animate-spin rounded-full border-2 border-gray-300 border-t-blue-600 w-8 h-8"[39m
            [36m/>[39m
          [36m</div>[39m
        [36m</div>[39m
        [36m<div[39m
          [33mclass[39m=[32m"toolbar"[39m
          [33mstyle[39m=[32m"position: fixed; top: 16px; left: 50%; transform: translateX(-50%); z-index: 100;"[39m
        [36m>[39m
          [36m<div[39m
            [33mclass[39m=[32m"absolute top-4 left-1/2 transform -translate-x-1/2 z-40 flex items-center gap-2 bg-white shadow-lg rounded-lg border p-2"[39m
          [36m>[39m
            [36m<div[39m
              [33mclass[39m=[32m"flex items-center gap-1"[39m
            [36m>[39m
              [36m<div[39m
                [33mclass[39m=[32m"relative inline-block"[39m
              [36m>[39m
                [36m<button[39m
                  [33mclass[39m=[32m"inline-flex items-center justify-center font-medium rounded-md focus:outline-none focus:ring-2 focus:ring-offset-2 transition-colors duration-200 disabled:opacity-50 disabled:cursor-not-allowed px-3 py-1.5 text-sm text-gray-600 hover:text-gray-900 hover:bg-gray-100 focus:ring-gray-500"[39m
                  [33mdisabled[39m=[32m""[39m
                [36m>[39m
                  [36m<svg[39m
                    [33mclass[39m=[32m"w-4 h-4"[39m
                    [33mfill[39m=[32m"none"[39m
                    [33mstroke[39m=[32m"currentColor"[39m
                    [33mviewBox[39m=[32m"0 0 24 24"[39m
                  [36m>[39m
                    [36m<path[39m
                      [33md[39m=[32m"M3 10h10a8 8 0 018 8v2M3 10l6 6m-6-6l6-6"[39m
                      [33mstroke-linecap[39m=[32m"round"[39m
                      [33mstroke-linejoin[39m=[32m"round"[39m
                      [33mstroke-width[39m=[32m"2"[39m
                    [36m/>[39m
                  [36m</svg>[39m
                [36m</button>[39m
              [36m</div>[39m
              [36m<div[39m
                [33mclass[39m=[32m"relative inline-block"[39m
              [36m>[39m
                [36m<button[39m
                  [33mclass[39m=[32m"inline-flex items-center justify-center font-medium rounded-md focus:outline-none focus:ring-2 focus:ring-offset-2 transition-colors duration-200 disabled:opacity-50 disabled:cursor-not-allowed px-3 py-1.5 text-sm text-gray-600 hover:text-gray-900 hover:bg-gray-100 focus:ring-gray-500"[39m
                  [33mdisabled[39m=[32m""[39m
                [36m>[39m
                  [36m<svg[39m
                    [33mclass[39m=[32m"w-4 h-4"[39m
                    [33mfill[39m=[32m"none"[39m
                    [33mstroke[39m=[32m"currentColor"[39m
                    [33mviewBox[39m=[32m"0 0 24 24"[39m
                  [36m>[39m
                    [36m<path[39m
                      [33md[39m=[32m"M21 10h-10a8 8 0 00-8 8v2m18-10l-6 6m6-6l-6-6"[39m
                      [33mstroke-linecap[39m=[32m"round"[39m
                      [33mstroke-linejoin[39m=[32m"round"[39m
                      [33mstroke-width[39m=[32m"2"[39m
                    [36m/>[39m
                  [36m</svg>[39m
                [36m</button>[39m
              [36m</div>[39m
              [36m<div[39m
                [33mclass[39m=[32m"w-px h-6 bg-gray-200 mx-1"[39m
              [36m/>[39m
            [36m</div>[39m
            [36m<div[39m
              [33mclass[39m=[32m"flex items-center gap-1"[39m
            [36m>[39m
              [36m<div[39m
                [33mclass[39m=[32m"relative inline-block"[39m
              [36m>[39m
                [36m<button[39m
                  [33mclass[39m=[32m"inline-flex items-center justify-center font-medium rounded-md focus:outline-none focus:ring-2 focus:ring-offset-2 transition-colors duration-200 disabled:opacity-50 disabled:cursor-not-allowed px-3 py-1.5 text-sm text-gray-600 hover:text-gray-900 hover:bg-gray-100 focus:ring-gray-500"[39m
                [36m>[39m
                  [36m<svg[39m
                    [33mclass[39m=[32m"w-4 h-4"[39m
                    [33mfill[39m=[32m"none"[39m
                    [33mstroke[39m=[32m"currentColor"[39m
                    [33mviewBox[39m=[32m"0 0 24 24"[39m
                  [36m>[39m
                    [36m<circle[39m
                      [33mcx[39m=[32m"11"[39m
                      [33mcy[39m=[32m"11"[39m
                      [33mr[39m=[32m"8"[39m
                      [33mstroke-width[39m=[32m"2"[39m
                    [36m/>[39m
                    [36m<path[39m
                      [33md[39m=[32m"m21 21-4.35-4.35M8 11h6"[39m
                      [33mstroke-width[39m=[32m"2"[39m
                    [36m/>[39m
                  [36m</svg>[39m
                [36m</button>[39m
              [36m</div>[39m
              [36m<div[39m
                [33mclass[39m=[32m"relative inline-block"[39m
              [36m>[39m
                [36m<button[39m
                  [33mclass[39m=[32m"inline-flex items-center justify-center font-medium rounded-md focus:outline-none focus:ring-2 focus:ring-offset-2 transition-colors duration-200 disabled:opacity-50 disabled:cursor-not-allowed px-3 py-1.5 text-sm text-gray-600 hover:text-gray-900 hover:bg-gray-100 focus:ring-gray-500 min-w-16 text-sm font-mono"[39m
                [36m>[39m
                  [0m100[0m
                  [0m%[0m
                [36m</button>[39m
              [36m</div>[39m
              [36m<div[39m
                [33mclass[39m=[32m"relative inline-block"[39m
              [36m>[39m
                [36m<button[39m
                  [33mclass[39m=[32m"inline-flex items-center justify-center font-medium rounded-md focus:outline-none focus:ring-2 focus:ring-offset-2 transition-colors duration-200 disabled:opacity-50 disabled:cursor-not-allowed px-3 py-1.5 text-sm text-gray-600 hover:text-gray-900 hover:bg-gray-100 focus:ring-gray-500"[39m
                [36m>[39m
                  [36m<svg[39m
                    [33mclass[39m=[32m"w-4 h-4"[39m
                    [33mfill[39m=[32m"none"[39m
                    [33mstroke[39m=[32m"currentColor"[39m
                    [33mviewBox[39m=[32m"0 0 24 24"[39m
                  ...

    Ignored nodes: comments, script, style
    [36m<div[39m
      [33mclass[39m=[32m"fixed inset-0 overflow-hidden bg-white focus:outline-none"[39m
      [33mstyle[39m=[32m"margin: 0px; padding: 0px;"[39m
      [33mtabindex[39m=[32m"0"[39m
    [36m>[39m
      [36m<div[39m
        [33mclass[39m=[32m"canvas-container fixed inset-0 cursor-crosshair touch-none select-none bg-gray-50 w-full h-full"[39m
        [33mstyle[39m=[32m"position: fixed; inset: 0; top: 0px; right: 0px; bottom: 0px; left: 0px; width: 100%; height: 100%; margin: 0px; padding: 0px; will-change: transform; transform: translateZ(0); z-index: 0;"[39m
      [36m>[39m
        [36m<canvas[39m
          [33mclass[39m=[32m"absolute inset-0 pointer-events-none z-0"[39m
          [33mstyle[39m=[32m"mix-blend-mode: multiply;"[39m
        [36m/>[39m
        [36m<div[39m
          [33mclass[39m=[32m"absolute inset-0 flex items-center justify-center bg-white bg-opacity-75 z-50"[39m
        [36m>[39m
          [36m<div[39m
            [33mclass[39m=[32m"animate-spin rounded-full border-2 border-gray-300 border-t-blue-600 w-8 h-8"[39m
          [36m/>[39m
        [36m</div>[39m
      [36m</div>[39m
      [36m<div[39m
        [33mclass[39m=[32m"toolbar"[39m
        [33mstyle[39m=[32m"position: fixed; top: 16px; left: 50%; transform: translateX(-50%); z-index: 100;"[39m
      [36m>[39m
        [36m<div[39m
          [33mclass[39m=[32m"absolute top-4 left-1/2 transform -translate-x-1/2 z-40 flex items-center gap-2 bg-white shadow-lg rounded-lg border p-2"[39m
        [36m>[39m
          [36m<div[39m
            [33mclass[39m=[32m"flex items-center gap-1"[39m
          [36m>[39m
            [36m<div[39m
              [33mclass[39m=[32m"relative inline-block"[39m
            [36m>[39m
              [36m<button[39m
                [33mclass[39m=[32m"inline-flex items-center justify-center font-medium rounded-md focus:outline-none focus:ring-2 focus:ring-offset-2 transition-colors duration-200 disabled:opacity-50 disabled:cursor-not-allowed px-3 py-1.5 text-sm text-gray-600 hover:text-gray-900 hover:bg-gray-100 focus:ring-gray-500"[39m
                [33mdisabled[39m=[32m""[39m
              [36m>[39m
                [36m<svg[39m
                  [33mclass[39m=[32m"w-4 h-4"[39m
                  [33mfill[39m=[32m"none"[39m
                  [33mstroke[39m=[32m"currentColor"[39m
                  [33mviewBox[39m=[32m"0 0 24 24"[39m
                [36m>[39m
                  [36m<path[39m
                    [33md[39m=[32m"M3 10h10a8 8 0 018 8v2M3 10l6 6m-6-6l6-6"[39m
                    [33mstroke-linecap[39m=[32m"round"[39m
                    [33mstroke-linejoin[39m=[32m"round"[39m
                    [33mstroke-width[39m=[32m"2"[39m
                  [36m/>[39m
                [36m</svg>[39m
              [36m</button>[39m
            [36m</div>[39m
            [36m<div[39m
              [33mclass[39m=[32m"relative inline-block"[39m
            [36m>[39m
              [36m<button[39m
                [33mclass[39m=[32m"inline-flex items-center justify-center font-medium rounded-md focus:outline-none focus:ring-2 focus:ring-offset-2 transition-colors duration-200 disabled:opacity-50 disabled:cursor-not-allowed px-3 py-1.5 text-sm text-gray-600 hover:text-gray-900 hover:bg-gray-100 focus:ring-gray-500"[39m
                [33mdisabled[39m=[32m""[39m
              [36m>[39m
                [36m<svg[39m
                  [33mclass[39m=[32m"w-4 h-4"[39m
                  [33mfill[39m=[32m"none"[39m
                  [33mstroke[39m=[32m"currentColor"[39m
                  [33mviewBox[39m=[32m"0 0 24 24"[39m
                [36m>[39m
                  [36m<path[39m
                    [33md[39m=[32m"M21 10h-10a8 8 0 00-8 8v2m18-10l-6 6m6-6l-6-6"[39m
                    [33mstroke-linecap[39m=[32m"round"[39m
                    [33mstroke-linejoin[39m=[32m"round"[39m
                    [33mstroke-width[39m=[32m"2"[39m
                  [36m/>[39m
                [36m</svg>[39m
              [36m</button>[39m
            [36m</div>[39m
            [36m<div[39m
              [33mclass[39m=[32m"w-px h-6 bg-gray-200 mx-1"[39m
            [36m/>[39m
          [36m</div>[39m
          [36m<div[39m
            [33mclass[39m=[32m"flex items-center gap-1"[39m
          [36m>[39m
            [36m<div[39m
              [33mclass[39m=[32m"relative inline-block"[39m
            [36m>[39m
              [36m<button[39m
                [33mclass[39m=[32m"inline-flex items-center justify-center font-medium rounded-md focus:outline-none focus:ring-2 focus:ring-offset-2 transition-colors duration-200 disabled:opacity-50 disabled:cursor-not-allowed px-3 py-1.5 text-sm text-gray-600 hover:text-gray-900 hover:bg-gray-100 focus:ring-gray-500"[39m
              [36m>[39m
                [36m<svg[39m
                  [33mclass[39m=[32m"w-4 h-4"[39m
                  [33mfill[39m=[32m"none"[39m
                  [33mstroke[39m=[32m"currentColor"[39m
                  [33mviewBox[39m=[32m"0 0 24 24"[39m
                [36m>[39m
                  [36m<circle[39m
                    [33mcx[39m=[32m"11"[39m
                    [33mcy[39m=[32m"11"[39m
                    [33mr[39m=[32m"8"[39m
                    [33mstroke-width[39m=[32m"2"[39m
                  [36m/>[39m
                  [36m<path[39m
                    [33md[39m=[32m"m21 21-4.35-4.35M8 11h6"[39m
                    [33mstroke-width[39m=[32m"2"[39m
                  [36m/>[39m
                [36m</svg>[39m
              [36m</button>[39m
            [36m</div>[39m
            [36m<div[39m
              [33mclass[39m=[32m"relative inline-block"[39m
            [36m>[39m
              [36m<button[39m
                [33mclass[39m=[32m"inline-flex items-center justify-center font-medium rounded-md focus:outline-none focus:ring-2 focus:ring-offset-2 transition-colors duration-200 disabled:opacity-50 disabled:cursor-not-allowed px-3 py-1.5 text-sm text-gray-600 hover:text-gray-900 hover:bg-gray-100 focus:ring-gray-500 min-w-16 text-sm font-mono"[39m
              [36m>[39m
                [0m100[0m
                [0m%[0m
              [36m</button>[39m
            [36m</div>[39m
            [36m<div[39m
              [33mclass[39m=[32m"relative inline-block"[39m
            [36m>[39m
              [36m<button[39m
                [33mclass[39m=[32m"inline-flex items-center justify-center font-medium rounded-md focus:outline-none focus:ring-2 focus:ring-offset-2 transition-colors duration-200 disabled:opacity-50 disabled:cursor-not-allowed px-3 py-1.5 text-sm text-gray-600 hover:text-gray-900 hover:bg-gray-100 focus:ring-gray-500"[39m
              [36m>[39m
                [36m<svg[39m
                  [33mclass[39m=[32m"w-4 h-4"[39m
                  [33mfill[39m=[32m"none"[39m
                  [33mstroke[39m=[32m"currentColor"[39m
                  [33mviewBox[39m=[32m"0 0 24 24"[39m
                [36m>[39m
                  [36m<circle[39m
                    [33mcx[39m=[32m"11"[39m
                    [33mcy[39m=[32m"11"[39m
                    [33mr[39m=[32m"8"[39m
                    [33mstroke-width[39m=[32m"2"[39m
                  [36m/>[39m
                  [36m<p...

    Ignored nodes: comments, script, style
    [36m<div[39m
      [33mclass[39m=[32m"canvas-container fixed inset-0 cursor-crosshair touch-none select-none bg-gray-50 w-full h-full"[39m
      [33mstyle[39m=[32m"position: fixed; inset: 0; top: 0px; right: 0px; bottom: 0px; left: 0px; width: 100%; height: 100%; margin: 0px; padding: 0px; will-change: transform; transform: translateZ(0); z-index: 0;"[39m
    [36m>[39m
      [36m<canvas[39m
        [33mclass[39m=[32m"absolute inset-0 pointer-events-none z-0"[39m
        [33mstyle[39m=[32m"mix-blend-mode: multiply;"[39m
      [36m/>[39m
      [36m<div[39m
        [33mclass[39m=[32m"absolute inset-0 flex items-center justify-center bg-white bg-opacity-75 z-50"[39m
      [36m>[39m
        [36m<div[39m
          [33mclass[39m=[32m"animate-spin rounded-full border-2 border-gray-300 border-t-blue-600 w-8 h-8"[39m
        [36m/>[39m
      [36m</div>[39m
    [36m</div>[39m

    Ignored nodes: comments, script, style
    [36m<div[39m
      [33mclass[39m=[32m"absolute inset-0 flex items-center justify-center bg-white bg-opacity-75 z-50"[39m
    [36m>[39m
      [36m<div[39m
        [33mclass[39m=[32m"animate-spin rounded-full border-2 border-gray-300 border-t-blue-600 w-8 h-8"[39m
      [36m/>[39m
    [36m</div>[39m

    Ignored nodes: comments, script, style
    [36m<div[39m
      [33mclass[39m=[32m"animate-spin rounded-full border-2 border-gray-300 border-t-blue-600 w-8 h-8"[39m
    [36m/>[39m

    Ignored nodes: comments, script, style
    [36m<div[39m
      [33mclass[39m=[32m"toolbar"[39m
      [33mstyle[39m=[32m"position: fixed; top: 16px; left: 50%; transform: translateX(-50%); z-index: 100;"[39m
    [36m>[39m
      [36m<div[39m
        [33mclass[39m=[32m"absolute top-4 left-1/2 transform -translate-x-1/2 z-40 flex items-center gap-2 bg-white shadow-lg rounded-lg border p-2"[39m
      [36m>[39m
        [36m<div[39m
          [33mclass[39m=[32m"flex items-center gap-1"[39m
        [36m>[39m
          [36m<div[39m
            [33mclass[39m=[32m"relative inline-block"[39m
          [36m>[39m
            [36m<button[39m
              [33mclass[39m=[32m"inline-flex items-center justify-center font-medium rounded-md focus:outline-none focus:ring-2 focus:ring-offset-2 transition-colors duration-200 disabled:opacity-50 disabled:cursor-not-allowed px-3 py-1.5 text-sm text-gray-600 hover:text-gray-900 hover:bg-gray-100 focus:ring-gray-500"[39m
              [33mdisabled[39m=[32m""[39m
            [36m>[39m
              [36m<svg[39m
                [33mclass[39m=[32m"w-4 h-4"[39m
                [33mfill[39m=[32m"none"[39m
                [33mstroke[39m=[32m"currentColor"[39m
                [33mviewBox[39m=[32m"0 0 24 24"[39m
              [36m>[39m
                [36m<path[39m
                  [33md[39m=[32m"M3 10h10a8 8 0 018 8v2M3 10l6 6m-6-6l6-6"[39m
                  [33mstroke-linecap[39m=[32m"round"[39m
                  [33mstroke-linejoin[39m=[32m"round"[39m
                  [33mstroke-width[39m=[32m"2"[39m
                [36m/>[39m
              [36m</svg>[39m
            [36m</button>[39m
          [36m</div>[39m
          [36m<div[39m
            [33mclass[39m=[32m"relative inline-block"[39m
          [36m>[39m
            [36m<button[39m
              [33mclass[39m=[32m"inline-flex items-center justify-center font-medium rounded-md focus:outline-none focus:ring-2 focus:ring-offset-2 transition-colors duration-200 disabled:opacity-50 disabled:cursor-not-allowed px-3 py-1.5 text-sm text-gray-600 hover:text-gray-900 hover:bg-gray-100 focus:ring-gray-500"[39m
              [33mdisabled[39m=[32m""[39m
            [36m>[39m
              [36m<svg[39m
                [33mclass[39m=[32m"w-4 h-4"[39m
                [33mfill[39m=[32m"none"[39m
                [33mstroke[39m=[32m"currentColor"[39m
                [33mviewBox[39m=[32m"0 0 24 24"[39m
              [36m>[39m
                [36m<path[39m
                  [33md[39m=[32m"M21 10h-10a8 8 0 00-8 8v2m18-10l-6 6m6-6l-6-6"[39m
                  [33mstroke-linecap[39m=[32m"round"[39m
                  [33mstroke-linejoin[39m=[32m"round"[39m
                  [33mstroke-width[39m=[32m"2"[39m
                [36m/>[39m
              [36m</svg>[39m
            [36m</button>[39m
          [36m</div>[39m
          [36m<div[39m
            [33mclass[39m=[32m"w-px h-6 bg-gray-200 mx-1"[39m
          [36m/>[39m
        [36m</div>[39m
        [36m<div[39m
          [33mclass[39m=[32m"flex items-center gap-1"[39m
        [36m>[39m
          [36m<div[39m
            [33mclass[39m=[32m"relative inline-block"[39m
          [36m>[39m
            [36m<button[39m
              [33mclass[39m=[32m"inline-flex items-center justify-center font-medium rounded-md focus:outline-none focus:ring-2 focus:ring-offset-2 transition-colors duration-200 disabled:opacity-50 disabled:cursor-not-allowed px-3 py-1.5 text-sm text-gray-600 hover:text-gray-900 hover:bg-gray-100 focus:ring-gray-500"[39m
            [36m>[39m
              [36m<svg[39m
                [33mclass[39m=[32m"w-4 h-4"[39m
                [33mfill[39m=[32m"none"[39m
                [33mstroke[39m=[32m"currentColor"[39m
                [33mviewBox[39m=[32m"0 0 24 24"[39m
              [36m>[39m
                [36m<circle[39m
                  [33mcx[39m=[32m"11"[39m
                  [33mcy[39m=[32m"11"[39m
                  [33mr[39m=[32m"8"[39m
                  [33mstroke-width[39m=[32m"2"[39m
                [36m/>[39m
                [36m<path[39m
                  [33md[39m=[32m"m21 21-4.35-4.35M8 11h6"[39m
                  [33mstroke-width[39m=[32m"2"[39m
                [36m/>[39m
              [36m</svg>[39m
            [36m</button>[39m
          [36m</div>[39m
          [36m<div[39m
            [33mclass[39m=[32m"relative inline-block"[39m
          [36m>[39m
            [36m<button[39m
              [33mclass[39m=[32m"inline-flex items-center justify-center font-medium rounded-md focus:outline-none focus:ring-2 focus:ring-offset-2 transition-colors duration-200 disabled:opacity-50 disabled:cursor-not-allowed px-3 py-1.5 text-sm text-gray-600 hover:text-gray-900 hover:bg-gray-100 focus:ring-gray-500 min-w-16 text-sm font-mono"[39m
            [36m>[39m
              [0m100[0m
              [0m%[0m
            [36m</button>[39m
          [36m</div>[39m
          [36m<div[39m
            [33mclass[39m=[32m"relative inline-block"[39m
          [36m>[39m
            [36m<button[39m
              [33mclass[39m=[32m"inline-flex items-center justify-center font-medium rounded-md focus:outline-none focus:ring-2 focus:ring-offset-2 transition-colors duration-200 disabled:opacity-50 disabled:cursor-not-allowed px-3 py-1.5 text-sm text-gray-600 hover:text-gray-900 hover:bg-gray-100 focus:ring-gray-500"[39m
            [36m>[39m
              [36m<svg[39m
                [33mclass[39m=[32m"w-4 h-4"[39m
                [33mfill[39m=[32m"none"[39m
                [33mstroke[39m=[32m"currentColor"[39m
                [33mviewBox[39m=[32m"0 0 24 24"[39m
              [36m>[39m
                [36m<circle[39m
                  [33mcx[39m=[32m"11"[39m
                  [33mcy[39m=[32m"11"[39m
                  [33mr[39m=[32m"8"[39m
                  [33mstroke-width[39m=[32m"2"[39m
                [36m/>[39m
                [36m<path[39m
                  [33md[39m=[32m"m21 21-4.35-4.35M11 8v6M8 11h6"[39m
                  [33mstroke-width[39m=[32m"2"[39m
                [36m/>[39m
              [36m</svg>[39m
            [36m</button>[39m
          [36m</div>[39m
          [36m<div[39m
            [33mclass[39m=[32m"w-px h-6 bg-gray-200 mx-1"[39m
          [36m/>[39m
        [36m</div>[39m
        [36m<div[39m
          [33mclass[39m=[32m"flex items-center gap-1"[39m
        [36m>[39m
          [36m<div[39m
            [33mclass[39m=[32m"relative inline-block"[39m
          [36m>[39m
            [36m<button[39m
              [33mclass[39m=[32m"inline-flex items-center justify-center font-medium rounded-md focus:outline-none focus:ring-2 focus:ring-offset-2 transition-colors duration-200 disabled:opacity-50 disabled:cursor-not-allowed px-3 py-1.5 text-sm text-gray-600 hover:text-gray-900 hover:bg-gray-100 focus:ring-gray-500"[39m
              [33mdisabled[39m=[32m""[39m
            [36m>[39m
              [36m<svg[39m
                [33mclass[39m=[32m"w-4 h-4"[39m
                [33mfill[39m=[32m"none"[39m
                [33mstroke[39m=[32m"currentColor"[39m
                [33mviewBox[39m=[32m"0 0 24 24"[39m
              [36m>[39m
                [36m<path[39m
                  [33md[39m=[32m"M4 8V4m0 0h4M4 4l5 5m11-1V4m0 0h-4m4 0l-5 5M4 16v4m0 0h4m-4 0l5-5m11 5l-5-5m5 5v-4m0 4h-4"[39m
                  [33mstroke-linecap[39m=[32m"round"[39m
                  [33mstroke-linejoin[39m=[32m"round"[39m
                  [33mstroke-width[39m=[32m"2"[39m
                [36m/>[39m
              [36m</svg>[39m
            [36m</button>[39m
          [36m</div>[39m
          [36m<div[39m
            [33mclass[39m=[32m"relative inline-block"[39m
          [36m>[39m
            [36m<button[39m
              [33mclass[39m=[32m"inline-flex items-center justify-center font-medium rounded-md focus:outline-none focus:ring-2 focus:ring-offset-2 transition-colors duration-200 disabled:opacity-50 disabled:cursor-not-allowed px-3 py-1.5 text-sm text-gray-600 hover:text-gray-900 hover:bg-gray-100 focus:ring-gray-500 bg-blue-50 text-blue-600"[39m
            [36m>[39m
              [36m<svg[39m
                [33mclass[39m=[32m"w-4 h-4"[39m
                [33mfill[39m=[32m"none"[39m
                [33mstroke[39m=[32m"currentColor"[39m
                [33mviewBox[39m=[32m"0 0 24 24"[39m
              [36m>[39m
                [36m<rect[39m
                  [33mheight[39m=[32m"7"[39m
                  [33mstroke-width[39m=[32m"2"[39m
                  [33mwidth[39m=[32m"7"[39m
                  [33mx[39m=[32m"3"[39m
                  [33my[39m=[32m"3"[39m
                [36m/>[39m
                [36m<rect[39m
                  [33mheight[39m=[32m"7"[39m
                  [33mstroke-width[39m=[32m"2"[39m
                  [33mwidth[39m=[32m"7"[39m
                  [33mx[39m=[32m"14"[39m
                  [33my[39m=[32m"3"[39m
                [36m/>[39m
                [36m<rect[39m
                  [33mheight[39m=[32m"7"[39m
                  [33mstroke-width[39m=[32m"2"[39m
                  [33mwidth[39m=[32m"7"[39m
                  [33mx[39m=[32m"14"[39m
                  [33my[39m=[32m"14"[39m
                [36m/>[39m
                [36m<rect[39m
                  [33mheight[39m=[32m"7"[39m
                  [33mstroke-width[39m=[32m"2"[39m
                  [33mwidth[39m=[32m"7"[39m
                  [33mx[39m=[32m"3"[39m
                  [33my[39m=[32m"14"[39m
                [36m/>[39m
              [36m</svg>[39m
            [36m</button>[39m
          [36m</div>[39m
          [36m<div[39m
            [33mclass[39m=[32m"w-px h-6 bg-gray-200 mx-1"[39m
          [36m/>[39m
        [36m</div>[39m
        [36m<div[39m
          [33mclass[39m=[32m"flex items-center gap-1"[39m
        [36m>[39m
          [36m<div[39m
            [33mclass[39m=[32m"relative inline-block"[39m
          [36m>[39m
            [36m<button[39m
              [33mclass[39m=[32m"inline-flex items-center justify-center font-medium rounded-md focus:outline-none focus:ring-2 focus:ring-offset-2 transition-colors duration-200 disabled:opacity-50 disabled:cursor-not-allowed px-3 py-1.5 text-sm text-gray-600 hover:text-gray-900 hover:bg-gray-100 focus:ring-gray-500"[39m
              [33mdisabled[39m=[32m""[39m
            [36m>[39m
              [36m<svg[39m
                [33mclass[39m=[32m"w-4 h-4"[39m
                [33mfill[39m=[32m"none"[39m
                [33mstroke[39m=[32m"currentColor"[39m
                [33mviewBox[39m=[32m"0 0 24 24"[39m
              [36m>[39m
                [36m<path[39m
                  [33md[39m=[32m"M12 10v6m0 0l-3-3m3 3l3-3M3 17V7a2 2 0 012-2h6l2 2h6a2 2 0 012 2v10a2 2 0 01-2 2H5a2 2 0 01-2-2z"[39m
                  [33mstroke-linecap[39m=[32m"round"[39m
                  [33mstroke-linejoin[39m=[32m"round"[39m
                  [33mstroke-width[39m=[32m"2"[39m
                [36m/>[39m
              [36m</svg>[39m
            [36m</button>[39m
          [36m</div>[39m
          [36m<div[39m
            [33mclass[39m=[32m"w-px h-6 bg-gray-200 mx-1"[39m
          [36m/>[39m
        [36m</div>[39m
        [36m<div[39m
          [33mclass[39m=[32m"flex items-center gap-2"[39m
        [36m>[39m
          [36m<div[39m
            [33mclass[39m=[32m"relative inline-block"[39m
          [36m>[39m
            [36m<div[39m
              [33mclass[39m=[32m"w-2 h-2 rounded-full bg-red-500"[39m
            [36m/>[39m
          [36m</div>[39m
          [36m<div[39m
            [33mclass[39m=[32m"relative inline-block"[39m
          [36m>[39m
            [36m<button[39m
              [33mclass[39m=[32m"inline-flex items-center justify-center font-medium rounded-md focus:outline-none focus:ring-2 focus:ring-offset-2 transition-colors duration-200 disabled:opacity-50 disabled:cursor-not-allowed px-3 py-1.5 text-sm text-gray-600 hover:text-gray-900 hover:bg-gray-100 focus:ring-gray-500"[39m
            [36m>[39m
              [36m<svg[39m
                [33mclass[39m=[32m"w-4 h-4"[39m
                [33mfill[39m=[32m"none"[39m
                [33mstroke[39m=[32m"currentColor"[39m
                [33mviewBox[39m=[32m"0 0 24 24"[39m
              [36m>[39m
                [36m<path[39m
                  [33md[39m=[32m"M8.684 13.342C8.886 12.938 9 12.482 9 12c0-.482-.114-.938-.316-1.342m0 2.684a3 3 0 110-2.684m0 2.684l6.632 3.316m-6.632-6l6.632-3.316m0 0a3 3 0 105.367-2.684 3 3 0 00-5.367 2.684zm0 9.316a3 3 0 105.367 2.684 3 3 0 00-5.367-2.684z"[39m
                  [33mstroke-linecap[39m=[32m"round"[39m
                  [33mstroke-linejoin[39m=[32m"round"[39m
                  [33mstroke-width[39m=[32m"2"[39m
                [36m/>[39m
              [36m</svg>[39m
            [36m</button>[39m
          [36m</div>[39m
        [36m</div>[39m
        [36m<div[39m
          [33mclass[39m=[32m"text-xs text-gray-400 px-2"[39m
        [36m>[39m
          [0m0[0m
          [0m elements[0m
        [36m</div>[39m
      [36m</div>[39m
    [36m</div>[39m

    Ignored nodes: comments, script, style
    [36m<div[39m
      [33mclass[39m=[32m"absolute top-4 left-1/2 transform -translate-x-1/2 z-40 flex items-center gap-2 bg-white shadow-lg rounded-lg border p-2"[39m
    [36m>[39m
      [36m<div[39m
        [33mclass[39m=[32m"flex items-center gap-1"[39m
      [36m>[39m
        [36m<div[39m
          [33mclass[39m=[32m"relative inline-block"[39m
        [36m>[39m
          [36m<button[39m
            [33mclass[39m=[32m"inline-flex items-center justify-center font-medium rounded-md focus:outline-none focus:ring-2 focus:ring-offset-2 transition-colors duration-200 disabled:opacity-50 disabled:cursor-not-allowed px-3 py-1.5 text-sm text-gray-600 hover:text-gray-900 hover:bg-gray-100 focus:ring-gray-500"[39m
            [33mdisabled[39m=[32m""[39m
          [36m>[39m
            [36m<svg[39m
              [33mclass[39m=[32m"w-4 h-4"[39m
              [33mfill[39m=[32m"none"[39m
              [33mstroke[39m=[32m"currentColor"[39m
              [33mviewBox[39m=[32m"0 0 24 24"[39m
            [36m>[39m
              [36m<path[39m
                [33md[39m=[32m"M3 10h10a8 8 0 018 8v2M3 10l6 6m-6-6l6-6"[39m
                [33mstroke-linecap[39m=[32m"round"[39m
                [33mstroke-linejoin[39m=[32m"round"[39m
                [33mstroke-width[39m=[32m"2"[39m
              [36m/>[39m
            [36m</svg>[39m
          [36m</button>[39m
        [36m</div>[39m
        [36m<div[39m
          [33mclass[39m=[32m"relative inline-block"[39m
        [36m>[39m
          [36m<button[39m
            [33mclass[39m=[32m"inline-flex items-center justify-center font-medium rounded-md focus:outline-none focus:ring-2 focus:ring-offset-2 transition-colors duration-200 disabled:opacity-50 disabled:cursor-not-allowed px-3 py-1.5 text-sm text-gray-600 hover:text-gray-900 hover:bg-gray-100 focus:ring-gray-500"[39m
            [33mdisabled[39m=[32m""[39m
          [36m>[39m
            [36m<svg[39m
              [33mclass[39m=[32m"w-4 h-4"[39m
              [33mfill[39m=[32m"none"[39m
              [33mstroke[39m=[32m"currentColor"[39m
              [33mviewBox[39m=[32m"0 0 24 24"[39m
            [36m>[39m
              [36m<path[39m
                [33md[39m=[32m"M21 10h-10a8 8 0 00-8 8v2m18-10l-6 6m6-6l-6-6"[39m
                [33mstroke-linecap[39m=[32m"round"[39m
                [33mstroke-linejoin[39m=[32m"round"[39m
                [33mstroke-width[39m=[32m"2"[39m
              [36m/>[39m
            [36m</svg>[39m
          [36m</button>[39m
        [36m</div>[39m
        [36m<div[39m
          [33mclass[39m=[32m"w-px h-6 bg-gray-200 mx-1"[39m
        [36m/>[39m
      [36m</div>[39m
      [36m<div[39m
        [33mclass[39m=[32m"flex items-center gap-1"[39m
      [36m>[39m
        [36m<div[39m
          [33mclass[39m=[32m"relative inline-block"[39m
        [36m>[39m
          [36m<button[39m
            [33mclass[39m=[32m"inline-flex items-center justify-center font-medium rounded-md focus:outline-none focus:ring-2 focus:ring-offset-2 transition-colors duration-200 disabled:opacity-50 disabled:cursor-not-allowed px-3 py-1.5 text-sm text-gray-600 hover:text-gray-900 hover:bg-gray-100 focus:ring-gray-500"[39m
          [36m>[39m
            [36m<svg[39m
              [33mclass[39m=[32m"w-4 h-4"[39m
              [33mfill[39m=[32m"none"[39m
              [33mstroke[39m=[32m"currentColor"[39m
              [33mviewBox[39m=[32m"0 0 24 24"[39m
            [36m>[39m
              [36m<circle[39m
                [33mcx[39m=[32m"11"[39m
                [33mcy[39m=[32m"11"[39m
                [33mr[39m=[32m"8"[39m
                [33mstroke-width[39m=[32m"2"[39m
              [36m/>[39m
              [36m<path[39m
                [33md[39m=[32m"m21 21-4.35-4.35M8 11h6"[39m
                [33mstroke-width[39m=[32m"2"[39m
              [36m/>[39m
            [36m</svg>[39m
          [36m</button>[39m
        [36m</div>[39m
        [36m<div[39m
          [33mclass[39m=[32m"relative inline-block"[39m
        [36m>[39m
          [36m<button[39m
            [33mclass[39m=[32m"inline-flex items-center justify-center font-medium rounded-md focus:outline-none focus:ring-2 focus:ring-offset-2 transition-colors duration-200 disabled:opacity-50 disabled:cursor-not-allowed px-3 py-1.5 text-sm text-gray-600 hover:text-gray-900 hover:bg-gray-100 focus:ring-gray-500 min-w-16 text-sm font-mono"[39m
          [36m>[39m
            [0m100[0m
            [0m%[0m
          [36m</button>[39m
        [36m</div>[39m
        [36m<div[39m
          [33mclass[39m=[32m"relative inline-block"[39m
        [36m>[39m
          [36m<button[39m
            [33mclass[39m=[32m"inline-flex items-center justify-center font-medium rounded-md focus:outline-none focus:ring-2 focus:ring-offset-2 transition-colors duration-200 disabled:opacity-50 disabled:cursor-not-allowed px-3 py-1.5 text-sm text-gray-600 hover:text-gray-900 hover:bg-gray-100 focus:ring-gray-500"[39m
          [36m>[39m
            [36m<svg[39m
              [33mclass[39m=[32m"w-4 h-4"[39m
              [33mfill[39m=[32m"none"[39m
              [33mstroke[39m=[32m"currentColor"[39m
              [33mviewBox[39m=[32m"0 0 24 24"[39m
            [36m>[39m
              [36m<circle[39m
                [33mcx[39m=[32m"11"[39m
                [33mcy[39m=[32m"11"[39m
                [33mr[39m=[32m"8"[39m
                [33mstroke-width[39m=[32m"2"[39m
              [36m/>[39m
              [36m<path[39m
                [33md[39m=[32m"m21 21-4.35-4.35M11 8v6M8 11h6"[39m
                [33mstroke-width[39m=[32m"2"[39m
              [36m/>[39m
            [36m</svg>[39m
          [36m</button>[39m
        [36m</div>[39m
        [36m<div[39m
          [33mclass[39m=[32m"w-px h-6 bg-gray-200 mx-1"[39m
        [36m/>[39m
      [36m</div>[39m
      [36m<div[39m
        [33mclass[39m=[32m"flex items-center gap-1"[39m
      [36m>[39m
        [36m<div[39m
          [33mclass[39m=[32m"relative inline-block"[39m
        [36m>[39m
          [36m<button[39m
            [33mclass[39m=[32m"inline-flex items-center justify-center font-medium rounded-md focus:outline-none focus:ring-2 focus:ring-offset-2 transition-colors duration-200 disabled:opacity-50 disabled:cursor-not-allowed px-3 py-1.5 text-sm text-gray-600 hover:text-gray-900 hover:bg-gray-100 focus:ring-gray-500"[39m
            [33mdisabled[39m=[32m""[39m
          [36m>[39m
            [36m<svg[39m
              [33mclass[39m=[32m"w-4 h-4"[39m
              [33mfill[39m=[32m"none"[39m
              [33mstroke[39m=[32m"currentColor"[39m
              [33mviewBox[39m=[32m"0 0 24 24"[39m
            [36m>[39m
              [36m<path[39m
                [33md[39m=[32m"M4 8V4m0 0h4M4 4l5 5m11-1V4m0 0h-4m4 0l-5 5M4 16v4m0 0h4m-4 0l5-5m11 5l-5-5m5 5v-4m0 4h-4"[39m
                [33mstroke-linecap[39m=[32m"round"[39m
                [33mstroke-linejoin[39m=[32m"round"[39m
                [33mstroke-width[39m=[32m"2"[39m
              [36m/>[39m
            [36m</svg>[39m
          [36m</button>[39m
        [36m</div>[39m
        [36m<div[39m
          [33mclass[39m=[32m"relative inline-block"[39m
        [36m>[39m
          [36m<button[39m
            [33mclass[39m=[32m"inline-flex items-center justify-center font-medium rounded-md focus:outline-none focus:ring-2 focus:ring-offset-2 transition-colors duration-200 disabled:opacity-50 disabled:cursor-not-allowed px-3 py-1.5 text-sm text-gray-600 hover:text-gray-900 hover:bg-gray-100 focus:ring-gray-500 bg-blue-50 text-blue-600"[39m
          [36m>[39m
            [36m<svg[39m
              [33mclass[39m=[32m"w-4 h-4"[39m
              [33mfill[39m=[32m"none"[39m
              [33mstroke[39m=[32m"currentColor"[39m
              [33mviewBox[39m=[32m"0 0 24 24"[39m
            [36m>[39m
              [36m<rect[39m
                [33mheight[39m=[32m"7"[39m
                [33mstroke-width[39m=[32m"2"[39m
                [33mwidth[39m=[32m"7"[39m
                [33mx[39m=[32m"3"[39m
                [33my[39m=[32m"3"[39m
              [36m/>[39m
              [36m<rect[39m
                [33mheight[39m=[32m"7"[39m
                [33mstroke-width[39m=[32m"2"[39m
                [33mwidth[39m=[32m"7"[39m
                [33mx[39m=[32m"14"[39m
                [33my[39m=[32m"3"[39m
              [36m/>[39m
              [36m<rect[39m
                [33mheight[39m=[32m"7"[39m
                [33mstroke-width[39m=[32m"2"[39m
                [33mwidth[39m=[32m"7"[39m
                [33mx[39m=[32m"14"[39m
                [33my[39m=[32m"14"[39m
              [36m/>[39m
              [36m<rect[39m
                [33mheight[39m=[32m"7"[39m
                [33mstroke-width[39m=[32m"2"[39m
                [33mwidth[39m=[32m"7"[39m
                [33mx[39m=[32m"3"[39m
                [33my[39m=[32m"14"[39m
              [36m/>[39m
            [36m</svg>[39m
          [36m</button>[39m
        [36m</div>[39m
        [36m<div[39m
          [33mclass[39m=[32m"w-px h-6 bg-gray-200 mx-1"[39m
        [36m/>[39m
      [36m</div>[39m
      [36m<div[39m
        [33mclass[39m=[32m"flex items-center gap-1"[39m
      [36m>[39m
        [36m<div[39m
          [33mclass[39m=[32m"relative inline-block"[39m
        [36m>[39m
          [36m<button[39m
            [33mclass[39m=[32m"inline-flex items-center justify-center font-medium rounded-md focus:outline-none focus:ring-2 focus:ring-offset-2 transition-colors duration-200 disabled:opacity-50 disabled:cursor-not-allowed px-3 py-1.5 text-sm text-gray-600 hover:text-gray-900 hover:bg-gray-100 focus:ring-gray-500"[39m
            [33mdisabled[39m=[32m""[39m
          [36m>[39m
            [36m<svg[39m
              [33mclass[39m=[32m"w-4 h-4"[39m
              [33mfill[39m=[32m"none"[39m
              [33mstroke[39m=[32m"currentColor"[39m
              [33mviewBox[39m=[32m"0 0 24 24"[39m
            [36m>[39m
              [36m<path[39m
                [33md[39m=[32m"M12 10v6m0 0l-3-3m3 3l3-3M3 17V7a2 2 0 012-2h6l2 2h6a2 2 0 012 2v10a2 2 0 01-2 2H5a2 2 0 01-2-2z"[39m
                [33mstroke-linecap[39m=[32m"round"[39m
                [33mstroke-linejoin[39m=[32m"round"[39m
                [33mstroke-width[39m=[32m"2"[39m
              [36m/>[39m
            [36m</svg>[39m
          [36m</button>[39m
        [36m</div>[39m
        [36m<div[39m
          [33mclass[39m=[32m"w-px h-6 bg-gray-200 mx-1"[39m
        [36m/>[39m
      [36m</div>[39m
      [36m<div[39m
        [33mclass[39m=[32m"flex items-center gap-2"[39m
      [36m>[39m
        [36m<div[39m
          [33mclass[39m=[32m"relative inline-block"[39m
        [36m>[39m
          [36m<div[39m
            [33mclass[39m=[32m"w-2 h-2 rounded-full bg-red-500"[39m
          [36m/>[39m
        [36m</div>[39m
        [36m<div[39m
          [33mclass[39m=[32m"relative inline-block"[39m
        [36m>[39m
          [36m<button[39m
            [33mclass[39m=[32m"inline-flex items-center justify-center font-medium rounded-md focus:outline-none focus:ring-2 focus:ring-offset-2 transition-colors duration-200 disabled:opacity-50 disabled:cursor-not-allowed px-3 py-1.5 text-sm text-gray-600 hover:text-gray-900 hover:bg-gray-100 focus:ring-gray-500"[39m
          [36m>[39m
            [36m<svg[39m
              [33mclass[39m=[32m"w-4 h-4"[39m
              [33mfill[39m=[32m"none"[39m
              [33mstroke[39m=[32m"currentColor"[39m
              [33mviewBox[39m=[32m"0 0 24 24"[39m
            [36m>[39m
              [36m<path[39m
                [33md[39m=[32m"M8.684 13.342C8.886 12.938 9 12.482 9 12c0-.482-.114-.938-.316-1.342m0 2.684a3 3 0 110-2.684m0 2.684l6.632 3.316m-6.632-6l6.632-3.316m0 0a3 3 0 105.367-2.684 3 3 0 00-5.367 2.684zm0 9.316a3 3 0 105.367 2.684 3 3 0 00-5.367-2.684z"[39m
                [33mstroke-linecap[39m=[32m"round"[39m
                [33mstroke-linejoin[39m=[32m"round"[39m
                [33mstroke-width[39m=[32m"2"[39m
              [36m/>[39m
            [36m</svg>[39m
          [36m</button>[39m
        [36m</div>[39m
      [36m</div>[39m
      [36m<div[39m
        [33mclass[39m=[32m"text-xs text-gray-400 px-2"[39m
      [36m>[39m
        [0m0[0m
        [0m elements[0m
      [36m</div>[39m
    [36m</div>[39m

    Ignored nodes: comments, script, style
    [36m<div[39m
      [33mclass[39m=[32m"flex items-center gap-1"[39m
    [36m>[39m
      [36m<div[39m
        [33mclass[39m=[32m"relative inline-block"[39m
      [36m>[39m
        [36m<button[39m
          [33mclass[39m=[32m"inline-flex items-center justify-center font-medium rounded-md focus:outline-none focus:ring-2 focus:ring-offset-2 transition-colors duration-200 disabled:opacity-50 disabled:cursor-not-allowed px-3 py-1.5 text-sm text-gray-600 hover:text-gray-900 hover:bg-gray-100 focus:ring-gray-500"[39m
          [33mdisabled[39m=[32m""[39m
        [36m>[39m
          [36m<svg[39m
            [33mclass[39m=[32m"w-4 h-4"[39m
            [33mfill[39m=[32m"none"[39m
            [33mstroke[39m=[32m"currentColor"[39m
            [33mviewBox[39m=[32m"0 0 24 24"[39m
          [36m>[39m
            [36m<path[39m
              [33md[39m=[32m"M3 10h10a8 8 0 018 8v2M3 10l6 6m-6-6l6-6"[39m
              [33mstroke-linecap[39m=[32m"round"[39m
              [33mstroke-linejoin[39m=[32m"round"[39m
              [33mstroke-width[39m=[32m"2"[39m
            [36m/>[39m
          [36m</svg>[39m
        [36m</button>[39m
      [36m</div>[39m
      [36m<div[39m
        [33mclass[39m=[32m"relative inline-block"[39m
      [36m>[39m
        [36m<button[39m
          [33mclass[39m=[32m"inline-flex items-center justify-center font-medium rounded-md focus:outline-none focus:ring-2 focus:ring-offset-2 transition-colors duration-200 disabled:opacity-50 disabled:cursor-not-allowed px-3 py-1.5 text-sm text-gray-600 hover:text-gray-900 hover:bg-gray-100 focus:ring-gray-500"[39m
          [33mdisabled[39m=[32m""[39m
        [36m>[39m
          [36m<svg[39m
            [33mclass[39m=[32m"w-4 h-4"[39m
            [33mfill[39m=[32m"none"[39m
            [33mstroke[39m=[32m"currentColor"[39m
            [33mviewBox[39m=[32m"0 0 24 24"[39m
          [36m>[39m
            [36m<path[39m
              [33md[39m=[32m"M21 10h-10a8 8 0 00-8 8v2m18-10l-6 6m6-6l-6-6"[39m
              [33mstroke-linecap[39m=[32m"round"[39m
              [33mstroke-linejoin[39m=[32m"round"[39m
              [33mstroke-width[39m=[32m"2"[39m
            [36m/>[39m
          [36m</svg>[39m
        [36m</button>[39m
      [36m</div>[39m
      [36m<div[39m
        [33mclass[39m=[32m"w-px h-6 bg-gray-200 mx-1"[39m
      [36m/>[39m
    [36m</div>[39m

    Ignored nodes: comments, script, style
    [36m<div[39m
      [33mclass[39m=[32m"relative inline-block"[39m
    [36m>[39m
      [36m<button[39m
        [33mclass[39m=[32m"inline-flex items-center justify-center font-medium rounded-md focus:outline-none focus:ring-2 focus:ring-offset-2 transition-colors duration-200 disabled:opacity-50 disabled:cursor-not-allowed px-3 py-1.5 text-sm text-gray-600 hover:text-gray-900 hover:bg-gray-100 focus:ring-gray-500"[39m
        [33mdisabled[39m=[32m""[39m
      [36m>[39m
        [36m<svg[39m
          [33mclass[39m=[32m"w-4 h-4"[39m
          [33mfill[39m=[32m"none"[39m
          [33mstroke[39m=[32m"currentColor"[39m
          [33mviewBox[39m=[32m"0 0 24 24"[39m
        [36m>[39m
          [36m<path[39m
            [33md[39m=[32m"M3 10h10a8 8 0 018 8v2M3 10l6 6m-6-6l6-6"[39m
            [33mstroke-linecap[39m=[32m"round"[39m
            [33mstroke-linejoin[39m=[32m"round"[39m
            [33mstroke-width[39m=[32m"2"[39m
          [36m/>[39m
        [36m</svg>[39m
      [36m</button>[39m
    [36m</div>[39m

    Ignored nodes: comments, script, style
    [36m<div[39m
      [33mclass[39m=[32m"relative inline-block"[39m
    [36m>[39m
      [36m<button[39m
        [33mclass[39m=[32m"inline-flex items-center justify-center font-medium rounded-md focus:outline-none focus:ring-2 focus:ring-offset-2 transition-colors duration-200 disabled:opacity-50 disabled:cursor-not-allowed px-3 py-1.5 text-sm text-gray-600 hover:text-gray-900 hover:bg-gray-100 focus:ring-gray-500"[39m
        [33mdisabled[39m=[32m""[39m
      [36m>[39m
        [36m<svg[39m
          [33mclass[39m=[32m"w-4 h-4"[39m
          [33mfill[39m=[32m"none"[39m
          [33mstroke[39m=[32m"currentColor"[39m
          [33mviewBox[39m=[32m"0 0 24 24"[39m
        [36m>[39m
          [36m<path[39m
            [33md[39m=[32m"M21 10h-10a8 8 0 00-8 8v2m18-10l-6 6m6-6l-6-6"[39m
            [33mstroke-linecap[39m=[32m"round"[39m
            [33mstroke-linejoin[39m=[32m"round"[39m
            [33mstroke-width[39m=[32m"2"[39m
          [36m/>[39m
        [36m</svg>[39m
      [36m</button>[39m
    [36m</div>[39m

    Ignored nodes: comments, script, style
    [36m<div[39m
      [33mclass[39m=[32m"w-px h-6 bg-gray-200 mx-1"[39m
    [36m/>[39m

    Ignored nodes: comments, script, style
    [36m<div[39m
      [33mclass[39m=[32m"flex items-center gap-1"[39m
    [36m>[39m
      [36m<div[39m
        [33mclass[39m=[32m"relative inline-block"[39m
      [36m>[39m
        [36m<button[39m
          [33mclass[39m=[32m"inline-flex items-center justify-center font-medium rounded-md focus:outline-none focus:ring-2 focus:ring-offset-2 transition-colors duration-200 disabled:opacity-50 disabled:cursor-not-allowed px-3 py-1.5 text-sm text-gray-600 hover:text-gray-900 hover:bg-gray-100 focus:ring-gray-500"[39m
        [36m>[39m
          [36m<svg[39m
            [33mclass[39m=[32m"w-4 h-4"[39m
            [33mfill[39m=[32m"none"[39m
            [33mstroke[39m=[32m"currentColor"[39m
            [33mviewBox[39m=[32m"0 0 24 24"[39m
          [36m>[39m
            [36m<circle[39m
              [33mcx[39m=[32m"11"[39m
              [33mcy[39m=[32m"11"[39m
              [33mr[39m=[32m"8"[39m
              [33mstroke-width[39m=[32m"2"[39m
            [36m/>[39m
            [36m<path[39m
              [33md[39m=[32m"m21 21-4.35-4.35M8 11h6"[39m
              [33mstroke-width[39m=[32m"2"[39m
            [36m/>[39m
          [36m</svg>[39m
        [36m</button>[39m
      [36m</div>[39m
      [36m<div[39m
        [33mclass[39m=[32m"relative inline-block"[39m
      [36m>[39m
        [36m<button[39m
          [33mclass[39m=[32m"inline-flex items-center justify-center font-medium rounded-md focus:outline-none focus:ring-2 focus:ring-offset-2 transition-colors duration-200 disabled:opacity-50 disabled:cursor-not-allowed px-3 py-1.5 text-sm text-gray-600 hover:text-gray-900 hover:bg-gray-100 focus:ring-gray-500 min-w-16 text-sm font-mono"[39m
        [36m>[39m
          [0m100[0m
          [0m%[0m
        [36m</button>[39m
      [36m</div>[39m
      [36m<div[39m
        [33mclass[39m=[32m"relative inline-block"[39m
      [36m>[39m
        [36m<button[39m
          [33mclass[39m=[32m"inline-flex items-center justify-center font-medium rounded-md focus:outline-none focus:ring-2 focus:ring-offset-2 transition-colors duration-200 disabled:opacity-50 disabled:cursor-not-allowed px-3 py-1.5 text-sm text-gray-600 hover:text-gray-900 hover:bg-gray-100 focus:ring-gray-500"[39m
        [36m>[39m
          [36m<svg[39m
            [33mclass[39m=[32m"w-4 h-4"[39m
            [33mfill[39m=[32m"none"[39m
            [33mstroke[39m=[32m"currentColor"[39m
            [33mviewBox[39m=[32m"0 0 24 24"[39m
          [36m>[39m
            [36m<circle[39m
              [33mcx[39m=[32m"11"[39m
              [33mcy[39m=[32m"11"[39m
              [33mr[39m=[32m"8"[39m
              [33mstroke-width[39m=[32m"2"[39m
            [36m/>[39m
            [36m<path[39m
              [33md[39m=[32m"m21 21-4.35-4.35M11 8v6M8 11h6"[39m
              [33mstroke-width[39m=[32m"2"[39m
            [36m/>[39m
          [36m</svg>[39m
        [36m</button>[39m
      [36m</div>[39m
      [36m<div[39m
        [33mclass[39m=[32m"w-px h-6 bg-gray-200 mx-1"[39m
      [36m/>[39m
    [36m</div>[39m

    Ignored nodes: comments, script, style
    [36m<div[39m
      [33mclass[39m=[32m"relative inline-block"[39m
    [36m>[39m
      [36m<button[39m
        [33mclass[39m=[32m"inline-flex items-center justify-center font-medium rounded-md focus:outline-none focus:ring-2 focus:ring-offset-2 transition-colors duration-200 disabled:opacity-50 disabled:cursor-not-allowed px-3 py-1.5 text-sm text-gray-600 hover:text-gray-900 hover:bg-gray-100 focus:ring-gray-500"[39m
      [36m>[39m
        [36m<svg[39m
          [33mclass[39m=[32m"w-4 h-4"[39m
          [33mfill[39m=[32m"none"[39m
          [33mstroke[39m=[32m"currentColor"[39m
          [33mviewBox[39m=[32m"0 0 24 24"[39m
        [36m>[39m
          [36m<circle[39m
            [33mcx[39m=[32m"11"[39m
            [33mcy[39m=[32m"11"[39m
            [33mr[39m=[32m"8"[39m
            [33mstroke-width[39m=[32m"2"[39m
          [36m/>[39m
          [36m<path[39m
            [33md[39m=[32m"m21 21-4.35-4.35M8 11h6"[39m
            [33mstroke-width[39m=[32m"2"[39m
          [36m/>[39m
        [36m</svg>[39m
      [36m</button>[39m
    [36m</div>[39m

    Ignored nodes: comments, script, style
    [36m<div[39m
      [33mclass[39m=[32m"relative inline-block"[39m
    [36m>[39m
      [36m<button[39m
        [33mclass[39m=[32m"inline-flex items-center justify-center font-medium rounded-md focus:outline-none focus:ring-2 focus:ring-offset-2 transition-colors duration-200 disabled:opacity-50 disabled:cursor-not-allowed px-3 py-1.5 text-sm text-gray-600 hover:text-gray-900 hover:bg-gray-100 focus:ring-gray-500 min-w-16 text-sm font-mono"[39m
      [36m>[39m
        [0m100[0m
        [0m%[0m
      [36m</button>[39m
    [36m</div>[39m

    Ignored nodes: comments, script, style
    [36m<div[39m
      [33mclass[39m=[32m"relative inline-block"[39m
    [36m>[39m
      [36m<button[39m
        [33mclass[39m=[32m"inline-flex items-center justify-center font-medium rounded-md focus:outline-none focus:ring-2 focus:ring-offset-2 transition-colors duration-200 disabled:opacity-50 disabled:cursor-not-allowed px-3 py-1.5 text-sm text-gray-600 hover:text-gray-900 hover:bg-gray-100 focus:ring-gray-500"[39m
      [36m>[39m
        [36m<svg[39m
          [33mclass[39m=[32m"w-4 h-4"[39m
          [33mfill[39m=[32m"none"[39m
          [33mstroke[39m=[32m"currentColor"[39m
          [33mviewBox[39m=[32m"0 0 24 24"[39m
        [36m>[39m
          [36m<circle[39m
            [33mcx[39m=[32m"11"[39m
            [33mcy[39m=[32m"11"[39m
            [33mr[39m=[32m"8"[39m
            [33mstroke-width[39m=[32m"2"[39m
          [36m/>[39m
          [36m<path[39m
            [33md[39m=[32m"m21 21-4.35-4.35M11 8v6M8 11h6"[39m
            [33mstroke-width[39m=[32m"2"[39m
          [36m/>[39m
        [36m</svg>[39m
      [36m</button>[39m
    [36m</div>[39m

    Ignored nodes: comments, script, style
    [36m<div[39m
      [33mclass[39m=[32m"w-px h-6 bg-gray-200 mx-1"[39m
    [36m/>[39m

    Ignored nodes: comments, script, style
    [36m<div[39m
      [33mclass[39m=[32m"flex items-center gap-1"[39m
    [36m>[39m
      [36m<div[39m
        [33mclass[39m=[32m"relative inline-block"[39m
      [36m>[39m
        [36m<button[39m
          [33mclass[39m=[32m"inline-flex items-center justify-center font-medium rounded-md focus:outline-none focus:ring-2 focus:ring-offset-2 transition-colors duration-200 disabled:opacity-50 disabled:cursor-not-allowed px-3 py-1.5 text-sm text-gray-600 hover:text-gray-900 hover:bg-gray-100 focus:ring-gray-500"[39m
          [33mdisabled[39m=[32m""[39m
        [36m>[39m
          [36m<svg[39m
            [33mclass[39m=[32m"w-4 h-4"[39m
            [33mfill[39m=[32m"none"[39m
            [33mstroke[39m=[32m"currentColor"[39m
            [33mviewBox[39m=[32m"0 0 24 24"[39m
          [36m>[39m
            [36m<path[39m
              [33md[39m=[32m"M4 8V4m0 0h4M4 4l5 5m11-1V4m0 0h-4m4 0l-5 5M4 16v4m0 0h4m-4 0l5-5m11 5l-5-5m5 5v-4m0 4h-4"[39m
              [33mstroke-linecap[39m=[32m"round"[39m
              [33mstroke-linejoin[39m=[32m"round"[39m
              [33mstroke-width[39m=[32m"2"[39m
            [36m/>[39m
          [36m</svg>[39m
        [36m</button>[39m
      [36m</div>[39m
      [36m<div[39m
        [33mclass[39m=[32m"relative inline-block"[39m
      [36m>[39m
        [36m<button[39m
          [33mclass[39m=[32m"inline-flex items-center justify-center font-medium rounded-md focus:outline-none focus:ring-2 focus:ring-offset-2 transition-colors duration-200 disabled:opacity-50 disabled:cursor-not-allowed px-3 py-1.5 text-sm text-gray-600 hover:text-gray-900 hover:bg-gray-100 focus:ring-gray-500 bg-blue-50 text-blue-600"[39m
        [36m>[39m
          [36m<svg[39m
            [33mclass[39m=[32m"w-4 h-4"[39m
            [33mfill[39m=[32m"none"[39m
            [33mstroke[39m=[32m"currentColor"[39m
            [33mviewBox[39m=[32m"0 0 24 24"[39m
          [36m>[39m
            [36m<rect[39m
              [33mheight[39m=[32m"7"[39m
              [33mstroke-width[39m=[32m"2"[39m
              [33mwidth[39m=[32m"7"[39m
              [33mx[39m=[32m"3"[39m
              [33my[39m=[32m"3"[39m
            [36m/>[39m
            [36m<rect[39m
              [33mheight[39m=[32m"7"[39m
              [33mstroke-width[39m=[32m"2"[39m
              [33mwidth[39m=[32m"7"[39m
              [33mx[39m=[32m"14"[39m
              [33my[39m=[32m"3"[39m
            [36m/>[39m
            [36m<rect[39m
              [33mheight[39m=[32m"7"[39m
              [33mstroke-width[39m=[32m"2"[39m
              [33mwidth[39m=[32m"7"[39m
              [33mx[39m=[32m"14"[39m
              [33my[39m=[32m"14"[39m
            [36m/>[39m
            [36m<rect[39m
              [33mheight[39m=[32m"7"[39m
              [33mstroke-width[39m=[32m"2"[39m
              [33mwidth[39m=[32m"7"[39m
              [33mx[39m=[32m"3"[39m
              [33my[39m=[32m"14"[39m
            [36m/>[39m
          [36m</svg>[39m
        [36m</button>[39m
      [36m</div>[39m
      [36m<div[39m
        [33mclass[39m=[32m"w-px h-6 bg-gray-200 mx-1"[39m
      [36m/>[39m
    [36m</div>[39m

    Ignored nodes: comments, script, style
    [36m<div[39m
      [33mclass[39m=[32m"relative inline-block"[39m
    [36m>[39m
      [36m<button[39m
        [33mclass[39m=[32m"inline-flex items-center justify-center font-medium rounded-md focus:outline-none focus:ring-2 focus:ring-offset-2 transition-colors duration-200 disabled:opacity-50 disabled:cursor-not-allowed px-3 py-1.5 text-sm text-gray-600 hover:text-gray-900 hover:bg-gray-100 focus:ring-gray-500"[39m
        [33mdisabled[39m=[32m""[39m
      [36m>[39m
        [36m<svg[39m
          [33mclass[39m=[32m"w-4 h-4"[39m
          [33mfill[39m=[32m"none"[39m
          [33mstroke[39m=[32m"currentColor"[39m
          [33mviewBox[39m=[32m"0 0 24 24"[39m
        [36m>[39m
          [36m<path[39m
            [33md[39m=[32m"M4 8V4m0 0h4M4 4l5 5m11-1V4m0 0h-4m4 0l-5 5M4 16v4m0 0h4m-4 0l5-5m11 5l-5-5m5 5v-4m0 4h-4"[39m
            [33mstroke-linecap[39m=[32m"round"[39m
            [33mstroke-linejoin[39m=[32m"round"[39m
            [33mstroke-width[39m=[32m"2"[39m
          [36m/>[39m
        [36m</svg>[39m
      [36m</button>[39m
    [36m</div>[39m

    Ignored nodes: comments, script, style
    [36m<div[39m
      [33mclass[39m=[32m"relative inline-block"[39m
    [36m>[39m
      [36m<button[39m
        [33mclass[39m=[32m"inline-flex items-center justify-center font-medium rounded-md focus:outline-none focus:ring-2 focus:ring-offset-2 transition-colors duration-200 disabled:opacity-50 disabled:cursor-not-allowed px-3 py-1.5 text-sm text-gray-600 hover:text-gray-900 hover:bg-gray-100 focus:ring-gray-500 bg-blue-50 text-blue-600"[39m
      [36m>[39m
        [36m<svg[39m
          [33mclass[39m=[32m"w-4 h-4"[39m
          [33mfill[39m=[32m"none"[39m
          [33mstroke[39m=[32m"currentColor"[39m
          [33mviewBox[39m=[32m"0 0 24 24"[39m
        [36m>[39m
          [36m<rect[39m
            [33mheight[39m=[32m"7"[39m
            [33mstroke-width[39m=[32m"2"[39m
            [33mwidth[39m=[32m"7"[39m
            [33mx[39m=[32m"3"[39m
            [33my[39m=[32m"3"[39m
          [36m/>[39m
          [36m<rect[39m
            [33mheight[39m=[32m"7"[39m
            [33mstroke-width[39m=[32m"2"[39m
            [33mwidth[39m=[32m"7"[39m
            [33mx[39m=[32m"14"[39m
            [33my[39m=[32m"3"[39m
          [36m/>[39m
          [36m<rect[39m
            [33mheight[39m=[32m"7"[39m
            [33mstroke-width[39m=[32m"2"[39m
            [33mwidth[39m=[32m"7"[39m
            [33mx[39m=[32m"14"[39m
            [33my[39m=[32m"14"[39m
          [36m/>[39m
          [36m<rect[39m
            [33mheight[39m=[32m"7"[39m
            [33mstroke-width[39m=[32m"2"[39m
            [33mwidth[39m=[32m"7"[39m
            [33mx[39m=[32m"3"[39m
            [33my[39m=[32m"14"[39m
          [36m/>[39m
        [36m</svg>[39m
      [36m</button>[39m
    [36m</div>[39m

    Ignored nodes: comments, script, style
    [36m<div[39m
      [33mclass[39m=[32m"w-px h-6 bg-gray-200 mx-1"[39m
    [36m/>[39m

    Ignored nodes: comments, script, style
    [36m<div[39m
      [33mclass[39m=[32m"flex items-center gap-1"[39m
    [36m>[39m
      [36m<div[39m
        [33mclass[39m=[32m"relative inline-block"[39m
      [36m>[39m
        [36m<button[39m
          [33mclass[39m=[32m"inline-flex items-center justify-center font-medium rounded-md focus:outline-none focus:ring-2 focus:ring-offset-2 transition-colors duration-200 disabled:opacity-50 disabled:cursor-not-allowed px-3 py-1.5 text-sm text-gray-600 hover:text-gray-900 hover:bg-gray-100 focus:ring-gray-500"[39m
          [33mdisabled[39m=[32m""[39m
        [36m>[39m
          [36m<svg[39m
            [33mclass[39m=[32m"w-4 h-4"[39m
            [33mfill[39m=[32m"none"[39m
            [33mstroke[39m=[32m"currentColor"[39m
            [33mviewBox[39m=[32m"0 0 24 24"[39m
          [36m>[39m
            [36m<path[39m
              [33md[39m=[32m"M12 10v6m0 0l-3-3m3 3l3-3M3 17V7a2 2 0 012-2h6l2 2h6a2 2 0 012 2v10a2 2 0 01-2 2H5a2 2 0 01-2-2z"[39m
              [33mstroke-linecap[39m=[32m"round"[39m
              [33mstroke-linejoin[39m=[32m"round"[39m
              [33mstroke-width[39m=[32m"2"[39m
            [36m/>[39m
          [36m</svg>[39m
        [36m</button>[39m
      [36m</div>[39m
      [36m<div[39m
        [33mclass[39m=[32m"w-px h-6 bg-gray-200 mx-1"[39m
      [36m/>[39m
    [36m</div>[39m

    Ignored nodes: comments, script, style
    [36m<div[39m
      [33mclass[39m=[32m"relative inline-block"[39m
    [36m>[39m
      [36m<button[39m
        [33mclass[39m=[32m"inline-flex items-center justify-center font-medium rounded-md focus:outline-none focus:ring-2 focus:ring-offset-2 transition-colors duration-200 disabled:opacity-50 disabled:cursor-not-allowed px-3 py-1.5 text-sm text-gray-600 hover:text-gray-900 hover:bg-gray-100 focus:ring-gray-500"[39m
        [33mdisabled[39m=[32m""[39m
      [36m>[39m
        [36m<svg[39m
          [33mclass[39m=[32m"w-4 h-4"[39m
          [33mfill[39m=[32m"none"[39m
          [33mstroke[39m=[32m"currentColor"[39m
          [33mviewBox[39m=[32m"0 0 24 24"[39m
        [36m>[39m
          [36m<path[39m
            [33md[39m=[32m"M12 10v6m0 0l-3-3m3 3l3-3M3 17V7a2 2 0 012-2h6l2 2h6a2 2 0 012 2v10a2 2 0 01-2 2H5a2 2 0 01-2-2z"[39m
            [33mstroke-linecap[39m=[32m"round"[39m
            [33mstroke-linejoin[39m=[32m"round"[39m
            [33mstroke-width[39m=[32m"2"[39m
          [36m/>[39m
        [36m</svg>[39m
      [36m</button>[39m
    [36m</div>[39m

    Ignored nodes: comments, script, style
    [36m<div[39m
      [33mclass[39m=[32m"w-px h-6 bg-gray-200 mx-1"[39m
    [36m/>[39m

    Ignored nodes: comments, script, style
    [36m<div[39m
      [33mclass[39m=[32m"flex items-center gap-2"[39m
    [36m>[39m
      [36m<div[39m
        [33mclass[39m=[32m"relative inline-block"[39m
      [36m>[39m
        [36m<div[39m
          [33mclass[39m=[32m"w-2 h-2 rounded-full bg-red-500"[39m
        [36m/>[39m
      [36m</div>[39m
      [36m<div[39m
        [33mclass[39m=[32m"relative inline-block"[39m
      [36m>[39m
        [36m<button[39m
          [33mclass[39m=[32m"inline-flex items-center justify-center font-medium rounded-md focus:outline-none focus:ring-2 focus:ring-offset-2 transition-colors duration-200 disabled:opacity-50 disabled:cursor-not-allowed px-3 py-1.5 text-sm text-gray-600 hover:text-gray-900 hover:bg-gray-100 focus:ring-gray-500"[39m
        [36m>[39m
          [36m<svg[39m
            [33mclass[39m=[32m"w-4 h-4"[39m
            [33mfill[39m=[32m"none"[39m
            [33mstroke[39m=[32m"currentColor"[39m
            [33mviewBox[39m=[32m"0 0 24 24"[39m
          [36m>[39m
            [36m<path[39m
              [33md[39m=[32m"M8.684 13.342C8.886 12.938 9 12.482 9 12c0-.482-.114-.938-.316-1.342m0 2.684a3 3 0 110-2.684m0 2.684l6.632 3.316m-6.632-6l6.632-3.316m0 0a3 3 0 105.367-2.684 3 3 0 00-5.367 2.684zm0 9.316a3 3 0 105.367 2.684 3 3 0 00-5.367-2.684z"[39m
              [33mstroke-linecap[39m=[32m"round"[39m
              [33mstroke-linejoin[39m=[32m"round"[39m
              [33mstroke-width[39m=[32m"2"[39m
            [36m/>[39m
          [36m</svg>[39m
        [36m</button>[39m
      [36m</div>[39m
    [36m</div>[39m

    Ignored nodes: comments, script, style
    [36m<div[39m
      [33mclass[39m=[32m"relative inline-block"[39m
    [36m>[39m
      [36m<div[39m
        [33mclass[39m=[32m"w-2 h-2 rounded-full bg-red-500"[39m
      [36m/>[39m
    [36m</div>[39m

    Ignored nodes: comments, script, style
    [36m<div[39m
      [33mclass[39m=[32m"w-2 h-2 rounded-full bg-red-500"[39m
    [36m/>[39m

    Ignored nodes: comments, script, style
    [36m<div[39m
      [33mclass[39m=[32m"relative inline-block"[39m
    [36m>[39m
      [36m<button[39m
        [33mclass[39m=[32m"inline-flex items-center justify-center font-medium rounded-md focus:outline-none focus:ring-2 focus:ring-offset-2 transition-colors duration-200 disabled:opacity-50 disabled:cursor-not-allowed px-3 py-1.5 text-sm text-gray-600 hover:text-gray-900 hover:bg-gray-100 focus:ring-gray-500"[39m
      [36m>[39m
        [36m<svg[39m
          [33mclass[39m=[32m"w-4 h-4"[39m
          [33mfill[39m=[32m"none"[39m
          [33mstroke[39m=[32m"currentColor"[39m
          [33mviewBox[39m=[32m"0 0 24 24"[39m
        [36m>[39m
          [36m<path[39m
            [33md[39m=[32m"M8.684 13.342C8.886 12.938 9 12.482 9 12c0-.482-.114-.938-.316-1.342m0 2.684a3 3 0 110-2.684m0 2.684l6.632 3.316m-6.632-6l6.632-3.316m0 0a3 3 0 105.367-2.684 3 3 0 00-5.367 2.684zm0 9.316a3 3 0 105.367 2.684 3 3 0 00-5.367-2.684z"[39m
            [33mstroke-linecap[39m=[32m"round"[39m
            [33mstroke-linejoin[39m=[32m"round"[39m
            [33mstroke-width[39m=[32m"2"[39m
          [36m/>[39m
        [36m</svg>[39m
      [36m</button>[39m
    [36m</div>[39m

    Ignored nodes: comments, script, style
    [36m<div[39m
      [33mclass[39m=[32m"text-xs text-gray-400 px-2"[39m
    [36m>[39m
      [0m0[0m
      [0m elements[0m
    [36m</div>[39m

    Ignored nodes: comments, script, style
    [36m<div[39m
      [33mstyle[39m=[32m"position: fixed; left: 16px; top: 88px; z-index: 100;"[39m
    [36m>[39m
      [36m<div[39m
        [33mclass[39m=[32m"absolute top-4 left-4 z-40"[39m
      [36m>[39m
        [36m<div[39m
          [33mclass[39m=[32m"flex flex-col gap-1 bg-white shadow-lg rounded-lg border p-2"[39m
        [36m>[39m
          [36m<div[39m
            [33mclass[39m=[32m"relative inline-block"[39m
          [36m>[39m
            [36m<button[39m
              [33maria-label[39m=[32m"Select (V)"[39m
              [33mclass[39m=[32m"inline-flex items-center justify-center font-medium rounded-md focus:outline-none focus:ring-2 focus:ring-offset-2 transition-colors duration-200 disabled:opacity-50 disabled:cursor-not-allowed px-3 py-1.5 text-sm text-gray-600 hover:text-gray-900 hover:bg-gray-100 focus:ring-gray-500 w-10 h-10 flex items-center justify-center bg-blue-50 text-blue-600 ring-2 ring-blue-200"[39m
              [33mdata-testid[39m=[32m"tool-select"[39m
              [33mtitle[39m=[32m"Select (V)"[39m
            [36m>[39m
              [36m<svg[39m
                [33mclass[39m=[32m"w-5 h-5"[39m
                [33mfill[39m=[32m"none"[39m
                [33mstroke[39m=[32m"currentColor"[39m
                [33mviewBox[39m=[32m"0 0 24 24"[39m
              [36m>[39m
                [36m<path[39m
                  [33md[39m=[32m"M12 3l7 7-7 7-7-7z"[39m
                  [33mstroke-linecap[39m=[32m"round"[39m
                  [33mstroke-linejoin[39m=[32m"round"[39m
                  [33mstroke-width[39m=[32m"2"[39m
                [36m/>[39m
              [36m</svg>[39m
            [36m</button>[39m
          [36m</div>[39m
          [36m<div[39m
            [33mclass[39m=[32m"relative inline-block"[39m
          [36m>[39m
            [36m<button[39m
              [33maria-label[39m=[32m"Hand tool (H)"[39m
              [33mclass[39m=[32m"inline-flex items-center justify-center font-medium rounded-md focus:outline-none focus:ring-2 focus:ring-offset-2 transition-colors duration-200 disabled:opacity-50 disabled:cursor-not-allowed px-3 py-1.5 text-sm text-gray-600 hover:text-gray-900 hover:bg-gray-100 focus:ring-gray-500 w-10 h-10 flex items-center justify-center"[39m
              [33mdata-testid[39m=[32m"tool-pan"[39m
              [33mtitle[39m=[32m"Hand tool (H)"[39m
            [36m>[39m
              [36m<svg[39m
                [33mclass[39m=[32m"w-5 h-5"[39m
                [33mfill[39m=[32m"none"[39m
                [33mstroke[39m=[32m"currentColor"[39m
                [33mviewBox[39m=[32m"0 0 24 24"[39m
              [36m>[39m
                [36m<path[39m
                  [33md[39m=[32m"M7 11.5V14m0-2.5v-6a1.5 1.5 0 113 0m-3 6a1.5 1.5 0 00-3 0v2a7.5 7.5 0 0015 0v-5a1.5 1.5 0 00-3 0m-6-3V11m0-5.5v-1a1.5 1.5 0 013 0v1m0 0V11m0-5.5a1.5 1.5 0 013 0v3m0 0V11"[39m
                  [33mstroke-linecap[39m=[32m"round"[39m
                  [33mstroke-linejoin[39m=[32m"round"[39m
                  [33mstroke-width[39m=[32m"2"[39m
                [36m/>[39m
              [36m</svg>[39m
            [36m</button>[39m
          [36m</div>[39m
          [36m<div[39m
            [33mclass[39m=[32m"relative inline-block"[39m
          [36m>[39m
            [36m<button[39m
              [33maria-label[39m=[32m"Sticky note (S)"[39m
              [33mclass[39m=[32m"inline-flex items-center justify-center font-medium rounded-md focus:outline-none focus:ring-2 focus:ring-offset-2 transition-colors duration-200 disabled:opacity-50 disabled:cursor-not-allowed px-3 py-1.5 text-sm text-gray-600 hover:text-gray-900 hover:bg-gray-100 focus:ring-gray-500 w-10 h-10 flex items-center justify-center"[39m
              [33mdata-testid[39m=[32m"tool-sticky_note"[39m
              [33mtitle[39m=[32m"Sticky note (S)"[39m
            [36m>[39m
              [36m<svg[39m
                [33mclass[39m=[32m"w-5 h-5"[39m
                [33mfill[39m=[32m"none"[39m
                [33mstroke[39m=[32m"currentColor"[39m
                [33mviewBox[39m=[32m"0 0 24 24"[39m
              [36m>[39m
                [36m<path[39m
                  [33md[39m=[32m"M19 11H5m14 0a2 2 0 012 2v6a2 2 0 01-2 2H5a2 2 0 01-2-2v-6a2 2 0 012-2m14 0V9a2 2 0 00-2-2M5 11V9a2 2 0 012-2m0 0V5a2 2 0 012-2h6a2 2 0 012 2v2M7 7h10"[39m
                  [33mstroke-linecap[39m=[32m"round"[39m
                  [33mstroke-linejoin[39m=[32m"round"[39m
                  [33mstroke-width[39m=[32m"2"[39m
                [36m/>[39m
              [36m</svg>[39m
            [36m</button>[39m
          [36m</div>[39m
          [36m<div[39m
            [33mclass[39m=[32m"relative inline-block"[39m
          [36m>[39m
            [36m<button[39m
              [33maria-label[39m=[32m"Rectangle (R)"[39m
              [33mclass[39m=[32m"inline-flex items-center justify-center font-medium rounded-md focus:outline-none focus:ring-2 focus:ring-offset-2 transition-colors duration-200 disabled:opacity-50 disabled:cursor-not-allowed px-3 py-1.5 text-sm text-gray-600 hover:text-gray-900 hover:bg-gray-100 focus:ring-gray-500 w-10 h-10 flex items-center justify-center"[39m
              [33mdata-testid[39m=[32m"tool-rectangle"[39m
              [33mtitle[39m=[32m"Rectangle (R)"[39m
            [36m>[39m
              [36m<svg[39m
                [33mclass[39m=[32m"w-5 h-5"[39m
                [33mfill[39m=[32m"none"[39m
                [33mstroke[39m=[32m"currentColor"[39m
                [33mviewBox[39m=[32m"0 0 24 24"[39m
              [36m>[39m
                [36m<rect[39m
                  [33mheight[39m=[32m"18"[39m
                  [33mrx[39m=[32m"2"[39m
                  [33mry[39m=[32m"2"[39m
                  [33mstroke-width[39m=[32m"2"[39m
                  [33mwidth[39m=[32m"18"[39m
                  [33mx[39m=[32m"3"[39m
                  [33my[39m=[32m"3"[39m
                [36m/>[39m
              [36m</svg>[39m
            [36m</button>[39m
          [36m</div>[39m
          [36m<div[39m
            [33mclass[39m=[32m"relative inline-block"[39m
          [36m>[39m
            [36m<button[39m
              [33maria-label[39m=[32m"Circle (C)"[39m
              [33mclass[39m=[32m"inline-flex items-center justify-center font-medium rounded-md focus:outline-none focus:ring-2 focus:ring-offset-2 transition-colors duration-200 disabled:opacity-50 disabled:cursor-not-allowed px-3 py-1.5 text-sm text-gray-600 hover:text-gray-900 hover:bg-gray-100 focus:ring-gray-500 w-10 h-10 flex items-center justify-center"[39m
              [33mdata-testid[39m=[32m"tool-circle"[39m
              [33mtitle[39m=[32m"Circle (C)"[39m
            [36m>[39m
              [36m<svg[39m
                [33mclass[39m=[32m"w-5 h-5"[39m
                [33mfill[39m=[32m"none"[39m
                [33mstroke[39m=[32m"currentColor"[39m
                [33mviewBox[39m=[32m"0 0 24 24"[39m
              [36m>[39m
                [36m<circle[39m
                  [33mcx[39m=[32m"12"[39m
                  [33mcy[39m=[32m"12"[39m
                  [33mr[39m=[32m"9"[39m
                  [33mstroke-width[39m=[32m"2"[39m
                [36m/>[39m
              [36m<...

    Ignored nodes: comments, script, style
    [36m<div[39m
      [33mclass[39m=[32m"absolute top-4 left-4 z-40"[39m
    [36m>[39m
      [36m<div[39m
        [33mclass[39m=[32m"flex flex-col gap-1 bg-white shadow-lg rounded-lg border p-2"[39m
      [36m>[39m
        [36m<div[39m
          [33mclass[39m=[32m"relative inline-block"[39m
        [36m>[39m
          [36m<button[39m
            [33maria-label[39m=[32m"Select (V)"[39m
            [33mclass[39m=[32m"inline-flex items-center justify-center font-medium rounded-md focus:outline-none focus:ring-2 focus:ring-offset-2 transition-colors duration-200 disabled:opacity-50 disabled:cursor-not-allowed px-3 py-1.5 text-sm text-gray-600 hover:text-gray-900 hover:bg-gray-100 focus:ring-gray-500 w-10 h-10 flex items-center justify-center bg-blue-50 text-blue-600 ring-2 ring-blue-200"[39m
            [33mdata-testid[39m=[32m"tool-select"[39m
            [33mtitle[39m=[32m"Select (V)"[39m
          [36m>[39m
            [36m<svg[39m
              [33mclass[39m=[32m"w-5 h-5"[39m
              [33mfill[39m=[32m"none"[39m
              [33mstroke[39m=[32m"currentColor"[39m
              [33mviewBox[39m=[32m"0 0 24 24"[39m
            [36m>[39m
              [36m<path[39m
                [33md[39m=[32m"M12 3l7 7-7 7-7-7z"[39m
                [33mstroke-linecap[39m=[32m"round"[39m
                [33mstroke-linejoin[39m=[32m"round"[39m
                [33mstroke-width[39m=[32m"2"[39m
              [36m/>[39m
            [36m</svg>[39m
          [36m</button>[39m
        [36m</div>[39m
        [36m<div[39m
          [33mclass[39m=[32m"relative inline-block"[39m
        [36m>[39m
          [36m<button[39m
            [33maria-label[39m=[32m"Hand tool (H)"[39m
            [33mclass[39m=[32m"inline-flex items-center justify-center font-medium rounded-md focus:outline-none focus:ring-2 focus:ring-offset-2 transition-colors duration-200 disabled:opacity-50 disabled:cursor-not-allowed px-3 py-1.5 text-sm text-gray-600 hover:text-gray-900 hover:bg-gray-100 focus:ring-gray-500 w-10 h-10 flex items-center justify-center"[39m
            [33mdata-testid[39m=[32m"tool-pan"[39m
            [33mtitle[39m=[32m"Hand tool (H)"[39m
          [36m>[39m
            [36m<svg[39m
              [33mclass[39m=[32m"w-5 h-5"[39m
              [33mfill[39m=[32m"none"[39m
              [33mstroke[39m=[32m"currentColor"[39m
              [33mviewBox[39m=[32m"0 0 24 24"[39m
            [36m>[39m
              [36m<path[39m
                [33md[39m=[32m"M7 11.5V14m0-2.5v-6a1.5 1.5 0 113 0m-3 6a1.5 1.5 0 00-3 0v2a7.5 7.5 0 0015 0v-5a1.5 1.5 0 00-3 0m-6-3V11m0-5.5v-1a1.5 1.5 0 013 0v1m0 0V11m0-5.5a1.5 1.5 0 013 0v3m0 0V11"[39m
                [33mstroke-linecap[39m=[32m"round"[39m
                [33mstroke-linejoin[39m=[32m"round"[39m
                [33mstroke-width[39m=[32m"2"[39m
              [36m/>[39m
            [36m</svg>[39m
          [36m</button>[39m
        [36m</div>[39m
        [36m<div[39m
          [33mclass[39m=[32m"relative inline-block"[39m
        [36m>[39m
          [36m<button[39m
            [33maria-label[39m=[32m"Sticky note (S)"[39m
            [33mclass[39m=[32m"inline-flex items-center justify-center font-medium rounded-md focus:outline-none focus:ring-2 focus:ring-offset-2 transition-colors duration-200 disabled:opacity-50 disabled:cursor-not-allowed px-3 py-1.5 text-sm text-gray-600 hover:text-gray-900 hover:bg-gray-100 focus:ring-gray-500 w-10 h-10 flex items-center justify-center"[39m
            [33mdata-testid[39m=[32m"tool-sticky_note"[39m
            [33mtitle[39m=[32m"Sticky note (S)"[39m
          [36m>[39m
            [36m<svg[39m
              [33mclass[39m=[32m"w-5 h-5"[39m
              [33mfill[39m=[32m"none"[39m
              [33mstroke[39m=[32m"currentColor"[39m
              [33mviewBox[39m=[32m"0 0 24 24"[39m
            [36m>[39m
              [36m<path[39m
                [33md[39m=[32m"M19 11H5m14 0a2 2 0 012 2v6a2 2 0 01-2 2H5a2 2 0 01-2-2v-6a2 2 0 012-2m14 0V9a2 2 0 00-2-2M5 11V9a2 2 0 012-2m0 0V5a2 2 0 012-2h6a2 2 0 012 2v2M7 7h10"[39m
                [33mstroke-linecap[39m=[32m"round"[39m
                [33mstroke-linejoin[39m=[32m"round"[39m
                [33mstroke-width[39m=[32m"2"[39m
              [36m/>[39m
            [36m</svg>[39m
          [36m</button>[39m
        [36m</div>[39m
        [36m<div[39m
          [33mclass[39m=[32m"relative inline-block"[39m
        [36m>[39m
          [36m<button[39m
            [33maria-label[39m=[32m"Rectangle (R)"[39m
            [33mclass[39m=[32m"inline-flex items-center justify-center font-medium rounded-md focus:outline-none focus:ring-2 focus:ring-offset-2 transition-colors duration-200 disabled:opacity-50 disabled:cursor-not-allowed px-3 py-1.5 text-sm text-gray-600 hover:text-gray-900 hover:bg-gray-100 focus:ring-gray-500 w-10 h-10 flex items-center justify-center"[39m
            [33mdata-testid[39m=[32m"tool-rectangle"[39m
            [33mtitle[39m=[32m"Rectangle (R)"[39m
          [36m>[39m
            [36m<svg[39m
              [33mclass[39m=[32m"w-5 h-5"[39m
              [33mfill[39m=[32m"none"[39m
              [33mstroke[39m=[32m"currentColor"[39m
              [33mviewBox[39m=[32m"0 0 24 24"[39m
            [36m>[39m
              [36m<rect[39m
                [33mheight[39m=[32m"18"[39m
                [33mrx[39m=[32m"2"[39m
                [33mry[39m=[32m"2"[39m
                [33mstroke-width[39m=[32m"2"[39m
                [33mwidth[39m=[32m"18"[39m
                [33mx[39m=[32m"3"[39m
                [33my[39m=[32m"3"[39m
              [36m/>[39m
            [36m</svg>[39m
          [36m</button>[39m
        [36m</div>[39m
        [36m<div[39m
          [33mclass[39m=[32m"relative inline-block"[39m
        [36m>[39m
          [36m<button[39m
            [33maria-label[39m=[32m"Circle (C)"[39m
            [33mclass[39m=[32m"inline-flex items-center justify-center font-medium rounded-md focus:outline-none focus:ring-2 focus:ring-offset-2 transition-colors duration-200 disabled:opacity-50 disabled:cursor-not-allowed px-3 py-1.5 text-sm text-gray-600 hover:text-gray-900 hover:bg-gray-100 focus:ring-gray-500 w-10 h-10 flex items-center justify-center"[39m
            [33mdata-testid[39m=[32m"tool-circle"[39m
            [33mtitle[39m=[32m"Circle (C)"[39m
          [36m>[39m
            [36m<svg[39m
              [33mclass[39m=[32m"w-5 h-5"[39m
              [33mfill[39m=[32m"none"[39m
              [33mstroke[39m=[32m"currentColor"[39m
              [33mviewBox[39m=[32m"0 0 24 24"[39m
            [36m>[39m
              [36m<circle[39m
                [33mcx[39m=[32m"12"[39m
                [33mcy[39m=[32m"12"[39m
                [33mr[39m=[32m"9"[39m
                [33mstroke-width[39m=[32m"2"[39m
              [36m/>[39m
            [36m</svg>[39m
          [36m</button>[39m
        [36m</div>[39m
        [36m<div[39m
          [33mclass[39m=[32m"relative inline-block"[39m
        [36m>[39m
          [36m<button[39m
            [33maria-label[39m=[32m"Text (T)"[39m
            [33mclass[39m=[32m"inline-flex items-center justify-center font-medium rounded-md focus:outline-none focus:ring-2 focus:ring-offset...

    Ignored nodes: comments, script, style
    [36m<div[39m
      [33mclass[39m=[32m"flex flex-col gap-1 bg-white shadow-lg rounded-lg border p-2"[39m
    [36m>[39m
      [36m<div[39m
        [33mclass[39m=[32m"relative inline-block"[39m
      [36m>[39m
        [36m<button[39m
          [33maria-label[39m=[32m"Select (V)"[39m
          [33mclass[39m=[32m"inline-flex items-center justify-center font-medium rounded-md focus:outline-none focus:ring-2 focus:ring-offset-2 transition-colors duration-200 disabled:opacity-50 disabled:cursor-not-allowed px-3 py-1.5 text-sm text-gray-600 hover:text-gray-900 hover:bg-gray-100 focus:ring-gray-500 w-10 h-10 flex items-center justify-center bg-blue-50 text-blue-600 ring-2 ring-blue-200"[39m
          [33mdata-testid[39m=[32m"tool-select"[39m
          [33mtitle[39m=[32m"Select (V)"[39m
        [36m>[39m
          [36m<svg[39m
            [33mclass[39m=[32m"w-5 h-5"[39m
            [33mfill[39m=[32m"none"[39m
            [33mstroke[39m=[32m"currentColor"[39m
            [33mviewBox[39m=[32m"0 0 24 24"[39m
          [36m>[39m
            [36m<path[39m
              [33md[39m=[32m"M12 3l7 7-7 7-7-7z"[39m
              [33mstroke-linecap[39m=[32m"round"[39m
              [33mstroke-linejoin[39m=[32m"round"[39m
              [33mstroke-width[39m=[32m"2"[39m
            [36m/>[39m
          [36m</svg>[39m
        [36m</button>[39m
      [36m</div>[39m
      [36m<div[39m
        [33mclass[39m=[32m"relative inline-block"[39m
      [36m>[39m
        [36m<button[39m
          [33maria-label[39m=[32m"Hand tool (H)"[39m
          [33mclass[39m=[32m"inline-flex items-center justify-center font-medium rounded-md focus:outline-none focus:ring-2 focus:ring-offset-2 transition-colors duration-200 disabled:opacity-50 disabled:cursor-not-allowed px-3 py-1.5 text-sm text-gray-600 hover:text-gray-900 hover:bg-gray-100 focus:ring-gray-500 w-10 h-10 flex items-center justify-center"[39m
          [33mdata-testid[39m=[32m"tool-pan"[39m
          [33mtitle[39m=[32m"Hand tool (H)"[39m
        [36m>[39m
          [36m<svg[39m
            [33mclass[39m=[32m"w-5 h-5"[39m
            [33mfill[39m=[32m"none"[39m
            [33mstroke[39m=[32m"currentColor"[39m
            [33mviewBox[39m=[32m"0 0 24 24"[39m
          [36m>[39m
            [36m<path[39m
              [33md[39m=[32m"M7 11.5V14m0-2.5v-6a1.5 1.5 0 113 0m-3 6a1.5 1.5 0 00-3 0v2a7.5 7.5 0 0015 0v-5a1.5 1.5 0 00-3 0m-6-3V11m0-5.5v-1a1.5 1.5 0 013 0v1m0 0V11m0-5.5a1.5 1.5 0 013 0v3m0 0V11"[39m
              [33mstroke-linecap[39m=[32m"round"[39m
              [33mstroke-linejoin[39m=[32m"round"[39m
              [33mstroke-width[39m=[32m"2"[39m
            [36m/>[39m
          [36m</svg>[39m
        [36m</button>[39m
      [36m</div>[39m
      [36m<div[39m
        [33mclass[39m=[32m"relative inline-block"[39m
      [36m>[39m
        [36m<button[39m
          [33maria-label[39m=[32m"Sticky note (S)"[39m
          [33mclass[39m=[32m"inline-flex items-center justify-center font-medium rounded-md focus:outline-none focus:ring-2 focus:ring-offset-2 transition-colors duration-200 disabled:opacity-50 disabled:cursor-not-allowed px-3 py-1.5 text-sm text-gray-600 hover:text-gray-900 hover:bg-gray-100 focus:ring-gray-500 w-10 h-10 flex items-center justify-center"[39m
          [33mdata-testid[39m=[32m"tool-sticky_note"[39m
          [33mtitle[39m=[32m"Sticky note (S)"[39m
        [36m>[39m
          [36m<svg[39m
            [33mclass[39m=[32m"w-5 h-5"[39m
            [33mfill[39m=[32m"none"[39m
            [33mstroke[39m=[32m"currentColor"[39m
            [33mviewBox[39m=[32m"0 0 24 24"[39m
          [36m>[39m
            [36m<path[39m
              [33md[39m=[32m"M19 11H5m14 0a2 2 0 012 2v6a2 2 0 01-2 2H5a2 2 0 01-2-2v-6a2 2 0 012-2m14 0V9a2 2 0 00-2-2M5 11V9a2 2 0 012-2m0 0V5a2 2 0 012-2h6a2 2 0 012 2v2M7 7h10"[39m
              [33mstroke-linecap[39m=[32m"round"[39m
              [33mstroke-linejoin[39m=[32m"round"[39m
              [33mstroke-width[39m=[32m"2"[39m
            [36m/>[39m
          [36m</svg>[39m
        [36m</button>[39m
      [36m</div>[39m
      [36m<div[39m
        [33mclass[39m=[32m"relative inline-block"[39m
      [36m>[39m
        [36m<button[39m
          [33maria-label[39m=[32m"Rectangle (R)"[39m
          [33mclass[39m=[32m"inline-flex items-center justify-center font-medium rounded-md focus:outline-none focus:ring-2 focus:ring-offset-2 transition-colors duration-200 disabled:opacity-50 disabled:cursor-not-allowed px-3 py-1.5 text-sm text-gray-600 hover:text-gray-900 hover:bg-gray-100 focus:ring-gray-500 w-10 h-10 flex items-center justify-center"[39m
          [33mdata-testid[39m=[32m"tool-rectangle"[39m
          [33mtitle[39m=[32m"Rectangle (R)"[39m
        [36m>[39m
          [36m<svg[39m
            [33mclass[39m=[32m"w-5 h-5"[39m
            [33mfill[39m=[32m"none"[39m
            [33mstroke[39m=[32m"currentColor"[39m
            [33mviewBox[39m=[32m"0 0 24 24"[39m
          [36m>[39m
            [36m<rect[39m
              [33mheight[39m=[32m"18"[39m
              [33mrx[39m=[32m"2"[39m
              [33mry[39m=[32m"2"[39m
              [33mstroke-width[39m=[32m"2"[39m
              [33mwidth[39m=[32m"18"[39m
              [33mx[39m=[32m"3"[39m
              [33my[39m=[32m"3"[39m
            [36m/>[39m
          [36m</svg>[39m
        [36m</button>[39m
      [36m</div>[39m
      [36m<div[39m
        [33mclass[39m=[32m"relative inline-block"[39m
      [36m>[39m
        [36m<button[39m
          [33maria-label[39m=[32m"Circle (C)"[39m
          [33mclass[39m=[32m"inline-flex items-center justify-center font-medium rounded-md focus:outline-none focus:ring-2 focus:ring-offset-2 transition-colors duration-200 disabled:opacity-50 disabled:cursor-not-allowed px-3 py-1.5 text-sm text-gray-600 hover:text-gray-900 hover:bg-gray-100 focus:ring-gray-500 w-10 h-10 flex items-center justify-center"[39m
          [33mdata-testid[39m=[32m"tool-circle"[39m
          [33mtitle[39m=[32m"Circle (C)"[39m
        [36m>[39m
          [36m<svg[39m
            [33mclass[39m=[32m"w-5 h-5"[39m
            [33mfill[39m=[32m"none"[39m
            [33mstroke[39m=[32m"currentColor"[39m
            [33mviewBox[39m=[32m"0 0 24 24"[39m
          [36m>[39m
            [36m<circle[39m
              [33mcx[39m=[32m"12"[39m
              [33mcy[39m=[32m"12"[39m
              [33mr[39m=[32m"9"[39m
              [33mstroke-width[39m=[32m"2"[39m
            [36m/>[39m
          [36m</svg>[39m
        [36m</button>[39m
      [36m</div>[39m
      [36m<div[39m
        [33mclass[39m=[32m"relative inline-block"[39m
      [36m>[39m
        [36m<button[39m
          [33maria-label[39m=[32m"Text (T)"[39m
          [33mclass[39m=[32m"inline-flex items-center justify-center font-medium rounded-md focus:outline-none focus:ring-2 focus:ring-offset-2 transition-colors duration-200 disabled:opacity-50 disabled:cursor-not-allowed px-3 py-1.5 text-sm text-gray-600 hover:text-gray-900 hover:bg-gray-100 focus:ring-gray-500 w-10 h-10 flex items-center justify-center"[39m
          [33mdata-testid[39m=[32m"tool-text"[39m
          [33mtitle[39m=[32m"Text (T)"[39m
        [36m>[39m
          [36m<svg...

    Ignored nodes: comments, script, style
    [36m<div[39m
      [33mclass[39m=[32m"relative inline-block"[39m
    [36m>[39m
      [36m<button[39m
        [33maria-label[39m=[32m"Select (V)"[39m
        [33mclass[39m=[32m"inline-flex items-center justify-center font-medium rounded-md focus:outline-none focus:ring-2 focus:ring-offset-2 transition-colors duration-200 disabled:opacity-50 disabled:cursor-not-allowed px-3 py-1.5 text-sm text-gray-600 hover:text-gray-900 hover:bg-gray-100 focus:ring-gray-500 w-10 h-10 flex items-center justify-center bg-blue-50 text-blue-600 ring-2 ring-blue-200"[39m
        [33mdata-testid[39m=[32m"tool-select"[39m
        [33mtitle[39m=[32m"Select (V)"[39m
      [36m>[39m
        [36m<svg[39m
          [33mclass[39m=[32m"w-5 h-5"[39m
          [33mfill[39m=[32m"none"[39m
          [33mstroke[39m=[32m"currentColor"[39m
          [33mviewBox[39m=[32m"0 0 24 24"[39m
        [36m>[39m
          [36m<path[39m
            [33md[39m=[32m"M12 3l7 7-7 7-7-7z"[39m
            [33mstroke-linecap[39m=[32m"round"[39m
            [33mstroke-linejoin[39m=[32m"round"[39m
            [33mstroke-width[39m=[32m"2"[39m
          [36m/>[39m
        [36m</svg>[39m
      [36m</button>[39m
    [36m</div>[39m

    Ignored nodes: comments, script, style
    [36m<div[39m
      [33mclass[39m=[32m"relative inline-block"[39m
    [36m>[39m
      [36m<button[39m
        [33maria-label[39m=[32m"Hand tool (H)"[39m
        [33mclass[39m=[32m"inline-flex items-center justify-center font-medium rounded-md focus:outline-none focus:ring-2 focus:ring-offset-2 transition-colors duration-200 disabled:opacity-50 disabled:cursor-not-allowed px-3 py-1.5 text-sm text-gray-600 hover:text-gray-900 hover:bg-gray-100 focus:ring-gray-500 w-10 h-10 flex items-center justify-center"[39m
        [33mdata-testid[39m=[32m"tool-pan"[39m
        [33mtitle[39m=[32m"Hand tool (H)"[39m
      [36m>[39m
        [36m<svg[39m
          [33mclass[39m=[32m"w-5 h-5"[39m
          [33mfill[39m=[32m"none"[39m
          [33mstroke[39m=[32m"currentColor"[39m
          [33mviewBox[39m=[32m"0 0 24 24"[39m
        [36m>[39m
          [36m<path[39m
            [33md[39m=[32m"M7 11.5V14m0-2.5v-6a1.5 1.5 0 113 0m-3 6a1.5 1.5 0 00-3 0v2a7.5 7.5 0 0015 0v-5a1.5 1.5 0 00-3 0m-6-3V11m0-5.5v-1a1.5 1.5 0 013 0v1m0 0V11m0-5.5a1.5 1.5 0 013 0v3m0 0V11"[39m
            [33mstroke-linecap[39m=[32m"round"[39m
            [33mstroke-linejoin[39m=[32m"round"[39m
            [33mstroke-width[39m=[32m"2"[39m
          [36m/>[39m
        [36m</svg>[39m
      [36m</button>[39m
    [36m</div>[39m

    Ignored nodes: comments, script, style
    [36m<div[39m
      [33mclass[39m=[32m"relative inline-block"[39m
    [36m>[39m
      [36m<button[39m
        [33maria-label[39m=[32m"Sticky note (S)"[39m
        [33mclass[39m=[32m"inline-flex items-center justify-center font-medium rounded-md focus:outline-none focus:ring-2 focus:ring-offset-2 transition-colors duration-200 disabled:opacity-50 disabled:cursor-not-allowed px-3 py-1.5 text-sm text-gray-600 hover:text-gray-900 hover:bg-gray-100 focus:ring-gray-500 w-10 h-10 flex items-center justify-center"[39m
        [33mdata-testid[39m=[32m"tool-sticky_note"[39m
        [33mtitle[39m=[32m"Sticky note (S)"[39m
      [36m>[39m
        [36m<svg[39m
          [33mclass[39m=[32m"w-5 h-5"[39m
          [33mfill[39m=[32m"none"[39m
          [33mstroke[39m=[32m"currentColor"[39m
          [33mviewBox[39m=[32m"0 0 24 24"[39m
        [36m>[39m
          [36m<path[39m
            [33md[39m=[32m"M19 11H5m14 0a2 2 0 012 2v6a2 2 0 01-2 2H5a2 2 0 01-2-2v-6a2 2 0 012-2m14 0V9a2 2 0 00-2-2M5 11V9a2 2 0 012-2m0 0V5a2 2 0 012-2h6a2 2 0 012 2v2M7 7h10"[39m
            [33mstroke-linecap[39m=[32m"round"[39m
            [33mstroke-linejoin[39m=[32m"round"[39m
            [33mstroke-width[39m=[32m"2"[39m
          [36m/>[39m
        [36m</svg>[39m
      [36m</button>[39m
    [36m</div>[39m

    Ignored nodes: comments, script, style
    [36m<div[39m
      [33mclass[39m=[32m"relative inline-block"[39m
    [36m>[39m
      [36m<button[39m
        [33maria-label[39m=[32m"Rectangle (R)"[39m
        [33mclass[39m=[32m"inline-flex items-center justify-center font-medium rounded-md focus:outline-none focus:ring-2 focus:ring-offset-2 transition-colors duration-200 disabled:opacity-50 disabled:cursor-not-allowed px-3 py-1.5 text-sm text-gray-600 hover:text-gray-900 hover:bg-gray-100 focus:ring-gray-500 w-10 h-10 flex items-center justify-center"[39m
        [33mdata-testid[39m=[32m"tool-rectangle"[39m
        [33mtitle[39m=[32m"Rectangle (R)"[39m
      [36m>[39m
        [36m<svg[39m
          [33mclass[39m=[32m"w-5 h-5"[39m
          [33mfill[39m=[32m"none"[39m
          [33mstroke[39m=[32m"currentColor"[39m
          [33mviewBox[39m=[32m"0 0 24 24"[39m
        [36m>[39m
          [36m<rect[39m
            [33mheight[39m=[32m"18"[39m
            [33mrx[39m=[32m"2"[39m
            [33mry[39m=[32m"2"[39m
            [33mstroke-width[39m=[32m"2"[39m
            [33mwidth[39m=[32m"18"[39m
            [33mx[39m=[32m"3"[39m
            [33my[39m=[32m"3"[39m
          [36m/>[39m
        [36m</svg>[39m
      [36m</button>[39m
    [36m</div>[39m

    Ignored nodes: comments, script, style
    [36m<div[39m
      [33mclass[39m=[32m"relative inline-block"[39m
    [36m>[39m
      [36m<button[39m
        [33maria-label[39m=[32m"Circle (C)"[39m
        [33mclass[39m=[32m"inline-flex items-center justify-center font-medium rounded-md focus:outline-none focus:ring-2 focus:ring-offset-2 transition-colors duration-200 disabled:opacity-50 disabled:cursor-not-allowed px-3 py-1.5 text-sm text-gray-600 hover:text-gray-900 hover:bg-gray-100 focus:ring-gray-500 w-10 h-10 flex items-center justify-center"[39m
        [33mdata-testid[39m=[32m"tool-circle"[39m
        [33mtitle[39m=[32m"Circle (C)"[39m
      [36m>[39m
        [36m<svg[39m
          [33mclass[39m=[32m"w-5 h-5"[39m
          [33mfill[39m=[32m"none"[39m
          [33mstroke[39m=[32m"currentColor"[39m
          [33mviewBox[39m=[32m"0 0 24 24"[39m
        [36m>[39m
          [36m<circle[39m
            [33mcx[39m=[32m"12"[39m
            [33mcy[39m=[32m"12"[39m
            [33mr[39m=[32m"9"[39m
            [33mstroke-width[39m=[32m"2"[39m
          [36m/>[39m
        [36m</svg>[39m
      [36m</button>[39m
    [36m</div>[39m

    Ignored nodes: comments, script, style
    [36m<div[39m
      [33mclass[39m=[32m"relative inline-block"[39m
    [36m>[39m
      [36m<button[39m
        [33maria-label[39m=[32m"Text (T)"[39m
        [33mclass[39m=[32m"inline-flex items-center justify-center font-medium rounded-md focus:outline-none focus:ring-2 focus:ring-offset-2 transition-colors duration-200 disabled:opacity-50 disabled:cursor-not-allowed px-3 py-1.5 text-sm text-gray-600 hover:text-gray-900 hover:bg-gray-100 focus:ring-gray-500 w-10 h-10 flex items-center justify-center"[39m
        [33mdata-testid[39m=[32m"tool-text"[39m
        [33mtitle[39m=[32m"Text (T)"[39m
      [36m>[39m
        [36m<svg[39m
          [33mclass[39m=[32m"w-5 h-5"[39m
          [33mfill[39m=[32m"none"[39m
          [33mstroke[39m=[32m"currentColor"[39m
          [33mviewBox[39m=[32m"0 0 24 24"[39m
        [36m>[39m
          [36m<path[39m
            [33md[39m=[32m"M4 5h16M4 19h16M10 5v14M14 5v14"[39m
            [33mstroke-linecap[39m=[32m"round"[39m
            [33mstroke-linejoin[39m=[32m"round"[39m
            [33mstroke-width[39m=[32m"2"[39m
          [36m/>[39m
        [36m</svg>[39m
      [36m</button>[39m
    [36m</div>[39m

    Ignored nodes: comments, script, style
    [36m<div[39m
      [33mclass[39m=[32m"relative inline-block"[39m
    [36m>[39m
      [36m<button[39m
        [33maria-label[39m=[32m"Line (L)"[39m
        [33mclass[39m=[32m"inline-flex items-center justify-center font-medium rounded-md focus:outline-none focus:ring-2 focus:ring-offset-2 transition-colors duration-200 disabled:opacity-50 disabled:cursor-not-allowed px-3 py-1.5 text-sm text-gray-600 hover:text-gray-900 hover:bg-gray-100 focus:ring-gray-500 w-10 h-10 flex items-center justify-center"[39m
        [33mdata-testid[39m=[32m"tool-line"[39m
        [33mtitle[39m=[32m"Line (L)"[39m
      [36m>[39m
        [36m<svg[39m
          [33mclass[39m=[32m"w-5 h-5"[39m
          [33mfill[39m=[32m"none"[39m
          [33mstroke[39m=[32m"currentColor"[39m
          [33mviewBox[39m=[32m"0 0 24 24"[39m
        [36m>[39m
          [36m<path[39m
            [33md[39m=[32m"M4 20L20 4"[39m
            [33mstroke-linecap[39m=[32m"round"[39m
            [33mstroke-linejoin[39m=[32m"round"[39m
            [33mstroke-width[39m=[32m"2"[39m
          [36m/>[39m
        [36m</svg>[39m
      [36m</button>[39m
    [36m</div>[39m

    Ignored nodes: comments, script, style
    [36m<div[39m
      [33mclass[39m=[32m"relative inline-block"[39m
    [36m>[39m
      [36m<button[39m
        [33maria-label[39m=[32m"Pen (P)"[39m
        [33mclass[39m=[32m"inline-flex items-center justify-center font-medium rounded-md focus:outline-none focus:ring-2 focus:ring-offset-2 transition-colors duration-200 disabled:opacity-50 disabled:cursor-not-allowed px-3 py-1.5 text-sm text-gray-600 hover:text-gray-900 hover:bg-gray-100 focus:ring-gray-500 w-10 h-10 flex items-center justify-center"[39m
        [33mdata-testid[39m=[32m"tool-freehand"[39m
        [33mtitle[39m=[32m"Pen (P)"[39m
      [36m>[39m
        [36m<svg[39m
          [33mclass[39m=[32m"w-5 h-5"[39m
          [33mfill[39m=[32m"none"[39m
          [33mstroke[39m=[32m"currentColor"[39m
          [33mviewBox[39m=[32m"0 0 24 24"[39m
        [36m>[39m
          [36m<path[39m
            [33md[39m=[32m"M15.232 5.232l3.536 3.536m-2.036-5.036a2.5 2.5 0 113.536 3.536L6.5 21.036H3v-3.572L16.732 3.732z"[39m
            [33mstroke-linecap[39m=[32m"round"[39m
            [33mstroke-linejoin[39m=[32m"round"[39m
            [33mstroke-width[39m=[32m"2"[39m
          [36m/>[39m
        [36m</svg>[39m
      [36m</button>[39m
    [36m</div>[39m

    Ignored nodes: comments, script, style
    [36m<div[39m
      [33mclass[39m=[32m"h-px bg-gray-200 my-1"[39m
    [36m/>[39m

    Ignored nodes: comments, script, style
    [36m<div[39m
      [33mclass[39m=[32m"flex flex-col gap-1"[39m
    [36m>[39m
      [36m<div[39m
        [33mclass[39m=[32m"relative inline-block"[39m
      [36m>[39m
        [36m<button[39m
          [33mclass[39m=[32m"inline-flex items-center justify-center font-medium rounded-md focus:outline-none focus:ring-2 focus:ring-offset-2 transition-colors duration-200 disabled:opacity-50 disabled:cursor-not-allowed px-3 py-1.5 text-sm text-gray-600 hover:text-gray-900 hover:bg-gray-100 focus:ring-gray-500 w-10 h-10 flex items-center justify-center opacity-50"[39m
          [33mdisabled[39m=[32m""[39m
        [36m>[39m
          [36m<svg[39m
            [33mclass[39m=[32m"w-5 h-5"[39m
            [33mfill[39m=[32m"none"[39m
            [33mstroke[39m=[32m"currentColor"[39m
            [33mviewBox[39m=[32m"0 0 24 24"[39m
          [36m>[39m
            [36m<rect[39m
              [33mheight[39m=[32m"18"[39m
              [33mrx[39m=[32m"2"[39m
              [33mry[39m=[32m"2"[39m
              [33mstroke-width[39m=[32m"2"[39m
              [33mwidth[39m=[32m"18"[39m
              [33mx[39m=[32m"3"[39m
              [33my[39m=[32m"3"[39m
            [36m/>[39m
            [36m<circle[39m
              [33mcx[39m=[32m"8.5"[39m
              [33mcy[39m=[32m"8.5"[39m
              [33mr[39m=[32m"1.5"[39m
              [33mstroke-width[39m=[32m"2"[39m
            [36m/>[39m
            [36m<path[39m
              [33md[39m=[32m"m21 15-3.086-3.086a2 2 0 00-2.828 0L6 21"[39m
              [33mstroke-width[39m=[32m"2"[39m
            [36m/>[39m
          [36m</svg>[39m
        [36m</button>[39m
      [36m</div>[39m
      [36m<div[39m
        [33mclass[39m=[32m"relative inline-block"[39m
      [36m>[39m
        [36m<button[39m
          [33mclass[39m=[32m"inline-flex items-center justify-center font-medium rounded-md focus:outline-none focus:ring-2 focus:ring-offset-2 transition-colors duration-200 disabled:opacity-50 disabled:cursor-not-allowed px-3 py-1.5 text-sm text-gray-600 hover:text-gray-900 hover:bg-gray-100 focus:ring-gray-500 w-10 h-10 flex items-center justify-center opacity-50"[39m
          [33mdisabled[39m=[32m""[39m
        [36m>[39m
          [36m<svg[39m
            [33mclass[39m=[32m"w-5 h-5"[39m
            [33mfill[39m=[32m"none"[39m
            [33mstroke[39m=[32m"currentColor"[39m
            [33mviewBox[39m=[32m"0 0 24 24"[39m
          [36m>[39m
            [36m<path[39m
              [33md[39m=[32m"M13.828 10.172a4 4 0 00-5.656 0l-4 4a4 4 0 105.656 5.656l1.102-1.101m-.758-4.899a4 4 0 005.656 0l4-4a4 4 0 00-5.656-5.656l-1.1 1.1"[39m
              [33mstroke-linecap[39m=[32m"round"[39m
              [33mstroke-linejoin[39m=[32m"round"[39m
              [33mstroke-width[39m=[32m"2"[39m
            [36m/>[39m
          [36m</svg>[39m
        [36m</button>[39m
      [36m</div>[39m
      [36m<div[39m
        [33mclass[39m=[32m"relative inline-block"[39m
      [36m>[39m
        [36m<button[39m
          [33mclass[39m=[32m"inline-flex items-center justify-center font-medium rounded-md focus:outline-none focus:ring-2 focus:ring-offset-2 transition-colors duration-200 disabled:opacity-50 disabled:cursor-not-allowed px-3 py-1.5 text-sm text-gray-600 hover:text-gray-900 hover:bg-gray-100 focus:ring-gray-500 w-10 h-10 flex items-center justify-center opacity-50"[39m
          [33mdisabled[39m=[32m""[39m
        [36m>[39m
          [36m<svg[39m
            [33mclass[39m=[32m"w-5 h-5"[39m
            [33mfill[39m=[32m"none"[39m
            [33mstroke[39m=[32m"currentColor"[39m
            [33mviewBox[39m=[32m"0 0 24 24"[39m
          [36m>[39m
            [36m<path[39m
              [33md[39m=[32m"M15.232 5.232l3.536 3.536m-2.036-5.036a2.5 2.5 0 113.536 3.536L6.5 21.036H3v-3.572L16.732 3.732z"[39m
              [33mstroke-linecap[39m=[32m"round"[39m
              [33mstroke-linejoin[39m=[32m"round"[39m
              [33mstroke-width[39m=[32m"2"[39m
            [36m/>[39m
          [36m</svg>[39m
        [36m</button>[39m
      [36m</div>[39m
    [36m</div>[39m

    Ignored nodes: comments, script, style
    [36m<div[39m
      [33mclass[39m=[32m"relative inline-block"[39m
    [36m>[39m
      [36m<button[39m
        [33mclass[39m=[32m"inline-flex items-center justify-center font-medium rounded-md focus:outline-none focus:ring-2 focus:ring-offset-2 transition-colors duration-200 disabled:opacity-50 disabled:cursor-not-allowed px-3 py-1.5 text-sm text-gray-600 hover:text-gray-900 hover:bg-gray-100 focus:ring-gray-500 w-10 h-10 flex items-center justify-center opacity-50"[39m
        [33mdisabled[39m=[32m""[39m
      [36m>[39m
        [36m<svg[39m
          [33mclass[39m=[32m"w-5 h-5"[39m
          [33mfill[39m=[32m"none"[39m
          [33mstroke[39m=[32m"currentColor"[39m
          [33mviewBox[39m=[32m"0 0 24 24"[39m
        [36m>[39m
          [36m<rect[39m
            [33mheight[39m=[32m"18"[39m
            [33mrx[39m=[32m"2"[39m
            [33mry[39m=[32m"2"[39m
            [33mstroke-width[39m=[32m"2"[39m
            [33mwidth[39m=[32m"18"[39m
            [33mx[39m=[32m"3"[39m
            [33my[39m=[32m"3"[39m
          [36m/>[39m
          [36m<circle[39m
            [33mcx[39m=[32m"8.5"[39m
            [33mcy[39m=[32m"8.5"[39m
            [33mr[39m=[32m"1.5"[39m
            [33mstroke-width[39m=[32m"2"[39m
          [36m/>[39m
          [36m<path[39m
            [33md[39m=[32m"m21 15-3.086-3.086a2 2 0 00-2.828 0L6 21"[39m
            [33mstroke-width[39m=[32m"2"[39m
          [36m/>[39m
        [36m</svg>[39m
      [36m</button>[39m
    [36m</div>[39m

    Ignored nodes: comments, script, style
    [36m<div[39m
      [33mclass[39m=[32m"relative inline-block"[39m
    [36m>[39m
      [36m<button[39m
        [33mclass[39m=[32m"inline-flex items-center justify-center font-medium rounded-md focus:outline-none focus:ring-2 focus:ring-offset-2 transition-colors duration-200 disabled:opacity-50 disabled:cursor-not-allowed px-3 py-1.5 text-sm text-gray-600 hover:text-gray-900 hover:bg-gray-100 focus:ring-gray-500 w-10 h-10 flex items-center justify-center opacity-50"[39m
        [33mdisabled[39m=[32m""[39m
      [36m>[39m
        [36m<svg[39m
          [33mclass[39m=[32m"w-5 h-5"[39m
          [33mfill[39m=[32m"none"[39m
          [33mstroke[39m=[32m"currentColor"[39m
          [33mviewBox[39m=[32m"0 0 24 24"[39m
        [36m>[39m
          [36m<path[39m
            [33md[39m=[32m"M13.828 10.172a4 4 0 00-5.656 0l-4 4a4 4 0 105.656 5.656l1.102-1.101m-.758-4.899a4 4 0 005.656 0l4-4a4 4 0 00-5.656-5.656l-1.1 1.1"[39m
            [33mstroke-linecap[39m=[32m"round"[39m
            [33mstroke-linejoin[39m=[32m"round"[39m
            [33mstroke-width[39m=[32m"2"[39m
          [36m/>[39m
        [36m</svg>[39m
      [36m</button>[39m
    [36m</div>[39m

    Ignored nodes: comments, script, style
    [36m<div[39m
      [33mclass[39m=[32m"relative inline-block"[39m
    [36m>[39m
      [36m<button[39m
        [33mclass[39m=[32m"inline-flex items-center justify-center font-medium rounded-md focus:outline-none focus:ring-2 focus:ring-offset-2 transition-colors duration-200 disabled:opacity-50 disabled:cursor-not-allowed px-3 py-1.5 text-sm text-gray-600 hover:text-gray-900 hover:bg-gray-100 focus:ring-gray-500 w-10 h-10 flex items-center justify-center opacity-50"[39m
        [33mdisabled[39m=[32m""[39m
      [36m>[39m
        [36m<svg[39m
          [33mclass[39m=[32m"w-5 h-5"[39m
          [33mfill[39m=[32m"none"[39m
          [33mstroke[39m=[32m"currentColor"[39m
          [33mviewBox[39m=[32m"0 0 24 24"[39m
        [36m>[39m
          [36m<path[39m
            [33md[39m=[32m"M15.232 5.232l3.536 3.536m-2.036-5.036a2.5 2.5 0 113.536 3.536L6.5 21.036H3v-3.572L16.732 3.732z"[39m
            [33mstroke-linecap[39m=[32m"round"[39m
            [33mstroke-linejoin[39m=[32m"round"[39m
            [33mstroke-width[39m=[32m"2"[39m
          [36m/>[39m
        [36m</svg>[39m
      [36m</button>[39m
    [36m</div>[39m

    Ignored nodes: comments, script, style
    [36m<div[39m
      [33mclass[39m=[32m"mt-2 bg-white shadow-lg rounded-lg border p-2 text-xs text-gray-600"[39m
    [36m>[39m
      [36m<div[39m
        [33mclass[39m=[32m"font-medium"[39m
      [36m>[39m
        [0mCurrent Tool[0m
      [36m</div>[39m
      [36m<div[39m
        [33mclass[39m=[32m"capitalize"[39m
      [36m>[39m
        [0mselect[0m
      [36m</div>[39m
      [36m<div[39m
        [33mclass[39m=[32m"text-gray-400"[39m
      [36m>[39m
        [0mPress [0m
        [0mV[0m
      [36m</div>[39m
    [36m</div>[39m

    Ignored nodes: comments, script, style
    [36m<div[39m
      [33mclass[39m=[32m"font-medium"[39m
    [36m>[39m
      [0mCurrent Tool[0m
    [36m</div>[39m

    Ignored nodes: comments, script, style
    [36m<div[39m
      [33mclass[39m=[32m"capitalize"[39m
    [36m>[39m
      [0mselect[0m
    [36m</div>[39m

    Ignored nodes: comments, script, style
    [36m<div[39m
      [33mclass[39m=[32m"text-gray-400"[39m
    [36m>[39m
      [0mPress [0m
      [0mV[0m
    [36m</div>[39m

    Ignored nodes: comments, script, style
    [36m<div[39m
      [33mstyle[39m=[32m"position: fixed; right: 16px; top: 88px; z-index: 100;"[39m
    [36m>[39m
      [36m<div[39m
        [33mclass[39m=[32m"absolute top-4 right-4 z-40"[39m
      [36m>[39m
        [36m<div[39m
          [33mclass[39m=[32m"bg-white shadow-lg rounded-lg border p-3"[39m
        [36m>[39m
          [36m<div[39m
            [33mclass[39m=[32m"flex items-center justify-between mb-2"[39m
          [36m>[39m
            [36m<div[39m
              [33mclass[39m=[32m"flex items-center gap-2"[39m
            [36m>[39m
              [36m<div[39m
                [33mclass[39m=[32m"w-2 h-2 rounded-full bg-red-500"[39m
              [36m/>[39m
              [36m<span[39m
                [33mclass[39m=[32m"text-sm font-medium"[39m
              [36m>[39m
                [0mOffline[0m
              [36m</span>[39m
            [36m</div>[39m
            [36m<button[39m
              [33mclass[39m=[32m"inline-flex items-center justify-center font-medium rounded-md focus:outline-none focus:ring-2 focus:ring-offset-2 transition-colors duration-200 disabled:opacity-50 disabled:cursor-not-allowed px-2 py-1 text-xs text-gray-600 hover:text-gray-900 hover:bg-gray-100 focus:ring-gray-500 p-1"[39m
            [36m>[39m
              [36m<svg[39m
                [33mclass[39m=[32m"w-4 h-4"[39m
                [33mfill[39m=[32m"none"[39m
                [33mstroke[39m=[32m"currentColor"[39m
                [33mviewBox[39m=[32m"0 0 24 24"[39m
              [36m>[39m
                [36m<path[39m
                  [33md[39m=[32m"M10.325 4.317c.426-1.756 2.924-1.756 3.35 0a1.724 1.724 0 002.573 1.066c1.543-.94 3.31.826 2.37 2.37a1.724 1.724 0 001.065 2.572c1.756.426 1.756 2.924 0 3.35a1.724 1.724 0 00-1.066 2.573c.94 1.543-.826 3.31-2.37 2.37a1.724 1.724 0 00-2.572 1.065c-.426 1.756-2.924 1.756-3.35 0a1.724 1.724 0 00-2.573-1.066c-1.543.94-3.31-.826-2.37-2.37a1.724 1.724 0 00-1.065-2.572c-1.756-.426-1.756-2.924 0-3.35a1.724 1.724 0 001.066-2.573c-.94-1.543.826-3.31 2.37-2.37.996.608 2.296.07 2.572-1.065z"[39m
                  [33mstroke-linecap[39m=[32m"round"[39m
                  [33mstroke-linejoin[39m=[32m"round"[39m
                  [33mstroke-width[39m=[32m"2"[39m
                [36m/>[39m
                [36m<path[39m
                  [33md[39m=[32m"M15 12a3 3 0 11-6 0 3 3 0 016 0z"[39m
                  [33mstroke-linecap[39m=[32m"round"[39m
                  [33mstroke-linejoin[39m=[32m"round"[39m
                  [33mstroke-width[39m=[32m"2"[39m
                [36m/>[39m
              [36m</svg>[39m
            [36m</button>[39m
          [36m</div>[39m
          [36m<div[39m
            [33mclass[39m=[32m"flex items-center gap-2"[39m
          [36m>[39m
            [36m<div[39m
              [33mclass[39m=[32m"text-sm text-gray-500"[39m
            [36m>[39m
              [0mNo active collaborators[0m
            [36m</div>[39m
          [36m</div>[39m
          [36m<div[39m
            [33mclass[39m=[32m"mt-2 pt-2 border-t"[39m
          [36m>[39m
            [36m<button[39m
              [33mclass[39m=[32m"inline-flex items-center justify-center font-medium rounded-md focus:outline-none focus:ring-2 focus:ring-offset-2 transition-colors duration-200 disabled:opacity-50 disabled:cursor-not-allowed px-3 py-1.5 text-sm border border-gray-300 bg-white text-gray-700 hover:bg-gray-50 focus:ring-blue-500 w-full flex items-center gap-2"[39m
            [36m>[39m
              [36m<svg[39m
                [33mclass[39m=[32m"w-4 h-4"[39m
                [33mfill[39m=[32m"none"[39m
                [33mstroke[39m=[32m"currentColor"[39m
                [33mviewBox[39m=[32m"0 0 24 24"[39m
              [36m>[39m
                [36m<path[39m
                  [33md[39m=[32m"M12 6v6m0 0v6m0-6h6m-6 0H6"[39m
                  [33mstroke-linecap[39m=[32m"round"[39m
                  [33mstroke-linejoin[39m=[32m"round"[39m
                  [33mstroke-width[39m=[32m"2"[39m
                [36m/>[39m
              [36m</svg>[39m
              [0mInvite others[0m
            [36m</button>[39m
          [36m</div>[39m
        [36m</div>[39m
      [36m</div>[39m
    [36m</div>[39m

    Ignored nodes: comments, script, style
    [36m<div[39m
      [33mclass[39m=[32m"absolute top-4 right-4 z-40"[39m
    [36m>[39m
      [36m<div[39m
        [33mclass[39m=[32m"bg-white shadow-lg rounded-lg border p-3"[39m
      [36m>[39m
        [36m<div[39m
          [33mclass[39m=[32m"flex items-center justify-between mb-2"[39m
        [36m>[39m
          [36m<div[39m
            [33mclass[39m=[32m"flex items-center gap-2"[39m
          [36m>[39m
            [36m<div[39m
              [33mclass[39m=[32m"w-2 h-2 rounded-full bg-red-500"[39m
            [36m/>[39m
            [36m<span[39m
              [33mclass[39m=[32m"text-sm font-medium"[39m
            [36m>[39m
              [0mOffline[0m
            [36m</span>[39m
          [36m</div>[39m
          [36m<button[39m
            [33mclass[39m=[32m"inline-flex items-center justify-center font-medium rounded-md focus:outline-none focus:ring-2 focus:ring-offset-2 transition-colors duration-200 disabled:opacity-50 disabled:cursor-not-allowed px-2 py-1 text-xs text-gray-600 hover:text-gray-900 hover:bg-gray-100 focus:ring-gray-500 p-1"[39m
          [36m>[39m
            [36m<svg[39m
              [33mclass[39m=[32m"w-4 h-4"[39m
              [33mfill[39m=[32m"none"[39m
              [33mstroke[39m=[32m"currentColor"[39m
              [33mviewBox[39m=[32m"0 0 24 24"[39m
            [36m>[39m
              [36m<path[39m
                [33md[39m=[32m"M10.325 4.317c.426-1.756 2.924-1.756 3.35 0a1.724 1.724 0 002.573 1.066c1.543-.94 3.31.826 2.37 2.37a1.724 1.724 0 001.065 2.572c1.756.426 1.756 2.924 0 3.35a1.724 1.724 0 00-1.066 2.573c.94 1.543-.826 3.31-2.37 2.37a1.724 1.724 0 00-2.572 1.065c-.426 1.756-2.924 1.756-3.35 0a1.724 1.724 0 00-2.573-1.066c-1.543.94-3.31-.826-2.37-2.37a1.724 1.724 0 00-1.065-2.572c-1.756-.426-1.756-2.924 0-3.35a1.724 1.724 0 001.066-2.573c-.94-1.543.826-3.31 2.37-2.37.996.608 2.296.07 2.572-1.065z"[39m
                [33mstroke-linecap[39m=[32m"round"[39m
                [33mstroke-linejoin[39m=[32m"round"[39m
                [33mstroke-width[39m=[32m"2"[39m
              [36m/>[39m
              [36m<path[39m
                [33md[39m=[32m"M15 12a3 3 0 11-6 0 3 3 0 016 0z"[39m
                [33mstroke-linecap[39m=[32m"round"[39m
                [33mstroke-linejoin[39m=[32m"round"[39m
                [33mstroke-width[39m=[32m"2"[39m
              [36m/>[39m
            [36m</svg>[39m
          [36m</button>[39m
        [36m</div>[39m
        [36m<div[39m
          [33mclass[39m=[32m"flex items-center gap-2"[39m
        [36m>[39m
          [36m<div[39m
            [33mclass[39m=[32m"text-sm text-gray-500"[39m
          [36m>[39m
            [0mNo active collaborators[0m
          [36m</div>[39m
        [36m</div>[39m
        [36m<div[39m
          [33mclass[39m=[32m"mt-2 pt-2 border-t"[39m
        [36m>[39m
          [36m<button[39m
            [33mclass[39m=[32m"inline-flex items-center justify-center font-medium rounded-md focus:outline-none focus:ring-2 focus:ring-offset-2 transition-colors duration-200 disabled:opacity-50 disabled:cursor-not-allowed px-3 py-1.5 text-sm border border-gray-300 bg-white text-gray-700 hover:bg-gray-50 focus:ring-blue-500 w-full flex items-center gap-2"[39m
          [36m>[39m
            [36m<svg[39m
              [33mclass[39m=[32m"w-4 h-4"[39m
              [33mfill[39m=[32m"none"[39m
              [33mstroke[39m=[32m"currentColor"[39m
              [33mviewBox[39m=[32m"0 0 24 24"[39m
            [36m>[39m
              [36m<path[39m
                [33md[39m=[32m"M12 6v6m0 0v6m0-6h6m-6 0H6"[39m
                [33mstroke-linecap[39m=[32m"round"[39m
                [33mstroke-linejoin[39m=[32m"round"[39m
                [33mstroke-width[39m=[32m"2"[39m
              [36m/>[39m
            [36m</svg>[39m
            [0mInvite others[0m
          [36m</button>[39m
        [36m</div>[39m
      [36m</div>[39m
    [36m</div>[39m

    Ignored nodes: comments, script, style
    [36m<div[39m
      [33mclass[39m=[32m"bg-white shadow-lg rounded-lg border p-3"[39m
    [36m>[39m
      [36m<div[39m
        [33mclass[39m=[32m"flex items-center justify-between mb-2"[39m
      [36m>[39m
        [36m<div[39m
          [33mclass[39m=[32m"flex items-center gap-2"[39m
        [36m>[39m
          [36m<div[39m
            [33mclass[39m=[32m"w-2 h-2 rounded-full bg-red-500"[39m
          [36m/>[39m
          [36m<span[39m
            [33mclass[39m=[32m"text-sm font-medium"[39m
          [36m>[39m
            [0mOffline[0m
          [36m</span>[39m
        [36m</div>[39m
        [36m<button[39m
          [33mclass[39m=[32m"inline-flex items-center justify-center font-medium rounded-md focus:outline-none focus:ring-2 focus:ring-offset-2 transition-colors duration-200 disabled:opacity-50 disabled:cursor-not-allowed px-2 py-1 text-xs text-gray-600 hover:text-gray-900 hover:bg-gray-100 focus:ring-gray-500 p-1"[39m
        [36m>[39m
          [36m<svg[39m
            [33mclass[39m=[32m"w-4 h-4"[39m
            [33mfill[39m=[32m"none"[39m
            [33mstroke[39m=[32m"currentColor"[39m
            [33mviewBox[39m=[32m"0 0 24 24"[39m
          [36m>[39m
            [36m<path[39m
              [33md[39m=[32m"M10.325 4.317c.426-1.756 2.924-1.756 3.35 0a1.724 1.724 0 002.573 1.066c1.543-.94 3.31.826 2.37 2.37a1.724 1.724 0 001.065 2.572c1.756.426 1.756 2.924 0 3.35a1.724 1.724 0 00-1.066 2.573c.94 1.543-.826 3.31-2.37 2.37a1.724 1.724 0 00-2.572 1.065c-.426 1.756-2.924 1.756-3.35 0a1.724 1.724 0 00-2.573-1.066c-1.543.94-3.31-.826-2.37-2.37a1.724 1.724 0 00-1.065-2.572c-1.756-.426-1.756-2.924 0-3.35a1.724 1.724 0 001.066-2.573c-.94-1.543.826-3.31 2.37-2.37.996.608 2.296.07 2.572-1.065z"[39m
              [33mstroke-linecap[39m=[32m"round"[39m
              [33mstroke-linejoin[39m=[32m"round"[39m
              [33mstroke-width[39m=[32m"2"[39m
            [36m/>[39m
            [36m<path[39m
              [33md[39m=[32m"M15 12a3 3 0 11-6 0 3 3 0 016 0z"[39m
              [33mstroke-linecap[39m=[32m"round"[39m
              [33mstroke-linejoin[39m=[32m"round"[39m
              [33mstroke-width[39m=[32m"2"[39m
            [36m/>[39m
          [36m</svg>[39m
        [36m</button>[39m
      [36m</div>[39m
      [36m<div[39m
        [33mclass[39m=[32m"flex items-center gap-2"[39m
      [36m>[39m
        [36m<div[39m
          [33mclass[39m=[32m"text-sm text-gray-500"[39m
        [36m>[39m
          [0mNo active collaborators[0m
        [36m</div>[39m
      [36m</div>[39m
      [36m<div[39m
        [33mclass[39m=[32m"mt-2 pt-2 border-t"[39m
      [36m>[39m
        [36m<button[39m
          [33mclass[39m=[32m"inline-flex items-center justify-center font-medium rounded-md focus:outline-none focus:ring-2 focus:ring-offset-2 transition-colors duration-200 disabled:opacity-50 disabled:cursor-not-allowed px-3 py-1.5 text-sm border border-gray-300 bg-white text-gray-700 hover:bg-gray-50 focus:ring-blue-500 w-full flex items-center gap-2"[39m
        [36m>[39m
          [36m<svg[39m
            [33mclass[39m=[32m"w-4 h-4"[39m
            [33mfill[39m=[32m"none"[39m
            [33mstroke[39m=[32m"currentColor"[39m
            [33mviewBox[39m=[32m"0 0 24 24"[39m
          [36m>[39m
            [36m<path[39m
              [33md[39m=[32m"M12 6v6m0 0v6m0-6h6m-6 0H6"[39m
              [33mstroke-linecap[39m=[32m"round"[39m
              [33mstroke-linejoin[39m=[32m"round"[39m
              [33mstroke-width[39m=[32m"2"[39m
            [36m/>[39m
          [36m</svg>[39m
          [0mInvite others[0m
        [36m</button>[39m
      [36m</div>[39m
    [36m</div>[39m

    Ignored nodes: comments, script, style
    [36m<div[39m
      [33mclass[39m=[32m"flex items-center justify-between mb-2"[39m
    [36m>[39m
      [36m<div[39m
        [33mclass[39m=[32m"flex items-center gap-2"[39m
      [36m>[39m
        [36m<div[39m
          [33mclass[39m=[32m"w-2 h-2 rounded-full bg-red-500"[39m
        [36m/>[39m
        [36m<span[39m
          [33mclass[39m=[32m"text-sm font-medium"[39m
        [36m>[39m
          [0mOffline[0m
        [36m</span>[39m
      [36m</div>[39m
      [36m<button[39m
        [33mclass[39m=[32m"inline-flex items-center justify-center font-medium rounded-md focus:outline-none focus:ring-2 focus:ring-offset-2 transition-colors duration-200 disabled:opacity-50 disabled:cursor-not-allowed px-2 py-1 text-xs text-gray-600 hover:text-gray-900 hover:bg-gray-100 focus:ring-gray-500 p-1"[39m
      [36m>[39m
        [36m<svg[39m
          [33mclass[39m=[32m"w-4 h-4"[39m
          [33mfill[39m=[32m"none"[39m
          [33mstroke[39m=[32m"currentColor"[39m
          [33mviewBox[39m=[32m"0 0 24 24"[39m
        [36m>[39m
          [36m<path[39m
            [33md[39m=[32m"M10.325 4.317c.426-1.756 2.924-1.756 3.35 0a1.724 1.724 0 002.573 1.066c1.543-.94 3.31.826 2.37 2.37a1.724 1.724 0 001.065 2.572c1.756.426 1.756 2.924 0 3.35a1.724 1.724 0 00-1.066 2.573c.94 1.543-.826 3.31-2.37 2.37a1.724 1.724 0 00-2.572 1.065c-.426 1.756-2.924 1.756-3.35 0a1.724 1.724 0 00-2.573-1.066c-1.543.94-3.31-.826-2.37-2.37a1.724 1.724 0 00-1.065-2.572c-1.756-.426-1.756-2.924 0-3.35a1.724 1.724 0 001.066-2.573c-.94-1.543.826-3.31 2.37-2.37.996.608 2.296.07 2.572-1.065z"[39m
            [33mstroke-linecap[39m=[32m"round"[39m
            [33mstroke-linejoin[39m=[32m"round"[39m
            [33mstroke-width[39m=[32m"2"[39m
          [36m/>[39m
          [36m<path[39m
            [33md[39m=[32m"M15 12a3 3 0 11-6 0 3 3 0 016 0z"[39m
            [33mstroke-linecap[39m=[32m"round"[39m
            [33mstroke-linejoin[39m=[32m"round"[39m
            [33mstroke-width[39m=[32m"2"[39m
          [36m/>[39m
        [36m</svg>[39m
      [36m</button>[39m
    [36m</div>[39m

    Ignored nodes: comments, script, style
    [36m<div[39m
      [33mclass[39m=[32m"flex items-center gap-2"[39m
    [36m>[39m
      [36m<div[39m
        [33mclass[39m=[32m"w-2 h-2 rounded-full bg-red-500"[39m
      [36m/>[39m
      [36m<span[39m
        [33mclass[39m=[32m"text-sm font-medium"[39m
      [36m>[39m
        [0mOffline[0m
      [36m</span>[39m
    [36m</div>[39m

    Ignored nodes: comments, script, style
    [36m<div[39m
      [33mclass[39m=[32m"w-2 h-2 rounded-full bg-red-500"[39m
    [36m/>[39m

    Ignored nodes: comments, script, style
    [36m<span[39m
      [33mclass[39m=[32m"text-sm font-medium"[39m
    [36m>[39m
      [0mOffline[0m
    [36m</span>[39m

    Ignored nodes: comments, script, style
    [36m<div[39m
      [33mclass[39m=[32m"flex items-center gap-2"[39m
    [36m>[39m
      [36m<div[39m
        [33mclass[39m=[32m"text-sm text-gray-500"[39m
      [36m>[39m
        [0mNo active collaborators[0m
      [36m</div>[39m
    [36m</div>[39m

    Ignored nodes: comments, script, style
    [36m<div[39m
      [33mclass[39m=[32m"text-sm text-gray-500"[39m
    [36m>[39m
      [0mNo active collaborators[0m
    [36m</div>[39m

    Ignored nodes: comments, script, style
    [36m<div[39m
      [33mclass[39m=[32m"mt-2 pt-2 border-t"[39m
    [36m>[39m
      [36m<button[39m
        [33mclass[39m=[32m"inline-flex items-center justify-center font-medium rounded-md focus:outline-none focus:ring-2 focus:ring-offset-2 transition-colors duration-200 disabled:opacity-50 disabled:cursor-not-allowed px-3 py-1.5 text-sm border border-gray-300 bg-white text-gray-700 hover:bg-gray-50 focus:ring-blue-500 w-full flex items-center gap-2"[39m
      [36m>[39m
        [36m<svg[39m
          [33mclass[39m=[32m"w-4 h-4"[39m
          [33mfill[39m=[32m"none"[39m
          [33mstroke[39m=[32m"currentColor"[39m
          [33mviewBox[39m=[32m"0 0 24 24"[39m
        [36m>[39m
          [36m<path[39m
            [33md[39m=[32m"M12 6v6m0 0v6m0-6h6m-6 0H6"[39m
            [33mstroke-linecap[39m=[32m"round"[39m
            [33mstroke-linejoin[39m=[32m"round"[39m
            [33mstroke-width[39m=[32m"2"[39m
          [36m/>[39m
        [36m</svg>[39m
        [0mInvite others[0m
      [36m</button>[39m
    [36m</div>[39m

    Ignored nodes: comments, script, style
    [36m<div[39m
      [33mclass[39m=[32m"absolute bottom-4 right-4 bg-white shadow-lg rounded-lg px-3 py-2 text-sm text-gray-600 border"[39m
      [33mstyle[39m=[32m"z-index: 100;"[39m
    [36m>[39m
      [36m<span>[39m
        [0mBoard: [0m
        [0mtest-board-123[0m
      [36m</span>[39m
    [36m</div>[39m

    Ignored nodes: comments, script, style
    [36m<span>[39m
      [0mBoard: [0m
      [0mtest-board-123[0m
    [36m</span>[39m

    Ignored nodes: comments, script, style
    [36m<div[39m
      [33mclass[39m=[32m"sr-only"[39m
    [36m>[39m
      [36m<div>[39m
        [0mUse V for select, S for sticky note, R for rectangle, C for circle, T for text[0m
      [36m</div>[39m
      [36m<div>[39m
        [0mUse Ctrl+A to select all, Escape to clear selection[0m
      [36m</div>[39m
      [36m<div>[39m
        [0mUse Delete to remove selected elements[0m
      [36m</div>[39m
      [36m<div>[39m
        [0mUse Ctrl+Plus/Minus to zoom, Ctrl+0 to reset zoom[0m
      [36m</div>[39m
    [36m</div>[39m

    Ignored nodes: comments, script, style
    [36m<div>[39m
      [0mUse V for select, S for sticky note, R for rectangle, C for circle, T for text[0m
    [36m</div>[39m

    Ignored nodes: comments, script, style
    [36m<div>[39m
      [0mUse Ctrl+A to select all, Escape to clear selection[0m
    [36m</div>[39m

    Ignored nodes: comments, script, style
    [36m<div>[39m
      [0mUse Delete to remove selected elements[0m
    [36m</div>[39m

    Ignored nodes: comments, script, style
    [36m<div>[39m
      [0mUse Ctrl+Plus/Minus to zoom, Ctrl+0 to reset zoom[0m
    [36m</div>[39m

    (If this is intentional, then use the `*AllBy*` variant of the query (like `queryAllByText`, `getAllByText`, or `findAllByText`)).

    Ignored nodes: comments, script, style
    [36m<body>[39m
      [36m<div>[39m
        [36m<div[39m
          [33mclass[39m=[32m"fixed inset-0 overflow-hidden bg-white focus:outline-none"[39m
          [33mstyle[39m=[32m"margin: 0px; padding: 0px;"[39m
          [33mtabindex[39m=[32m"0"[39m
        [36m>[39m
          [36m<div[39m
            [33mclass[39m=[32m"canvas-container fixed inset-0 cursor-crosshair touch-none select-none bg-gray-50 w-full h-full"[39m
            [33mstyle[39m=[32m"position: fixed; inset: 0; top: 0px; right: 0px; bottom: 0px; left: 0px; width: 100%; height: 100%; margin: 0px; padding: 0px; will-change: transform; transform: translateZ(0); z-index: 0;"[39m
          [36m>[39m
            [36m<canvas[39m
              [33mclass[39m=[32m"absolute inset-0 pointer-events-none z-0"[39m
              [33mstyle[39m=[32m"mix-blend-mode: multiply;"[39m
            [36m/>[39m
            [36m<div[39m
              [33mclass[39m=[32m"absolute inset-0 flex items-center justify-center bg-white bg-opacity-75 z-50"[39m
            [36m>[39m
              [36m<div[39m
                [33mclass[39m=[32m"animate-spin rounded-full border-2 border-gray-300 border-t-blue-600 w-8 h-8"[39m
              [36m/>[39m
            [36m</div>[39m
          [36m</div>[39m
          [36m<div[39m
            [33mclass[39m=[32m"toolbar"[39m
            [33mstyle[39m=[32m"position: fixed; top: 16px; left: 50%; transform: translateX(-50%); z-index: 100;"[39m
          [36m>[39m
            [36m<div[39m
              [33mclass[39m=[32m"absolute top-4 left-1/2 transform -translate-x-1/2 z-40 flex items-center gap-2 bg-white shadow-lg rounded-lg border p-2"[39m
            [36m>[39m
              [36m<div[39m
                [33mclass[39m=[32m"flex items-center gap-1"[39m
              [36m>[39m
                [36m<div[39m
                  [33mclass[39m=[32m"relative inline-block"[39m
                [36m>[39m
                  [36m<button[39m
                    [33mclass[39m=[32m"inline-flex items-center justify-center font-medium rounded-md focus:outline-none focus:ring-2 focus:ring-offset-2 transition-colors duration-200 disabled:opacity-50 disabled:cursor-not-allowed px-3 py-1.5 text-sm text-gray-600 hover:text-gray-900 hover:bg-gray-100 focus:ring-gray-500"[39m
                    [33mdisabled[39m=[32m""[39m
                  [36m>[39m
                    [36m<svg[39m
                      [33mclass[39m=[32m"w-4 h-4"[39m
                      [33mfill[39m=[32m"none"[39m
                      [33mstroke[39m=[32m"currentColor"[39m
                      [33mviewBox[39m=[32m"0 0 24 24"[39m
                    [36m>[39m
                      [36m<path[39m
                        [33md[39m=[32m"M3 10h10a8 8 0 018 8v2M3 10l6 6m-6-6l6-6"[39m
                        [33mstroke-linecap[39m=[32m"round"[39m
                        [33mstroke-linejoin[39m=[32m"round"[39m
                        [33mstroke-width[39m=[32m"2"[39m
                      [36m/>[39m
                    [36m</svg>[39m
                  [36m</button>[39m
                [36m</div>[39m
                [36m<div[39m
                  [33mclass[39m=[32m"relative inline-block"[39m
                [36m>[39m
                  [36m<button[39m
                    [33mclass[39m=[32m"inline-flex items-center justify-center font-medium rounded-md focus:outline-none focus:ring-2 focus:ring-offset-2 transition-colors duration-200 disabled:opacity-50 disabled:cursor-not-allowed px-3 py-1.5 text-sm text-gray-600 hover:text-gray-900 hover:bg-gray-100 focus:ring-gray-500"[39m
                    [33mdisabled[39m=[32m""[39m
                  [36m>[39m
                    [36m<svg[39m
                      [33mclass[39m=[32m"w-4 h-4"[39m
                      [33mfill[39m=[32m"none"[39m
                      [33mstroke[39m=[32m"currentColor"[39m
                      [33mviewBox[39m=[32m"0 0 24 24"[39m
                    [36m>[39m
                      [36m<path[39m
                        [33md[39m=[32m"M21 10h-10a8 8 0 00-8 8v2m18-10l-6 6m6-6l-6-6"[39m
                        [33mstroke-linecap[39m=[32m"round"[39m
                        [33mstroke-linejoin[39m=[32m"round"[39m
                        [33mstroke-width[39m=[32m"2"[39m
                      [36m/>[39m
                    [36m</svg>[39m
                  [36m</button>[39m
                [36m</div>[39m
                [36m<div[39m
                  [33mclass[39m=[32m"w-px h-6 bg-gray-200 mx-1"[39m
                [36m/>[39m
              [36m</div>[39m
              [36m<div[39m
                [33mclass[39m=[32m"flex items-center gap-1"[39m
              [36m>[39m
                [36m<div[39m
                  [33mclass[39m=[32m"relative inline-block"[39m
                [36m>[39m
                  [36m<button[39m
                    [33mclass[39m=[32m"inline-flex items-center justify-center font-medium rounded-md focus:outline-none focus:ring-2 focus:ring-offset-2 transition-colors duration-200 disabled:opacity-50 disabled:cursor-not-allowed px-3 py-1.5 text-sm text-gray-600 hover:text-gray-900 hover:bg-gray-100 focus:ring-gray-500"[39m
                  [36m>[39m
                    [36m<svg[39m
                      [33mclass[39m=[32m"w-4 h-4"[39m
                      [33mfill[39m=[32m"none"[39m
                      [33mstroke[39m=[32m"currentColor"[39m
                      [33mviewBox[39m=[32m"0 0 24 24"[39m
                    [36m>[39m
                      [36m<circle[39m
                        [33mcx[39m=[32m"11"[39m
                        [33mcy[39m=[32m"11"[39m
                        [33mr[39m=[32m"8"[39m
                        [33mstroke-width[39m=[32m"2"[39m
                      [36m/>[39m
                      [36m<path[39m
                        [33md[39m=[32m"m21 21-4.35-4.35M8 11h6"[39m
                        [33mstroke-width[39m=[32m"2"[39m
                      [36m/>[39m
                    [36m</svg>[39m
                  [36m</button>[39m
                [36m</div>[39m
                [36m<div[39m
                  [33mclass[39m=[32m"relative inline-block"[39m
                [36m>[39m
                  [36m<button[39m
                    [33mclass[39m=[32m"inline-flex items-center justify-center font-medium rounded-md focus:outline-none focus:ring-2 focus:ring-offset-2 transition-colors duration-200 disabled:opacity-50 disabled:cursor-not-allowed px-3 py-1.5 text-sm text-gray-600 hover:text-gray-900 hover:bg-gray-100 focus:ring-gray-500 min-w-16 text-sm font-mono"[39m
                  [36m>[39m
                    [0m100[0m
                    [0m%[0m
                  [36m</button>[39m
                [36m</div>[39m
                [36m<div[39m
                  [33mclass[39m=[32m"relative inline-block"[39m
                [36m>[39m
                  [36m<button[39m
                    [33mclass[39m=[32m"inline-flex items-center justify-center font-medium rounded-md focus:outline-none focus:ring-2 focus:ring-offset-2 transition-colors duration-200 disabled:opacity-50 disabled:cursor-not-allowed px-3 py-1.5 text-sm text-gray-600 hover:text-gray-900 hover:bg-gray-100 focus:ring-gray-500"[39m
                  [36m...

      177 |       expect(useCanvasStore.getState().selectedElementIds).toHaveLength(2)
      178 |
    > 179 |       const whiteboard = screen.getByRole('generic', { hidden: true })
          |                                 ^
      180 |       whiteboard.focus()
      181 |       await user.keyboard('{Escape}')
      182 |

      at Object.getElementError (node_modules/@testing-library/react/node_modules/@testing-library/dom/dist/config.js:37:19)
      at getElementError (node_modules/@testing-library/react/node_modules/@testing-library/dom/dist/query-helpers.js:20:35)
      at getMultipleElementsFoundError (node_modules/@testing-library/react/node_modules/@testing-library/dom/dist/query-helpers.js:23:10)
      at node_modules/@testing-library/react/node_modules/@testing-library/dom/dist/query-helpers.js:55:13
      at node_modules/@testing-library/react/node_modules/@testing-library/dom/dist/query-helpers.js:95:19
      at Object.getByRole (src/__tests__/integration/whiteboard-integration.test.tsx:179:33)

  ● Whiteboard Integration Tests › Canvas Interaction › should handle mouse events on canvas

    TestingLibraryElementError: Found multiple elements with the role "generic"

    Here are the matching elements:

    Ignored nodes: comments, script, style
    [36m<div>[39m
      [36m<div[39m
        [33mclass[39m=[32m"fixed inset-0 overflow-hidden bg-white focus:outline-none"[39m
        [33mstyle[39m=[32m"margin: 0px; padding: 0px;"[39m
        [33mtabindex[39m=[32m"0"[39m
      [36m>[39m
        [36m<div[39m
          [33mclass[39m=[32m"canvas-container fixed inset-0 cursor-crosshair touch-none select-none bg-gray-50 w-full h-full"[39m
          [33mstyle[39m=[32m"position: fixed; inset: 0; top: 0px; right: 0px; bottom: 0px; left: 0px; width: 100%; height: 100%; margin: 0px; padding: 0px; will-change: transform; transform: translateZ(0); z-index: 0;"[39m
        [36m>[39m
          [36m<canvas[39m
            [33mclass[39m=[32m"absolute inset-0 pointer-events-none z-0"[39m
            [33mstyle[39m=[32m"mix-blend-mode: multiply;"[39m
          [36m/>[39m
          [36m<div[39m
            [33mclass[39m=[32m"absolute inset-0 flex items-center justify-center bg-white bg-opacity-75 z-50"[39m
          [36m>[39m
            [36m<div[39m
              [33mclass[39m=[32m"animate-spin rounded-full border-2 border-gray-300 border-t-blue-600 w-8 h-8"[39m
            [36m/>[39m
          [36m</div>[39m
        [36m</div>[39m
        [36m<div[39m
          [33mclass[39m=[32m"toolbar"[39m
          [33mstyle[39m=[32m"position: fixed; top: 16px; left: 50%; transform: translateX(-50%); z-index: 100;"[39m
        [36m>[39m
          [36m<div[39m
            [33mclass[39m=[32m"absolute top-4 left-1/2 transform -translate-x-1/2 z-40 flex items-center gap-2 bg-white shadow-lg rounded-lg border p-2"[39m
          [36m>[39m
            [36m<div[39m
              [33mclass[39m=[32m"flex items-center gap-1"[39m
            [36m>[39m
              [36m<div[39m
                [33mclass[39m=[32m"relative inline-block"[39m
              [36m>[39m
                [36m<button[39m
                  [33mclass[39m=[32m"inline-flex items-center justify-center font-medium rounded-md focus:outline-none focus:ring-2 focus:ring-offset-2 transition-colors duration-200 disabled:opacity-50 disabled:cursor-not-allowed px-3 py-1.5 text-sm text-gray-600 hover:text-gray-900 hover:bg-gray-100 focus:ring-gray-500"[39m
                  [33mdisabled[39m=[32m""[39m
                [36m>[39m
                  [36m<svg[39m
                    [33mclass[39m=[32m"w-4 h-4"[39m
                    [33mfill[39m=[32m"none"[39m
                    [33mstroke[39m=[32m"currentColor"[39m
                    [33mviewBox[39m=[32m"0 0 24 24"[39m
                  [36m>[39m
                    [36m<path[39m
                      [33md[39m=[32m"M3 10h10a8 8 0 018 8v2M3 10l6 6m-6-6l6-6"[39m
                      [33mstroke-linecap[39m=[32m"round"[39m
                      [33mstroke-linejoin[39m=[32m"round"[39m
                      [33mstroke-width[39m=[32m"2"[39m
                    [36m/>[39m
                  [36m</svg>[39m
                [36m</button>[39m
              [36m</div>[39m
              [36m<div[39m
                [33mclass[39m=[32m"relative inline-block"[39m
              [36m>[39m
                [36m<button[39m
                  [33mclass[39m=[32m"inline-flex items-center justify-center font-medium rounded-md focus:outline-none focus:ring-2 focus:ring-offset-2 transition-colors duration-200 disabled:opacity-50 disabled:cursor-not-allowed px-3 py-1.5 text-sm text-gray-600 hover:text-gray-900 hover:bg-gray-100 focus:ring-gray-500"[39m
                  [33mdisabled[39m=[32m""[39m
                [36m>[39m
                  [36m<svg[39m
                    [33mclass[39m=[32m"w-4 h-4"[39m
                    [33mfill[39m=[32m"none"[39m
                    [33mstroke[39m=[32m"currentColor"[39m
                    [33mviewBox[39m=[32m"0 0 24 24"[39m
                  [36m>[39m
                    [36m<path[39m
                      [33md[39m=[32m"M21 10h-10a8 8 0 00-8 8v2m18-10l-6 6m6-6l-6-6"[39m
                      [33mstroke-linecap[39m=[32m"round"[39m
                      [33mstroke-linejoin[39m=[32m"round"[39m
                      [33mstroke-width[39m=[32m"2"[39m
                    [36m/>[39m
                  [36m</svg>[39m
                [36m</button>[39m
              [36m</div>[39m
              [36m<div[39m
                [33mclass[39m=[32m"w-px h-6 bg-gray-200 mx-1"[39m
              [36m/>[39m
            [36m</div>[39m
            [36m<div[39m
              [33mclass[39m=[32m"flex items-center gap-1"[39m
            [36m>[39m
              [36m<div[39m
                [33mclass[39m=[32m"relative inline-block"[39m
              [36m>[39m
                [36m<button[39m
                  [33mclass[39m=[32m"inline-flex items-center justify-center font-medium rounded-md focus:outline-none focus:ring-2 focus:ring-offset-2 transition-colors duration-200 disabled:opacity-50 disabled:cursor-not-allowed px-3 py-1.5 text-sm text-gray-600 hover:text-gray-900 hover:bg-gray-100 focus:ring-gray-500"[39m
                [36m>[39m
                  [36m<svg[39m
                    [33mclass[39m=[32m"w-4 h-4"[39m
                    [33mfill[39m=[32m"none"[39m
                    [33mstroke[39m=[32m"currentColor"[39m
                    [33mviewBox[39m=[32m"0 0 24 24"[39m
                  [36m>[39m
                    [36m<circle[39m
                      [33mcx[39m=[32m"11"[39m
                      [33mcy[39m=[32m"11"[39m
                      [33mr[39m=[32m"8"[39m
                      [33mstroke-width[39m=[32m"2"[39m
                    [36m/>[39m
                    [36m<path[39m
                      [33md[39m=[32m"m21 21-4.35-4.35M8 11h6"[39m
                      [33mstroke-width[39m=[32m"2"[39m
                    [36m/>[39m
                  [36m</svg>[39m
                [36m</button>[39m
              [36m</div>[39m
              [36m<div[39m
                [33mclass[39m=[32m"relative inline-block"[39m
              [36m>[39m
                [36m<button[39m
                  [33mclass[39m=[32m"inline-flex items-center justify-center font-medium rounded-md focus:outline-none focus:ring-2 focus:ring-offset-2 transition-colors duration-200 disabled:opacity-50 disabled:cursor-not-allowed px-3 py-1.5 text-sm text-gray-600 hover:text-gray-900 hover:bg-gray-100 focus:ring-gray-500 min-w-16 text-sm font-mono"[39m
                [36m>[39m
                  [0m100[0m
                  [0m%[0m
                [36m</button>[39m
              [36m</div>[39m
              [36m<div[39m
                [33mclass[39m=[32m"relative inline-block"[39m
              [36m>[39m
                [36m<button[39m
                  [33mclass[39m=[32m"inline-flex items-center justify-center font-medium rounded-md focus:outline-none focus:ring-2 focus:ring-offset-2 transition-colors duration-200 disabled:opacity-50 disabled:cursor-not-allowed px-3 py-1.5 text-sm text-gray-600 hover:text-gray-900 hover:bg-gray-100 focus:ring-gray-500"[39m
                [36m>[39m
                  [36m<svg[39m
                    [33mclass[39m=[32m"w-4 h-4"[39m
                    [33mfill[39m=[32m"none"[39m
                    [33mstroke[39m=[32m"currentColor"[39m
                    [33mviewBox[39m=[32m"0 0 24 24"[39m
                  ...

    Ignored nodes: comments, script, style
    [36m<div[39m
      [33mclass[39m=[32m"fixed inset-0 overflow-hidden bg-white focus:outline-none"[39m
      [33mstyle[39m=[32m"margin: 0px; padding: 0px;"[39m
      [33mtabindex[39m=[32m"0"[39m
    [36m>[39m
      [36m<div[39m
        [33mclass[39m=[32m"canvas-container fixed inset-0 cursor-crosshair touch-none select-none bg-gray-50 w-full h-full"[39m
        [33mstyle[39m=[32m"position: fixed; inset: 0; top: 0px; right: 0px; bottom: 0px; left: 0px; width: 100%; height: 100%; margin: 0px; padding: 0px; will-change: transform; transform: translateZ(0); z-index: 0;"[39m
      [36m>[39m
        [36m<canvas[39m
          [33mclass[39m=[32m"absolute inset-0 pointer-events-none z-0"[39m
          [33mstyle[39m=[32m"mix-blend-mode: multiply;"[39m
        [36m/>[39m
        [36m<div[39m
          [33mclass[39m=[32m"absolute inset-0 flex items-center justify-center bg-white bg-opacity-75 z-50"[39m
        [36m>[39m
          [36m<div[39m
            [33mclass[39m=[32m"animate-spin rounded-full border-2 border-gray-300 border-t-blue-600 w-8 h-8"[39m
          [36m/>[39m
        [36m</div>[39m
      [36m</div>[39m
      [36m<div[39m
        [33mclass[39m=[32m"toolbar"[39m
        [33mstyle[39m=[32m"position: fixed; top: 16px; left: 50%; transform: translateX(-50%); z-index: 100;"[39m
      [36m>[39m
        [36m<div[39m
          [33mclass[39m=[32m"absolute top-4 left-1/2 transform -translate-x-1/2 z-40 flex items-center gap-2 bg-white shadow-lg rounded-lg border p-2"[39m
        [36m>[39m
          [36m<div[39m
            [33mclass[39m=[32m"flex items-center gap-1"[39m
          [36m>[39m
            [36m<div[39m
              [33mclass[39m=[32m"relative inline-block"[39m
            [36m>[39m
              [36m<button[39m
                [33mclass[39m=[32m"inline-flex items-center justify-center font-medium rounded-md focus:outline-none focus:ring-2 focus:ring-offset-2 transition-colors duration-200 disabled:opacity-50 disabled:cursor-not-allowed px-3 py-1.5 text-sm text-gray-600 hover:text-gray-900 hover:bg-gray-100 focus:ring-gray-500"[39m
                [33mdisabled[39m=[32m""[39m
              [36m>[39m
                [36m<svg[39m
                  [33mclass[39m=[32m"w-4 h-4"[39m
                  [33mfill[39m=[32m"none"[39m
                  [33mstroke[39m=[32m"currentColor"[39m
                  [33mviewBox[39m=[32m"0 0 24 24"[39m
                [36m>[39m
                  [36m<path[39m
                    [33md[39m=[32m"M3 10h10a8 8 0 018 8v2M3 10l6 6m-6-6l6-6"[39m
                    [33mstroke-linecap[39m=[32m"round"[39m
                    [33mstroke-linejoin[39m=[32m"round"[39m
                    [33mstroke-width[39m=[32m"2"[39m
                  [36m/>[39m
                [36m</svg>[39m
              [36m</button>[39m
            [36m</div>[39m
            [36m<div[39m
              [33mclass[39m=[32m"relative inline-block"[39m
            [36m>[39m
              [36m<button[39m
                [33mclass[39m=[32m"inline-flex items-center justify-center font-medium rounded-md focus:outline-none focus:ring-2 focus:ring-offset-2 transition-colors duration-200 disabled:opacity-50 disabled:cursor-not-allowed px-3 py-1.5 text-sm text-gray-600 hover:text-gray-900 hover:bg-gray-100 focus:ring-gray-500"[39m
                [33mdisabled[39m=[32m""[39m
              [36m>[39m
                [36m<svg[39m
                  [33mclass[39m=[32m"w-4 h-4"[39m
                  [33mfill[39m=[32m"none"[39m
                  [33mstroke[39m=[32m"currentColor"[39m
                  [33mviewBox[39m=[32m"0 0 24 24"[39m
                [36m>[39m
                  [36m<path[39m
                    [33md[39m=[32m"M21 10h-10a8 8 0 00-8 8v2m18-10l-6 6m6-6l-6-6"[39m
                    [33mstroke-linecap[39m=[32m"round"[39m
                    [33mstroke-linejoin[39m=[32m"round"[39m
                    [33mstroke-width[39m=[32m"2"[39m
                  [36m/>[39m
                [36m</svg>[39m
              [36m</button>[39m
            [36m</div>[39m
            [36m<div[39m
              [33mclass[39m=[32m"w-px h-6 bg-gray-200 mx-1"[39m
            [36m/>[39m
          [36m</div>[39m
          [36m<div[39m
            [33mclass[39m=[32m"flex items-center gap-1"[39m
          [36m>[39m
            [36m<div[39m
              [33mclass[39m=[32m"relative inline-block"[39m
            [36m>[39m
              [36m<button[39m
                [33mclass[39m=[32m"inline-flex items-center justify-center font-medium rounded-md focus:outline-none focus:ring-2 focus:ring-offset-2 transition-colors duration-200 disabled:opacity-50 disabled:cursor-not-allowed px-3 py-1.5 text-sm text-gray-600 hover:text-gray-900 hover:bg-gray-100 focus:ring-gray-500"[39m
              [36m>[39m
                [36m<svg[39m
                  [33mclass[39m=[32m"w-4 h-4"[39m
                  [33mfill[39m=[32m"none"[39m
                  [33mstroke[39m=[32m"currentColor"[39m
                  [33mviewBox[39m=[32m"0 0 24 24"[39m
                [36m>[39m
                  [36m<circle[39m
                    [33mcx[39m=[32m"11"[39m
                    [33mcy[39m=[32m"11"[39m
                    [33mr[39m=[32m"8"[39m
                    [33mstroke-width[39m=[32m"2"[39m
                  [36m/>[39m
                  [36m<path[39m
                    [33md[39m=[32m"m21 21-4.35-4.35M8 11h6"[39m
                    [33mstroke-width[39m=[32m"2"[39m
                  [36m/>[39m
                [36m</svg>[39m
              [36m</button>[39m
            [36m</div>[39m
            [36m<div[39m
              [33mclass[39m=[32m"relative inline-block"[39m
            [36m>[39m
              [36m<button[39m
                [33mclass[39m=[32m"inline-flex items-center justify-center font-medium rounded-md focus:outline-none focus:ring-2 focus:ring-offset-2 transition-colors duration-200 disabled:opacity-50 disabled:cursor-not-allowed px-3 py-1.5 text-sm text-gray-600 hover:text-gray-900 hover:bg-gray-100 focus:ring-gray-500 min-w-16 text-sm font-mono"[39m
              [36m>[39m
                [0m100[0m
                [0m%[0m
              [36m</button>[39m
            [36m</div>[39m
            [36m<div[39m
              [33mclass[39m=[32m"relative inline-block"[39m
            [36m>[39m
              [36m<button[39m
                [33mclass[39m=[32m"inline-flex items-center justify-center font-medium rounded-md focus:outline-none focus:ring-2 focus:ring-offset-2 transition-colors duration-200 disabled:opacity-50 disabled:cursor-not-allowed px-3 py-1.5 text-sm text-gray-600 hover:text-gray-900 hover:bg-gray-100 focus:ring-gray-500"[39m
              [36m>[39m
                [36m<svg[39m
                  [33mclass[39m=[32m"w-4 h-4"[39m
                  [33mfill[39m=[32m"none"[39m
                  [33mstroke[39m=[32m"currentColor"[39m
                  [33mviewBox[39m=[32m"0 0 24 24"[39m
                [36m>[39m
                  [36m<circle[39m
                    [33mcx[39m=[32m"11"[39m
                    [33mcy[39m=[32m"11"[39m
                    [33mr[39m=[32m"8"[39m
                    [33mstroke-width[39m=[32m"2"[39m
                  [36m/>[39m
                  [36m<p...

    Ignored nodes: comments, script, style
    [36m<div[39m
      [33mclass[39m=[32m"canvas-container fixed inset-0 cursor-crosshair touch-none select-none bg-gray-50 w-full h-full"[39m
      [33mstyle[39m=[32m"position: fixed; inset: 0; top: 0px; right: 0px; bottom: 0px; left: 0px; width: 100%; height: 100%; margin: 0px; padding: 0px; will-change: transform; transform: translateZ(0); z-index: 0;"[39m
    [36m>[39m
      [36m<canvas[39m
        [33mclass[39m=[32m"absolute inset-0 pointer-events-none z-0"[39m
        [33mstyle[39m=[32m"mix-blend-mode: multiply;"[39m
      [36m/>[39m
      [36m<div[39m
        [33mclass[39m=[32m"absolute inset-0 flex items-center justify-center bg-white bg-opacity-75 z-50"[39m
      [36m>[39m
        [36m<div[39m
          [33mclass[39m=[32m"animate-spin rounded-full border-2 border-gray-300 border-t-blue-600 w-8 h-8"[39m
        [36m/>[39m
      [36m</div>[39m
    [36m</div>[39m

    Ignored nodes: comments, script, style
    [36m<div[39m
      [33mclass[39m=[32m"absolute inset-0 flex items-center justify-center bg-white bg-opacity-75 z-50"[39m
    [36m>[39m
      [36m<div[39m
        [33mclass[39m=[32m"animate-spin rounded-full border-2 border-gray-300 border-t-blue-600 w-8 h-8"[39m
      [36m/>[39m
    [36m</div>[39m

    Ignored nodes: comments, script, style
    [36m<div[39m
      [33mclass[39m=[32m"animate-spin rounded-full border-2 border-gray-300 border-t-blue-600 w-8 h-8"[39m
    [36m/>[39m

    Ignored nodes: comments, script, style
    [36m<div[39m
      [33mclass[39m=[32m"toolbar"[39m
      [33mstyle[39m=[32m"position: fixed; top: 16px; left: 50%; transform: translateX(-50%); z-index: 100;"[39m
    [36m>[39m
      [36m<div[39m
        [33mclass[39m=[32m"absolute top-4 left-1/2 transform -translate-x-1/2 z-40 flex items-center gap-2 bg-white shadow-lg rounded-lg border p-2"[39m
      [36m>[39m
        [36m<div[39m
          [33mclass[39m=[32m"flex items-center gap-1"[39m
        [36m>[39m
          [36m<div[39m
            [33mclass[39m=[32m"relative inline-block"[39m
          [36m>[39m
            [36m<button[39m
              [33mclass[39m=[32m"inline-flex items-center justify-center font-medium rounded-md focus:outline-none focus:ring-2 focus:ring-offset-2 transition-colors duration-200 disabled:opacity-50 disabled:cursor-not-allowed px-3 py-1.5 text-sm text-gray-600 hover:text-gray-900 hover:bg-gray-100 focus:ring-gray-500"[39m
              [33mdisabled[39m=[32m""[39m
            [36m>[39m
              [36m<svg[39m
                [33mclass[39m=[32m"w-4 h-4"[39m
                [33mfill[39m=[32m"none"[39m
                [33mstroke[39m=[32m"currentColor"[39m
                [33mviewBox[39m=[32m"0 0 24 24"[39m
              [36m>[39m
                [36m<path[39m
                  [33md[39m=[32m"M3 10h10a8 8 0 018 8v2M3 10l6 6m-6-6l6-6"[39m
                  [33mstroke-linecap[39m=[32m"round"[39m
                  [33mstroke-linejoin[39m=[32m"round"[39m
                  [33mstroke-width[39m=[32m"2"[39m
                [36m/>[39m
              [36m</svg>[39m
            [36m</button>[39m
          [36m</div>[39m
          [36m<div[39m
            [33mclass[39m=[32m"relative inline-block"[39m
          [36m>[39m
            [36m<button[39m
              [33mclass[39m=[32m"inline-flex items-center justify-center font-medium rounded-md focus:outline-none focus:ring-2 focus:ring-offset-2 transition-colors duration-200 disabled:opacity-50 disabled:cursor-not-allowed px-3 py-1.5 text-sm text-gray-600 hover:text-gray-900 hover:bg-gray-100 focus:ring-gray-500"[39m
              [33mdisabled[39m=[32m""[39m
            [36m>[39m
              [36m<svg[39m
                [33mclass[39m=[32m"w-4 h-4"[39m
                [33mfill[39m=[32m"none"[39m
                [33mstroke[39m=[32m"currentColor"[39m
                [33mviewBox[39m=[32m"0 0 24 24"[39m
              [36m>[39m
                [36m<path[39m
                  [33md[39m=[32m"M21 10h-10a8 8 0 00-8 8v2m18-10l-6 6m6-6l-6-6"[39m
                  [33mstroke-linecap[39m=[32m"round"[39m
                  [33mstroke-linejoin[39m=[32m"round"[39m
                  [33mstroke-width[39m=[32m"2"[39m
                [36m/>[39m
              [36m</svg>[39m
            [36m</button>[39m
          [36m</div>[39m
          [36m<div[39m
            [33mclass[39m=[32m"w-px h-6 bg-gray-200 mx-1"[39m
          [36m/>[39m
        [36m</div>[39m
        [36m<div[39m
          [33mclass[39m=[32m"flex items-center gap-1"[39m
        [36m>[39m
          [36m<div[39m
            [33mclass[39m=[32m"relative inline-block"[39m
          [36m>[39m
            [36m<button[39m
              [33mclass[39m=[32m"inline-flex items-center justify-center font-medium rounded-md focus:outline-none focus:ring-2 focus:ring-offset-2 transition-colors duration-200 disabled:opacity-50 disabled:cursor-not-allowed px-3 py-1.5 text-sm text-gray-600 hover:text-gray-900 hover:bg-gray-100 focus:ring-gray-500"[39m
            [36m>[39m
              [36m<svg[39m
                [33mclass[39m=[32m"w-4 h-4"[39m
                [33mfill[39m=[32m"none"[39m
                [33mstroke[39m=[32m"currentColor"[39m
                [33mviewBox[39m=[32m"0 0 24 24"[39m
              [36m>[39m
                [36m<circle[39m
                  [33mcx[39m=[32m"11"[39m
                  [33mcy[39m=[32m"11"[39m
                  [33mr[39m=[32m"8"[39m
                  [33mstroke-width[39m=[32m"2"[39m
                [36m/>[39m
                [36m<path[39m
                  [33md[39m=[32m"m21 21-4.35-4.35M8 11h6"[39m
                  [33mstroke-width[39m=[32m"2"[39m
                [36m/>[39m
              [36m</svg>[39m
            [36m</button>[39m
          [36m</div>[39m
          [36m<div[39m
            [33mclass[39m=[32m"relative inline-block"[39m
          [36m>[39m
            [36m<button[39m
              [33mclass[39m=[32m"inline-flex items-center justify-center font-medium rounded-md focus:outline-none focus:ring-2 focus:ring-offset-2 transition-colors duration-200 disabled:opacity-50 disabled:cursor-not-allowed px-3 py-1.5 text-sm text-gray-600 hover:text-gray-900 hover:bg-gray-100 focus:ring-gray-500 min-w-16 text-sm font-mono"[39m
            [36m>[39m
              [0m100[0m
              [0m%[0m
            [36m</button>[39m
          [36m</div>[39m
          [36m<div[39m
            [33mclass[39m=[32m"relative inline-block"[39m
          [36m>[39m
            [36m<button[39m
              [33mclass[39m=[32m"inline-flex items-center justify-center font-medium rounded-md focus:outline-none focus:ring-2 focus:ring-offset-2 transition-colors duration-200 disabled:opacity-50 disabled:cursor-not-allowed px-3 py-1.5 text-sm text-gray-600 hover:text-gray-900 hover:bg-gray-100 focus:ring-gray-500"[39m
            [36m>[39m
              [36m<svg[39m
                [33mclass[39m=[32m"w-4 h-4"[39m
                [33mfill[39m=[32m"none"[39m
                [33mstroke[39m=[32m"currentColor"[39m
                [33mviewBox[39m=[32m"0 0 24 24"[39m
              [36m>[39m
                [36m<circle[39m
                  [33mcx[39m=[32m"11"[39m
                  [33mcy[39m=[32m"11"[39m
                  [33mr[39m=[32m"8"[39m
                  [33mstroke-width[39m=[32m"2"[39m
                [36m/>[39m
                [36m<path[39m
                  [33md[39m=[32m"m21 21-4.35-4.35M11 8v6M8 11h6"[39m
                  [33mstroke-width[39m=[32m"2"[39m
                [36m/>[39m
              [36m</svg>[39m
            [36m</button>[39m
          [36m</div>[39m
          [36m<div[39m
            [33mclass[39m=[32m"w-px h-6 bg-gray-200 mx-1"[39m
          [36m/>[39m
        [36m</div>[39m
        [36m<div[39m
          [33mclass[39m=[32m"flex items-center gap-1"[39m
        [36m>[39m
          [36m<div[39m
            [33mclass[39m=[32m"relative inline-block"[39m
          [36m>[39m
            [36m<button[39m
              [33mclass[39m=[32m"inline-flex items-center justify-center font-medium rounded-md focus:outline-none focus:ring-2 focus:ring-offset-2 transition-colors duration-200 disabled:opacity-50 disabled:cursor-not-allowed px-3 py-1.5 text-sm text-gray-600 hover:text-gray-900 hover:bg-gray-100 focus:ring-gray-500"[39m
              [33mdisabled[39m=[32m""[39m
            [36m>[39m
              [36m<svg[39m
                [33mclass[39m=[32m"w-4 h-4"[39m
                [33mfill[39m=[32m"none"[39m
                [33mstroke[39m=[32m"currentColor"[39m
                [33mviewBox[39m=[32m"0 0 24 24"[39m
              [36m>[39m
                [36m<path[39m
                  [33md[39m=[32m"M4 8V4m0 0h4M4 4l5 5m11-1V4m0 0h-4m4 0l-5 5M4 16v4m0 0h4m-4 0l5-5m11 5l-5-5m5 5v-4m0 4h-4"[39m
                  [33mstroke-linecap[39m=[32m"round"[39m
                  [33mstroke-linejoin[39m=[32m"round"[39m
                  [33mstroke-width[39m=[32m"2"[39m
                [36m/>[39m
              [36m</svg>[39m
            [36m</button>[39m
          [36m</div>[39m
          [36m<div[39m
            [33mclass[39m=[32m"relative inline-block"[39m
          [36m>[39m
            [36m<button[39m
              [33mclass[39m=[32m"inline-flex items-center justify-center font-medium rounded-md focus:outline-none focus:ring-2 focus:ring-offset-2 transition-colors duration-200 disabled:opacity-50 disabled:cursor-not-allowed px-3 py-1.5 text-sm text-gray-600 hover:text-gray-900 hover:bg-gray-100 focus:ring-gray-500 bg-blue-50 text-blue-600"[39m
            [36m>[39m
              [36m<svg[39m
                [33mclass[39m=[32m"w-4 h-4"[39m
                [33mfill[39m=[32m"none"[39m
                [33mstroke[39m=[32m"currentColor"[39m
                [33mviewBox[39m=[32m"0 0 24 24"[39m
              [36m>[39m
                [36m<rect[39m
                  [33mheight[39m=[32m"7"[39m
                  [33mstroke-width[39m=[32m"2"[39m
                  [33mwidth[39m=[32m"7"[39m
                  [33mx[39m=[32m"3"[39m
                  [33my[39m=[32m"3"[39m
                [36m/>[39m
                [36m<rect[39m
                  [33mheight[39m=[32m"7"[39m
                  [33mstroke-width[39m=[32m"2"[39m
                  [33mwidth[39m=[32m"7"[39m
                  [33mx[39m=[32m"14"[39m
                  [33my[39m=[32m"3"[39m
                [36m/>[39m
                [36m<rect[39m
                  [33mheight[39m=[32m"7"[39m
                  [33mstroke-width[39m=[32m"2"[39m
                  [33mwidth[39m=[32m"7"[39m
                  [33mx[39m=[32m"14"[39m
                  [33my[39m=[32m"14"[39m
                [36m/>[39m
                [36m<rect[39m
                  [33mheight[39m=[32m"7"[39m
                  [33mstroke-width[39m=[32m"2"[39m
                  [33mwidth[39m=[32m"7"[39m
                  [33mx[39m=[32m"3"[39m
                  [33my[39m=[32m"14"[39m
                [36m/>[39m
              [36m</svg>[39m
            [36m</button>[39m
          [36m</div>[39m
          [36m<div[39m
            [33mclass[39m=[32m"w-px h-6 bg-gray-200 mx-1"[39m
          [36m/>[39m
        [36m</div>[39m
        [36m<div[39m
          [33mclass[39m=[32m"flex items-center gap-1"[39m
        [36m>[39m
          [36m<div[39m
            [33mclass[39m=[32m"relative inline-block"[39m
          [36m>[39m
            [36m<button[39m
              [33mclass[39m=[32m"inline-flex items-center justify-center font-medium rounded-md focus:outline-none focus:ring-2 focus:ring-offset-2 transition-colors duration-200 disabled:opacity-50 disabled:cursor-not-allowed px-3 py-1.5 text-sm text-gray-600 hover:text-gray-900 hover:bg-gray-100 focus:ring-gray-500"[39m
              [33mdisabled[39m=[32m""[39m
            [36m>[39m
              [36m<svg[39m
                [33mclass[39m=[32m"w-4 h-4"[39m
                [33mfill[39m=[32m"none"[39m
                [33mstroke[39m=[32m"currentColor"[39m
                [33mviewBox[39m=[32m"0 0 24 24"[39m
              [36m>[39m
                [36m<path[39m
                  [33md[39m=[32m"M12 10v6m0 0l-3-3m3 3l3-3M3 17V7a2 2 0 012-2h6l2 2h6a2 2 0 012 2v10a2 2 0 01-2 2H5a2 2 0 01-2-2z"[39m
                  [33mstroke-linecap[39m=[32m"round"[39m
                  [33mstroke-linejoin[39m=[32m"round"[39m
                  [33mstroke-width[39m=[32m"2"[39m
                [36m/>[39m
              [36m</svg>[39m
            [36m</button>[39m
          [36m</div>[39m
          [36m<div[39m
            [33mclass[39m=[32m"w-px h-6 bg-gray-200 mx-1"[39m
          [36m/>[39m
        [36m</div>[39m
        [36m<div[39m
          [33mclass[39m=[32m"flex items-center gap-2"[39m
        [36m>[39m
          [36m<div[39m
            [33mclass[39m=[32m"relative inline-block"[39m
          [36m>[39m
            [36m<div[39m
              [33mclass[39m=[32m"w-2 h-2 rounded-full bg-red-500"[39m
            [36m/>[39m
          [36m</div>[39m
          [36m<div[39m
            [33mclass[39m=[32m"relative inline-block"[39m
          [36m>[39m
            [36m<button[39m
              [33mclass[39m=[32m"inline-flex items-center justify-center font-medium rounded-md focus:outline-none focus:ring-2 focus:ring-offset-2 transition-colors duration-200 disabled:opacity-50 disabled:cursor-not-allowed px-3 py-1.5 text-sm text-gray-600 hover:text-gray-900 hover:bg-gray-100 focus:ring-gray-500"[39m
            [36m>[39m
              [36m<svg[39m
                [33mclass[39m=[32m"w-4 h-4"[39m
                [33mfill[39m=[32m"none"[39m
                [33mstroke[39m=[32m"currentColor"[39m
                [33mviewBox[39m=[32m"0 0 24 24"[39m
              [36m>[39m
                [36m<path[39m
                  [33md[39m=[32m"M8.684 13.342C8.886 12.938 9 12.482 9 12c0-.482-.114-.938-.316-1.342m0 2.684a3 3 0 110-2.684m0 2.684l6.632 3.316m-6.632-6l6.632-3.316m0 0a3 3 0 105.367-2.684 3 3 0 00-5.367 2.684zm0 9.316a3 3 0 105.367 2.684 3 3 0 00-5.367-2.684z"[39m
                  [33mstroke-linecap[39m=[32m"round"[39m
                  [33mstroke-linejoin[39m=[32m"round"[39m
                  [33mstroke-width[39m=[32m"2"[39m
                [36m/>[39m
              [36m</svg>[39m
            [36m</button>[39m
          [36m</div>[39m
        [36m</div>[39m
        [36m<div[39m
          [33mclass[39m=[32m"text-xs text-gray-400 px-2"[39m
        [36m>[39m
          [0m0[0m
          [0m elements[0m
        [36m</div>[39m
      [36m</div>[39m
    [36m</div>[39m

    Ignored nodes: comments, script, style
    [36m<div[39m
      [33mclass[39m=[32m"absolute top-4 left-1/2 transform -translate-x-1/2 z-40 flex items-center gap-2 bg-white shadow-lg rounded-lg border p-2"[39m
    [36m>[39m
      [36m<div[39m
        [33mclass[39m=[32m"flex items-center gap-1"[39m
      [36m>[39m
        [36m<div[39m
          [33mclass[39m=[32m"relative inline-block"[39m
        [36m>[39m
          [36m<button[39m
            [33mclass[39m=[32m"inline-flex items-center justify-center font-medium rounded-md focus:outline-none focus:ring-2 focus:ring-offset-2 transition-colors duration-200 disabled:opacity-50 disabled:cursor-not-allowed px-3 py-1.5 text-sm text-gray-600 hover:text-gray-900 hover:bg-gray-100 focus:ring-gray-500"[39m
            [33mdisabled[39m=[32m""[39m
          [36m>[39m
            [36m<svg[39m
              [33mclass[39m=[32m"w-4 h-4"[39m
              [33mfill[39m=[32m"none"[39m
              [33mstroke[39m=[32m"currentColor"[39m
              [33mviewBox[39m=[32m"0 0 24 24"[39m
            [36m>[39m
              [36m<path[39m
                [33md[39m=[32m"M3 10h10a8 8 0 018 8v2M3 10l6 6m-6-6l6-6"[39m
                [33mstroke-linecap[39m=[32m"round"[39m
                [33mstroke-linejoin[39m=[32m"round"[39m
                [33mstroke-width[39m=[32m"2"[39m
              [36m/>[39m
            [36m</svg>[39m
          [36m</button>[39m
        [36m</div>[39m
        [36m<div[39m
          [33mclass[39m=[32m"relative inline-block"[39m
        [36m>[39m
          [36m<button[39m
            [33mclass[39m=[32m"inline-flex items-center justify-center font-medium rounded-md focus:outline-none focus:ring-2 focus:ring-offset-2 transition-colors duration-200 disabled:opacity-50 disabled:cursor-not-allowed px-3 py-1.5 text-sm text-gray-600 hover:text-gray-900 hover:bg-gray-100 focus:ring-gray-500"[39m
            [33mdisabled[39m=[32m""[39m
          [36m>[39m
            [36m<svg[39m
              [33mclass[39m=[32m"w-4 h-4"[39m
              [33mfill[39m=[32m"none"[39m
              [33mstroke[39m=[32m"currentColor"[39m
              [33mviewBox[39m=[32m"0 0 24 24"[39m
            [36m>[39m
              [36m<path[39m
                [33md[39m=[32m"M21 10h-10a8 8 0 00-8 8v2m18-10l-6 6m6-6l-6-6"[39m
                [33mstroke-linecap[39m=[32m"round"[39m
                [33mstroke-linejoin[39m=[32m"round"[39m
                [33mstroke-width[39m=[32m"2"[39m
              [36m/>[39m
            [36m</svg>[39m
          [36m</button>[39m
        [36m</div>[39m
        [36m<div[39m
          [33mclass[39m=[32m"w-px h-6 bg-gray-200 mx-1"[39m
        [36m/>[39m
      [36m</div>[39m
      [36m<div[39m
        [33mclass[39m=[32m"flex items-center gap-1"[39m
      [36m>[39m
        [36m<div[39m
          [33mclass[39m=[32m"relative inline-block"[39m
        [36m>[39m
          [36m<button[39m
            [33mclass[39m=[32m"inline-flex items-center justify-center font-medium rounded-md focus:outline-none focus:ring-2 focus:ring-offset-2 transition-colors duration-200 disabled:opacity-50 disabled:cursor-not-allowed px-3 py-1.5 text-sm text-gray-600 hover:text-gray-900 hover:bg-gray-100 focus:ring-gray-500"[39m
          [36m>[39m
            [36m<svg[39m
              [33mclass[39m=[32m"w-4 h-4"[39m
              [33mfill[39m=[32m"none"[39m
              [33mstroke[39m=[32m"currentColor"[39m
              [33mviewBox[39m=[32m"0 0 24 24"[39m
            [36m>[39m
              [36m<circle[39m
                [33mcx[39m=[32m"11"[39m
                [33mcy[39m=[32m"11"[39m
                [33mr[39m=[32m"8"[39m
                [33mstroke-width[39m=[32m"2"[39m
              [36m/>[39m
              [36m<path[39m
                [33md[39m=[32m"m21 21-4.35-4.35M8 11h6"[39m
                [33mstroke-width[39m=[32m"2"[39m
              [36m/>[39m
            [36m</svg>[39m
          [36m</button>[39m
        [36m</div>[39m
        [36m<div[39m
          [33mclass[39m=[32m"relative inline-block"[39m
        [36m>[39m
          [36m<button[39m
            [33mclass[39m=[32m"inline-flex items-center justify-center font-medium rounded-md focus:outline-none focus:ring-2 focus:ring-offset-2 transition-colors duration-200 disabled:opacity-50 disabled:cursor-not-allowed px-3 py-1.5 text-sm text-gray-600 hover:text-gray-900 hover:bg-gray-100 focus:ring-gray-500 min-w-16 text-sm font-mono"[39m
          [36m>[39m
            [0m100[0m
            [0m%[0m
          [36m</button>[39m
        [36m</div>[39m
        [36m<div[39m
          [33mclass[39m=[32m"relative inline-block"[39m
        [36m>[39m
          [36m<button[39m
            [33mclass[39m=[32m"inline-flex items-center justify-center font-medium rounded-md focus:outline-none focus:ring-2 focus:ring-offset-2 transition-colors duration-200 disabled:opacity-50 disabled:cursor-not-allowed px-3 py-1.5 text-sm text-gray-600 hover:text-gray-900 hover:bg-gray-100 focus:ring-gray-500"[39m
          [36m>[39m
            [36m<svg[39m
              [33mclass[39m=[32m"w-4 h-4"[39m
              [33mfill[39m=[32m"none"[39m
              [33mstroke[39m=[32m"currentColor"[39m
              [33mviewBox[39m=[32m"0 0 24 24"[39m
            [36m>[39m
              [36m<circle[39m
                [33mcx[39m=[32m"11"[39m
                [33mcy[39m=[32m"11"[39m
                [33mr[39m=[32m"8"[39m
                [33mstroke-width[39m=[32m"2"[39m
              [36m/>[39m
              [36m<path[39m
                [33md[39m=[32m"m21 21-4.35-4.35M11 8v6M8 11h6"[39m
                [33mstroke-width[39m=[32m"2"[39m
              [36m/>[39m
            [36m</svg>[39m
          [36m</button>[39m
        [36m</div>[39m
        [36m<div[39m
          [33mclass[39m=[32m"w-px h-6 bg-gray-200 mx-1"[39m
        [36m/>[39m
      [36m</div>[39m
      [36m<div[39m
        [33mclass[39m=[32m"flex items-center gap-1"[39m
      [36m>[39m
        [36m<div[39m
          [33mclass[39m=[32m"relative inline-block"[39m
        [36m>[39m
          [36m<button[39m
            [33mclass[39m=[32m"inline-flex items-center justify-center font-medium rounded-md focus:outline-none focus:ring-2 focus:ring-offset-2 transition-colors duration-200 disabled:opacity-50 disabled:cursor-not-allowed px-3 py-1.5 text-sm text-gray-600 hover:text-gray-900 hover:bg-gray-100 focus:ring-gray-500"[39m
            [33mdisabled[39m=[32m""[39m
          [36m>[39m
            [36m<svg[39m
              [33mclass[39m=[32m"w-4 h-4"[39m
              [33mfill[39m=[32m"none"[39m
              [33mstroke[39m=[32m"currentColor"[39m
              [33mviewBox[39m=[32m"0 0 24 24"[39m
            [36m>[39m
              [36m<path[39m
                [33md[39m=[32m"M4 8V4m0 0h4M4 4l5 5m11-1V4m0 0h-4m4 0l-5 5M4 16v4m0 0h4m-4 0l5-5m11 5l-5-5m5 5v-4m0 4h-4"[39m
                [33mstroke-linecap[39m=[32m"round"[39m
                [33mstroke-linejoin[39m=[32m"round"[39m
                [33mstroke-width[39m=[32m"2"[39m
              [36m/>[39m
            [36m</svg>[39m
          [36m</button>[39m
        [36m</div>[39m
        [36m<div[39m
          [33mclass[39m=[32m"relative inline-block"[39m
        [36m>[39m
          [36m<button[39m
            [33mclass[39m=[32m"inline-flex items-center justify-center font-medium rounded-md focus:outline-none focus:ring-2 focus:ring-offset-2 transition-colors duration-200 disabled:opacity-50 disabled:cursor-not-allowed px-3 py-1.5 text-sm text-gray-600 hover:text-gray-900 hover:bg-gray-100 focus:ring-gray-500 bg-blue-50 text-blue-600"[39m
          [36m>[39m
            [36m<svg[39m
              [33mclass[39m=[32m"w-4 h-4"[39m
              [33mfill[39m=[32m"none"[39m
              [33mstroke[39m=[32m"currentColor"[39m
              [33mviewBox[39m=[32m"0 0 24 24"[39m
            [36m>[39m
              [36m<rect[39m
                [33mheight[39m=[32m"7"[39m
                [33mstroke-width[39m=[32m"2"[39m
                [33mwidth[39m=[32m"7"[39m
                [33mx[39m=[32m"3"[39m
                [33my[39m=[32m"3"[39m
              [36m/>[39m
              [36m<rect[39m
                [33mheight[39m=[32m"7"[39m
                [33mstroke-width[39m=[32m"2"[39m
                [33mwidth[39m=[32m"7"[39m
                [33mx[39m=[32m"14"[39m
                [33my[39m=[32m"3"[39m
              [36m/>[39m
              [36m<rect[39m
                [33mheight[39m=[32m"7"[39m
                [33mstroke-width[39m=[32m"2"[39m
                [33mwidth[39m=[32m"7"[39m
                [33mx[39m=[32m"14"[39m
                [33my[39m=[32m"14"[39m
              [36m/>[39m
              [36m<rect[39m
                [33mheight[39m=[32m"7"[39m
                [33mstroke-width[39m=[32m"2"[39m
                [33mwidth[39m=[32m"7"[39m
                [33mx[39m=[32m"3"[39m
                [33my[39m=[32m"14"[39m
              [36m/>[39m
            [36m</svg>[39m
          [36m</button>[39m
        [36m</div>[39m
        [36m<div[39m
          [33mclass[39m=[32m"w-px h-6 bg-gray-200 mx-1"[39m
        [36m/>[39m
      [36m</div>[39m
      [36m<div[39m
        [33mclass[39m=[32m"flex items-center gap-1"[39m
      [36m>[39m
        [36m<div[39m
          [33mclass[39m=[32m"relative inline-block"[39m
        [36m>[39m
          [36m<button[39m
            [33mclass[39m=[32m"inline-flex items-center justify-center font-medium rounded-md focus:outline-none focus:ring-2 focus:ring-offset-2 transition-colors duration-200 disabled:opacity-50 disabled:cursor-not-allowed px-3 py-1.5 text-sm text-gray-600 hover:text-gray-900 hover:bg-gray-100 focus:ring-gray-500"[39m
            [33mdisabled[39m=[32m""[39m
          [36m>[39m
            [36m<svg[39m
              [33mclass[39m=[32m"w-4 h-4"[39m
              [33mfill[39m=[32m"none"[39m
              [33mstroke[39m=[32m"currentColor"[39m
              [33mviewBox[39m=[32m"0 0 24 24"[39m
            [36m>[39m
              [36m<path[39m
                [33md[39m=[32m"M12 10v6m0 0l-3-3m3 3l3-3M3 17V7a2 2 0 012-2h6l2 2h6a2 2 0 012 2v10a2 2 0 01-2 2H5a2 2 0 01-2-2z"[39m
                [33mstroke-linecap[39m=[32m"round"[39m
                [33mstroke-linejoin[39m=[32m"round"[39m
                [33mstroke-width[39m=[32m"2"[39m
              [36m/>[39m
            [36m</svg>[39m
          [36m</button>[39m
        [36m</div>[39m
        [36m<div[39m
          [33mclass[39m=[32m"w-px h-6 bg-gray-200 mx-1"[39m
        [36m/>[39m
      [36m</div>[39m
      [36m<div[39m
        [33mclass[39m=[32m"flex items-center gap-2"[39m
      [36m>[39m
        [36m<div[39m
          [33mclass[39m=[32m"relative inline-block"[39m
        [36m>[39m
          [36m<div[39m
            [33mclass[39m=[32m"w-2 h-2 rounded-full bg-red-500"[39m
          [36m/>[39m
        [36m</div>[39m
        [36m<div[39m
          [33mclass[39m=[32m"relative inline-block"[39m
        [36m>[39m
          [36m<button[39m
            [33mclass[39m=[32m"inline-flex items-center justify-center font-medium rounded-md focus:outline-none focus:ring-2 focus:ring-offset-2 transition-colors duration-200 disabled:opacity-50 disabled:cursor-not-allowed px-3 py-1.5 text-sm text-gray-600 hover:text-gray-900 hover:bg-gray-100 focus:ring-gray-500"[39m
          [36m>[39m
            [36m<svg[39m
              [33mclass[39m=[32m"w-4 h-4"[39m
              [33mfill[39m=[32m"none"[39m
              [33mstroke[39m=[32m"currentColor"[39m
              [33mviewBox[39m=[32m"0 0 24 24"[39m
            [36m>[39m
              [36m<path[39m
                [33md[39m=[32m"M8.684 13.342C8.886 12.938 9 12.482 9 12c0-.482-.114-.938-.316-1.342m0 2.684a3 3 0 110-2.684m0 2.684l6.632 3.316m-6.632-6l6.632-3.316m0 0a3 3 0 105.367-2.684 3 3 0 00-5.367 2.684zm0 9.316a3 3 0 105.367 2.684 3 3 0 00-5.367-2.684z"[39m
                [33mstroke-linecap[39m=[32m"round"[39m
                [33mstroke-linejoin[39m=[32m"round"[39m
                [33mstroke-width[39m=[32m"2"[39m
              [36m/>[39m
            [36m</svg>[39m
          [36m</button>[39m
        [36m</div>[39m
      [36m</div>[39m
      [36m<div[39m
        [33mclass[39m=[32m"text-xs text-gray-400 px-2"[39m
      [36m>[39m
        [0m0[0m
        [0m elements[0m
      [36m</div>[39m
    [36m</div>[39m

    Ignored nodes: comments, script, style
    [36m<div[39m
      [33mclass[39m=[32m"flex items-center gap-1"[39m
    [36m>[39m
      [36m<div[39m
        [33mclass[39m=[32m"relative inline-block"[39m
      [36m>[39m
        [36m<button[39m
          [33mclass[39m=[32m"inline-flex items-center justify-center font-medium rounded-md focus:outline-none focus:ring-2 focus:ring-offset-2 transition-colors duration-200 disabled:opacity-50 disabled:cursor-not-allowed px-3 py-1.5 text-sm text-gray-600 hover:text-gray-900 hover:bg-gray-100 focus:ring-gray-500"[39m
          [33mdisabled[39m=[32m""[39m
        [36m>[39m
          [36m<svg[39m
            [33mclass[39m=[32m"w-4 h-4"[39m
            [33mfill[39m=[32m"none"[39m
            [33mstroke[39m=[32m"currentColor"[39m
            [33mviewBox[39m=[32m"0 0 24 24"[39m
          [36m>[39m
            [36m<path[39m
              [33md[39m=[32m"M3 10h10a8 8 0 018 8v2M3 10l6 6m-6-6l6-6"[39m
              [33mstroke-linecap[39m=[32m"round"[39m
              [33mstroke-linejoin[39m=[32m"round"[39m
              [33mstroke-width[39m=[32m"2"[39m
            [36m/>[39m
          [36m</svg>[39m
        [36m</button>[39m
      [36m</div>[39m
      [36m<div[39m
        [33mclass[39m=[32m"relative inline-block"[39m
      [36m>[39m
        [36m<button[39m
          [33mclass[39m=[32m"inline-flex items-center justify-center font-medium rounded-md focus:outline-none focus:ring-2 focus:ring-offset-2 transition-colors duration-200 disabled:opacity-50 disabled:cursor-not-allowed px-3 py-1.5 text-sm text-gray-600 hover:text-gray-900 hover:bg-gray-100 focus:ring-gray-500"[39m
          [33mdisabled[39m=[32m""[39m
        [36m>[39m
          [36m<svg[39m
            [33mclass[39m=[32m"w-4 h-4"[39m
            [33mfill[39m=[32m"none"[39m
            [33mstroke[39m=[32m"currentColor"[39m
            [33mviewBox[39m=[32m"0 0 24 24"[39m
          [36m>[39m
            [36m<path[39m
              [33md[39m=[32m"M21 10h-10a8 8 0 00-8 8v2m18-10l-6 6m6-6l-6-6"[39m
              [33mstroke-linecap[39m=[32m"round"[39m
              [33mstroke-linejoin[39m=[32m"round"[39m
              [33mstroke-width[39m=[32m"2"[39m
            [36m/>[39m
          [36m</svg>[39m
        [36m</button>[39m
      [36m</div>[39m
      [36m<div[39m
        [33mclass[39m=[32m"w-px h-6 bg-gray-200 mx-1"[39m
      [36m/>[39m
    [36m</div>[39m

    Ignored nodes: comments, script, style
    [36m<div[39m
      [33mclass[39m=[32m"relative inline-block"[39m
    [36m>[39m
      [36m<button[39m
        [33mclass[39m=[32m"inline-flex items-center justify-center font-medium rounded-md focus:outline-none focus:ring-2 focus:ring-offset-2 transition-colors duration-200 disabled:opacity-50 disabled:cursor-not-allowed px-3 py-1.5 text-sm text-gray-600 hover:text-gray-900 hover:bg-gray-100 focus:ring-gray-500"[39m
        [33mdisabled[39m=[32m""[39m
      [36m>[39m
        [36m<svg[39m
          [33mclass[39m=[32m"w-4 h-4"[39m
          [33mfill[39m=[32m"none"[39m
          [33mstroke[39m=[32m"currentColor"[39m
          [33mviewBox[39m=[32m"0 0 24 24"[39m
        [36m>[39m
          [36m<path[39m
            [33md[39m=[32m"M3 10h10a8 8 0 018 8v2M3 10l6 6m-6-6l6-6"[39m
            [33mstroke-linecap[39m=[32m"round"[39m
            [33mstroke-linejoin[39m=[32m"round"[39m
            [33mstroke-width[39m=[32m"2"[39m
          [36m/>[39m
        [36m</svg>[39m
      [36m</button>[39m
    [36m</div>[39m

    Ignored nodes: comments, script, style
    [36m<div[39m
      [33mclass[39m=[32m"relative inline-block"[39m
    [36m>[39m
      [36m<button[39m
        [33mclass[39m=[32m"inline-flex items-center justify-center font-medium rounded-md focus:outline-none focus:ring-2 focus:ring-offset-2 transition-colors duration-200 disabled:opacity-50 disabled:cursor-not-allowed px-3 py-1.5 text-sm text-gray-600 hover:text-gray-900 hover:bg-gray-100 focus:ring-gray-500"[39m
        [33mdisabled[39m=[32m""[39m
      [36m>[39m
        [36m<svg[39m
          [33mclass[39m=[32m"w-4 h-4"[39m
          [33mfill[39m=[32m"none"[39m
          [33mstroke[39m=[32m"currentColor"[39m
          [33mviewBox[39m=[32m"0 0 24 24"[39m
        [36m>[39m
          [36m<path[39m
            [33md[39m=[32m"M21 10h-10a8 8 0 00-8 8v2m18-10l-6 6m6-6l-6-6"[39m
            [33mstroke-linecap[39m=[32m"round"[39m
            [33mstroke-linejoin[39m=[32m"round"[39m
            [33mstroke-width[39m=[32m"2"[39m
          [36m/>[39m
        [36m</svg>[39m
      [36m</button>[39m
    [36m</div>[39m

    Ignored nodes: comments, script, style
    [36m<div[39m
      [33mclass[39m=[32m"w-px h-6 bg-gray-200 mx-1"[39m
    [36m/>[39m

    Ignored nodes: comments, script, style
    [36m<div[39m
      [33mclass[39m=[32m"flex items-center gap-1"[39m
    [36m>[39m
      [36m<div[39m
        [33mclass[39m=[32m"relative inline-block"[39m
      [36m>[39m
        [36m<button[39m
          [33mclass[39m=[32m"inline-flex items-center justify-center font-medium rounded-md focus:outline-none focus:ring-2 focus:ring-offset-2 transition-colors duration-200 disabled:opacity-50 disabled:cursor-not-allowed px-3 py-1.5 text-sm text-gray-600 hover:text-gray-900 hover:bg-gray-100 focus:ring-gray-500"[39m
        [36m>[39m
          [36m<svg[39m
            [33mclass[39m=[32m"w-4 h-4"[39m
            [33mfill[39m=[32m"none"[39m
            [33mstroke[39m=[32m"currentColor"[39m
            [33mviewBox[39m=[32m"0 0 24 24"[39m
          [36m>[39m
            [36m<circle[39m
              [33mcx[39m=[32m"11"[39m
              [33mcy[39m=[32m"11"[39m
              [33mr[39m=[32m"8"[39m
              [33mstroke-width[39m=[32m"2"[39m
            [36m/>[39m
            [36m<path[39m
              [33md[39m=[32m"m21 21-4.35-4.35M8 11h6"[39m
              [33mstroke-width[39m=[32m"2"[39m
            [36m/>[39m
          [36m</svg>[39m
        [36m</button>[39m
      [36m</div>[39m
      [36m<div[39m
        [33mclass[39m=[32m"relative inline-block"[39m
      [36m>[39m
        [36m<button[39m
          [33mclass[39m=[32m"inline-flex items-center justify-center font-medium rounded-md focus:outline-none focus:ring-2 focus:ring-offset-2 transition-colors duration-200 disabled:opacity-50 disabled:cursor-not-allowed px-3 py-1.5 text-sm text-gray-600 hover:text-gray-900 hover:bg-gray-100 focus:ring-gray-500 min-w-16 text-sm font-mono"[39m
        [36m>[39m
          [0m100[0m
          [0m%[0m
        [36m</button>[39m
      [36m</div>[39m
      [36m<div[39m
        [33mclass[39m=[32m"relative inline-block"[39m
      [36m>[39m
        [36m<button[39m
          [33mclass[39m=[32m"inline-flex items-center justify-center font-medium rounded-md focus:outline-none focus:ring-2 focus:ring-offset-2 transition-colors duration-200 disabled:opacity-50 disabled:cursor-not-allowed px-3 py-1.5 text-sm text-gray-600 hover:text-gray-900 hover:bg-gray-100 focus:ring-gray-500"[39m
        [36m>[39m
          [36m<svg[39m
            [33mclass[39m=[32m"w-4 h-4"[39m
            [33mfill[39m=[32m"none"[39m
            [33mstroke[39m=[32m"currentColor"[39m
            [33mviewBox[39m=[32m"0 0 24 24"[39m
          [36m>[39m
            [36m<circle[39m
              [33mcx[39m=[32m"11"[39m
              [33mcy[39m=[32m"11"[39m
              [33mr[39m=[32m"8"[39m
              [33mstroke-width[39m=[32m"2"[39m
            [36m/>[39m
            [36m<path[39m
              [33md[39m=[32m"m21 21-4.35-4.35M11 8v6M8 11h6"[39m
              [33mstroke-width[39m=[32m"2"[39m
            [36m/>[39m
          [36m</svg>[39m
        [36m</button>[39m
      [36m</div>[39m
      [36m<div[39m
        [33mclass[39m=[32m"w-px h-6 bg-gray-200 mx-1"[39m
      [36m/>[39m
    [36m</div>[39m

    Ignored nodes: comments, script, style
    [36m<div[39m
      [33mclass[39m=[32m"relative inline-block"[39m
    [36m>[39m
      [36m<button[39m
        [33mclass[39m=[32m"inline-flex items-center justify-center font-medium rounded-md focus:outline-none focus:ring-2 focus:ring-offset-2 transition-colors duration-200 disabled:opacity-50 disabled:cursor-not-allowed px-3 py-1.5 text-sm text-gray-600 hover:text-gray-900 hover:bg-gray-100 focus:ring-gray-500"[39m
      [36m>[39m
        [36m<svg[39m
          [33mclass[39m=[32m"w-4 h-4"[39m
          [33mfill[39m=[32m"none"[39m
          [33mstroke[39m=[32m"currentColor"[39m
          [33mviewBox[39m=[32m"0 0 24 24"[39m
        [36m>[39m
          [36m<circle[39m
            [33mcx[39m=[32m"11"[39m
            [33mcy[39m=[32m"11"[39m
            [33mr[39m=[32m"8"[39m
            [33mstroke-width[39m=[32m"2"[39m
          [36m/>[39m
          [36m<path[39m
            [33md[39m=[32m"m21 21-4.35-4.35M8 11h6"[39m
            [33mstroke-width[39m=[32m"2"[39m
          [36m/>[39m
        [36m</svg>[39m
      [36m</button>[39m
    [36m</div>[39m

    Ignored nodes: comments, script, style
    [36m<div[39m
      [33mclass[39m=[32m"relative inline-block"[39m
    [36m>[39m
      [36m<button[39m
        [33mclass[39m=[32m"inline-flex items-center justify-center font-medium rounded-md focus:outline-none focus:ring-2 focus:ring-offset-2 transition-colors duration-200 disabled:opacity-50 disabled:cursor-not-allowed px-3 py-1.5 text-sm text-gray-600 hover:text-gray-900 hover:bg-gray-100 focus:ring-gray-500 min-w-16 text-sm font-mono"[39m
      [36m>[39m
        [0m100[0m
        [0m%[0m
      [36m</button>[39m
    [36m</div>[39m

    Ignored nodes: comments, script, style
    [36m<div[39m
      [33mclass[39m=[32m"relative inline-block"[39m
    [36m>[39m
      [36m<button[39m
        [33mclass[39m=[32m"inline-flex items-center justify-center font-medium rounded-md focus:outline-none focus:ring-2 focus:ring-offset-2 transition-colors duration-200 disabled:opacity-50 disabled:cursor-not-allowed px-3 py-1.5 text-sm text-gray-600 hover:text-gray-900 hover:bg-gray-100 focus:ring-gray-500"[39m
      [36m>[39m
        [36m<svg[39m
          [33mclass[39m=[32m"w-4 h-4"[39m
          [33mfill[39m=[32m"none"[39m
          [33mstroke[39m=[32m"currentColor"[39m
          [33mviewBox[39m=[32m"0 0 24 24"[39m
        [36m>[39m
          [36m<circle[39m
            [33mcx[39m=[32m"11"[39m
            [33mcy[39m=[32m"11"[39m
            [33mr[39m=[32m"8"[39m
            [33mstroke-width[39m=[32m"2"[39m
          [36m/>[39m
          [36m<path[39m
            [33md[39m=[32m"m21 21-4.35-4.35M11 8v6M8 11h6"[39m
            [33mstroke-width[39m=[32m"2"[39m
          [36m/>[39m
        [36m</svg>[39m
      [36m</button>[39m
    [36m</div>[39m

    Ignored nodes: comments, script, style
    [36m<div[39m
      [33mclass[39m=[32m"w-px h-6 bg-gray-200 mx-1"[39m
    [36m/>[39m

    Ignored nodes: comments, script, style
    [36m<div[39m
      [33mclass[39m=[32m"flex items-center gap-1"[39m
    [36m>[39m
      [36m<div[39m
        [33mclass[39m=[32m"relative inline-block"[39m
      [36m>[39m
        [36m<button[39m
          [33mclass[39m=[32m"inline-flex items-center justify-center font-medium rounded-md focus:outline-none focus:ring-2 focus:ring-offset-2 transition-colors duration-200 disabled:opacity-50 disabled:cursor-not-allowed px-3 py-1.5 text-sm text-gray-600 hover:text-gray-900 hover:bg-gray-100 focus:ring-gray-500"[39m
          [33mdisabled[39m=[32m""[39m
        [36m>[39m
          [36m<svg[39m
            [33mclass[39m=[32m"w-4 h-4"[39m
            [33mfill[39m=[32m"none"[39m
            [33mstroke[39m=[32m"currentColor"[39m
            [33mviewBox[39m=[32m"0 0 24 24"[39m
          [36m>[39m
            [36m<path[39m
              [33md[39m=[32m"M4 8V4m0 0h4M4 4l5 5m11-1V4m0 0h-4m4 0l-5 5M4 16v4m0 0h4m-4 0l5-5m11 5l-5-5m5 5v-4m0 4h-4"[39m
              [33mstroke-linecap[39m=[32m"round"[39m
              [33mstroke-linejoin[39m=[32m"round"[39m
              [33mstroke-width[39m=[32m"2"[39m
            [36m/>[39m
          [36m</svg>[39m
        [36m</button>[39m
      [36m</div>[39m
      [36m<div[39m
        [33mclass[39m=[32m"relative inline-block"[39m
      [36m>[39m
        [36m<button[39m
          [33mclass[39m=[32m"inline-flex items-center justify-center font-medium rounded-md focus:outline-none focus:ring-2 focus:ring-offset-2 transition-colors duration-200 disabled:opacity-50 disabled:cursor-not-allowed px-3 py-1.5 text-sm text-gray-600 hover:text-gray-900 hover:bg-gray-100 focus:ring-gray-500 bg-blue-50 text-blue-600"[39m
        [36m>[39m
          [36m<svg[39m
            [33mclass[39m=[32m"w-4 h-4"[39m
            [33mfill[39m=[32m"none"[39m
            [33mstroke[39m=[32m"currentColor"[39m
            [33mviewBox[39m=[32m"0 0 24 24"[39m
          [36m>[39m
            [36m<rect[39m
              [33mheight[39m=[32m"7"[39m
              [33mstroke-width[39m=[32m"2"[39m
              [33mwidth[39m=[32m"7"[39m
              [33mx[39m=[32m"3"[39m
              [33my[39m=[32m"3"[39m
            [36m/>[39m
            [36m<rect[39m
              [33mheight[39m=[32m"7"[39m
              [33mstroke-width[39m=[32m"2"[39m
              [33mwidth[39m=[32m"7"[39m
              [33mx[39m=[32m"14"[39m
              [33my[39m=[32m"3"[39m
            [36m/>[39m
            [36m<rect[39m
              [33mheight[39m=[32m"7"[39m
              [33mstroke-width[39m=[32m"2"[39m
              [33mwidth[39m=[32m"7"[39m
              [33mx[39m=[32m"14"[39m
              [33my[39m=[32m"14"[39m
            [36m/>[39m
            [36m<rect[39m
              [33mheight[39m=[32m"7"[39m
              [33mstroke-width[39m=[32m"2"[39m
              [33mwidth[39m=[32m"7"[39m
              [33mx[39m=[32m"3"[39m
              [33my[39m=[32m"14"[39m
            [36m/>[39m
          [36m</svg>[39m
        [36m</button>[39m
      [36m</div>[39m
      [36m<div[39m
        [33mclass[39m=[32m"w-px h-6 bg-gray-200 mx-1"[39m
      [36m/>[39m
    [36m</div>[39m

    Ignored nodes: comments, script, style
    [36m<div[39m
      [33mclass[39m=[32m"relative inline-block"[39m
    [36m>[39m
      [36m<button[39m
        [33mclass[39m=[32m"inline-flex items-center justify-center font-medium rounded-md focus:outline-none focus:ring-2 focus:ring-offset-2 transition-colors duration-200 disabled:opacity-50 disabled:cursor-not-allowed px-3 py-1.5 text-sm text-gray-600 hover:text-gray-900 hover:bg-gray-100 focus:ring-gray-500"[39m
        [33mdisabled[39m=[32m""[39m
      [36m>[39m
        [36m<svg[39m
          [33mclass[39m=[32m"w-4 h-4"[39m
          [33mfill[39m=[32m"none"[39m
          [33mstroke[39m=[32m"currentColor"[39m
          [33mviewBox[39m=[32m"0 0 24 24"[39m
        [36m>[39m
          [36m<path[39m
            [33md[39m=[32m"M4 8V4m0 0h4M4 4l5 5m11-1V4m0 0h-4m4 0l-5 5M4 16v4m0 0h4m-4 0l5-5m11 5l-5-5m5 5v-4m0 4h-4"[39m
            [33mstroke-linecap[39m=[32m"round"[39m
            [33mstroke-linejoin[39m=[32m"round"[39m
            [33mstroke-width[39m=[32m"2"[39m
          [36m/>[39m
        [36m</svg>[39m
      [36m</button>[39m
    [36m</div>[39m

    Ignored nodes: comments, script, style
    [36m<div[39m
      [33mclass[39m=[32m"relative inline-block"[39m
    [36m>[39m
      [36m<button[39m
        [33mclass[39m=[32m"inline-flex items-center justify-center font-medium rounded-md focus:outline-none focus:ring-2 focus:ring-offset-2 transition-colors duration-200 disabled:opacity-50 disabled:cursor-not-allowed px-3 py-1.5 text-sm text-gray-600 hover:text-gray-900 hover:bg-gray-100 focus:ring-gray-500 bg-blue-50 text-blue-600"[39m
      [36m>[39m
        [36m<svg[39m
          [33mclass[39m=[32m"w-4 h-4"[39m
          [33mfill[39m=[32m"none"[39m
          [33mstroke[39m=[32m"currentColor"[39m
          [33mviewBox[39m=[32m"0 0 24 24"[39m
        [36m>[39m
          [36m<rect[39m
            [33mheight[39m=[32m"7"[39m
            [33mstroke-width[39m=[32m"2"[39m
            [33mwidth[39m=[32m"7"[39m
            [33mx[39m=[32m"3"[39m
            [33my[39m=[32m"3"[39m
          [36m/>[39m
          [36m<rect[39m
            [33mheight[39m=[32m"7"[39m
            [33mstroke-width[39m=[32m"2"[39m
            [33mwidth[39m=[32m"7"[39m
            [33mx[39m=[32m"14"[39m
            [33my[39m=[32m"3"[39m
          [36m/>[39m
          [36m<rect[39m
            [33mheight[39m=[32m"7"[39m
            [33mstroke-width[39m=[32m"2"[39m
            [33mwidth[39m=[32m"7"[39m
            [33mx[39m=[32m"14"[39m
            [33my[39m=[32m"14"[39m
          [36m/>[39m
          [36m<rect[39m
            [33mheight[39m=[32m"7"[39m
            [33mstroke-width[39m=[32m"2"[39m
            [33mwidth[39m=[32m"7"[39m
            [33mx[39m=[32m"3"[39m
            [33my[39m=[32m"14"[39m
          [36m/>[39m
        [36m</svg>[39m
      [36m</button>[39m
    [36m</div>[39m

    Ignored nodes: comments, script, style
    [36m<div[39m
      [33mclass[39m=[32m"w-px h-6 bg-gray-200 mx-1"[39m
    [36m/>[39m

    Ignored nodes: comments, script, style
    [36m<div[39m
      [33mclass[39m=[32m"flex items-center gap-1"[39m
    [36m>[39m
      [36m<div[39m
        [33mclass[39m=[32m"relative inline-block"[39m
      [36m>[39m
        [36m<button[39m
          [33mclass[39m=[32m"inline-flex items-center justify-center font-medium rounded-md focus:outline-none focus:ring-2 focus:ring-offset-2 transition-colors duration-200 disabled:opacity-50 disabled:cursor-not-allowed px-3 py-1.5 text-sm text-gray-600 hover:text-gray-900 hover:bg-gray-100 focus:ring-gray-500"[39m
          [33mdisabled[39m=[32m""[39m
        [36m>[39m
          [36m<svg[39m
            [33mclass[39m=[32m"w-4 h-4"[39m
            [33mfill[39m=[32m"none"[39m
            [33mstroke[39m=[32m"currentColor"[39m
            [33mviewBox[39m=[32m"0 0 24 24"[39m
          [36m>[39m
            [36m<path[39m
              [33md[39m=[32m"M12 10v6m0 0l-3-3m3 3l3-3M3 17V7a2 2 0 012-2h6l2 2h6a2 2 0 012 2v10a2 2 0 01-2 2H5a2 2 0 01-2-2z"[39m
              [33mstroke-linecap[39m=[32m"round"[39m
              [33mstroke-linejoin[39m=[32m"round"[39m
              [33mstroke-width[39m=[32m"2"[39m
            [36m/>[39m
          [36m</svg>[39m
        [36m</button>[39m
      [36m</div>[39m
      [36m<div[39m
        [33mclass[39m=[32m"w-px h-6 bg-gray-200 mx-1"[39m
      [36m/>[39m
    [36m</div>[39m

    Ignored nodes: comments, script, style
    [36m<div[39m
      [33mclass[39m=[32m"relative inline-block"[39m
    [36m>[39m
      [36m<button[39m
        [33mclass[39m=[32m"inline-flex items-center justify-center font-medium rounded-md focus:outline-none focus:ring-2 focus:ring-offset-2 transition-colors duration-200 disabled:opacity-50 disabled:cursor-not-allowed px-3 py-1.5 text-sm text-gray-600 hover:text-gray-900 hover:bg-gray-100 focus:ring-gray-500"[39m
        [33mdisabled[39m=[32m""[39m
      [36m>[39m
        [36m<svg[39m
          [33mclass[39m=[32m"w-4 h-4"[39m
          [33mfill[39m=[32m"none"[39m
          [33mstroke[39m=[32m"currentColor"[39m
          [33mviewBox[39m=[32m"0 0 24 24"[39m
        [36m>[39m
          [36m<path[39m
            [33md[39m=[32m"M12 10v6m0 0l-3-3m3 3l3-3M3 17V7a2 2 0 012-2h6l2 2h6a2 2 0 012 2v10a2 2 0 01-2 2H5a2 2 0 01-2-2z"[39m
            [33mstroke-linecap[39m=[32m"round"[39m
            [33mstroke-linejoin[39m=[32m"round"[39m
            [33mstroke-width[39m=[32m"2"[39m
          [36m/>[39m
        [36m</svg>[39m
      [36m</button>[39m
    [36m</div>[39m

    Ignored nodes: comments, script, style
    [36m<div[39m
      [33mclass[39m=[32m"w-px h-6 bg-gray-200 mx-1"[39m
    [36m/>[39m

    Ignored nodes: comments, script, style
    [36m<div[39m
      [33mclass[39m=[32m"flex items-center gap-2"[39m
    [36m>[39m
      [36m<div[39m
        [33mclass[39m=[32m"relative inline-block"[39m
      [36m>[39m
        [36m<div[39m
          [33mclass[39m=[32m"w-2 h-2 rounded-full bg-red-500"[39m
        [36m/>[39m
      [36m</div>[39m
      [36m<div[39m
        [33mclass[39m=[32m"relative inline-block"[39m
      [36m>[39m
        [36m<button[39m
          [33mclass[39m=[32m"inline-flex items-center justify-center font-medium rounded-md focus:outline-none focus:ring-2 focus:ring-offset-2 transition-colors duration-200 disabled:opacity-50 disabled:cursor-not-allowed px-3 py-1.5 text-sm text-gray-600 hover:text-gray-900 hover:bg-gray-100 focus:ring-gray-500"[39m
        [36m>[39m
          [36m<svg[39m
            [33mclass[39m=[32m"w-4 h-4"[39m
            [33mfill[39m=[32m"none"[39m
            [33mstroke[39m=[32m"currentColor"[39m
            [33mviewBox[39m=[32m"0 0 24 24"[39m
          [36m>[39m
            [36m<path[39m
              [33md[39m=[32m"M8.684 13.342C8.886 12.938 9 12.482 9 12c0-.482-.114-.938-.316-1.342m0 2.684a3 3 0 110-2.684m0 2.684l6.632 3.316m-6.632-6l6.632-3.316m0 0a3 3 0 105.367-2.684 3 3 0 00-5.367 2.684zm0 9.316a3 3 0 105.367 2.684 3 3 0 00-5.367-2.684z"[39m
              [33mstroke-linecap[39m=[32m"round"[39m
              [33mstroke-linejoin[39m=[32m"round"[39m
              [33mstroke-width[39m=[32m"2"[39m
            [36m/>[39m
          [36m</svg>[39m
        [36m</button>[39m
      [36m</div>[39m
    [36m</div>[39m

    Ignored nodes: comments, script, style
    [36m<div[39m
      [33mclass[39m=[32m"relative inline-block"[39m
    [36m>[39m
      [36m<div[39m
        [33mclass[39m=[32m"w-2 h-2 rounded-full bg-red-500"[39m
      [36m/>[39m
    [36m</div>[39m

    Ignored nodes: comments, script, style
    [36m<div[39m
      [33mclass[39m=[32m"w-2 h-2 rounded-full bg-red-500"[39m
    [36m/>[39m

    Ignored nodes: comments, script, style
    [36m<div[39m
      [33mclass[39m=[32m"relative inline-block"[39m
    [36m>[39m
      [36m<button[39m
        [33mclass[39m=[32m"inline-flex items-center justify-center font-medium rounded-md focus:outline-none focus:ring-2 focus:ring-offset-2 transition-colors duration-200 disabled:opacity-50 disabled:cursor-not-allowed px-3 py-1.5 text-sm text-gray-600 hover:text-gray-900 hover:bg-gray-100 focus:ring-gray-500"[39m
      [36m>[39m
        [36m<svg[39m
          [33mclass[39m=[32m"w-4 h-4"[39m
          [33mfill[39m=[32m"none"[39m
          [33mstroke[39m=[32m"currentColor"[39m
          [33mviewBox[39m=[32m"0 0 24 24"[39m
        [36m>[39m
          [36m<path[39m
            [33md[39m=[32m"M8.684 13.342C8.886 12.938 9 12.482 9 12c0-.482-.114-.938-.316-1.342m0 2.684a3 3 0 110-2.684m0 2.684l6.632 3.316m-6.632-6l6.632-3.316m0 0a3 3 0 105.367-2.684 3 3 0 00-5.367 2.684zm0 9.316a3 3 0 105.367 2.684 3 3 0 00-5.367-2.684z"[39m
            [33mstroke-linecap[39m=[32m"round"[39m
            [33mstroke-linejoin[39m=[32m"round"[39m
            [33mstroke-width[39m=[32m"2"[39m
          [36m/>[39m
        [36m</svg>[39m
      [36m</button>[39m
    [36m</div>[39m

    Ignored nodes: comments, script, style
    [36m<div[39m
      [33mclass[39m=[32m"text-xs text-gray-400 px-2"[39m
    [36m>[39m
      [0m0[0m
      [0m elements[0m
    [36m</div>[39m

    Ignored nodes: comments, script, style
    [36m<div[39m
      [33mstyle[39m=[32m"position: fixed; left: 16px; top: 88px; z-index: 100;"[39m
    [36m>[39m
      [36m<div[39m
        [33mclass[39m=[32m"absolute top-4 left-4 z-40"[39m
      [36m>[39m
        [36m<div[39m
          [33mclass[39m=[32m"flex flex-col gap-1 bg-white shadow-lg rounded-lg border p-2"[39m
        [36m>[39m
          [36m<div[39m
            [33mclass[39m=[32m"relative inline-block"[39m
          [36m>[39m
            [36m<button[39m
              [33maria-label[39m=[32m"Select (V)"[39m
              [33mclass[39m=[32m"inline-flex items-center justify-center font-medium rounded-md focus:outline-none focus:ring-2 focus:ring-offset-2 transition-colors duration-200 disabled:opacity-50 disabled:cursor-not-allowed px-3 py-1.5 text-sm text-gray-600 hover:text-gray-900 hover:bg-gray-100 focus:ring-gray-500 w-10 h-10 flex items-center justify-center bg-blue-50 text-blue-600 ring-2 ring-blue-200"[39m
              [33mdata-testid[39m=[32m"tool-select"[39m
              [33mtitle[39m=[32m"Select (V)"[39m
            [36m>[39m
              [36m<svg[39m
                [33mclass[39m=[32m"w-5 h-5"[39m
                [33mfill[39m=[32m"none"[39m
                [33mstroke[39m=[32m"currentColor"[39m
                [33mviewBox[39m=[32m"0 0 24 24"[39m
              [36m>[39m
                [36m<path[39m
                  [33md[39m=[32m"M12 3l7 7-7 7-7-7z"[39m
                  [33mstroke-linecap[39m=[32m"round"[39m
                  [33mstroke-linejoin[39m=[32m"round"[39m
                  [33mstroke-width[39m=[32m"2"[39m
                [36m/>[39m
              [36m</svg>[39m
            [36m</button>[39m
          [36m</div>[39m
          [36m<div[39m
            [33mclass[39m=[32m"relative inline-block"[39m
          [36m>[39m
            [36m<button[39m
              [33maria-label[39m=[32m"Hand tool (H)"[39m
              [33mclass[39m=[32m"inline-flex items-center justify-center font-medium rounded-md focus:outline-none focus:ring-2 focus:ring-offset-2 transition-colors duration-200 disabled:opacity-50 disabled:cursor-not-allowed px-3 py-1.5 text-sm text-gray-600 hover:text-gray-900 hover:bg-gray-100 focus:ring-gray-500 w-10 h-10 flex items-center justify-center"[39m
              [33mdata-testid[39m=[32m"tool-pan"[39m
              [33mtitle[39m=[32m"Hand tool (H)"[39m
            [36m>[39m
              [36m<svg[39m
                [33mclass[39m=[32m"w-5 h-5"[39m
                [33mfill[39m=[32m"none"[39m
                [33mstroke[39m=[32m"currentColor"[39m
                [33mviewBox[39m=[32m"0 0 24 24"[39m
              [36m>[39m
                [36m<path[39m
                  [33md[39m=[32m"M7 11.5V14m0-2.5v-6a1.5 1.5 0 113 0m-3 6a1.5 1.5 0 00-3 0v2a7.5 7.5 0 0015 0v-5a1.5 1.5 0 00-3 0m-6-3V11m0-5.5v-1a1.5 1.5 0 013 0v1m0 0V11m0-5.5a1.5 1.5 0 013 0v3m0 0V11"[39m
                  [33mstroke-linecap[39m=[32m"round"[39m
                  [33mstroke-linejoin[39m=[32m"round"[39m
                  [33mstroke-width[39m=[32m"2"[39m
                [36m/>[39m
              [36m</svg>[39m
            [36m</button>[39m
          [36m</div>[39m
          [36m<div[39m
            [33mclass[39m=[32m"relative inline-block"[39m
          [36m>[39m
            [36m<button[39m
              [33maria-label[39m=[32m"Sticky note (S)"[39m
              [33mclass[39m=[32m"inline-flex items-center justify-center font-medium rounded-md focus:outline-none focus:ring-2 focus:ring-offset-2 transition-colors duration-200 disabled:opacity-50 disabled:cursor-not-allowed px-3 py-1.5 text-sm text-gray-600 hover:text-gray-900 hover:bg-gray-100 focus:ring-gray-500 w-10 h-10 flex items-center justify-center"[39m
              [33mdata-testid[39m=[32m"tool-sticky_note"[39m
              [33mtitle[39m=[32m"Sticky note (S)"[39m
            [36m>[39m
              [36m<svg[39m
                [33mclass[39m=[32m"w-5 h-5"[39m
                [33mfill[39m=[32m"none"[39m
                [33mstroke[39m=[32m"currentColor"[39m
                [33mviewBox[39m=[32m"0 0 24 24"[39m
              [36m>[39m
                [36m<path[39m
                  [33md[39m=[32m"M19 11H5m14 0a2 2 0 012 2v6a2 2 0 01-2 2H5a2 2 0 01-2-2v-6a2 2 0 012-2m14 0V9a2 2 0 00-2-2M5 11V9a2 2 0 012-2m0 0V5a2 2 0 012-2h6a2 2 0 012 2v2M7 7h10"[39m
                  [33mstroke-linecap[39m=[32m"round"[39m
                  [33mstroke-linejoin[39m=[32m"round"[39m
                  [33mstroke-width[39m=[32m"2"[39m
                [36m/>[39m
              [36m</svg>[39m
            [36m</button>[39m
          [36m</div>[39m
          [36m<div[39m
            [33mclass[39m=[32m"relative inline-block"[39m
          [36m>[39m
            [36m<button[39m
              [33maria-label[39m=[32m"Rectangle (R)"[39m
              [33mclass[39m=[32m"inline-flex items-center justify-center font-medium rounded-md focus:outline-none focus:ring-2 focus:ring-offset-2 transition-colors duration-200 disabled:opacity-50 disabled:cursor-not-allowed px-3 py-1.5 text-sm text-gray-600 hover:text-gray-900 hover:bg-gray-100 focus:ring-gray-500 w-10 h-10 flex items-center justify-center"[39m
              [33mdata-testid[39m=[32m"tool-rectangle"[39m
              [33mtitle[39m=[32m"Rectangle (R)"[39m
            [36m>[39m
              [36m<svg[39m
                [33mclass[39m=[32m"w-5 h-5"[39m
                [33mfill[39m=[32m"none"[39m
                [33mstroke[39m=[32m"currentColor"[39m
                [33mviewBox[39m=[32m"0 0 24 24"[39m
              [36m>[39m
                [36m<rect[39m
                  [33mheight[39m=[32m"18"[39m
                  [33mrx[39m=[32m"2"[39m
                  [33mry[39m=[32m"2"[39m
                  [33mstroke-width[39m=[32m"2"[39m
                  [33mwidth[39m=[32m"18"[39m
                  [33mx[39m=[32m"3"[39m
                  [33my[39m=[32m"3"[39m
                [36m/>[39m
              [36m</svg>[39m
            [36m</button>[39m
          [36m</div>[39m
          [36m<div[39m
            [33mclass[39m=[32m"relative inline-block"[39m
          [36m>[39m
            [36m<button[39m
              [33maria-label[39m=[32m"Circle (C)"[39m
              [33mclass[39m=[32m"inline-flex items-center justify-center font-medium rounded-md focus:outline-none focus:ring-2 focus:ring-offset-2 transition-colors duration-200 disabled:opacity-50 disabled:cursor-not-allowed px-3 py-1.5 text-sm text-gray-600 hover:text-gray-900 hover:bg-gray-100 focus:ring-gray-500 w-10 h-10 flex items-center justify-center"[39m
              [33mdata-testid[39m=[32m"tool-circle"[39m
              [33mtitle[39m=[32m"Circle (C)"[39m
            [36m>[39m
              [36m<svg[39m
                [33mclass[39m=[32m"w-5 h-5"[39m
                [33mfill[39m=[32m"none"[39m
                [33mstroke[39m=[32m"currentColor"[39m
                [33mviewBox[39m=[32m"0 0 24 24"[39m
              [36m>[39m
                [36m<circle[39m
                  [33mcx[39m=[32m"12"[39m
                  [33mcy[39m=[32m"12"[39m
                  [33mr[39m=[32m"9"[39m
                  [33mstroke-width[39m=[32m"2"[39m
                [36m/>[39m
              [36m<...

    Ignored nodes: comments, script, style
    [36m<div[39m
      [33mclass[39m=[32m"absolute top-4 left-4 z-40"[39m
    [36m>[39m
      [36m<div[39m
        [33mclass[39m=[32m"flex flex-col gap-1 bg-white shadow-lg rounded-lg border p-2"[39m
      [36m>[39m
        [36m<div[39m
          [33mclass[39m=[32m"relative inline-block"[39m
        [36m>[39m
          [36m<button[39m
            [33maria-label[39m=[32m"Select (V)"[39m
            [33mclass[39m=[32m"inline-flex items-center justify-center font-medium rounded-md focus:outline-none focus:ring-2 focus:ring-offset-2 transition-colors duration-200 disabled:opacity-50 disabled:cursor-not-allowed px-3 py-1.5 text-sm text-gray-600 hover:text-gray-900 hover:bg-gray-100 focus:ring-gray-500 w-10 h-10 flex items-center justify-center bg-blue-50 text-blue-600 ring-2 ring-blue-200"[39m
            [33mdata-testid[39m=[32m"tool-select"[39m
            [33mtitle[39m=[32m"Select (V)"[39m
          [36m>[39m
            [36m<svg[39m
              [33mclass[39m=[32m"w-5 h-5"[39m
              [33mfill[39m=[32m"none"[39m
              [33mstroke[39m=[32m"currentColor"[39m
              [33mviewBox[39m=[32m"0 0 24 24"[39m
            [36m>[39m
              [36m<path[39m
                [33md[39m=[32m"M12 3l7 7-7 7-7-7z"[39m
                [33mstroke-linecap[39m=[32m"round"[39m
                [33mstroke-linejoin[39m=[32m"round"[39m
                [33mstroke-width[39m=[32m"2"[39m
              [36m/>[39m
            [36m</svg>[39m
          [36m</button>[39m
        [36m</div>[39m
        [36m<div[39m
          [33mclass[39m=[32m"relative inline-block"[39m
        [36m>[39m
          [36m<button[39m
            [33maria-label[39m=[32m"Hand tool (H)"[39m
            [33mclass[39m=[32m"inline-flex items-center justify-center font-medium rounded-md focus:outline-none focus:ring-2 focus:ring-offset-2 transition-colors duration-200 disabled:opacity-50 disabled:cursor-not-allowed px-3 py-1.5 text-sm text-gray-600 hover:text-gray-900 hover:bg-gray-100 focus:ring-gray-500 w-10 h-10 flex items-center justify-center"[39m
            [33mdata-testid[39m=[32m"tool-pan"[39m
            [33mtitle[39m=[32m"Hand tool (H)"[39m
          [36m>[39m
            [36m<svg[39m
              [33mclass[39m=[32m"w-5 h-5"[39m
              [33mfill[39m=[32m"none"[39m
              [33mstroke[39m=[32m"currentColor"[39m
              [33mviewBox[39m=[32m"0 0 24 24"[39m
            [36m>[39m
              [36m<path[39m
                [33md[39m=[32m"M7 11.5V14m0-2.5v-6a1.5 1.5 0 113 0m-3 6a1.5 1.5 0 00-3 0v2a7.5 7.5 0 0015 0v-5a1.5 1.5 0 00-3 0m-6-3V11m0-5.5v-1a1.5 1.5 0 013 0v1m0 0V11m0-5.5a1.5 1.5 0 013 0v3m0 0V11"[39m
                [33mstroke-linecap[39m=[32m"round"[39m
                [33mstroke-linejoin[39m=[32m"round"[39m
                [33mstroke-width[39m=[32m"2"[39m
              [36m/>[39m
            [36m</svg>[39m
          [36m</button>[39m
        [36m</div>[39m
        [36m<div[39m
          [33mclass[39m=[32m"relative inline-block"[39m
        [36m>[39m
          [36m<button[39m
            [33maria-label[39m=[32m"Sticky note (S)"[39m
            [33mclass[39m=[32m"inline-flex items-center justify-center font-medium rounded-md focus:outline-none focus:ring-2 focus:ring-offset-2 transition-colors duration-200 disabled:opacity-50 disabled:cursor-not-allowed px-3 py-1.5 text-sm text-gray-600 hover:text-gray-900 hover:bg-gray-100 focus:ring-gray-500 w-10 h-10 flex items-center justify-center"[39m
            [33mdata-testid[39m=[32m"tool-sticky_note"[39m
            [33mtitle[39m=[32m"Sticky note (S)"[39m
          [36m>[39m
            [36m<svg[39m
              [33mclass[39m=[32m"w-5 h-5"[39m
              [33mfill[39m=[32m"none"[39m
              [33mstroke[39m=[32m"currentColor"[39m
              [33mviewBox[39m=[32m"0 0 24 24"[39m
            [36m>[39m
              [36m<path[39m
                [33md[39m=[32m"M19 11H5m14 0a2 2 0 012 2v6a2 2 0 01-2 2H5a2 2 0 01-2-2v-6a2 2 0 012-2m14 0V9a2 2 0 00-2-2M5 11V9a2 2 0 012-2m0 0V5a2 2 0 012-2h6a2 2 0 012 2v2M7 7h10"[39m
                [33mstroke-linecap[39m=[32m"round"[39m
                [33mstroke-linejoin[39m=[32m"round"[39m
                [33mstroke-width[39m=[32m"2"[39m
              [36m/>[39m
            [36m</svg>[39m
          [36m</button>[39m
        [36m</div>[39m
        [36m<div[39m
          [33mclass[39m=[32m"relative inline-block"[39m
        [36m>[39m
          [36m<button[39m
            [33maria-label[39m=[32m"Rectangle (R)"[39m
            [33mclass[39m=[32m"inline-flex items-center justify-center font-medium rounded-md focus:outline-none focus:ring-2 focus:ring-offset-2 transition-colors duration-200 disabled:opacity-50 disabled:cursor-not-allowed px-3 py-1.5 text-sm text-gray-600 hover:text-gray-900 hover:bg-gray-100 focus:ring-gray-500 w-10 h-10 flex items-center justify-center"[39m
            [33mdata-testid[39m=[32m"tool-rectangle"[39m
            [33mtitle[39m=[32m"Rectangle (R)"[39m
          [36m>[39m
            [36m<svg[39m
              [33mclass[39m=[32m"w-5 h-5"[39m
              [33mfill[39m=[32m"none"[39m
              [33mstroke[39m=[32m"currentColor"[39m
              [33mviewBox[39m=[32m"0 0 24 24"[39m
            [36m>[39m
              [36m<rect[39m
                [33mheight[39m=[32m"18"[39m
                [33mrx[39m=[32m"2"[39m
                [33mry[39m=[32m"2"[39m
                [33mstroke-width[39m=[32m"2"[39m
                [33mwidth[39m=[32m"18"[39m
                [33mx[39m=[32m"3"[39m
                [33my[39m=[32m"3"[39m
              [36m/>[39m
            [36m</svg>[39m
          [36m</button>[39m
        [36m</div>[39m
        [36m<div[39m
          [33mclass[39m=[32m"relative inline-block"[39m
        [36m>[39m
          [36m<button[39m
            [33maria-label[39m=[32m"Circle (C)"[39m
            [33mclass[39m=[32m"inline-flex items-center justify-center font-medium rounded-md focus:outline-none focus:ring-2 focus:ring-offset-2 transition-colors duration-200 disabled:opacity-50 disabled:cursor-not-allowed px-3 py-1.5 text-sm text-gray-600 hover:text-gray-900 hover:bg-gray-100 focus:ring-gray-500 w-10 h-10 flex items-center justify-center"[39m
            [33mdata-testid[39m=[32m"tool-circle"[39m
            [33mtitle[39m=[32m"Circle (C)"[39m
          [36m>[39m
            [36m<svg[39m
              [33mclass[39m=[32m"w-5 h-5"[39m
              [33mfill[39m=[32m"none"[39m
              [33mstroke[39m=[32m"currentColor"[39m
              [33mviewBox[39m=[32m"0 0 24 24"[39m
            [36m>[39m
              [36m<circle[39m
                [33mcx[39m=[32m"12"[39m
                [33mcy[39m=[32m"12"[39m
                [33mr[39m=[32m"9"[39m
                [33mstroke-width[39m=[32m"2"[39m
              [36m/>[39m
            [36m</svg>[39m
          [36m</button>[39m
        [36m</div>[39m
        [36m<div[39m
          [33mclass[39m=[32m"relative inline-block"[39m
        [36m>[39m
          [36m<button[39m
            [33maria-label[39m=[32m"Text (T)"[39m
            [33mclass[39m=[32m"inline-flex items-center justify-center font-medium rounded-md focus:outline-none focus:ring-2 focus:ring-offset...

    Ignored nodes: comments, script, style
    [36m<div[39m
      [33mclass[39m=[32m"flex flex-col gap-1 bg-white shadow-lg rounded-lg border p-2"[39m
    [36m>[39m
      [36m<div[39m
        [33mclass[39m=[32m"relative inline-block"[39m
      [36m>[39m
        [36m<button[39m
          [33maria-label[39m=[32m"Select (V)"[39m
          [33mclass[39m=[32m"inline-flex items-center justify-center font-medium rounded-md focus:outline-none focus:ring-2 focus:ring-offset-2 transition-colors duration-200 disabled:opacity-50 disabled:cursor-not-allowed px-3 py-1.5 text-sm text-gray-600 hover:text-gray-900 hover:bg-gray-100 focus:ring-gray-500 w-10 h-10 flex items-center justify-center bg-blue-50 text-blue-600 ring-2 ring-blue-200"[39m
          [33mdata-testid[39m=[32m"tool-select"[39m
          [33mtitle[39m=[32m"Select (V)"[39m
        [36m>[39m
          [36m<svg[39m
            [33mclass[39m=[32m"w-5 h-5"[39m
            [33mfill[39m=[32m"none"[39m
            [33mstroke[39m=[32m"currentColor"[39m
            [33mviewBox[39m=[32m"0 0 24 24"[39m
          [36m>[39m
            [36m<path[39m
              [33md[39m=[32m"M12 3l7 7-7 7-7-7z"[39m
              [33mstroke-linecap[39m=[32m"round"[39m
              [33mstroke-linejoin[39m=[32m"round"[39m
              [33mstroke-width[39m=[32m"2"[39m
            [36m/>[39m
          [36m</svg>[39m
        [36m</button>[39m
      [36m</div>[39m
      [36m<div[39m
        [33mclass[39m=[32m"relative inline-block"[39m
      [36m>[39m
        [36m<button[39m
          [33maria-label[39m=[32m"Hand tool (H)"[39m
          [33mclass[39m=[32m"inline-flex items-center justify-center font-medium rounded-md focus:outline-none focus:ring-2 focus:ring-offset-2 transition-colors duration-200 disabled:opacity-50 disabled:cursor-not-allowed px-3 py-1.5 text-sm text-gray-600 hover:text-gray-900 hover:bg-gray-100 focus:ring-gray-500 w-10 h-10 flex items-center justify-center"[39m
          [33mdata-testid[39m=[32m"tool-pan"[39m
          [33mtitle[39m=[32m"Hand tool (H)"[39m
        [36m>[39m
          [36m<svg[39m
            [33mclass[39m=[32m"w-5 h-5"[39m
            [33mfill[39m=[32m"none"[39m
            [33mstroke[39m=[32m"currentColor"[39m
            [33mviewBox[39m=[32m"0 0 24 24"[39m
          [36m>[39m
            [36m<path[39m
              [33md[39m=[32m"M7 11.5V14m0-2.5v-6a1.5 1.5 0 113 0m-3 6a1.5 1.5 0 00-3 0v2a7.5 7.5 0 0015 0v-5a1.5 1.5 0 00-3 0m-6-3V11m0-5.5v-1a1.5 1.5 0 013 0v1m0 0V11m0-5.5a1.5 1.5 0 013 0v3m0 0V11"[39m
              [33mstroke-linecap[39m=[32m"round"[39m
              [33mstroke-linejoin[39m=[32m"round"[39m
              [33mstroke-width[39m=[32m"2"[39m
            [36m/>[39m
          [36m</svg>[39m
        [36m</button>[39m
      [36m</div>[39m
      [36m<div[39m
        [33mclass[39m=[32m"relative inline-block"[39m
      [36m>[39m
        [36m<button[39m
          [33maria-label[39m=[32m"Sticky note (S)"[39m
          [33mclass[39m=[32m"inline-flex items-center justify-center font-medium rounded-md focus:outline-none focus:ring-2 focus:ring-offset-2 transition-colors duration-200 disabled:opacity-50 disabled:cursor-not-allowed px-3 py-1.5 text-sm text-gray-600 hover:text-gray-900 hover:bg-gray-100 focus:ring-gray-500 w-10 h-10 flex items-center justify-center"[39m
          [33mdata-testid[39m=[32m"tool-sticky_note"[39m
          [33mtitle[39m=[32m"Sticky note (S)"[39m
        [36m>[39m
          [36m<svg[39m
            [33mclass[39m=[32m"w-5 h-5"[39m
            [33mfill[39m=[32m"none"[39m
            [33mstroke[39m=[32m"currentColor"[39m
            [33mviewBox[39m=[32m"0 0 24 24"[39m
          [36m>[39m
            [36m<path[39m
              [33md[39m=[32m"M19 11H5m14 0a2 2 0 012 2v6a2 2 0 01-2 2H5a2 2 0 01-2-2v-6a2 2 0 012-2m14 0V9a2 2 0 00-2-2M5 11V9a2 2 0 012-2m0 0V5a2 2 0 012-2h6a2 2 0 012 2v2M7 7h10"[39m
              [33mstroke-linecap[39m=[32m"round"[39m
              [33mstroke-linejoin[39m=[32m"round"[39m
              [33mstroke-width[39m=[32m"2"[39m
            [36m/>[39m
          [36m</svg>[39m
        [36m</button>[39m
      [36m</div>[39m
      [36m<div[39m
        [33mclass[39m=[32m"relative inline-block"[39m
      [36m>[39m
        [36m<button[39m
          [33maria-label[39m=[32m"Rectangle (R)"[39m
          [33mclass[39m=[32m"inline-flex items-center justify-center font-medium rounded-md focus:outline-none focus:ring-2 focus:ring-offset-2 transition-colors duration-200 disabled:opacity-50 disabled:cursor-not-allowed px-3 py-1.5 text-sm text-gray-600 hover:text-gray-900 hover:bg-gray-100 focus:ring-gray-500 w-10 h-10 flex items-center justify-center"[39m
          [33mdata-testid[39m=[32m"tool-rectangle"[39m
          [33mtitle[39m=[32m"Rectangle (R)"[39m
        [36m>[39m
          [36m<svg[39m
            [33mclass[39m=[32m"w-5 h-5"[39m
            [33mfill[39m=[32m"none"[39m
            [33mstroke[39m=[32m"currentColor"[39m
            [33mviewBox[39m=[32m"0 0 24 24"[39m
          [36m>[39m
            [36m<rect[39m
              [33mheight[39m=[32m"18"[39m
              [33mrx[39m=[32m"2"[39m
              [33mry[39m=[32m"2"[39m
              [33mstroke-width[39m=[32m"2"[39m
              [33mwidth[39m=[32m"18"[39m
              [33mx[39m=[32m"3"[39m
              [33my[39m=[32m"3"[39m
            [36m/>[39m
          [36m</svg>[39m
        [36m</button>[39m
      [36m</div>[39m
      [36m<div[39m
        [33mclass[39m=[32m"relative inline-block"[39m
      [36m>[39m
        [36m<button[39m
          [33maria-label[39m=[32m"Circle (C)"[39m
          [33mclass[39m=[32m"inline-flex items-center justify-center font-medium rounded-md focus:outline-none focus:ring-2 focus:ring-offset-2 transition-colors duration-200 disabled:opacity-50 disabled:cursor-not-allowed px-3 py-1.5 text-sm text-gray-600 hover:text-gray-900 hover:bg-gray-100 focus:ring-gray-500 w-10 h-10 flex items-center justify-center"[39m
          [33mdata-testid[39m=[32m"tool-circle"[39m
          [33mtitle[39m=[32m"Circle (C)"[39m
        [36m>[39m
          [36m<svg[39m
            [33mclass[39m=[32m"w-5 h-5"[39m
            [33mfill[39m=[32m"none"[39m
            [33mstroke[39m=[32m"currentColor"[39m
            [33mviewBox[39m=[32m"0 0 24 24"[39m
          [36m>[39m
            [36m<circle[39m
              [33mcx[39m=[32m"12"[39m
              [33mcy[39m=[32m"12"[39m
              [33mr[39m=[32m"9"[39m
              [33mstroke-width[39m=[32m"2"[39m
            [36m/>[39m
          [36m</svg>[39m
        [36m</button>[39m
      [36m</div>[39m
      [36m<div[39m
        [33mclass[39m=[32m"relative inline-block"[39m
      [36m>[39m
        [36m<button[39m
          [33maria-label[39m=[32m"Text (T)"[39m
          [33mclass[39m=[32m"inline-flex items-center justify-center font-medium rounded-md focus:outline-none focus:ring-2 focus:ring-offset-2 transition-colors duration-200 disabled:opacity-50 disabled:cursor-not-allowed px-3 py-1.5 text-sm text-gray-600 hover:text-gray-900 hover:bg-gray-100 focus:ring-gray-500 w-10 h-10 flex items-center justify-center"[39m
          [33mdata-testid[39m=[32m"tool-text"[39m
          [33mtitle[39m=[32m"Text (T)"[39m
        [36m>[39m
          [36m<svg...

    Ignored nodes: comments, script, style
    [36m<div[39m
      [33mclass[39m=[32m"relative inline-block"[39m
    [36m>[39m
      [36m<button[39m
        [33maria-label[39m=[32m"Select (V)"[39m
        [33mclass[39m=[32m"inline-flex items-center justify-center font-medium rounded-md focus:outline-none focus:ring-2 focus:ring-offset-2 transition-colors duration-200 disabled:opacity-50 disabled:cursor-not-allowed px-3 py-1.5 text-sm text-gray-600 hover:text-gray-900 hover:bg-gray-100 focus:ring-gray-500 w-10 h-10 flex items-center justify-center bg-blue-50 text-blue-600 ring-2 ring-blue-200"[39m
        [33mdata-testid[39m=[32m"tool-select"[39m
        [33mtitle[39m=[32m"Select (V)"[39m
      [36m>[39m
        [36m<svg[39m
          [33mclass[39m=[32m"w-5 h-5"[39m
          [33mfill[39m=[32m"none"[39m
          [33mstroke[39m=[32m"currentColor"[39m
          [33mviewBox[39m=[32m"0 0 24 24"[39m
        [36m>[39m
          [36m<path[39m
            [33md[39m=[32m"M12 3l7 7-7 7-7-7z"[39m
            [33mstroke-linecap[39m=[32m"round"[39m
            [33mstroke-linejoin[39m=[32m"round"[39m
            [33mstroke-width[39m=[32m"2"[39m
          [36m/>[39m
        [36m</svg>[39m
      [36m</button>[39m
    [36m</div>[39m

    Ignored nodes: comments, script, style
    [36m<div[39m
      [33mclass[39m=[32m"relative inline-block"[39m
    [36m>[39m
      [36m<button[39m
        [33maria-label[39m=[32m"Hand tool (H)"[39m
        [33mclass[39m=[32m"inline-flex items-center justify-center font-medium rounded-md focus:outline-none focus:ring-2 focus:ring-offset-2 transition-colors duration-200 disabled:opacity-50 disabled:cursor-not-allowed px-3 py-1.5 text-sm text-gray-600 hover:text-gray-900 hover:bg-gray-100 focus:ring-gray-500 w-10 h-10 flex items-center justify-center"[39m
        [33mdata-testid[39m=[32m"tool-pan"[39m
        [33mtitle[39m=[32m"Hand tool (H)"[39m
      [36m>[39m
        [36m<svg[39m
          [33mclass[39m=[32m"w-5 h-5"[39m
          [33mfill[39m=[32m"none"[39m
          [33mstroke[39m=[32m"currentColor"[39m
          [33mviewBox[39m=[32m"0 0 24 24"[39m
        [36m>[39m
          [36m<path[39m
            [33md[39m=[32m"M7 11.5V14m0-2.5v-6a1.5 1.5 0 113 0m-3 6a1.5 1.5 0 00-3 0v2a7.5 7.5 0 0015 0v-5a1.5 1.5 0 00-3 0m-6-3V11m0-5.5v-1a1.5 1.5 0 013 0v1m0 0V11m0-5.5a1.5 1.5 0 013 0v3m0 0V11"[39m
            [33mstroke-linecap[39m=[32m"round"[39m
            [33mstroke-linejoin[39m=[32m"round"[39m
            [33mstroke-width[39m=[32m"2"[39m
          [36m/>[39m
        [36m</svg>[39m
      [36m</button>[39m
    [36m</div>[39m

    Ignored nodes: comments, script, style
    [36m<div[39m
      [33mclass[39m=[32m"relative inline-block"[39m
    [36m>[39m
      [36m<button[39m
        [33maria-label[39m=[32m"Sticky note (S)"[39m
        [33mclass[39m=[32m"inline-flex items-center justify-center font-medium rounded-md focus:outline-none focus:ring-2 focus:ring-offset-2 transition-colors duration-200 disabled:opacity-50 disabled:cursor-not-allowed px-3 py-1.5 text-sm text-gray-600 hover:text-gray-900 hover:bg-gray-100 focus:ring-gray-500 w-10 h-10 flex items-center justify-center"[39m
        [33mdata-testid[39m=[32m"tool-sticky_note"[39m
        [33mtitle[39m=[32m"Sticky note (S)"[39m
      [36m>[39m
        [36m<svg[39m
          [33mclass[39m=[32m"w-5 h-5"[39m
          [33mfill[39m=[32m"none"[39m
          [33mstroke[39m=[32m"currentColor"[39m
          [33mviewBox[39m=[32m"0 0 24 24"[39m
        [36m>[39m
          [36m<path[39m
            [33md[39m=[32m"M19 11H5m14 0a2 2 0 012 2v6a2 2 0 01-2 2H5a2 2 0 01-2-2v-6a2 2 0 012-2m14 0V9a2 2 0 00-2-2M5 11V9a2 2 0 012-2m0 0V5a2 2 0 012-2h6a2 2 0 012 2v2M7 7h10"[39m
            [33mstroke-linecap[39m=[32m"round"[39m
            [33mstroke-linejoin[39m=[32m"round"[39m
            [33mstroke-width[39m=[32m"2"[39m
          [36m/>[39m
        [36m</svg>[39m
      [36m</button>[39m
    [36m</div>[39m

    Ignored nodes: comments, script, style
    [36m<div[39m
      [33mclass[39m=[32m"relative inline-block"[39m
    [36m>[39m
      [36m<button[39m
        [33maria-label[39m=[32m"Rectangle (R)"[39m
        [33mclass[39m=[32m"inline-flex items-center justify-center font-medium rounded-md focus:outline-none focus:ring-2 focus:ring-offset-2 transition-colors duration-200 disabled:opacity-50 disabled:cursor-not-allowed px-3 py-1.5 text-sm text-gray-600 hover:text-gray-900 hover:bg-gray-100 focus:ring-gray-500 w-10 h-10 flex items-center justify-center"[39m
        [33mdata-testid[39m=[32m"tool-rectangle"[39m
        [33mtitle[39m=[32m"Rectangle (R)"[39m
      [36m>[39m
        [36m<svg[39m
          [33mclass[39m=[32m"w-5 h-5"[39m
          [33mfill[39m=[32m"none"[39m
          [33mstroke[39m=[32m"currentColor"[39m
          [33mviewBox[39m=[32m"0 0 24 24"[39m
        [36m>[39m
          [36m<rect[39m
            [33mheight[39m=[32m"18"[39m
            [33mrx[39m=[32m"2"[39m
            [33mry[39m=[32m"2"[39m
            [33mstroke-width[39m=[32m"2"[39m
            [33mwidth[39m=[32m"18"[39m
            [33mx[39m=[32m"3"[39m
            [33my[39m=[32m"3"[39m
          [36m/>[39m
        [36m</svg>[39m
      [36m</button>[39m
    [36m</div>[39m

    Ignored nodes: comments, script, style
    [36m<div[39m
      [33mclass[39m=[32m"relative inline-block"[39m
    [36m>[39m
      [36m<button[39m
        [33maria-label[39m=[32m"Circle (C)"[39m
        [33mclass[39m=[32m"inline-flex items-center justify-center font-medium rounded-md focus:outline-none focus:ring-2 focus:ring-offset-2 transition-colors duration-200 disabled:opacity-50 disabled:cursor-not-allowed px-3 py-1.5 text-sm text-gray-600 hover:text-gray-900 hover:bg-gray-100 focus:ring-gray-500 w-10 h-10 flex items-center justify-center"[39m
        [33mdata-testid[39m=[32m"tool-circle"[39m
        [33mtitle[39m=[32m"Circle (C)"[39m
      [36m>[39m
        [36m<svg[39m
          [33mclass[39m=[32m"w-5 h-5"[39m
          [33mfill[39m=[32m"none"[39m
          [33mstroke[39m=[32m"currentColor"[39m
          [33mviewBox[39m=[32m"0 0 24 24"[39m
        [36m>[39m
          [36m<circle[39m
            [33mcx[39m=[32m"12"[39m
            [33mcy[39m=[32m"12"[39m
            [33mr[39m=[32m"9"[39m
            [33mstroke-width[39m=[32m"2"[39m
          [36m/>[39m
        [36m</svg>[39m
      [36m</button>[39m
    [36m</div>[39m

    Ignored nodes: comments, script, style
    [36m<div[39m
      [33mclass[39m=[32m"relative inline-block"[39m
    [36m>[39m
      [36m<button[39m
        [33maria-label[39m=[32m"Text (T)"[39m
        [33mclass[39m=[32m"inline-flex items-center justify-center font-medium rounded-md focus:outline-none focus:ring-2 focus:ring-offset-2 transition-colors duration-200 disabled:opacity-50 disabled:cursor-not-allowed px-3 py-1.5 text-sm text-gray-600 hover:text-gray-900 hover:bg-gray-100 focus:ring-gray-500 w-10 h-10 flex items-center justify-center"[39m
        [33mdata-testid[39m=[32m"tool-text"[39m
        [33mtitle[39m=[32m"Text (T)"[39m
      [36m>[39m
        [36m<svg[39m
          [33mclass[39m=[32m"w-5 h-5"[39m
          [33mfill[39m=[32m"none"[39m
          [33mstroke[39m=[32m"currentColor"[39m
          [33mviewBox[39m=[32m"0 0 24 24"[39m
        [36m>[39m
          [36m<path[39m
            [33md[39m=[32m"M4 5h16M4 19h16M10 5v14M14 5v14"[39m
            [33mstroke-linecap[39m=[32m"round"[39m
            [33mstroke-linejoin[39m=[32m"round"[39m
            [33mstroke-width[39m=[32m"2"[39m
          [36m/>[39m
        [36m</svg>[39m
      [36m</button>[39m
    [36m</div>[39m

    Ignored nodes: comments, script, style
    [36m<div[39m
      [33mclass[39m=[32m"relative inline-block"[39m
    [36m>[39m
      [36m<button[39m
        [33maria-label[39m=[32m"Line (L)"[39m
        [33mclass[39m=[32m"inline-flex items-center justify-center font-medium rounded-md focus:outline-none focus:ring-2 focus:ring-offset-2 transition-colors duration-200 disabled:opacity-50 disabled:cursor-not-allowed px-3 py-1.5 text-sm text-gray-600 hover:text-gray-900 hover:bg-gray-100 focus:ring-gray-500 w-10 h-10 flex items-center justify-center"[39m
        [33mdata-testid[39m=[32m"tool-line"[39m
        [33mtitle[39m=[32m"Line (L)"[39m
      [36m>[39m
        [36m<svg[39m
          [33mclass[39m=[32m"w-5 h-5"[39m
          [33mfill[39m=[32m"none"[39m
          [33mstroke[39m=[32m"currentColor"[39m
          [33mviewBox[39m=[32m"0 0 24 24"[39m
        [36m>[39m
          [36m<path[39m
            [33md[39m=[32m"M4 20L20 4"[39m
            [33mstroke-linecap[39m=[32m"round"[39m
            [33mstroke-linejoin[39m=[32m"round"[39m
            [33mstroke-width[39m=[32m"2"[39m
          [36m/>[39m
        [36m</svg>[39m
      [36m</button>[39m
    [36m</div>[39m

    Ignored nodes: comments, script, style
    [36m<div[39m
      [33mclass[39m=[32m"relative inline-block"[39m
    [36m>[39m
      [36m<button[39m
        [33maria-label[39m=[32m"Pen (P)"[39m
        [33mclass[39m=[32m"inline-flex items-center justify-center font-medium rounded-md focus:outline-none focus:ring-2 focus:ring-offset-2 transition-colors duration-200 disabled:opacity-50 disabled:cursor-not-allowed px-3 py-1.5 text-sm text-gray-600 hover:text-gray-900 hover:bg-gray-100 focus:ring-gray-500 w-10 h-10 flex items-center justify-center"[39m
        [33mdata-testid[39m=[32m"tool-freehand"[39m
        [33mtitle[39m=[32m"Pen (P)"[39m
      [36m>[39m
        [36m<svg[39m
          [33mclass[39m=[32m"w-5 h-5"[39m
          [33mfill[39m=[32m"none"[39m
          [33mstroke[39m=[32m"currentColor"[39m
          [33mviewBox[39m=[32m"0 0 24 24"[39m
        [36m>[39m
          [36m<path[39m
            [33md[39m=[32m"M15.232 5.232l3.536 3.536m-2.036-5.036a2.5 2.5 0 113.536 3.536L6.5 21.036H3v-3.572L16.732 3.732z"[39m
            [33mstroke-linecap[39m=[32m"round"[39m
            [33mstroke-linejoin[39m=[32m"round"[39m
            [33mstroke-width[39m=[32m"2"[39m
          [36m/>[39m
        [36m</svg>[39m
      [36m</button>[39m
    [36m</div>[39m

    Ignored nodes: comments, script, style
    [36m<div[39m
      [33mclass[39m=[32m"h-px bg-gray-200 my-1"[39m
    [36m/>[39m

    Ignored nodes: comments, script, style
    [36m<div[39m
      [33mclass[39m=[32m"flex flex-col gap-1"[39m
    [36m>[39m
      [36m<div[39m
        [33mclass[39m=[32m"relative inline-block"[39m
      [36m>[39m
        [36m<button[39m
          [33mclass[39m=[32m"inline-flex items-center justify-center font-medium rounded-md focus:outline-none focus:ring-2 focus:ring-offset-2 transition-colors duration-200 disabled:opacity-50 disabled:cursor-not-allowed px-3 py-1.5 text-sm text-gray-600 hover:text-gray-900 hover:bg-gray-100 focus:ring-gray-500 w-10 h-10 flex items-center justify-center opacity-50"[39m
          [33mdisabled[39m=[32m""[39m
        [36m>[39m
          [36m<svg[39m
            [33mclass[39m=[32m"w-5 h-5"[39m
            [33mfill[39m=[32m"none"[39m
            [33mstroke[39m=[32m"currentColor"[39m
            [33mviewBox[39m=[32m"0 0 24 24"[39m
          [36m>[39m
            [36m<rect[39m
              [33mheight[39m=[32m"18"[39m
              [33mrx[39m=[32m"2"[39m
              [33mry[39m=[32m"2"[39m
              [33mstroke-width[39m=[32m"2"[39m
              [33mwidth[39m=[32m"18"[39m
              [33mx[39m=[32m"3"[39m
              [33my[39m=[32m"3"[39m
            [36m/>[39m
            [36m<circle[39m
              [33mcx[39m=[32m"8.5"[39m
              [33mcy[39m=[32m"8.5"[39m
              [33mr[39m=[32m"1.5"[39m
              [33mstroke-width[39m=[32m"2"[39m
            [36m/>[39m
            [36m<path[39m
              [33md[39m=[32m"m21 15-3.086-3.086a2 2 0 00-2.828 0L6 21"[39m
              [33mstroke-width[39m=[32m"2"[39m
            [36m/>[39m
          [36m</svg>[39m
        [36m</button>[39m
      [36m</div>[39m
      [36m<div[39m
        [33mclass[39m=[32m"relative inline-block"[39m
      [36m>[39m
        [36m<button[39m
          [33mclass[39m=[32m"inline-flex items-center justify-center font-medium rounded-md focus:outline-none focus:ring-2 focus:ring-offset-2 transition-colors duration-200 disabled:opacity-50 disabled:cursor-not-allowed px-3 py-1.5 text-sm text-gray-600 hover:text-gray-900 hover:bg-gray-100 focus:ring-gray-500 w-10 h-10 flex items-center justify-center opacity-50"[39m
          [33mdisabled[39m=[32m""[39m
        [36m>[39m
          [36m<svg[39m
            [33mclass[39m=[32m"w-5 h-5"[39m
            [33mfill[39m=[32m"none"[39m
            [33mstroke[39m=[32m"currentColor"[39m
            [33mviewBox[39m=[32m"0 0 24 24"[39m
          [36m>[39m
            [36m<path[39m
              [33md[39m=[32m"M13.828 10.172a4 4 0 00-5.656 0l-4 4a4 4 0 105.656 5.656l1.102-1.101m-.758-4.899a4 4 0 005.656 0l4-4a4 4 0 00-5.656-5.656l-1.1 1.1"[39m
              [33mstroke-linecap[39m=[32m"round"[39m
              [33mstroke-linejoin[39m=[32m"round"[39m
              [33mstroke-width[39m=[32m"2"[39m
            [36m/>[39m
          [36m</svg>[39m
        [36m</button>[39m
      [36m</div>[39m
      [36m<div[39m
        [33mclass[39m=[32m"relative inline-block"[39m
      [36m>[39m
        [36m<button[39m
          [33mclass[39m=[32m"inline-flex items-center justify-center font-medium rounded-md focus:outline-none focus:ring-2 focus:ring-offset-2 transition-colors duration-200 disabled:opacity-50 disabled:cursor-not-allowed px-3 py-1.5 text-sm text-gray-600 hover:text-gray-900 hover:bg-gray-100 focus:ring-gray-500 w-10 h-10 flex items-center justify-center opacity-50"[39m
          [33mdisabled[39m=[32m""[39m
        [36m>[39m
          [36m<svg[39m
            [33mclass[39m=[32m"w-5 h-5"[39m
            [33mfill[39m=[32m"none"[39m
            [33mstroke[39m=[32m"currentColor"[39m
            [33mviewBox[39m=[32m"0 0 24 24"[39m
          [36m>[39m
            [36m<path[39m
              [33md[39m=[32m"M15.232 5.232l3.536 3.536m-2.036-5.036a2.5 2.5 0 113.536 3.536L6.5 21.036H3v-3.572L16.732 3.732z"[39m
              [33mstroke-linecap[39m=[32m"round"[39m
              [33mstroke-linejoin[39m=[32m"round"[39m
              [33mstroke-width[39m=[32m"2"[39m
            [36m/>[39m
          [36m</svg>[39m
        [36m</button>[39m
      [36m</div>[39m
    [36m</div>[39m

    Ignored nodes: comments, script, style
    [36m<div[39m
      [33mclass[39m=[32m"relative inline-block"[39m
    [36m>[39m
      [36m<button[39m
        [33mclass[39m=[32m"inline-flex items-center justify-center font-medium rounded-md focus:outline-none focus:ring-2 focus:ring-offset-2 transition-colors duration-200 disabled:opacity-50 disabled:cursor-not-allowed px-3 py-1.5 text-sm text-gray-600 hover:text-gray-900 hover:bg-gray-100 focus:ring-gray-500 w-10 h-10 flex items-center justify-center opacity-50"[39m
        [33mdisabled[39m=[32m""[39m
      [36m>[39m
        [36m<svg[39m
          [33mclass[39m=[32m"w-5 h-5"[39m
          [33mfill[39m=[32m"none"[39m
          [33mstroke[39m=[32m"currentColor"[39m
          [33mviewBox[39m=[32m"0 0 24 24"[39m
        [36m>[39m
          [36m<rect[39m
            [33mheight[39m=[32m"18"[39m
            [33mrx[39m=[32m"2"[39m
            [33mry[39m=[32m"2"[39m
            [33mstroke-width[39m=[32m"2"[39m
            [33mwidth[39m=[32m"18"[39m
            [33mx[39m=[32m"3"[39m
            [33my[39m=[32m"3"[39m
          [36m/>[39m
          [36m<circle[39m
            [33mcx[39m=[32m"8.5"[39m
            [33mcy[39m=[32m"8.5"[39m
            [33mr[39m=[32m"1.5"[39m
            [33mstroke-width[39m=[32m"2"[39m
          [36m/>[39m
          [36m<path[39m
            [33md[39m=[32m"m21 15-3.086-3.086a2 2 0 00-2.828 0L6 21"[39m
            [33mstroke-width[39m=[32m"2"[39m
          [36m/>[39m
        [36m</svg>[39m
      [36m</button>[39m
    [36m</div>[39m

    Ignored nodes: comments, script, style
    [36m<div[39m
      [33mclass[39m=[32m"relative inline-block"[39m
    [36m>[39m
      [36m<button[39m
        [33mclass[39m=[32m"inline-flex items-center justify-center font-medium rounded-md focus:outline-none focus:ring-2 focus:ring-offset-2 transition-colors duration-200 disabled:opacity-50 disabled:cursor-not-allowed px-3 py-1.5 text-sm text-gray-600 hover:text-gray-900 hover:bg-gray-100 focus:ring-gray-500 w-10 h-10 flex items-center justify-center opacity-50"[39m
        [33mdisabled[39m=[32m""[39m
      [36m>[39m
        [36m<svg[39m
          [33mclass[39m=[32m"w-5 h-5"[39m
          [33mfill[39m=[32m"none"[39m
          [33mstroke[39m=[32m"currentColor"[39m
          [33mviewBox[39m=[32m"0 0 24 24"[39m
        [36m>[39m
          [36m<path[39m
            [33md[39m=[32m"M13.828 10.172a4 4 0 00-5.656 0l-4 4a4 4 0 105.656 5.656l1.102-1.101m-.758-4.899a4 4 0 005.656 0l4-4a4 4 0 00-5.656-5.656l-1.1 1.1"[39m
            [33mstroke-linecap[39m=[32m"round"[39m
            [33mstroke-linejoin[39m=[32m"round"[39m
            [33mstroke-width[39m=[32m"2"[39m
          [36m/>[39m
        [36m</svg>[39m
      [36m</button>[39m
    [36m</div>[39m

    Ignored nodes: comments, script, style
    [36m<div[39m
      [33mclass[39m=[32m"relative inline-block"[39m
    [36m>[39m
      [36m<button[39m
        [33mclass[39m=[32m"inline-flex items-center justify-center font-medium rounded-md focus:outline-none focus:ring-2 focus:ring-offset-2 transition-colors duration-200 disabled:opacity-50 disabled:cursor-not-allowed px-3 py-1.5 text-sm text-gray-600 hover:text-gray-900 hover:bg-gray-100 focus:ring-gray-500 w-10 h-10 flex items-center justify-center opacity-50"[39m
        [33mdisabled[39m=[32m""[39m
      [36m>[39m
        [36m<svg[39m
          [33mclass[39m=[32m"w-5 h-5"[39m
          [33mfill[39m=[32m"none"[39m
          [33mstroke[39m=[32m"currentColor"[39m
          [33mviewBox[39m=[32m"0 0 24 24"[39m
        [36m>[39m
          [36m<path[39m
            [33md[39m=[32m"M15.232 5.232l3.536 3.536m-2.036-5.036a2.5 2.5 0 113.536 3.536L6.5 21.036H3v-3.572L16.732 3.732z"[39m
            [33mstroke-linecap[39m=[32m"round"[39m
            [33mstroke-linejoin[39m=[32m"round"[39m
            [33mstroke-width[39m=[32m"2"[39m
          [36m/>[39m
        [36m</svg>[39m
      [36m</button>[39m
    [36m</div>[39m

    Ignored nodes: comments, script, style
    [36m<div[39m
      [33mclass[39m=[32m"mt-2 bg-white shadow-lg rounded-lg border p-2 text-xs text-gray-600"[39m
    [36m>[39m
      [36m<div[39m
        [33mclass[39m=[32m"font-medium"[39m
      [36m>[39m
        [0mCurrent Tool[0m
      [36m</div>[39m
      [36m<div[39m
        [33mclass[39m=[32m"capitalize"[39m
      [36m>[39m
        [0mselect[0m
      [36m</div>[39m
      [36m<div[39m
        [33mclass[39m=[32m"text-gray-400"[39m
      [36m>[39m
        [0mPress [0m
        [0mV[0m
      [36m</div>[39m
    [36m</div>[39m

    Ignored nodes: comments, script, style
    [36m<div[39m
      [33mclass[39m=[32m"font-medium"[39m
    [36m>[39m
      [0mCurrent Tool[0m
    [36m</div>[39m

    Ignored nodes: comments, script, style
    [36m<div[39m
      [33mclass[39m=[32m"capitalize"[39m
    [36m>[39m
      [0mselect[0m
    [36m</div>[39m

    Ignored nodes: comments, script, style
    [36m<div[39m
      [33mclass[39m=[32m"text-gray-400"[39m
    [36m>[39m
      [0mPress [0m
      [0mV[0m
    [36m</div>[39m

    Ignored nodes: comments, script, style
    [36m<div[39m
      [33mstyle[39m=[32m"position: fixed; right: 16px; top: 88px; z-index: 100;"[39m
    [36m>[39m
      [36m<div[39m
        [33mclass[39m=[32m"absolute top-4 right-4 z-40"[39m
      [36m>[39m
        [36m<div[39m
          [33mclass[39m=[32m"bg-white shadow-lg rounded-lg border p-3"[39m
        [36m>[39m
          [36m<div[39m
            [33mclass[39m=[32m"flex items-center justify-between mb-2"[39m
          [36m>[39m
            [36m<div[39m
              [33mclass[39m=[32m"flex items-center gap-2"[39m
            [36m>[39m
              [36m<div[39m
                [33mclass[39m=[32m"w-2 h-2 rounded-full bg-red-500"[39m
              [36m/>[39m
              [36m<span[39m
                [33mclass[39m=[32m"text-sm font-medium"[39m
              [36m>[39m
                [0mOffline[0m
              [36m</span>[39m
            [36m</div>[39m
            [36m<button[39m
              [33mclass[39m=[32m"inline-flex items-center justify-center font-medium rounded-md focus:outline-none focus:ring-2 focus:ring-offset-2 transition-colors duration-200 disabled:opacity-50 disabled:cursor-not-allowed px-2 py-1 text-xs text-gray-600 hover:text-gray-900 hover:bg-gray-100 focus:ring-gray-500 p-1"[39m
            [36m>[39m
              [36m<svg[39m
                [33mclass[39m=[32m"w-4 h-4"[39m
                [33mfill[39m=[32m"none"[39m
                [33mstroke[39m=[32m"currentColor"[39m
                [33mviewBox[39m=[32m"0 0 24 24"[39m
              [36m>[39m
                [36m<path[39m
                  [33md[39m=[32m"M10.325 4.317c.426-1.756 2.924-1.756 3.35 0a1.724 1.724 0 002.573 1.066c1.543-.94 3.31.826 2.37 2.37a1.724 1.724 0 001.065 2.572c1.756.426 1.756 2.924 0 3.35a1.724 1.724 0 00-1.066 2.573c.94 1.543-.826 3.31-2.37 2.37a1.724 1.724 0 00-2.572 1.065c-.426 1.756-2.924 1.756-3.35 0a1.724 1.724 0 00-2.573-1.066c-1.543.94-3.31-.826-2.37-2.37a1.724 1.724 0 00-1.065-2.572c-1.756-.426-1.756-2.924 0-3.35a1.724 1.724 0 001.066-2.573c-.94-1.543.826-3.31 2.37-2.37.996.608 2.296.07 2.572-1.065z"[39m
                  [33mstroke-linecap[39m=[32m"round"[39m
                  [33mstroke-linejoin[39m=[32m"round"[39m
                  [33mstroke-width[39m=[32m"2"[39m
                [36m/>[39m
                [36m<path[39m
                  [33md[39m=[32m"M15 12a3 3 0 11-6 0 3 3 0 016 0z"[39m
                  [33mstroke-linecap[39m=[32m"round"[39m
                  [33mstroke-linejoin[39m=[32m"round"[39m
                  [33mstroke-width[39m=[32m"2"[39m
                [36m/>[39m
              [36m</svg>[39m
            [36m</button>[39m
          [36m</div>[39m
          [36m<div[39m
            [33mclass[39m=[32m"flex items-center gap-2"[39m
          [36m>[39m
            [36m<div[39m
              [33mclass[39m=[32m"text-sm text-gray-500"[39m
            [36m>[39m
              [0mNo active collaborators[0m
            [36m</div>[39m
          [36m</div>[39m
          [36m<div[39m
            [33mclass[39m=[32m"mt-2 pt-2 border-t"[39m
          [36m>[39m
            [36m<button[39m
              [33mclass[39m=[32m"inline-flex items-center justify-center font-medium rounded-md focus:outline-none focus:ring-2 focus:ring-offset-2 transition-colors duration-200 disabled:opacity-50 disabled:cursor-not-allowed px-3 py-1.5 text-sm border border-gray-300 bg-white text-gray-700 hover:bg-gray-50 focus:ring-blue-500 w-full flex items-center gap-2"[39m
            [36m>[39m
              [36m<svg[39m
                [33mclass[39m=[32m"w-4 h-4"[39m
                [33mfill[39m=[32m"none"[39m
                [33mstroke[39m=[32m"currentColor"[39m
                [33mviewBox[39m=[32m"0 0 24 24"[39m
              [36m>[39m
                [36m<path[39m
                  [33md[39m=[32m"M12 6v6m0 0v6m0-6h6m-6 0H6"[39m
                  [33mstroke-linecap[39m=[32m"round"[39m
                  [33mstroke-linejoin[39m=[32m"round"[39m
                  [33mstroke-width[39m=[32m"2"[39m
                [36m/>[39m
              [36m</svg>[39m
              [0mInvite others[0m
            [36m</button>[39m
          [36m</div>[39m
        [36m</div>[39m
      [36m</div>[39m
    [36m</div>[39m

    Ignored nodes: comments, script, style
    [36m<div[39m
      [33mclass[39m=[32m"absolute top-4 right-4 z-40"[39m
    [36m>[39m
      [36m<div[39m
        [33mclass[39m=[32m"bg-white shadow-lg rounded-lg border p-3"[39m
      [36m>[39m
        [36m<div[39m
          [33mclass[39m=[32m"flex items-center justify-between mb-2"[39m
        [36m>[39m
          [36m<div[39m
            [33mclass[39m=[32m"flex items-center gap-2"[39m
          [36m>[39m
            [36m<div[39m
              [33mclass[39m=[32m"w-2 h-2 rounded-full bg-red-500"[39m
            [36m/>[39m
            [36m<span[39m
              [33mclass[39m=[32m"text-sm font-medium"[39m
            [36m>[39m
              [0mOffline[0m
            [36m</span>[39m
          [36m</div>[39m
          [36m<button[39m
            [33mclass[39m=[32m"inline-flex items-center justify-center font-medium rounded-md focus:outline-none focus:ring-2 focus:ring-offset-2 transition-colors duration-200 disabled:opacity-50 disabled:cursor-not-allowed px-2 py-1 text-xs text-gray-600 hover:text-gray-900 hover:bg-gray-100 focus:ring-gray-500 p-1"[39m
          [36m>[39m
            [36m<svg[39m
              [33mclass[39m=[32m"w-4 h-4"[39m
              [33mfill[39m=[32m"none"[39m
              [33mstroke[39m=[32m"currentColor"[39m
              [33mviewBox[39m=[32m"0 0 24 24"[39m
            [36m>[39m
              [36m<path[39m
                [33md[39m=[32m"M10.325 4.317c.426-1.756 2.924-1.756 3.35 0a1.724 1.724 0 002.573 1.066c1.543-.94 3.31.826 2.37 2.37a1.724 1.724 0 001.065 2.572c1.756.426 1.756 2.924 0 3.35a1.724 1.724 0 00-1.066 2.573c.94 1.543-.826 3.31-2.37 2.37a1.724 1.724 0 00-2.572 1.065c-.426 1.756-2.924 1.756-3.35 0a1.724 1.724 0 00-2.573-1.066c-1.543.94-3.31-.826-2.37-2.37a1.724 1.724 0 00-1.065-2.572c-1.756-.426-1.756-2.924 0-3.35a1.724 1.724 0 001.066-2.573c-.94-1.543.826-3.31 2.37-2.37.996.608 2.296.07 2.572-1.065z"[39m
                [33mstroke-linecap[39m=[32m"round"[39m
                [33mstroke-linejoin[39m=[32m"round"[39m
                [33mstroke-width[39m=[32m"2"[39m
              [36m/>[39m
              [36m<path[39m
                [33md[39m=[32m"M15 12a3 3 0 11-6 0 3 3 0 016 0z"[39m
                [33mstroke-linecap[39m=[32m"round"[39m
                [33mstroke-linejoin[39m=[32m"round"[39m
                [33mstroke-width[39m=[32m"2"[39m
              [36m/>[39m
            [36m</svg>[39m
          [36m</button>[39m
        [36m</div>[39m
        [36m<div[39m
          [33mclass[39m=[32m"flex items-center gap-2"[39m
        [36m>[39m
          [36m<div[39m
            [33mclass[39m=[32m"text-sm text-gray-500"[39m
          [36m>[39m
            [0mNo active collaborators[0m
          [36m</div>[39m
        [36m</div>[39m
        [36m<div[39m
          [33mclass[39m=[32m"mt-2 pt-2 border-t"[39m
        [36m>[39m
          [36m<button[39m
            [33mclass[39m=[32m"inline-flex items-center justify-center font-medium rounded-md focus:outline-none focus:ring-2 focus:ring-offset-2 transition-colors duration-200 disabled:opacity-50 disabled:cursor-not-allowed px-3 py-1.5 text-sm border border-gray-300 bg-white text-gray-700 hover:bg-gray-50 focus:ring-blue-500 w-full flex items-center gap-2"[39m
          [36m>[39m
            [36m<svg[39m
              [33mclass[39m=[32m"w-4 h-4"[39m
              [33mfill[39m=[32m"none"[39m
              [33mstroke[39m=[32m"currentColor"[39m
              [33mviewBox[39m=[32m"0 0 24 24"[39m
            [36m>[39m
              [36m<path[39m
                [33md[39m=[32m"M12 6v6m0 0v6m0-6h6m-6 0H6"[39m
                [33mstroke-linecap[39m=[32m"round"[39m
                [33mstroke-linejoin[39m=[32m"round"[39m
                [33mstroke-width[39m=[32m"2"[39m
              [36m/>[39m
            [36m</svg>[39m
            [0mInvite others[0m
          [36m</button>[39m
        [36m</div>[39m
      [36m</div>[39m
    [36m</div>[39m

    Ignored nodes: comments, script, style
    [36m<div[39m
      [33mclass[39m=[32m"bg-white shadow-lg rounded-lg border p-3"[39m
    [36m>[39m
      [36m<div[39m
        [33mclass[39m=[32m"flex items-center justify-between mb-2"[39m
      [36m>[39m
        [36m<div[39m
          [33mclass[39m=[32m"flex items-center gap-2"[39m
        [36m>[39m
          [36m<div[39m
            [33mclass[39m=[32m"w-2 h-2 rounded-full bg-red-500"[39m
          [36m/>[39m
          [36m<span[39m
            [33mclass[39m=[32m"text-sm font-medium"[39m
          [36m>[39m
            [0mOffline[0m
          [36m</span>[39m
        [36m</div>[39m
        [36m<button[39m
          [33mclass[39m=[32m"inline-flex items-center justify-center font-medium rounded-md focus:outline-none focus:ring-2 focus:ring-offset-2 transition-colors duration-200 disabled:opacity-50 disabled:cursor-not-allowed px-2 py-1 text-xs text-gray-600 hover:text-gray-900 hover:bg-gray-100 focus:ring-gray-500 p-1"[39m
        [36m>[39m
          [36m<svg[39m
            [33mclass[39m=[32m"w-4 h-4"[39m
            [33mfill[39m=[32m"none"[39m
            [33mstroke[39m=[32m"currentColor"[39m
            [33mviewBox[39m=[32m"0 0 24 24"[39m
          [36m>[39m
            [36m<path[39m
              [33md[39m=[32m"M10.325 4.317c.426-1.756 2.924-1.756 3.35 0a1.724 1.724 0 002.573 1.066c1.543-.94 3.31.826 2.37 2.37a1.724 1.724 0 001.065 2.572c1.756.426 1.756 2.924 0 3.35a1.724 1.724 0 00-1.066 2.573c.94 1.543-.826 3.31-2.37 2.37a1.724 1.724 0 00-2.572 1.065c-.426 1.756-2.924 1.756-3.35 0a1.724 1.724 0 00-2.573-1.066c-1.543.94-3.31-.826-2.37-2.37a1.724 1.724 0 00-1.065-2.572c-1.756-.426-1.756-2.924 0-3.35a1.724 1.724 0 001.066-2.573c-.94-1.543.826-3.31 2.37-2.37.996.608 2.296.07 2.572-1.065z"[39m
              [33mstroke-linecap[39m=[32m"round"[39m
              [33mstroke-linejoin[39m=[32m"round"[39m
              [33mstroke-width[39m=[32m"2"[39m
            [36m/>[39m
            [36m<path[39m
              [33md[39m=[32m"M15 12a3 3 0 11-6 0 3 3 0 016 0z"[39m
              [33mstroke-linecap[39m=[32m"round"[39m
              [33mstroke-linejoin[39m=[32m"round"[39m
              [33mstroke-width[39m=[32m"2"[39m
            [36m/>[39m
          [36m</svg>[39m
        [36m</button>[39m
      [36m</div>[39m
      [36m<div[39m
        [33mclass[39m=[32m"flex items-center gap-2"[39m
      [36m>[39m
        [36m<div[39m
          [33mclass[39m=[32m"text-sm text-gray-500"[39m
        [36m>[39m
          [0mNo active collaborators[0m
        [36m</div>[39m
      [36m</div>[39m
      [36m<div[39m
        [33mclass[39m=[32m"mt-2 pt-2 border-t"[39m
      [36m>[39m
        [36m<button[39m
          [33mclass[39m=[32m"inline-flex items-center justify-center font-medium rounded-md focus:outline-none focus:ring-2 focus:ring-offset-2 transition-colors duration-200 disabled:opacity-50 disabled:cursor-not-allowed px-3 py-1.5 text-sm border border-gray-300 bg-white text-gray-700 hover:bg-gray-50 focus:ring-blue-500 w-full flex items-center gap-2"[39m
        [36m>[39m
          [36m<svg[39m
            [33mclass[39m=[32m"w-4 h-4"[39m
            [33mfill[39m=[32m"none"[39m
            [33mstroke[39m=[32m"currentColor"[39m
            [33mviewBox[39m=[32m"0 0 24 24"[39m
          [36m>[39m
            [36m<path[39m
              [33md[39m=[32m"M12 6v6m0 0v6m0-6h6m-6 0H6"[39m
              [33mstroke-linecap[39m=[32m"round"[39m
              [33mstroke-linejoin[39m=[32m"round"[39m
              [33mstroke-width[39m=[32m"2"[39m
            [36m/>[39m
          [36m</svg>[39m
          [0mInvite others[0m
        [36m</button>[39m
      [36m</div>[39m
    [36m</div>[39m

    Ignored nodes: comments, script, style
    [36m<div[39m
      [33mclass[39m=[32m"flex items-center justify-between mb-2"[39m
    [36m>[39m
      [36m<div[39m
        [33mclass[39m=[32m"flex items-center gap-2"[39m
      [36m>[39m
        [36m<div[39m
          [33mclass[39m=[32m"w-2 h-2 rounded-full bg-red-500"[39m
        [36m/>[39m
        [36m<span[39m
          [33mclass[39m=[32m"text-sm font-medium"[39m
        [36m>[39m
          [0mOffline[0m
        [36m</span>[39m
      [36m</div>[39m
      [36m<button[39m
        [33mclass[39m=[32m"inline-flex items-center justify-center font-medium rounded-md focus:outline-none focus:ring-2 focus:ring-offset-2 transition-colors duration-200 disabled:opacity-50 disabled:cursor-not-allowed px-2 py-1 text-xs text-gray-600 hover:text-gray-900 hover:bg-gray-100 focus:ring-gray-500 p-1"[39m
      [36m>[39m
        [36m<svg[39m
          [33mclass[39m=[32m"w-4 h-4"[39m
          [33mfill[39m=[32m"none"[39m
          [33mstroke[39m=[32m"currentColor"[39m
          [33mviewBox[39m=[32m"0 0 24 24"[39m
        [36m>[39m
          [36m<path[39m
            [33md[39m=[32m"M10.325 4.317c.426-1.756 2.924-1.756 3.35 0a1.724 1.724 0 002.573 1.066c1.543-.94 3.31.826 2.37 2.37a1.724 1.724 0 001.065 2.572c1.756.426 1.756 2.924 0 3.35a1.724 1.724 0 00-1.066 2.573c.94 1.543-.826 3.31-2.37 2.37a1.724 1.724 0 00-2.572 1.065c-.426 1.756-2.924 1.756-3.35 0a1.724 1.724 0 00-2.573-1.066c-1.543.94-3.31-.826-2.37-2.37a1.724 1.724 0 00-1.065-2.572c-1.756-.426-1.756-2.924 0-3.35a1.724 1.724 0 001.066-2.573c-.94-1.543.826-3.31 2.37-2.37.996.608 2.296.07 2.572-1.065z"[39m
            [33mstroke-linecap[39m=[32m"round"[39m
            [33mstroke-linejoin[39m=[32m"round"[39m
            [33mstroke-width[39m=[32m"2"[39m
          [36m/>[39m
          [36m<path[39m
            [33md[39m=[32m"M15 12a3 3 0 11-6 0 3 3 0 016 0z"[39m
            [33mstroke-linecap[39m=[32m"round"[39m
            [33mstroke-linejoin[39m=[32m"round"[39m
            [33mstroke-width[39m=[32m"2"[39m
          [36m/>[39m
        [36m</svg>[39m
      [36m</button>[39m
    [36m</div>[39m

    Ignored nodes: comments, script, style
    [36m<div[39m
      [33mclass[39m=[32m"flex items-center gap-2"[39m
    [36m>[39m
      [36m<div[39m
        [33mclass[39m=[32m"w-2 h-2 rounded-full bg-red-500"[39m
      [36m/>[39m
      [36m<span[39m
        [33mclass[39m=[32m"text-sm font-medium"[39m
      [36m>[39m
        [0mOffline[0m
      [36m</span>[39m
    [36m</div>[39m

    Ignored nodes: comments, script, style
    [36m<div[39m
      [33mclass[39m=[32m"w-2 h-2 rounded-full bg-red-500"[39m
    [36m/>[39m

    Ignored nodes: comments, script, style
    [36m<span[39m
      [33mclass[39m=[32m"text-sm font-medium"[39m
    [36m>[39m
      [0mOffline[0m
    [36m</span>[39m

    Ignored nodes: comments, script, style
    [36m<div[39m
      [33mclass[39m=[32m"flex items-center gap-2"[39m
    [36m>[39m
      [36m<div[39m
        [33mclass[39m=[32m"text-sm text-gray-500"[39m
      [36m>[39m
        [0mNo active collaborators[0m
      [36m</div>[39m
    [36m</div>[39m

    Ignored nodes: comments, script, style
    [36m<div[39m
      [33mclass[39m=[32m"text-sm text-gray-500"[39m
    [36m>[39m
      [0mNo active collaborators[0m
    [36m</div>[39m

    Ignored nodes: comments, script, style
    [36m<div[39m
      [33mclass[39m=[32m"mt-2 pt-2 border-t"[39m
    [36m>[39m
      [36m<button[39m
        [33mclass[39m=[32m"inline-flex items-center justify-center font-medium rounded-md focus:outline-none focus:ring-2 focus:ring-offset-2 transition-colors duration-200 disabled:opacity-50 disabled:cursor-not-allowed px-3 py-1.5 text-sm border border-gray-300 bg-white text-gray-700 hover:bg-gray-50 focus:ring-blue-500 w-full flex items-center gap-2"[39m
      [36m>[39m
        [36m<svg[39m
          [33mclass[39m=[32m"w-4 h-4"[39m
          [33mfill[39m=[32m"none"[39m
          [33mstroke[39m=[32m"currentColor"[39m
          [33mviewBox[39m=[32m"0 0 24 24"[39m
        [36m>[39m
          [36m<path[39m
            [33md[39m=[32m"M12 6v6m0 0v6m0-6h6m-6 0H6"[39m
            [33mstroke-linecap[39m=[32m"round"[39m
            [33mstroke-linejoin[39m=[32m"round"[39m
            [33mstroke-width[39m=[32m"2"[39m
          [36m/>[39m
        [36m</svg>[39m
        [0mInvite others[0m
      [36m</button>[39m
    [36m</div>[39m

    Ignored nodes: comments, script, style
    [36m<div[39m
      [33mclass[39m=[32m"absolute bottom-4 right-4 bg-white shadow-lg rounded-lg px-3 py-2 text-sm text-gray-600 border"[39m
      [33mstyle[39m=[32m"z-index: 100;"[39m
    [36m>[39m
      [36m<span>[39m
        [0mBoard: [0m
        [0mtest-board-123[0m
      [36m</span>[39m
    [36m</div>[39m

    Ignored nodes: comments, script, style
    [36m<span>[39m
      [0mBoard: [0m
      [0mtest-board-123[0m
    [36m</span>[39m

    Ignored nodes: comments, script, style
    [36m<div[39m
      [33mclass[39m=[32m"sr-only"[39m
    [36m>[39m
      [36m<div>[39m
        [0mUse V for select, S for sticky note, R for rectangle, C for circle, T for text[0m
      [36m</div>[39m
      [36m<div>[39m
        [0mUse Ctrl+A to select all, Escape to clear selection[0m
      [36m</div>[39m
      [36m<div>[39m
        [0mUse Delete to remove selected elements[0m
      [36m</div>[39m
      [36m<div>[39m
        [0mUse Ctrl+Plus/Minus to zoom, Ctrl+0 to reset zoom[0m
      [36m</div>[39m
    [36m</div>[39m

    Ignored nodes: comments, script, style
    [36m<div>[39m
      [0mUse V for select, S for sticky note, R for rectangle, C for circle, T for text[0m
    [36m</div>[39m

    Ignored nodes: comments, script, style
    [36m<div>[39m
      [0mUse Ctrl+A to select all, Escape to clear selection[0m
    [36m</div>[39m

    Ignored nodes: comments, script, style
    [36m<div>[39m
      [0mUse Delete to remove selected elements[0m
    [36m</div>[39m

    Ignored nodes: comments, script, style
    [36m<div>[39m
      [0mUse Ctrl+Plus/Minus to zoom, Ctrl+0 to reset zoom[0m
    [36m</div>[39m

    (If this is intentional, then use the `*AllBy*` variant of the query (like `queryAllByText`, `getAllByText`, or `findAllByText`)).

    Ignored nodes: comments, script, style
    [36m<body>[39m
      [36m<div>[39m
        [36m<div[39m
          [33mclass[39m=[32m"fixed inset-0 overflow-hidden bg-white focus:outline-none"[39m
          [33mstyle[39m=[32m"margin: 0px; padding: 0px;"[39m
          [33mtabindex[39m=[32m"0"[39m
        [36m>[39m
          [36m<div[39m
            [33mclass[39m=[32m"canvas-container fixed inset-0 cursor-crosshair touch-none select-none bg-gray-50 w-full h-full"[39m
            [33mstyle[39m=[32m"position: fixed; inset: 0; top: 0px; right: 0px; bottom: 0px; left: 0px; width: 100%; height: 100%; margin: 0px; padding: 0px; will-change: transform; transform: translateZ(0); z-index: 0;"[39m
          [36m>[39m
            [36m<canvas[39m
              [33mclass[39m=[32m"absolute inset-0 pointer-events-none z-0"[39m
              [33mstyle[39m=[32m"mix-blend-mode: multiply;"[39m
            [36m/>[39m
            [36m<div[39m
              [33mclass[39m=[32m"absolute inset-0 flex items-center justify-center bg-white bg-opacity-75 z-50"[39m
            [36m>[39m
              [36m<div[39m
                [33mclass[39m=[32m"animate-spin rounded-full border-2 border-gray-300 border-t-blue-600 w-8 h-8"[39m
              [36m/>[39m
            [36m</div>[39m
          [36m</div>[39m
          [36m<div[39m
            [33mclass[39m=[32m"toolbar"[39m
            [33mstyle[39m=[32m"position: fixed; top: 16px; left: 50%; transform: translateX(-50%); z-index: 100;"[39m
          [36m>[39m
            [36m<div[39m
              [33mclass[39m=[32m"absolute top-4 left-1/2 transform -translate-x-1/2 z-40 flex items-center gap-2 bg-white shadow-lg rounded-lg border p-2"[39m
            [36m>[39m
              [36m<div[39m
                [33mclass[39m=[32m"flex items-center gap-1"[39m
              [36m>[39m
                [36m<div[39m
                  [33mclass[39m=[32m"relative inline-block"[39m
                [36m>[39m
                  [36m<button[39m
                    [33mclass[39m=[32m"inline-flex items-center justify-center font-medium rounded-md focus:outline-none focus:ring-2 focus:ring-offset-2 transition-colors duration-200 disabled:opacity-50 disabled:cursor-not-allowed px-3 py-1.5 text-sm text-gray-600 hover:text-gray-900 hover:bg-gray-100 focus:ring-gray-500"[39m
                    [33mdisabled[39m=[32m""[39m
                  [36m>[39m
                    [36m<svg[39m
                      [33mclass[39m=[32m"w-4 h-4"[39m
                      [33mfill[39m=[32m"none"[39m
                      [33mstroke[39m=[32m"currentColor"[39m
                      [33mviewBox[39m=[32m"0 0 24 24"[39m
                    [36m>[39m
                      [36m<path[39m
                        [33md[39m=[32m"M3 10h10a8 8 0 018 8v2M3 10l6 6m-6-6l6-6"[39m
                        [33mstroke-linecap[39m=[32m"round"[39m
                        [33mstroke-linejoin[39m=[32m"round"[39m
                        [33mstroke-width[39m=[32m"2"[39m
                      [36m/>[39m
                    [36m</svg>[39m
                  [36m</button>[39m
                [36m</div>[39m
                [36m<div[39m
                  [33mclass[39m=[32m"relative inline-block"[39m
                [36m>[39m
                  [36m<button[39m
                    [33mclass[39m=[32m"inline-flex items-center justify-center font-medium rounded-md focus:outline-none focus:ring-2 focus:ring-offset-2 transition-colors duration-200 disabled:opacity-50 disabled:cursor-not-allowed px-3 py-1.5 text-sm text-gray-600 hover:text-gray-900 hover:bg-gray-100 focus:ring-gray-500"[39m
                    [33mdisabled[39m=[32m""[39m
                  [36m>[39m
                    [36m<svg[39m
                      [33mclass[39m=[32m"w-4 h-4"[39m
                      [33mfill[39m=[32m"none"[39m
                      [33mstroke[39m=[32m"currentColor"[39m
                      [33mviewBox[39m=[32m"0 0 24 24"[39m
                    [36m>[39m
                      [36m<path[39m
                        [33md[39m=[32m"M21 10h-10a8 8 0 00-8 8v2m18-10l-6 6m6-6l-6-6"[39m
                        [33mstroke-linecap[39m=[32m"round"[39m
                        [33mstroke-linejoin[39m=[32m"round"[39m
                        [33mstroke-width[39m=[32m"2"[39m
                      [36m/>[39m
                    [36m</svg>[39m
                  [36m</button>[39m
                [36m</div>[39m
                [36m<div[39m
                  [33mclass[39m=[32m"w-px h-6 bg-gray-200 mx-1"[39m
                [36m/>[39m
              [36m</div>[39m
              [36m<div[39m
                [33mclass[39m=[32m"flex items-center gap-1"[39m
              [36m>[39m
                [36m<div[39m
                  [33mclass[39m=[32m"relative inline-block"[39m
                [36m>[39m
                  [36m<button[39m
                    [33mclass[39m=[32m"inline-flex items-center justify-center font-medium rounded-md focus:outline-none focus:ring-2 focus:ring-offset-2 transition-colors duration-200 disabled:opacity-50 disabled:cursor-not-allowed px-3 py-1.5 text-sm text-gray-600 hover:text-gray-900 hover:bg-gray-100 focus:ring-gray-500"[39m
                  [36m>[39m
                    [36m<svg[39m
                      [33mclass[39m=[32m"w-4 h-4"[39m
                      [33mfill[39m=[32m"none"[39m
                      [33mstroke[39m=[32m"currentColor"[39m
                      [33mviewBox[39m=[32m"0 0 24 24"[39m
                    [36m>[39m
                      [36m<circle[39m
                        [33mcx[39m=[32m"11"[39m
                        [33mcy[39m=[32m"11"[39m
                        [33mr[39m=[32m"8"[39m
                        [33mstroke-width[39m=[32m"2"[39m
                      [36m/>[39m
                      [36m<path[39m
                        [33md[39m=[32m"m21 21-4.35-4.35M8 11h6"[39m
                        [33mstroke-width[39m=[32m"2"[39m
                      [36m/>[39m
                    [36m</svg>[39m
                  [36m</button>[39m
                [36m</div>[39m
                [36m<div[39m
                  [33mclass[39m=[32m"relative inline-block"[39m
                [36m>[39m
                  [36m<button[39m
                    [33mclass[39m=[32m"inline-flex items-center justify-center font-medium rounded-md focus:outline-none focus:ring-2 focus:ring-offset-2 transition-colors duration-200 disabled:opacity-50 disabled:cursor-not-allowed px-3 py-1.5 text-sm text-gray-600 hover:text-gray-900 hover:bg-gray-100 focus:ring-gray-500 min-w-16 text-sm font-mono"[39m
                  [36m>[39m
                    [0m100[0m
                    [0m%[0m
                  [36m</button>[39m
                [36m</div>[39m
                [36m<div[39m
                  [33mclass[39m=[32m"relative inline-block"[39m
                [36m>[39m
                  [36m<button[39m
                    [33mclass[39m=[32m"inline-flex items-center justify-center font-medium rounded-md focus:outline-none focus:ring-2 focus:ring-offset-2 transition-colors duration-200 disabled:opacity-50 disabled:cursor-not-allowed px-3 py-1.5 text-sm text-gray-600 hover:text-gray-900 hover:bg-gray-100 focus:ring-gray-500"[39m
                  [36m...

      189 |       render(<Whiteboard boardId={mockBoardId} />)
      190 |       
    > 191 |       const canvasContainer = screen.getByRole('generic', { hidden: true })
          |                                      ^
      192 |       
      193 |       // Test mouse down
      194 |       fireEvent.mouseDown(canvasContainer, { clientX: 100, clientY: 150 })

      at Object.getElementError (node_modules/@testing-library/react/node_modules/@testing-library/dom/dist/config.js:37:19)
      at getElementError (node_modules/@testing-library/react/node_modules/@testing-library/dom/dist/query-helpers.js:20:35)
      at getMultipleElementsFoundError (node_modules/@testing-library/react/node_modules/@testing-library/dom/dist/query-helpers.js:23:10)
      at node_modules/@testing-library/react/node_modules/@testing-library/dom/dist/query-helpers.js:55:13
      at node_modules/@testing-library/react/node_modules/@testing-library/dom/dist/query-helpers.js:95:19
      at Object.getByRole (src/__tests__/integration/whiteboard-integration.test.tsx:191:38)

  ● Whiteboard Integration Tests › Canvas Interaction › should create elements when clicking with creation tools

    TestingLibraryElementError: Found multiple elements with the role "generic"

    Here are the matching elements:

    Ignored nodes: comments, script, style
    [36m<div>[39m
      [36m<div[39m
        [33mclass[39m=[32m"fixed inset-0 overflow-hidden bg-white focus:outline-none"[39m
        [33mstyle[39m=[32m"margin: 0px; padding: 0px;"[39m
        [33mtabindex[39m=[32m"0"[39m
      [36m>[39m
        [36m<div[39m
          [33mclass[39m=[32m"canvas-container fixed inset-0 cursor-crosshair touch-none select-none bg-gray-50 w-full h-full"[39m
          [33mstyle[39m=[32m"position: fixed; inset: 0; top: 0px; right: 0px; bottom: 0px; left: 0px; width: 100%; height: 100%; margin: 0px; padding: 0px; will-change: transform; transform: translateZ(0); z-index: 0;"[39m
        [36m>[39m
          [36m<canvas[39m
            [33mclass[39m=[32m"absolute inset-0 pointer-events-none z-0"[39m
            [33mstyle[39m=[32m"mix-blend-mode: multiply;"[39m
          [36m/>[39m
          [36m<div[39m
            [33mclass[39m=[32m"absolute inset-0 flex items-center justify-center bg-white bg-opacity-75 z-50"[39m
          [36m>[39m
            [36m<div[39m
              [33mclass[39m=[32m"animate-spin rounded-full border-2 border-gray-300 border-t-blue-600 w-8 h-8"[39m
            [36m/>[39m
          [36m</div>[39m
        [36m</div>[39m
        [36m<div[39m
          [33mclass[39m=[32m"toolbar"[39m
          [33mstyle[39m=[32m"position: fixed; top: 16px; left: 50%; transform: translateX(-50%); z-index: 100;"[39m
        [36m>[39m
          [36m<div[39m
            [33mclass[39m=[32m"absolute top-4 left-1/2 transform -translate-x-1/2 z-40 flex items-center gap-2 bg-white shadow-lg rounded-lg border p-2"[39m
          [36m>[39m
            [36m<div[39m
              [33mclass[39m=[32m"flex items-center gap-1"[39m
            [36m>[39m
              [36m<div[39m
                [33mclass[39m=[32m"relative inline-block"[39m
              [36m>[39m
                [36m<button[39m
                  [33mclass[39m=[32m"inline-flex items-center justify-center font-medium rounded-md focus:outline-none focus:ring-2 focus:ring-offset-2 transition-colors duration-200 disabled:opacity-50 disabled:cursor-not-allowed px-3 py-1.5 text-sm text-gray-600 hover:text-gray-900 hover:bg-gray-100 focus:ring-gray-500"[39m
                  [33mdisabled[39m=[32m""[39m
                [36m>[39m
                  [36m<svg[39m
                    [33mclass[39m=[32m"w-4 h-4"[39m
                    [33mfill[39m=[32m"none"[39m
                    [33mstroke[39m=[32m"currentColor"[39m
                    [33mviewBox[39m=[32m"0 0 24 24"[39m
                  [36m>[39m
                    [36m<path[39m
                      [33md[39m=[32m"M3 10h10a8 8 0 018 8v2M3 10l6 6m-6-6l6-6"[39m
                      [33mstroke-linecap[39m=[32m"round"[39m
                      [33mstroke-linejoin[39m=[32m"round"[39m
                      [33mstroke-width[39m=[32m"2"[39m
                    [36m/>[39m
                  [36m</svg>[39m
                [36m</button>[39m
              [36m</div>[39m
              [36m<div[39m
                [33mclass[39m=[32m"relative inline-block"[39m
              [36m>[39m
                [36m<button[39m
                  [33mclass[39m=[32m"inline-flex items-center justify-center font-medium rounded-md focus:outline-none focus:ring-2 focus:ring-offset-2 transition-colors duration-200 disabled:opacity-50 disabled:cursor-not-allowed px-3 py-1.5 text-sm text-gray-600 hover:text-gray-900 hover:bg-gray-100 focus:ring-gray-500"[39m
                  [33mdisabled[39m=[32m""[39m
                [36m>[39m
                  [36m<svg[39m
                    [33mclass[39m=[32m"w-4 h-4"[39m
                    [33mfill[39m=[32m"none"[39m
                    [33mstroke[39m=[32m"currentColor"[39m
                    [33mviewBox[39m=[32m"0 0 24 24"[39m
                  [36m>[39m
                    [36m<path[39m
                      [33md[39m=[32m"M21 10h-10a8 8 0 00-8 8v2m18-10l-6 6m6-6l-6-6"[39m
                      [33mstroke-linecap[39m=[32m"round"[39m
                      [33mstroke-linejoin[39m=[32m"round"[39m
                      [33mstroke-width[39m=[32m"2"[39m
                    [36m/>[39m
                  [36m</svg>[39m
                [36m</button>[39m
              [36m</div>[39m
              [36m<div[39m
                [33mclass[39m=[32m"w-px h-6 bg-gray-200 mx-1"[39m
              [36m/>[39m
            [36m</div>[39m
            [36m<div[39m
              [33mclass[39m=[32m"flex items-center gap-1"[39m
            [36m>[39m
              [36m<div[39m
                [33mclass[39m=[32m"relative inline-block"[39m
              [36m>[39m
                [36m<button[39m
                  [33mclass[39m=[32m"inline-flex items-center justify-center font-medium rounded-md focus:outline-none focus:ring-2 focus:ring-offset-2 transition-colors duration-200 disabled:opacity-50 disabled:cursor-not-allowed px-3 py-1.5 text-sm text-gray-600 hover:text-gray-900 hover:bg-gray-100 focus:ring-gray-500"[39m
                [36m>[39m
                  [36m<svg[39m
                    [33mclass[39m=[32m"w-4 h-4"[39m
                    [33mfill[39m=[32m"none"[39m
                    [33mstroke[39m=[32m"currentColor"[39m
                    [33mviewBox[39m=[32m"0 0 24 24"[39m
                  [36m>[39m
                    [36m<circle[39m
                      [33mcx[39m=[32m"11"[39m
                      [33mcy[39m=[32m"11"[39m
                      [33mr[39m=[32m"8"[39m
                      [33mstroke-width[39m=[32m"2"[39m
                    [36m/>[39m
                    [36m<path[39m
                      [33md[39m=[32m"m21 21-4.35-4.35M8 11h6"[39m
                      [33mstroke-width[39m=[32m"2"[39m
                    [36m/>[39m
                  [36m</svg>[39m
                [36m</button>[39m
              [36m</div>[39m
              [36m<div[39m
                [33mclass[39m=[32m"relative inline-block"[39m
              [36m>[39m
                [36m<button[39m
                  [33mclass[39m=[32m"inline-flex items-center justify-center font-medium rounded-md focus:outline-none focus:ring-2 focus:ring-offset-2 transition-colors duration-200 disabled:opacity-50 disabled:cursor-not-allowed px-3 py-1.5 text-sm text-gray-600 hover:text-gray-900 hover:bg-gray-100 focus:ring-gray-500 min-w-16 text-sm font-mono"[39m
                [36m>[39m
                  [0m100[0m
                  [0m%[0m
                [36m</button>[39m
              [36m</div>[39m
              [36m<div[39m
                [33mclass[39m=[32m"relative inline-block"[39m
              [36m>[39m
                [36m<button[39m
                  [33mclass[39m=[32m"inline-flex items-center justify-center font-medium rounded-md focus:outline-none focus:ring-2 focus:ring-offset-2 transition-colors duration-200 disabled:opacity-50 disabled:cursor-not-allowed px-3 py-1.5 text-sm text-gray-600 hover:text-gray-900 hover:bg-gray-100 focus:ring-gray-500"[39m
                [36m>[39m
                  [36m<svg[39m
                    [33mclass[39m=[32m"w-4 h-4"[39m
                    [33mfill[39m=[32m"none"[39m
                    [33mstroke[39m=[32m"currentColor"[39m
                    [33mviewBox[39m=[32m"0 0 24 24"[39m
                  ...

    Ignored nodes: comments, script, style
    [36m<div[39m
      [33mclass[39m=[32m"fixed inset-0 overflow-hidden bg-white focus:outline-none"[39m
      [33mstyle[39m=[32m"margin: 0px; padding: 0px;"[39m
      [33mtabindex[39m=[32m"0"[39m
    [36m>[39m
      [36m<div[39m
        [33mclass[39m=[32m"canvas-container fixed inset-0 cursor-crosshair touch-none select-none bg-gray-50 w-full h-full"[39m
        [33mstyle[39m=[32m"position: fixed; inset: 0; top: 0px; right: 0px; bottom: 0px; left: 0px; width: 100%; height: 100%; margin: 0px; padding: 0px; will-change: transform; transform: translateZ(0); z-index: 0;"[39m
      [36m>[39m
        [36m<canvas[39m
          [33mclass[39m=[32m"absolute inset-0 pointer-events-none z-0"[39m
          [33mstyle[39m=[32m"mix-blend-mode: multiply;"[39m
        [36m/>[39m
        [36m<div[39m
          [33mclass[39m=[32m"absolute inset-0 flex items-center justify-center bg-white bg-opacity-75 z-50"[39m
        [36m>[39m
          [36m<div[39m
            [33mclass[39m=[32m"animate-spin rounded-full border-2 border-gray-300 border-t-blue-600 w-8 h-8"[39m
          [36m/>[39m
        [36m</div>[39m
      [36m</div>[39m
      [36m<div[39m
        [33mclass[39m=[32m"toolbar"[39m
        [33mstyle[39m=[32m"position: fixed; top: 16px; left: 50%; transform: translateX(-50%); z-index: 100;"[39m
      [36m>[39m
        [36m<div[39m
          [33mclass[39m=[32m"absolute top-4 left-1/2 transform -translate-x-1/2 z-40 flex items-center gap-2 bg-white shadow-lg rounded-lg border p-2"[39m
        [36m>[39m
          [36m<div[39m
            [33mclass[39m=[32m"flex items-center gap-1"[39m
          [36m>[39m
            [36m<div[39m
              [33mclass[39m=[32m"relative inline-block"[39m
            [36m>[39m
              [36m<button[39m
                [33mclass[39m=[32m"inline-flex items-center justify-center font-medium rounded-md focus:outline-none focus:ring-2 focus:ring-offset-2 transition-colors duration-200 disabled:opacity-50 disabled:cursor-not-allowed px-3 py-1.5 text-sm text-gray-600 hover:text-gray-900 hover:bg-gray-100 focus:ring-gray-500"[39m
                [33mdisabled[39m=[32m""[39m
              [36m>[39m
                [36m<svg[39m
                  [33mclass[39m=[32m"w-4 h-4"[39m
                  [33mfill[39m=[32m"none"[39m
                  [33mstroke[39m=[32m"currentColor"[39m
                  [33mviewBox[39m=[32m"0 0 24 24"[39m
                [36m>[39m
                  [36m<path[39m
                    [33md[39m=[32m"M3 10h10a8 8 0 018 8v2M3 10l6 6m-6-6l6-6"[39m
                    [33mstroke-linecap[39m=[32m"round"[39m
                    [33mstroke-linejoin[39m=[32m"round"[39m
                    [33mstroke-width[39m=[32m"2"[39m
                  [36m/>[39m
                [36m</svg>[39m
              [36m</button>[39m
            [36m</div>[39m
            [36m<div[39m
              [33mclass[39m=[32m"relative inline-block"[39m
            [36m>[39m
              [36m<button[39m
                [33mclass[39m=[32m"inline-flex items-center justify-center font-medium rounded-md focus:outline-none focus:ring-2 focus:ring-offset-2 transition-colors duration-200 disabled:opacity-50 disabled:cursor-not-allowed px-3 py-1.5 text-sm text-gray-600 hover:text-gray-900 hover:bg-gray-100 focus:ring-gray-500"[39m
                [33mdisabled[39m=[32m""[39m
              [36m>[39m
                [36m<svg[39m
                  [33mclass[39m=[32m"w-4 h-4"[39m
                  [33mfill[39m=[32m"none"[39m
                  [33mstroke[39m=[32m"currentColor"[39m
                  [33mviewBox[39m=[32m"0 0 24 24"[39m
                [36m>[39m
                  [36m<path[39m
                    [33md[39m=[32m"M21 10h-10a8 8 0 00-8 8v2m18-10l-6 6m6-6l-6-6"[39m
                    [33mstroke-linecap[39m=[32m"round"[39m
                    [33mstroke-linejoin[39m=[32m"round"[39m
                    [33mstroke-width[39m=[32m"2"[39m
                  [36m/>[39m
                [36m</svg>[39m
              [36m</button>[39m
            [36m</div>[39m
            [36m<div[39m
              [33mclass[39m=[32m"w-px h-6 bg-gray-200 mx-1"[39m
            [36m/>[39m
          [36m</div>[39m
          [36m<div[39m
            [33mclass[39m=[32m"flex items-center gap-1"[39m
          [36m>[39m
            [36m<div[39m
              [33mclass[39m=[32m"relative inline-block"[39m
            [36m>[39m
              [36m<button[39m
                [33mclass[39m=[32m"inline-flex items-center justify-center font-medium rounded-md focus:outline-none focus:ring-2 focus:ring-offset-2 transition-colors duration-200 disabled:opacity-50 disabled:cursor-not-allowed px-3 py-1.5 text-sm text-gray-600 hover:text-gray-900 hover:bg-gray-100 focus:ring-gray-500"[39m
              [36m>[39m
                [36m<svg[39m
                  [33mclass[39m=[32m"w-4 h-4"[39m
                  [33mfill[39m=[32m"none"[39m
                  [33mstroke[39m=[32m"currentColor"[39m
                  [33mviewBox[39m=[32m"0 0 24 24"[39m
                [36m>[39m
                  [36m<circle[39m
                    [33mcx[39m=[32m"11"[39m
                    [33mcy[39m=[32m"11"[39m
                    [33mr[39m=[32m"8"[39m
                    [33mstroke-width[39m=[32m"2"[39m
                  [36m/>[39m
                  [36m<path[39m
                    [33md[39m=[32m"m21 21-4.35-4.35M8 11h6"[39m
                    [33mstroke-width[39m=[32m"2"[39m
                  [36m/>[39m
                [36m</svg>[39m
              [36m</button>[39m
            [36m</div>[39m
            [36m<div[39m
              [33mclass[39m=[32m"relative inline-block"[39m
            [36m>[39m
              [36m<button[39m
                [33mclass[39m=[32m"inline-flex items-center justify-center font-medium rounded-md focus:outline-none focus:ring-2 focus:ring-offset-2 transition-colors duration-200 disabled:opacity-50 disabled:cursor-not-allowed px-3 py-1.5 text-sm text-gray-600 hover:text-gray-900 hover:bg-gray-100 focus:ring-gray-500 min-w-16 text-sm font-mono"[39m
              [36m>[39m
                [0m100[0m
                [0m%[0m
              [36m</button>[39m
            [36m</div>[39m
            [36m<div[39m
              [33mclass[39m=[32m"relative inline-block"[39m
            [36m>[39m
              [36m<button[39m
                [33mclass[39m=[32m"inline-flex items-center justify-center font-medium rounded-md focus:outline-none focus:ring-2 focus:ring-offset-2 transition-colors duration-200 disabled:opacity-50 disabled:cursor-not-allowed px-3 py-1.5 text-sm text-gray-600 hover:text-gray-900 hover:bg-gray-100 focus:ring-gray-500"[39m
              [36m>[39m
                [36m<svg[39m
                  [33mclass[39m=[32m"w-4 h-4"[39m
                  [33mfill[39m=[32m"none"[39m
                  [33mstroke[39m=[32m"currentColor"[39m
                  [33mviewBox[39m=[32m"0 0 24 24"[39m
                [36m>[39m
                  [36m<circle[39m
                    [33mcx[39m=[32m"11"[39m
                    [33mcy[39m=[32m"11"[39m
                    [33mr[39m=[32m"8"[39m
                    [33mstroke-width[39m=[32m"2"[39m
                  [36m/>[39m
                  [36m<p...

    Ignored nodes: comments, script, style
    [36m<div[39m
      [33mclass[39m=[32m"canvas-container fixed inset-0 cursor-crosshair touch-none select-none bg-gray-50 w-full h-full"[39m
      [33mstyle[39m=[32m"position: fixed; inset: 0; top: 0px; right: 0px; bottom: 0px; left: 0px; width: 100%; height: 100%; margin: 0px; padding: 0px; will-change: transform; transform: translateZ(0); z-index: 0;"[39m
    [36m>[39m
      [36m<canvas[39m
        [33mclass[39m=[32m"absolute inset-0 pointer-events-none z-0"[39m
        [33mstyle[39m=[32m"mix-blend-mode: multiply;"[39m
      [36m/>[39m
      [36m<div[39m
        [33mclass[39m=[32m"absolute inset-0 flex items-center justify-center bg-white bg-opacity-75 z-50"[39m
      [36m>[39m
        [36m<div[39m
          [33mclass[39m=[32m"animate-spin rounded-full border-2 border-gray-300 border-t-blue-600 w-8 h-8"[39m
        [36m/>[39m
      [36m</div>[39m
    [36m</div>[39m

    Ignored nodes: comments, script, style
    [36m<div[39m
      [33mclass[39m=[32m"absolute inset-0 flex items-center justify-center bg-white bg-opacity-75 z-50"[39m
    [36m>[39m
      [36m<div[39m
        [33mclass[39m=[32m"animate-spin rounded-full border-2 border-gray-300 border-t-blue-600 w-8 h-8"[39m
      [36m/>[39m
    [36m</div>[39m

    Ignored nodes: comments, script, style
    [36m<div[39m
      [33mclass[39m=[32m"animate-spin rounded-full border-2 border-gray-300 border-t-blue-600 w-8 h-8"[39m
    [36m/>[39m

    Ignored nodes: comments, script, style
    [36m<div[39m
      [33mclass[39m=[32m"toolbar"[39m
      [33mstyle[39m=[32m"position: fixed; top: 16px; left: 50%; transform: translateX(-50%); z-index: 100;"[39m
    [36m>[39m
      [36m<div[39m
        [33mclass[39m=[32m"absolute top-4 left-1/2 transform -translate-x-1/2 z-40 flex items-center gap-2 bg-white shadow-lg rounded-lg border p-2"[39m
      [36m>[39m
        [36m<div[39m
          [33mclass[39m=[32m"flex items-center gap-1"[39m
        [36m>[39m
          [36m<div[39m
            [33mclass[39m=[32m"relative inline-block"[39m
          [36m>[39m
            [36m<button[39m
              [33mclass[39m=[32m"inline-flex items-center justify-center font-medium rounded-md focus:outline-none focus:ring-2 focus:ring-offset-2 transition-colors duration-200 disabled:opacity-50 disabled:cursor-not-allowed px-3 py-1.5 text-sm text-gray-600 hover:text-gray-900 hover:bg-gray-100 focus:ring-gray-500"[39m
              [33mdisabled[39m=[32m""[39m
            [36m>[39m
              [36m<svg[39m
                [33mclass[39m=[32m"w-4 h-4"[39m
                [33mfill[39m=[32m"none"[39m
                [33mstroke[39m=[32m"currentColor"[39m
                [33mviewBox[39m=[32m"0 0 24 24"[39m
              [36m>[39m
                [36m<path[39m
                  [33md[39m=[32m"M3 10h10a8 8 0 018 8v2M3 10l6 6m-6-6l6-6"[39m
                  [33mstroke-linecap[39m=[32m"round"[39m
                  [33mstroke-linejoin[39m=[32m"round"[39m
                  [33mstroke-width[39m=[32m"2"[39m
                [36m/>[39m
              [36m</svg>[39m
            [36m</button>[39m
          [36m</div>[39m
          [36m<div[39m
            [33mclass[39m=[32m"relative inline-block"[39m
          [36m>[39m
            [36m<button[39m
              [33mclass[39m=[32m"inline-flex items-center justify-center font-medium rounded-md focus:outline-none focus:ring-2 focus:ring-offset-2 transition-colors duration-200 disabled:opacity-50 disabled:cursor-not-allowed px-3 py-1.5 text-sm text-gray-600 hover:text-gray-900 hover:bg-gray-100 focus:ring-gray-500"[39m
              [33mdisabled[39m=[32m""[39m
            [36m>[39m
              [36m<svg[39m
                [33mclass[39m=[32m"w-4 h-4"[39m
                [33mfill[39m=[32m"none"[39m
                [33mstroke[39m=[32m"currentColor"[39m
                [33mviewBox[39m=[32m"0 0 24 24"[39m
              [36m>[39m
                [36m<path[39m
                  [33md[39m=[32m"M21 10h-10a8 8 0 00-8 8v2m18-10l-6 6m6-6l-6-6"[39m
                  [33mstroke-linecap[39m=[32m"round"[39m
                  [33mstroke-linejoin[39m=[32m"round"[39m
                  [33mstroke-width[39m=[32m"2"[39m
                [36m/>[39m
              [36m</svg>[39m
            [36m</button>[39m
          [36m</div>[39m
          [36m<div[39m
            [33mclass[39m=[32m"w-px h-6 bg-gray-200 mx-1"[39m
          [36m/>[39m
        [36m</div>[39m
        [36m<div[39m
          [33mclass[39m=[32m"flex items-center gap-1"[39m
        [36m>[39m
          [36m<div[39m
            [33mclass[39m=[32m"relative inline-block"[39m
          [36m>[39m
            [36m<button[39m
              [33mclass[39m=[32m"inline-flex items-center justify-center font-medium rounded-md focus:outline-none focus:ring-2 focus:ring-offset-2 transition-colors duration-200 disabled:opacity-50 disabled:cursor-not-allowed px-3 py-1.5 text-sm text-gray-600 hover:text-gray-900 hover:bg-gray-100 focus:ring-gray-500"[39m
            [36m>[39m
              [36m<svg[39m
                [33mclass[39m=[32m"w-4 h-4"[39m
                [33mfill[39m=[32m"none"[39m
                [33mstroke[39m=[32m"currentColor"[39m
                [33mviewBox[39m=[32m"0 0 24 24"[39m
              [36m>[39m
                [36m<circle[39m
                  [33mcx[39m=[32m"11"[39m
                  [33mcy[39m=[32m"11"[39m
                  [33mr[39m=[32m"8"[39m
                  [33mstroke-width[39m=[32m"2"[39m
                [36m/>[39m
                [36m<path[39m
                  [33md[39m=[32m"m21 21-4.35-4.35M8 11h6"[39m
                  [33mstroke-width[39m=[32m"2"[39m
                [36m/>[39m
              [36m</svg>[39m
            [36m</button>[39m
          [36m</div>[39m
          [36m<div[39m
            [33mclass[39m=[32m"relative inline-block"[39m
          [36m>[39m
            [36m<button[39m
              [33mclass[39m=[32m"inline-flex items-center justify-center font-medium rounded-md focus:outline-none focus:ring-2 focus:ring-offset-2 transition-colors duration-200 disabled:opacity-50 disabled:cursor-not-allowed px-3 py-1.5 text-sm text-gray-600 hover:text-gray-900 hover:bg-gray-100 focus:ring-gray-500 min-w-16 text-sm font-mono"[39m
            [36m>[39m
              [0m100[0m
              [0m%[0m
            [36m</button>[39m
          [36m</div>[39m
          [36m<div[39m
            [33mclass[39m=[32m"relative inline-block"[39m
          [36m>[39m
            [36m<button[39m
              [33mclass[39m=[32m"inline-flex items-center justify-center font-medium rounded-md focus:outline-none focus:ring-2 focus:ring-offset-2 transition-colors duration-200 disabled:opacity-50 disabled:cursor-not-allowed px-3 py-1.5 text-sm text-gray-600 hover:text-gray-900 hover:bg-gray-100 focus:ring-gray-500"[39m
            [36m>[39m
              [36m<svg[39m
                [33mclass[39m=[32m"w-4 h-4"[39m
                [33mfill[39m=[32m"none"[39m
                [33mstroke[39m=[32m"currentColor"[39m
                [33mviewBox[39m=[32m"0 0 24 24"[39m
              [36m>[39m
                [36m<circle[39m
                  [33mcx[39m=[32m"11"[39m
                  [33mcy[39m=[32m"11"[39m
                  [33mr[39m=[32m"8"[39m
                  [33mstroke-width[39m=[32m"2"[39m
                [36m/>[39m
                [36m<path[39m
                  [33md[39m=[32m"m21 21-4.35-4.35M11 8v6M8 11h6"[39m
                  [33mstroke-width[39m=[32m"2"[39m
                [36m/>[39m
              [36m</svg>[39m
            [36m</button>[39m
          [36m</div>[39m
          [36m<div[39m
            [33mclass[39m=[32m"w-px h-6 bg-gray-200 mx-1"[39m
          [36m/>[39m
        [36m</div>[39m
        [36m<div[39m
          [33mclass[39m=[32m"flex items-center gap-1"[39m
        [36m>[39m
          [36m<div[39m
            [33mclass[39m=[32m"relative inline-block"[39m
          [36m>[39m
            [36m<button[39m
              [33mclass[39m=[32m"inline-flex items-center justify-center font-medium rounded-md focus:outline-none focus:ring-2 focus:ring-offset-2 transition-colors duration-200 disabled:opacity-50 disabled:cursor-not-allowed px-3 py-1.5 text-sm text-gray-600 hover:text-gray-900 hover:bg-gray-100 focus:ring-gray-500"[39m
              [33mdisabled[39m=[32m""[39m
            [36m>[39m
              [36m<svg[39m
                [33mclass[39m=[32m"w-4 h-4"[39m
                [33mfill[39m=[32m"none"[39m
                [33mstroke[39m=[32m"currentColor"[39m
                [33mviewBox[39m=[32m"0 0 24 24"[39m
              [36m>[39m
                [36m<path[39m
                  [33md[39m=[32m"M4 8V4m0 0h4M4 4l5 5m11-1V4m0 0h-4m4 0l-5 5M4 16v4m0 0h4m-4 0l5-5m11 5l-5-5m5 5v-4m0 4h-4"[39m
                  [33mstroke-linecap[39m=[32m"round"[39m
                  [33mstroke-linejoin[39m=[32m"round"[39m
                  [33mstroke-width[39m=[32m"2"[39m
                [36m/>[39m
              [36m</svg>[39m
            [36m</button>[39m
          [36m</div>[39m
          [36m<div[39m
            [33mclass[39m=[32m"relative inline-block"[39m
          [36m>[39m
            [36m<button[39m
              [33mclass[39m=[32m"inline-flex items-center justify-center font-medium rounded-md focus:outline-none focus:ring-2 focus:ring-offset-2 transition-colors duration-200 disabled:opacity-50 disabled:cursor-not-allowed px-3 py-1.5 text-sm text-gray-600 hover:text-gray-900 hover:bg-gray-100 focus:ring-gray-500 bg-blue-50 text-blue-600"[39m
            [36m>[39m
              [36m<svg[39m
                [33mclass[39m=[32m"w-4 h-4"[39m
                [33mfill[39m=[32m"none"[39m
                [33mstroke[39m=[32m"currentColor"[39m
                [33mviewBox[39m=[32m"0 0 24 24"[39m
              [36m>[39m
                [36m<rect[39m
                  [33mheight[39m=[32m"7"[39m
                  [33mstroke-width[39m=[32m"2"[39m
                  [33mwidth[39m=[32m"7"[39m
                  [33mx[39m=[32m"3"[39m
                  [33my[39m=[32m"3"[39m
                [36m/>[39m
                [36m<rect[39m
                  [33mheight[39m=[32m"7"[39m
                  [33mstroke-width[39m=[32m"2"[39m
                  [33mwidth[39m=[32m"7"[39m
                  [33mx[39m=[32m"14"[39m
                  [33my[39m=[32m"3"[39m
                [36m/>[39m
                [36m<rect[39m
                  [33mheight[39m=[32m"7"[39m
                  [33mstroke-width[39m=[32m"2"[39m
                  [33mwidth[39m=[32m"7"[39m
                  [33mx[39m=[32m"14"[39m
                  [33my[39m=[32m"14"[39m
                [36m/>[39m
                [36m<rect[39m
                  [33mheight[39m=[32m"7"[39m
                  [33mstroke-width[39m=[32m"2"[39m
                  [33mwidth[39m=[32m"7"[39m
                  [33mx[39m=[32m"3"[39m
                  [33my[39m=[32m"14"[39m
                [36m/>[39m
              [36m</svg>[39m
            [36m</button>[39m
          [36m</div>[39m
          [36m<div[39m
            [33mclass[39m=[32m"w-px h-6 bg-gray-200 mx-1"[39m
          [36m/>[39m
        [36m</div>[39m
        [36m<div[39m
          [33mclass[39m=[32m"flex items-center gap-1"[39m
        [36m>[39m
          [36m<div[39m
            [33mclass[39m=[32m"relative inline-block"[39m
          [36m>[39m
            [36m<button[39m
              [33mclass[39m=[32m"inline-flex items-center justify-center font-medium rounded-md focus:outline-none focus:ring-2 focus:ring-offset-2 transition-colors duration-200 disabled:opacity-50 disabled:cursor-not-allowed px-3 py-1.5 text-sm text-gray-600 hover:text-gray-900 hover:bg-gray-100 focus:ring-gray-500"[39m
              [33mdisabled[39m=[32m""[39m
            [36m>[39m
              [36m<svg[39m
                [33mclass[39m=[32m"w-4 h-4"[39m
                [33mfill[39m=[32m"none"[39m
                [33mstroke[39m=[32m"currentColor"[39m
                [33mviewBox[39m=[32m"0 0 24 24"[39m
              [36m>[39m
                [36m<path[39m
                  [33md[39m=[32m"M12 10v6m0 0l-3-3m3 3l3-3M3 17V7a2 2 0 012-2h6l2 2h6a2 2 0 012 2v10a2 2 0 01-2 2H5a2 2 0 01-2-2z"[39m
                  [33mstroke-linecap[39m=[32m"round"[39m
                  [33mstroke-linejoin[39m=[32m"round"[39m
                  [33mstroke-width[39m=[32m"2"[39m
                [36m/>[39m
              [36m</svg>[39m
            [36m</button>[39m
          [36m</div>[39m
          [36m<div[39m
            [33mclass[39m=[32m"w-px h-6 bg-gray-200 mx-1"[39m
          [36m/>[39m
        [36m</div>[39m
        [36m<div[39m
          [33mclass[39m=[32m"flex items-center gap-2"[39m
        [36m>[39m
          [36m<div[39m
            [33mclass[39m=[32m"relative inline-block"[39m
          [36m>[39m
            [36m<div[39m
              [33mclass[39m=[32m"w-2 h-2 rounded-full bg-red-500"[39m
            [36m/>[39m
          [36m</div>[39m
          [36m<div[39m
            [33mclass[39m=[32m"relative inline-block"[39m
          [36m>[39m
            [36m<button[39m
              [33mclass[39m=[32m"inline-flex items-center justify-center font-medium rounded-md focus:outline-none focus:ring-2 focus:ring-offset-2 transition-colors duration-200 disabled:opacity-50 disabled:cursor-not-allowed px-3 py-1.5 text-sm text-gray-600 hover:text-gray-900 hover:bg-gray-100 focus:ring-gray-500"[39m
            [36m>[39m
              [36m<svg[39m
                [33mclass[39m=[32m"w-4 h-4"[39m
                [33mfill[39m=[32m"none"[39m
                [33mstroke[39m=[32m"currentColor"[39m
                [33mviewBox[39m=[32m"0 0 24 24"[39m
              [36m>[39m
                [36m<path[39m
                  [33md[39m=[32m"M8.684 13.342C8.886 12.938 9 12.482 9 12c0-.482-.114-.938-.316-1.342m0 2.684a3 3 0 110-2.684m0 2.684l6.632 3.316m-6.632-6l6.632-3.316m0 0a3 3 0 105.367-2.684 3 3 0 00-5.367 2.684zm0 9.316a3 3 0 105.367 2.684 3 3 0 00-5.367-2.684z"[39m
                  [33mstroke-linecap[39m=[32m"round"[39m
                  [33mstroke-linejoin[39m=[32m"round"[39m
                  [33mstroke-width[39m=[32m"2"[39m
                [36m/>[39m
              [36m</svg>[39m
            [36m</button>[39m
          [36m</div>[39m
        [36m</div>[39m
        [36m<div[39m
          [33mclass[39m=[32m"text-xs text-gray-400 px-2"[39m
        [36m>[39m
          [0m0[0m
          [0m elements[0m
        [36m</div>[39m
      [36m</div>[39m
    [36m</div>[39m

    Ignored nodes: comments, script, style
    [36m<div[39m
      [33mclass[39m=[32m"absolute top-4 left-1/2 transform -translate-x-1/2 z-40 flex items-center gap-2 bg-white shadow-lg rounded-lg border p-2"[39m
    [36m>[39m
      [36m<div[39m
        [33mclass[39m=[32m"flex items-center gap-1"[39m
      [36m>[39m
        [36m<div[39m
          [33mclass[39m=[32m"relative inline-block"[39m
        [36m>[39m
          [36m<button[39m
            [33mclass[39m=[32m"inline-flex items-center justify-center font-medium rounded-md focus:outline-none focus:ring-2 focus:ring-offset-2 transition-colors duration-200 disabled:opacity-50 disabled:cursor-not-allowed px-3 py-1.5 text-sm text-gray-600 hover:text-gray-900 hover:bg-gray-100 focus:ring-gray-500"[39m
            [33mdisabled[39m=[32m""[39m
          [36m>[39m
            [36m<svg[39m
              [33mclass[39m=[32m"w-4 h-4"[39m
              [33mfill[39m=[32m"none"[39m
              [33mstroke[39m=[32m"currentColor"[39m
              [33mviewBox[39m=[32m"0 0 24 24"[39m
            [36m>[39m
              [36m<path[39m
                [33md[39m=[32m"M3 10h10a8 8 0 018 8v2M3 10l6 6m-6-6l6-6"[39m
                [33mstroke-linecap[39m=[32m"round"[39m
                [33mstroke-linejoin[39m=[32m"round"[39m
                [33mstroke-width[39m=[32m"2"[39m
              [36m/>[39m
            [36m</svg>[39m
          [36m</button>[39m
        [36m</div>[39m
        [36m<div[39m
          [33mclass[39m=[32m"relative inline-block"[39m
        [36m>[39m
          [36m<button[39m
            [33mclass[39m=[32m"inline-flex items-center justify-center font-medium rounded-md focus:outline-none focus:ring-2 focus:ring-offset-2 transition-colors duration-200 disabled:opacity-50 disabled:cursor-not-allowed px-3 py-1.5 text-sm text-gray-600 hover:text-gray-900 hover:bg-gray-100 focus:ring-gray-500"[39m
            [33mdisabled[39m=[32m""[39m
          [36m>[39m
            [36m<svg[39m
              [33mclass[39m=[32m"w-4 h-4"[39m
              [33mfill[39m=[32m"none"[39m
              [33mstroke[39m=[32m"currentColor"[39m
              [33mviewBox[39m=[32m"0 0 24 24"[39m
            [36m>[39m
              [36m<path[39m
                [33md[39m=[32m"M21 10h-10a8 8 0 00-8 8v2m18-10l-6 6m6-6l-6-6"[39m
                [33mstroke-linecap[39m=[32m"round"[39m
                [33mstroke-linejoin[39m=[32m"round"[39m
                [33mstroke-width[39m=[32m"2"[39m
              [36m/>[39m
            [36m</svg>[39m
          [36m</button>[39m
        [36m</div>[39m
        [36m<div[39m
          [33mclass[39m=[32m"w-px h-6 bg-gray-200 mx-1"[39m
        [36m/>[39m
      [36m</div>[39m
      [36m<div[39m
        [33mclass[39m=[32m"flex items-center gap-1"[39m
      [36m>[39m
        [36m<div[39m
          [33mclass[39m=[32m"relative inline-block"[39m
        [36m>[39m
          [36m<button[39m
            [33mclass[39m=[32m"inline-flex items-center justify-center font-medium rounded-md focus:outline-none focus:ring-2 focus:ring-offset-2 transition-colors duration-200 disabled:opacity-50 disabled:cursor-not-allowed px-3 py-1.5 text-sm text-gray-600 hover:text-gray-900 hover:bg-gray-100 focus:ring-gray-500"[39m
          [36m>[39m
            [36m<svg[39m
              [33mclass[39m=[32m"w-4 h-4"[39m
              [33mfill[39m=[32m"none"[39m
              [33mstroke[39m=[32m"currentColor"[39m
              [33mviewBox[39m=[32m"0 0 24 24"[39m
            [36m>[39m
              [36m<circle[39m
                [33mcx[39m=[32m"11"[39m
                [33mcy[39m=[32m"11"[39m
                [33mr[39m=[32m"8"[39m
                [33mstroke-width[39m=[32m"2"[39m
              [36m/>[39m
              [36m<path[39m
                [33md[39m=[32m"m21 21-4.35-4.35M8 11h6"[39m
                [33mstroke-width[39m=[32m"2"[39m
              [36m/>[39m
            [36m</svg>[39m
          [36m</button>[39m
        [36m</div>[39m
        [36m<div[39m
          [33mclass[39m=[32m"relative inline-block"[39m
        [36m>[39m
          [36m<button[39m
            [33mclass[39m=[32m"inline-flex items-center justify-center font-medium rounded-md focus:outline-none focus:ring-2 focus:ring-offset-2 transition-colors duration-200 disabled:opacity-50 disabled:cursor-not-allowed px-3 py-1.5 text-sm text-gray-600 hover:text-gray-900 hover:bg-gray-100 focus:ring-gray-500 min-w-16 text-sm font-mono"[39m
          [36m>[39m
            [0m100[0m
            [0m%[0m
          [36m</button>[39m
        [36m</div>[39m
        [36m<div[39m
          [33mclass[39m=[32m"relative inline-block"[39m
        [36m>[39m
          [36m<button[39m
            [33mclass[39m=[32m"inline-flex items-center justify-center font-medium rounded-md focus:outline-none focus:ring-2 focus:ring-offset-2 transition-colors duration-200 disabled:opacity-50 disabled:cursor-not-allowed px-3 py-1.5 text-sm text-gray-600 hover:text-gray-900 hover:bg-gray-100 focus:ring-gray-500"[39m
          [36m>[39m
            [36m<svg[39m
              [33mclass[39m=[32m"w-4 h-4"[39m
              [33mfill[39m=[32m"none"[39m
              [33mstroke[39m=[32m"currentColor"[39m
              [33mviewBox[39m=[32m"0 0 24 24"[39m
            [36m>[39m
              [36m<circle[39m
                [33mcx[39m=[32m"11"[39m
                [33mcy[39m=[32m"11"[39m
                [33mr[39m=[32m"8"[39m
                [33mstroke-width[39m=[32m"2"[39m
              [36m/>[39m
              [36m<path[39m
                [33md[39m=[32m"m21 21-4.35-4.35M11 8v6M8 11h6"[39m
                [33mstroke-width[39m=[32m"2"[39m
              [36m/>[39m
            [36m</svg>[39m
          [36m</button>[39m
        [36m</div>[39m
        [36m<div[39m
          [33mclass[39m=[32m"w-px h-6 bg-gray-200 mx-1"[39m
        [36m/>[39m
      [36m</div>[39m
      [36m<div[39m
        [33mclass[39m=[32m"flex items-center gap-1"[39m
      [36m>[39m
        [36m<div[39m
          [33mclass[39m=[32m"relative inline-block"[39m
        [36m>[39m
          [36m<button[39m
            [33mclass[39m=[32m"inline-flex items-center justify-center font-medium rounded-md focus:outline-none focus:ring-2 focus:ring-offset-2 transition-colors duration-200 disabled:opacity-50 disabled:cursor-not-allowed px-3 py-1.5 text-sm text-gray-600 hover:text-gray-900 hover:bg-gray-100 focus:ring-gray-500"[39m
            [33mdisabled[39m=[32m""[39m
          [36m>[39m
            [36m<svg[39m
              [33mclass[39m=[32m"w-4 h-4"[39m
              [33mfill[39m=[32m"none"[39m
              [33mstroke[39m=[32m"currentColor"[39m
              [33mviewBox[39m=[32m"0 0 24 24"[39m
            [36m>[39m
              [36m<path[39m
                [33md[39m=[32m"M4 8V4m0 0h4M4 4l5 5m11-1V4m0 0h-4m4 0l-5 5M4 16v4m0 0h4m-4 0l5-5m11 5l-5-5m5 5v-4m0 4h-4"[39m
                [33mstroke-linecap[39m=[32m"round"[39m
                [33mstroke-linejoin[39m=[32m"round"[39m
                [33mstroke-width[39m=[32m"2"[39m
              [36m/>[39m
            [36m</svg>[39m
          [36m</button>[39m
        [36m</div>[39m
        [36m<div[39m
          [33mclass[39m=[32m"relative inline-block"[39m
        [36m>[39m
          [36m<button[39m
            [33mclass[39m=[32m"inline-flex items-center justify-center font-medium rounded-md focus:outline-none focus:ring-2 focus:ring-offset-2 transition-colors duration-200 disabled:opacity-50 disabled:cursor-not-allowed px-3 py-1.5 text-sm text-gray-600 hover:text-gray-900 hover:bg-gray-100 focus:ring-gray-500 bg-blue-50 text-blue-600"[39m
          [36m>[39m
            [36m<svg[39m
              [33mclass[39m=[32m"w-4 h-4"[39m
              [33mfill[39m=[32m"none"[39m
              [33mstroke[39m=[32m"currentColor"[39m
              [33mviewBox[39m=[32m"0 0 24 24"[39m
            [36m>[39m
              [36m<rect[39m
                [33mheight[39m=[32m"7"[39m
                [33mstroke-width[39m=[32m"2"[39m
                [33mwidth[39m=[32m"7"[39m
                [33mx[39m=[32m"3"[39m
                [33my[39m=[32m"3"[39m
              [36m/>[39m
              [36m<rect[39m
                [33mheight[39m=[32m"7"[39m
                [33mstroke-width[39m=[32m"2"[39m
                [33mwidth[39m=[32m"7"[39m
                [33mx[39m=[32m"14"[39m
                [33my[39m=[32m"3"[39m
              [36m/>[39m
              [36m<rect[39m
                [33mheight[39m=[32m"7"[39m
                [33mstroke-width[39m=[32m"2"[39m
                [33mwidth[39m=[32m"7"[39m
                [33mx[39m=[32m"14"[39m
                [33my[39m=[32m"14"[39m
              [36m/>[39m
              [36m<rect[39m
                [33mheight[39m=[32m"7"[39m
                [33mstroke-width[39m=[32m"2"[39m
                [33mwidth[39m=[32m"7"[39m
                [33mx[39m=[32m"3"[39m
                [33my[39m=[32m"14"[39m
              [36m/>[39m
            [36m</svg>[39m
          [36m</button>[39m
        [36m</div>[39m
        [36m<div[39m
          [33mclass[39m=[32m"w-px h-6 bg-gray-200 mx-1"[39m
        [36m/>[39m
      [36m</div>[39m
      [36m<div[39m
        [33mclass[39m=[32m"flex items-center gap-1"[39m
      [36m>[39m
        [36m<div[39m
          [33mclass[39m=[32m"relative inline-block"[39m
        [36m>[39m
          [36m<button[39m
            [33mclass[39m=[32m"inline-flex items-center justify-center font-medium rounded-md focus:outline-none focus:ring-2 focus:ring-offset-2 transition-colors duration-200 disabled:opacity-50 disabled:cursor-not-allowed px-3 py-1.5 text-sm text-gray-600 hover:text-gray-900 hover:bg-gray-100 focus:ring-gray-500"[39m
            [33mdisabled[39m=[32m""[39m
          [36m>[39m
            [36m<svg[39m
              [33mclass[39m=[32m"w-4 h-4"[39m
              [33mfill[39m=[32m"none"[39m
              [33mstroke[39m=[32m"currentColor"[39m
              [33mviewBox[39m=[32m"0 0 24 24"[39m
            [36m>[39m
              [36m<path[39m
                [33md[39m=[32m"M12 10v6m0 0l-3-3m3 3l3-3M3 17V7a2 2 0 012-2h6l2 2h6a2 2 0 012 2v10a2 2 0 01-2 2H5a2 2 0 01-2-2z"[39m
                [33mstroke-linecap[39m=[32m"round"[39m
                [33mstroke-linejoin[39m=[32m"round"[39m
                [33mstroke-width[39m=[32m"2"[39m
              [36m/>[39m
            [36m</svg>[39m
          [36m</button>[39m
        [36m</div>[39m
        [36m<div[39m
          [33mclass[39m=[32m"w-px h-6 bg-gray-200 mx-1"[39m
        [36m/>[39m
      [36m</div>[39m
      [36m<div[39m
        [33mclass[39m=[32m"flex items-center gap-2"[39m
      [36m>[39m
        [36m<div[39m
          [33mclass[39m=[32m"relative inline-block"[39m
        [36m>[39m
          [36m<div[39m
            [33mclass[39m=[32m"w-2 h-2 rounded-full bg-red-500"[39m
          [36m/>[39m
        [36m</div>[39m
        [36m<div[39m
          [33mclass[39m=[32m"relative inline-block"[39m
        [36m>[39m
          [36m<button[39m
            [33mclass[39m=[32m"inline-flex items-center justify-center font-medium rounded-md focus:outline-none focus:ring-2 focus:ring-offset-2 transition-colors duration-200 disabled:opacity-50 disabled:cursor-not-allowed px-3 py-1.5 text-sm text-gray-600 hover:text-gray-900 hover:bg-gray-100 focus:ring-gray-500"[39m
          [36m>[39m
            [36m<svg[39m
              [33mclass[39m=[32m"w-4 h-4"[39m
              [33mfill[39m=[32m"none"[39m
              [33mstroke[39m=[32m"currentColor"[39m
              [33mviewBox[39m=[32m"0 0 24 24"[39m
            [36m>[39m
              [36m<path[39m
                [33md[39m=[32m"M8.684 13.342C8.886 12.938 9 12.482 9 12c0-.482-.114-.938-.316-1.342m0 2.684a3 3 0 110-2.684m0 2.684l6.632 3.316m-6.632-6l6.632-3.316m0 0a3 3 0 105.367-2.684 3 3 0 00-5.367 2.684zm0 9.316a3 3 0 105.367 2.684 3 3 0 00-5.367-2.684z"[39m
                [33mstroke-linecap[39m=[32m"round"[39m
                [33mstroke-linejoin[39m=[32m"round"[39m
                [33mstroke-width[39m=[32m"2"[39m
              [36m/>[39m
            [36m</svg>[39m
          [36m</button>[39m
        [36m</div>[39m
      [36m</div>[39m
      [36m<div[39m
        [33mclass[39m=[32m"text-xs text-gray-400 px-2"[39m
      [36m>[39m
        [0m0[0m
        [0m elements[0m
      [36m</div>[39m
    [36m</div>[39m

    Ignored nodes: comments, script, style
    [36m<div[39m
      [33mclass[39m=[32m"flex items-center gap-1"[39m
    [36m>[39m
      [36m<div[39m
        [33mclass[39m=[32m"relative inline-block"[39m
      [36m>[39m
        [36m<button[39m
          [33mclass[39m=[32m"inline-flex items-center justify-center font-medium rounded-md focus:outline-none focus:ring-2 focus:ring-offset-2 transition-colors duration-200 disabled:opacity-50 disabled:cursor-not-allowed px-3 py-1.5 text-sm text-gray-600 hover:text-gray-900 hover:bg-gray-100 focus:ring-gray-500"[39m
          [33mdisabled[39m=[32m""[39m
        [36m>[39m
          [36m<svg[39m
            [33mclass[39m=[32m"w-4 h-4"[39m
            [33mfill[39m=[32m"none"[39m
            [33mstroke[39m=[32m"currentColor"[39m
            [33mviewBox[39m=[32m"0 0 24 24"[39m
          [36m>[39m
            [36m<path[39m
              [33md[39m=[32m"M3 10h10a8 8 0 018 8v2M3 10l6 6m-6-6l6-6"[39m
              [33mstroke-linecap[39m=[32m"round"[39m
              [33mstroke-linejoin[39m=[32m"round"[39m
              [33mstroke-width[39m=[32m"2"[39m
            [36m/>[39m
          [36m</svg>[39m
        [36m</button>[39m
      [36m</div>[39m
      [36m<div[39m
        [33mclass[39m=[32m"relative inline-block"[39m
      [36m>[39m
        [36m<button[39m
          [33mclass[39m=[32m"inline-flex items-center justify-center font-medium rounded-md focus:outline-none focus:ring-2 focus:ring-offset-2 transition-colors duration-200 disabled:opacity-50 disabled:cursor-not-allowed px-3 py-1.5 text-sm text-gray-600 hover:text-gray-900 hover:bg-gray-100 focus:ring-gray-500"[39m
          [33mdisabled[39m=[32m""[39m
        [36m>[39m
          [36m<svg[39m
            [33mclass[39m=[32m"w-4 h-4"[39m
            [33mfill[39m=[32m"none"[39m
            [33mstroke[39m=[32m"currentColor"[39m
            [33mviewBox[39m=[32m"0 0 24 24"[39m
          [36m>[39m
            [36m<path[39m
              [33md[39m=[32m"M21 10h-10a8 8 0 00-8 8v2m18-10l-6 6m6-6l-6-6"[39m
              [33mstroke-linecap[39m=[32m"round"[39m
              [33mstroke-linejoin[39m=[32m"round"[39m
              [33mstroke-width[39m=[32m"2"[39m
            [36m/>[39m
          [36m</svg>[39m
        [36m</button>[39m
      [36m</div>[39m
      [36m<div[39m
        [33mclass[39m=[32m"w-px h-6 bg-gray-200 mx-1"[39m
      [36m/>[39m
    [36m</div>[39m

    Ignored nodes: comments, script, style
    [36m<div[39m
      [33mclass[39m=[32m"relative inline-block"[39m
    [36m>[39m
      [36m<button[39m
        [33mclass[39m=[32m"inline-flex items-center justify-center font-medium rounded-md focus:outline-none focus:ring-2 focus:ring-offset-2 transition-colors duration-200 disabled:opacity-50 disabled:cursor-not-allowed px-3 py-1.5 text-sm text-gray-600 hover:text-gray-900 hover:bg-gray-100 focus:ring-gray-500"[39m
        [33mdisabled[39m=[32m""[39m
      [36m>[39m
        [36m<svg[39m
          [33mclass[39m=[32m"w-4 h-4"[39m
          [33mfill[39m=[32m"none"[39m
          [33mstroke[39m=[32m"currentColor"[39m
          [33mviewBox[39m=[32m"0 0 24 24"[39m
        [36m>[39m
          [36m<path[39m
            [33md[39m=[32m"M3 10h10a8 8 0 018 8v2M3 10l6 6m-6-6l6-6"[39m
            [33mstroke-linecap[39m=[32m"round"[39m
            [33mstroke-linejoin[39m=[32m"round"[39m
            [33mstroke-width[39m=[32m"2"[39m
          [36m/>[39m
        [36m</svg>[39m
      [36m</button>[39m
    [36m</div>[39m

    Ignored nodes: comments, script, style
    [36m<div[39m
      [33mclass[39m=[32m"relative inline-block"[39m
    [36m>[39m
      [36m<button[39m
        [33mclass[39m=[32m"inline-flex items-center justify-center font-medium rounded-md focus:outline-none focus:ring-2 focus:ring-offset-2 transition-colors duration-200 disabled:opacity-50 disabled:cursor-not-allowed px-3 py-1.5 text-sm text-gray-600 hover:text-gray-900 hover:bg-gray-100 focus:ring-gray-500"[39m
        [33mdisabled[39m=[32m""[39m
      [36m>[39m
        [36m<svg[39m
          [33mclass[39m=[32m"w-4 h-4"[39m
          [33mfill[39m=[32m"none"[39m
          [33mstroke[39m=[32m"currentColor"[39m
          [33mviewBox[39m=[32m"0 0 24 24"[39m
        [36m>[39m
          [36m<path[39m
            [33md[39m=[32m"M21 10h-10a8 8 0 00-8 8v2m18-10l-6 6m6-6l-6-6"[39m
            [33mstroke-linecap[39m=[32m"round"[39m
            [33mstroke-linejoin[39m=[32m"round"[39m
            [33mstroke-width[39m=[32m"2"[39m
          [36m/>[39m
        [36m</svg>[39m
      [36m</button>[39m
    [36m</div>[39m

    Ignored nodes: comments, script, style
    [36m<div[39m
      [33mclass[39m=[32m"w-px h-6 bg-gray-200 mx-1"[39m
    [36m/>[39m

    Ignored nodes: comments, script, style
    [36m<div[39m
      [33mclass[39m=[32m"flex items-center gap-1"[39m
    [36m>[39m
      [36m<div[39m
        [33mclass[39m=[32m"relative inline-block"[39m
      [36m>[39m
        [36m<button[39m
          [33mclass[39m=[32m"inline-flex items-center justify-center font-medium rounded-md focus:outline-none focus:ring-2 focus:ring-offset-2 transition-colors duration-200 disabled:opacity-50 disabled:cursor-not-allowed px-3 py-1.5 text-sm text-gray-600 hover:text-gray-900 hover:bg-gray-100 focus:ring-gray-500"[39m
        [36m>[39m
          [36m<svg[39m
            [33mclass[39m=[32m"w-4 h-4"[39m
            [33mfill[39m=[32m"none"[39m
            [33mstroke[39m=[32m"currentColor"[39m
            [33mviewBox[39m=[32m"0 0 24 24"[39m
          [36m>[39m
            [36m<circle[39m
              [33mcx[39m=[32m"11"[39m
              [33mcy[39m=[32m"11"[39m
              [33mr[39m=[32m"8"[39m
              [33mstroke-width[39m=[32m"2"[39m
            [36m/>[39m
            [36m<path[39m
              [33md[39m=[32m"m21 21-4.35-4.35M8 11h6"[39m
              [33mstroke-width[39m=[32m"2"[39m
            [36m/>[39m
          [36m</svg>[39m
        [36m</button>[39m
      [36m</div>[39m
      [36m<div[39m
        [33mclass[39m=[32m"relative inline-block"[39m
      [36m>[39m
        [36m<button[39m
          [33mclass[39m=[32m"inline-flex items-center justify-center font-medium rounded-md focus:outline-none focus:ring-2 focus:ring-offset-2 transition-colors duration-200 disabled:opacity-50 disabled:cursor-not-allowed px-3 py-1.5 text-sm text-gray-600 hover:text-gray-900 hover:bg-gray-100 focus:ring-gray-500 min-w-16 text-sm font-mono"[39m
        [36m>[39m
          [0m100[0m
          [0m%[0m
        [36m</button>[39m
      [36m</div>[39m
      [36m<div[39m
        [33mclass[39m=[32m"relative inline-block"[39m
      [36m>[39m
        [36m<button[39m
          [33mclass[39m=[32m"inline-flex items-center justify-center font-medium rounded-md focus:outline-none focus:ring-2 focus:ring-offset-2 transition-colors duration-200 disabled:opacity-50 disabled:cursor-not-allowed px-3 py-1.5 text-sm text-gray-600 hover:text-gray-900 hover:bg-gray-100 focus:ring-gray-500"[39m
        [36m>[39m
          [36m<svg[39m
            [33mclass[39m=[32m"w-4 h-4"[39m
            [33mfill[39m=[32m"none"[39m
            [33mstroke[39m=[32m"currentColor"[39m
            [33mviewBox[39m=[32m"0 0 24 24"[39m
          [36m>[39m
            [36m<circle[39m
              [33mcx[39m=[32m"11"[39m
              [33mcy[39m=[32m"11"[39m
              [33mr[39m=[32m"8"[39m
              [33mstroke-width[39m=[32m"2"[39m
            [36m/>[39m
            [36m<path[39m
              [33md[39m=[32m"m21 21-4.35-4.35M11 8v6M8 11h6"[39m
              [33mstroke-width[39m=[32m"2"[39m
            [36m/>[39m
          [36m</svg>[39m
        [36m</button>[39m
      [36m</div>[39m
      [36m<div[39m
        [33mclass[39m=[32m"w-px h-6 bg-gray-200 mx-1"[39m
      [36m/>[39m
    [36m</div>[39m

    Ignored nodes: comments, script, style
    [36m<div[39m
      [33mclass[39m=[32m"relative inline-block"[39m
    [36m>[39m
      [36m<button[39m
        [33mclass[39m=[32m"inline-flex items-center justify-center font-medium rounded-md focus:outline-none focus:ring-2 focus:ring-offset-2 transition-colors duration-200 disabled:opacity-50 disabled:cursor-not-allowed px-3 py-1.5 text-sm text-gray-600 hover:text-gray-900 hover:bg-gray-100 focus:ring-gray-500"[39m
      [36m>[39m
        [36m<svg[39m
          [33mclass[39m=[32m"w-4 h-4"[39m
          [33mfill[39m=[32m"none"[39m
          [33mstroke[39m=[32m"currentColor"[39m
          [33mviewBox[39m=[32m"0 0 24 24"[39m
        [36m>[39m
          [36m<circle[39m
            [33mcx[39m=[32m"11"[39m
            [33mcy[39m=[32m"11"[39m
            [33mr[39m=[32m"8"[39m
            [33mstroke-width[39m=[32m"2"[39m
          [36m/>[39m
          [36m<path[39m
            [33md[39m=[32m"m21 21-4.35-4.35M8 11h6"[39m
            [33mstroke-width[39m=[32m"2"[39m
          [36m/>[39m
        [36m</svg>[39m
      [36m</button>[39m
    [36m</div>[39m

    Ignored nodes: comments, script, style
    [36m<div[39m
      [33mclass[39m=[32m"relative inline-block"[39m
    [36m>[39m
      [36m<button[39m
        [33mclass[39m=[32m"inline-flex items-center justify-center font-medium rounded-md focus:outline-none focus:ring-2 focus:ring-offset-2 transition-colors duration-200 disabled:opacity-50 disabled:cursor-not-allowed px-3 py-1.5 text-sm text-gray-600 hover:text-gray-900 hover:bg-gray-100 focus:ring-gray-500 min-w-16 text-sm font-mono"[39m
      [36m>[39m
        [0m100[0m
        [0m%[0m
      [36m</button>[39m
    [36m</div>[39m

    Ignored nodes: comments, script, style
    [36m<div[39m
      [33mclass[39m=[32m"relative inline-block"[39m
    [36m>[39m
      [36m<button[39m
        [33mclass[39m=[32m"inline-flex items-center justify-center font-medium rounded-md focus:outline-none focus:ring-2 focus:ring-offset-2 transition-colors duration-200 disabled:opacity-50 disabled:cursor-not-allowed px-3 py-1.5 text-sm text-gray-600 hover:text-gray-900 hover:bg-gray-100 focus:ring-gray-500"[39m
      [36m>[39m
        [36m<svg[39m
          [33mclass[39m=[32m"w-4 h-4"[39m
          [33mfill[39m=[32m"none"[39m
          [33mstroke[39m=[32m"currentColor"[39m
          [33mviewBox[39m=[32m"0 0 24 24"[39m
        [36m>[39m
          [36m<circle[39m
            [33mcx[39m=[32m"11"[39m
            [33mcy[39m=[32m"11"[39m
            [33mr[39m=[32m"8"[39m
            [33mstroke-width[39m=[32m"2"[39m
          [36m/>[39m
          [36m<path[39m
            [33md[39m=[32m"m21 21-4.35-4.35M11 8v6M8 11h6"[39m
            [33mstroke-width[39m=[32m"2"[39m
          [36m/>[39m
        [36m</svg>[39m
      [36m</button>[39m
    [36m</div>[39m

    Ignored nodes: comments, script, style
    [36m<div[39m
      [33mclass[39m=[32m"w-px h-6 bg-gray-200 mx-1"[39m
    [36m/>[39m

    Ignored nodes: comments, script, style
    [36m<div[39m
      [33mclass[39m=[32m"flex items-center gap-1"[39m
    [36m>[39m
      [36m<div[39m
        [33mclass[39m=[32m"relative inline-block"[39m
      [36m>[39m
        [36m<button[39m
          [33mclass[39m=[32m"inline-flex items-center justify-center font-medium rounded-md focus:outline-none focus:ring-2 focus:ring-offset-2 transition-colors duration-200 disabled:opacity-50 disabled:cursor-not-allowed px-3 py-1.5 text-sm text-gray-600 hover:text-gray-900 hover:bg-gray-100 focus:ring-gray-500"[39m
          [33mdisabled[39m=[32m""[39m
        [36m>[39m
          [36m<svg[39m
            [33mclass[39m=[32m"w-4 h-4"[39m
            [33mfill[39m=[32m"none"[39m
            [33mstroke[39m=[32m"currentColor"[39m
            [33mviewBox[39m=[32m"0 0 24 24"[39m
          [36m>[39m
            [36m<path[39m
              [33md[39m=[32m"M4 8V4m0 0h4M4 4l5 5m11-1V4m0 0h-4m4 0l-5 5M4 16v4m0 0h4m-4 0l5-5m11 5l-5-5m5 5v-4m0 4h-4"[39m
              [33mstroke-linecap[39m=[32m"round"[39m
              [33mstroke-linejoin[39m=[32m"round"[39m
              [33mstroke-width[39m=[32m"2"[39m
            [36m/>[39m
          [36m</svg>[39m
        [36m</button>[39m
      [36m</div>[39m
      [36m<div[39m
        [33mclass[39m=[32m"relative inline-block"[39m
      [36m>[39m
        [36m<button[39m
          [33mclass[39m=[32m"inline-flex items-center justify-center font-medium rounded-md focus:outline-none focus:ring-2 focus:ring-offset-2 transition-colors duration-200 disabled:opacity-50 disabled:cursor-not-allowed px-3 py-1.5 text-sm text-gray-600 hover:text-gray-900 hover:bg-gray-100 focus:ring-gray-500 bg-blue-50 text-blue-600"[39m
        [36m>[39m
          [36m<svg[39m
            [33mclass[39m=[32m"w-4 h-4"[39m
            [33mfill[39m=[32m"none"[39m
            [33mstroke[39m=[32m"currentColor"[39m
            [33mviewBox[39m=[32m"0 0 24 24"[39m
          [36m>[39m
            [36m<rect[39m
              [33mheight[39m=[32m"7"[39m
              [33mstroke-width[39m=[32m"2"[39m
              [33mwidth[39m=[32m"7"[39m
              [33mx[39m=[32m"3"[39m
              [33my[39m=[32m"3"[39m
            [36m/>[39m
            [36m<rect[39m
              [33mheight[39m=[32m"7"[39m
              [33mstroke-width[39m=[32m"2"[39m
              [33mwidth[39m=[32m"7"[39m
              [33mx[39m=[32m"14"[39m
              [33my[39m=[32m"3"[39m
            [36m/>[39m
            [36m<rect[39m
              [33mheight[39m=[32m"7"[39m
              [33mstroke-width[39m=[32m"2"[39m
              [33mwidth[39m=[32m"7"[39m
              [33mx[39m=[32m"14"[39m
              [33my[39m=[32m"14"[39m
            [36m/>[39m
            [36m<rect[39m
              [33mheight[39m=[32m"7"[39m
              [33mstroke-width[39m=[32m"2"[39m
              [33mwidth[39m=[32m"7"[39m
              [33mx[39m=[32m"3"[39m
              [33my[39m=[32m"14"[39m
            [36m/>[39m
          [36m</svg>[39m
        [36m</button>[39m
      [36m</div>[39m
      [36m<div[39m
        [33mclass[39m=[32m"w-px h-6 bg-gray-200 mx-1"[39m
      [36m/>[39m
    [36m</div>[39m

    Ignored nodes: comments, script, style
    [36m<div[39m
      [33mclass[39m=[32m"relative inline-block"[39m
    [36m>[39m
      [36m<button[39m
        [33mclass[39m=[32m"inline-flex items-center justify-center font-medium rounded-md focus:outline-none focus:ring-2 focus:ring-offset-2 transition-colors duration-200 disabled:opacity-50 disabled:cursor-not-allowed px-3 py-1.5 text-sm text-gray-600 hover:text-gray-900 hover:bg-gray-100 focus:ring-gray-500"[39m
        [33mdisabled[39m=[32m""[39m
      [36m>[39m
        [36m<svg[39m
          [33mclass[39m=[32m"w-4 h-4"[39m
          [33mfill[39m=[32m"none"[39m
          [33mstroke[39m=[32m"currentColor"[39m
          [33mviewBox[39m=[32m"0 0 24 24"[39m
        [36m>[39m
          [36m<path[39m
            [33md[39m=[32m"M4 8V4m0 0h4M4 4l5 5m11-1V4m0 0h-4m4 0l-5 5M4 16v4m0 0h4m-4 0l5-5m11 5l-5-5m5 5v-4m0 4h-4"[39m
            [33mstroke-linecap[39m=[32m"round"[39m
            [33mstroke-linejoin[39m=[32m"round"[39m
            [33mstroke-width[39m=[32m"2"[39m
          [36m/>[39m
        [36m</svg>[39m
      [36m</button>[39m
    [36m</div>[39m

    Ignored nodes: comments, script, style
    [36m<div[39m
      [33mclass[39m=[32m"relative inline-block"[39m
    [36m>[39m
      [36m<button[39m
        [33mclass[39m=[32m"inline-flex items-center justify-center font-medium rounded-md focus:outline-none focus:ring-2 focus:ring-offset-2 transition-colors duration-200 disabled:opacity-50 disabled:cursor-not-allowed px-3 py-1.5 text-sm text-gray-600 hover:text-gray-900 hover:bg-gray-100 focus:ring-gray-500 bg-blue-50 text-blue-600"[39m
      [36m>[39m
        [36m<svg[39m
          [33mclass[39m=[32m"w-4 h-4"[39m
          [33mfill[39m=[32m"none"[39m
          [33mstroke[39m=[32m"currentColor"[39m
          [33mviewBox[39m=[32m"0 0 24 24"[39m
        [36m>[39m
          [36m<rect[39m
            [33mheight[39m=[32m"7"[39m
            [33mstroke-width[39m=[32m"2"[39m
            [33mwidth[39m=[32m"7"[39m
            [33mx[39m=[32m"3"[39m
            [33my[39m=[32m"3"[39m
          [36m/>[39m
          [36m<rect[39m
            [33mheight[39m=[32m"7"[39m
            [33mstroke-width[39m=[32m"2"[39m
            [33mwidth[39m=[32m"7"[39m
            [33mx[39m=[32m"14"[39m
            [33my[39m=[32m"3"[39m
          [36m/>[39m
          [36m<rect[39m
            [33mheight[39m=[32m"7"[39m
            [33mstroke-width[39m=[32m"2"[39m
            [33mwidth[39m=[32m"7"[39m
            [33mx[39m=[32m"14"[39m
            [33my[39m=[32m"14"[39m
          [36m/>[39m
          [36m<rect[39m
            [33mheight[39m=[32m"7"[39m
            [33mstroke-width[39m=[32m"2"[39m
            [33mwidth[39m=[32m"7"[39m
            [33mx[39m=[32m"3"[39m
            [33my[39m=[32m"14"[39m
          [36m/>[39m
        [36m</svg>[39m
      [36m</button>[39m
    [36m</div>[39m

    Ignored nodes: comments, script, style
    [36m<div[39m
      [33mclass[39m=[32m"w-px h-6 bg-gray-200 mx-1"[39m
    [36m/>[39m

    Ignored nodes: comments, script, style
    [36m<div[39m
      [33mclass[39m=[32m"flex items-center gap-1"[39m
    [36m>[39m
      [36m<div[39m
        [33mclass[39m=[32m"relative inline-block"[39m
      [36m>[39m
        [36m<button[39m
          [33mclass[39m=[32m"inline-flex items-center justify-center font-medium rounded-md focus:outline-none focus:ring-2 focus:ring-offset-2 transition-colors duration-200 disabled:opacity-50 disabled:cursor-not-allowed px-3 py-1.5 text-sm text-gray-600 hover:text-gray-900 hover:bg-gray-100 focus:ring-gray-500"[39m
          [33mdisabled[39m=[32m""[39m
        [36m>[39m
          [36m<svg[39m
            [33mclass[39m=[32m"w-4 h-4"[39m
            [33mfill[39m=[32m"none"[39m
            [33mstroke[39m=[32m"currentColor"[39m
            [33mviewBox[39m=[32m"0 0 24 24"[39m
          [36m>[39m
            [36m<path[39m
              [33md[39m=[32m"M12 10v6m0 0l-3-3m3 3l3-3M3 17V7a2 2 0 012-2h6l2 2h6a2 2 0 012 2v10a2 2 0 01-2 2H5a2 2 0 01-2-2z"[39m
              [33mstroke-linecap[39m=[32m"round"[39m
              [33mstroke-linejoin[39m=[32m"round"[39m
              [33mstroke-width[39m=[32m"2"[39m
            [36m/>[39m
          [36m</svg>[39m
        [36m</button>[39m
      [36m</div>[39m
      [36m<div[39m
        [33mclass[39m=[32m"w-px h-6 bg-gray-200 mx-1"[39m
      [36m/>[39m
    [36m</div>[39m

    Ignored nodes: comments, script, style
    [36m<div[39m
      [33mclass[39m=[32m"relative inline-block"[39m
    [36m>[39m
      [36m<button[39m
        [33mclass[39m=[32m"inline-flex items-center justify-center font-medium rounded-md focus:outline-none focus:ring-2 focus:ring-offset-2 transition-colors duration-200 disabled:opacity-50 disabled:cursor-not-allowed px-3 py-1.5 text-sm text-gray-600 hover:text-gray-900 hover:bg-gray-100 focus:ring-gray-500"[39m
        [33mdisabled[39m=[32m""[39m
      [36m>[39m
        [36m<svg[39m
          [33mclass[39m=[32m"w-4 h-4"[39m
          [33mfill[39m=[32m"none"[39m
          [33mstroke[39m=[32m"currentColor"[39m
          [33mviewBox[39m=[32m"0 0 24 24"[39m
        [36m>[39m
          [36m<path[39m
            [33md[39m=[32m"M12 10v6m0 0l-3-3m3 3l3-3M3 17V7a2 2 0 012-2h6l2 2h6a2 2 0 012 2v10a2 2 0 01-2 2H5a2 2 0 01-2-2z"[39m
            [33mstroke-linecap[39m=[32m"round"[39m
            [33mstroke-linejoin[39m=[32m"round"[39m
            [33mstroke-width[39m=[32m"2"[39m
          [36m/>[39m
        [36m</svg>[39m
      [36m</button>[39m
    [36m</div>[39m

    Ignored nodes: comments, script, style
    [36m<div[39m
      [33mclass[39m=[32m"w-px h-6 bg-gray-200 mx-1"[39m
    [36m/>[39m

    Ignored nodes: comments, script, style
    [36m<div[39m
      [33mclass[39m=[32m"flex items-center gap-2"[39m
    [36m>[39m
      [36m<div[39m
        [33mclass[39m=[32m"relative inline-block"[39m
      [36m>[39m
        [36m<div[39m
          [33mclass[39m=[32m"w-2 h-2 rounded-full bg-red-500"[39m
        [36m/>[39m
      [36m</div>[39m
      [36m<div[39m
        [33mclass[39m=[32m"relative inline-block"[39m
      [36m>[39m
        [36m<button[39m
          [33mclass[39m=[32m"inline-flex items-center justify-center font-medium rounded-md focus:outline-none focus:ring-2 focus:ring-offset-2 transition-colors duration-200 disabled:opacity-50 disabled:cursor-not-allowed px-3 py-1.5 text-sm text-gray-600 hover:text-gray-900 hover:bg-gray-100 focus:ring-gray-500"[39m
        [36m>[39m
          [36m<svg[39m
            [33mclass[39m=[32m"w-4 h-4"[39m
            [33mfill[39m=[32m"none"[39m
            [33mstroke[39m=[32m"currentColor"[39m
            [33mviewBox[39m=[32m"0 0 24 24"[39m
          [36m>[39m
            [36m<path[39m
              [33md[39m=[32m"M8.684 13.342C8.886 12.938 9 12.482 9 12c0-.482-.114-.938-.316-1.342m0 2.684a3 3 0 110-2.684m0 2.684l6.632 3.316m-6.632-6l6.632-3.316m0 0a3 3 0 105.367-2.684 3 3 0 00-5.367 2.684zm0 9.316a3 3 0 105.367 2.684 3 3 0 00-5.367-2.684z"[39m
              [33mstroke-linecap[39m=[32m"round"[39m
              [33mstroke-linejoin[39m=[32m"round"[39m
              [33mstroke-width[39m=[32m"2"[39m
            [36m/>[39m
          [36m</svg>[39m
        [36m</button>[39m
      [36m</div>[39m
    [36m</div>[39m

    Ignored nodes: comments, script, style
    [36m<div[39m
      [33mclass[39m=[32m"relative inline-block"[39m
    [36m>[39m
      [36m<div[39m
        [33mclass[39m=[32m"w-2 h-2 rounded-full bg-red-500"[39m
      [36m/>[39m
    [36m</div>[39m

    Ignored nodes: comments, script, style
    [36m<div[39m
      [33mclass[39m=[32m"w-2 h-2 rounded-full bg-red-500"[39m
    [36m/>[39m

    Ignored nodes: comments, script, style
    [36m<div[39m
      [33mclass[39m=[32m"relative inline-block"[39m
    [36m>[39m
      [36m<button[39m
        [33mclass[39m=[32m"inline-flex items-center justify-center font-medium rounded-md focus:outline-none focus:ring-2 focus:ring-offset-2 transition-colors duration-200 disabled:opacity-50 disabled:cursor-not-allowed px-3 py-1.5 text-sm text-gray-600 hover:text-gray-900 hover:bg-gray-100 focus:ring-gray-500"[39m
      [36m>[39m
        [36m<svg[39m
          [33mclass[39m=[32m"w-4 h-4"[39m
          [33mfill[39m=[32m"none"[39m
          [33mstroke[39m=[32m"currentColor"[39m
          [33mviewBox[39m=[32m"0 0 24 24"[39m
        [36m>[39m
          [36m<path[39m
            [33md[39m=[32m"M8.684 13.342C8.886 12.938 9 12.482 9 12c0-.482-.114-.938-.316-1.342m0 2.684a3 3 0 110-2.684m0 2.684l6.632 3.316m-6.632-6l6.632-3.316m0 0a3 3 0 105.367-2.684 3 3 0 00-5.367 2.684zm0 9.316a3 3 0 105.367 2.684 3 3 0 00-5.367-2.684z"[39m
            [33mstroke-linecap[39m=[32m"round"[39m
            [33mstroke-linejoin[39m=[32m"round"[39m
            [33mstroke-width[39m=[32m"2"[39m
          [36m/>[39m
        [36m</svg>[39m
      [36m</button>[39m
    [36m</div>[39m

    Ignored nodes: comments, script, style
    [36m<div[39m
      [33mclass[39m=[32m"text-xs text-gray-400 px-2"[39m
    [36m>[39m
      [0m0[0m
      [0m elements[0m
    [36m</div>[39m

    Ignored nodes: comments, script, style
    [36m<div[39m
      [33mstyle[39m=[32m"position: fixed; left: 16px; top: 88px; z-index: 100;"[39m
    [36m>[39m
      [36m<div[39m
        [33mclass[39m=[32m"absolute top-4 left-4 z-40"[39m
      [36m>[39m
        [36m<div[39m
          [33mclass[39m=[32m"flex flex-col gap-1 bg-white shadow-lg rounded-lg border p-2"[39m
        [36m>[39m
          [36m<div[39m
            [33mclass[39m=[32m"relative inline-block"[39m
          [36m>[39m
            [36m<button[39m
              [33maria-label[39m=[32m"Select (V)"[39m
              [33mclass[39m=[32m"inline-flex items-center justify-center font-medium rounded-md focus:outline-none focus:ring-2 focus:ring-offset-2 transition-colors duration-200 disabled:opacity-50 disabled:cursor-not-allowed px-3 py-1.5 text-sm text-gray-600 hover:text-gray-900 hover:bg-gray-100 focus:ring-gray-500 w-10 h-10 flex items-center justify-center"[39m
              [33mdata-testid[39m=[32m"tool-select"[39m
              [33mtitle[39m=[32m"Select (V)"[39m
            [36m>[39m
              [36m<svg[39m
                [33mclass[39m=[32m"w-5 h-5"[39m
                [33mfill[39m=[32m"none"[39m
                [33mstroke[39m=[32m"currentColor"[39m
                [33mviewBox[39m=[32m"0 0 24 24"[39m
              [36m>[39m
                [36m<path[39m
                  [33md[39m=[32m"M12 3l7 7-7 7-7-7z"[39m
                  [33mstroke-linecap[39m=[32m"round"[39m
                  [33mstroke-linejoin[39m=[32m"round"[39m
                  [33mstroke-width[39m=[32m"2"[39m
                [36m/>[39m
              [36m</svg>[39m
            [36m</button>[39m
          [36m</div>[39m
          [36m<div[39m
            [33mclass[39m=[32m"relative inline-block"[39m
          [36m>[39m
            [36m<button[39m
              [33maria-label[39m=[32m"Hand tool (H)"[39m
              [33mclass[39m=[32m"inline-flex items-center justify-center font-medium rounded-md focus:outline-none focus:ring-2 focus:ring-offset-2 transition-colors duration-200 disabled:opacity-50 disabled:cursor-not-allowed px-3 py-1.5 text-sm text-gray-600 hover:text-gray-900 hover:bg-gray-100 focus:ring-gray-500 w-10 h-10 flex items-center justify-center"[39m
              [33mdata-testid[39m=[32m"tool-pan"[39m
              [33mtitle[39m=[32m"Hand tool (H)"[39m
            [36m>[39m
              [36m<svg[39m
                [33mclass[39m=[32m"w-5 h-5"[39m
                [33mfill[39m=[32m"none"[39m
                [33mstroke[39m=[32m"currentColor"[39m
                [33mviewBox[39m=[32m"0 0 24 24"[39m
              [36m>[39m
                [36m<path[39m
                  [33md[39m=[32m"M7 11.5V14m0-2.5v-6a1.5 1.5 0 113 0m-3 6a1.5 1.5 0 00-3 0v2a7.5 7.5 0 0015 0v-5a1.5 1.5 0 00-3 0m-6-3V11m0-5.5v-1a1.5 1.5 0 013 0v1m0 0V11m0-5.5a1.5 1.5 0 013 0v3m0 0V11"[39m
                  [33mstroke-linecap[39m=[32m"round"[39m
                  [33mstroke-linejoin[39m=[32m"round"[39m
                  [33mstroke-width[39m=[32m"2"[39m
                [36m/>[39m
              [36m</svg>[39m
            [36m</button>[39m
          [36m</div>[39m
          [36m<div[39m
            [33mclass[39m=[32m"relative inline-block"[39m
          [36m>[39m
            [36m<button[39m
              [33maria-label[39m=[32m"Sticky note (S)"[39m
              [33mclass[39m=[32m"inline-flex items-center justify-center font-medium rounded-md focus:outline-none focus:ring-2 focus:ring-offset-2 transition-colors duration-200 disabled:opacity-50 disabled:cursor-not-allowed px-3 py-1.5 text-sm text-gray-600 hover:text-gray-900 hover:bg-gray-100 focus:ring-gray-500 w-10 h-10 flex items-center justify-center bg-blue-50 text-blue-600 ring-2 ring-blue-200"[39m
              [33mdata-testid[39m=[32m"tool-sticky_note"[39m
              [33mtitle[39m=[32m"Sticky note (S)"[39m
            [36m>[39m
              [36m<svg[39m
                [33mclass[39m=[32m"w-5 h-5"[39m
                [33mfill[39m=[32m"none"[39m
                [33mstroke[39m=[32m"currentColor"[39m
                [33mviewBox[39m=[32m"0 0 24 24"[39m
              [36m>[39m
                [36m<path[39m
                  [33md[39m=[32m"M19 11H5m14 0a2 2 0 012 2v6a2 2 0 01-2 2H5a2 2 0 01-2-2v-6a2 2 0 012-2m14 0V9a2 2 0 00-2-2M5 11V9a2 2 0 012-2m0 0V5a2 2 0 012-2h6a2 2 0 012 2v2M7 7h10"[39m
                  [33mstroke-linecap[39m=[32m"round"[39m
                  [33mstroke-linejoin[39m=[32m"round"[39m
                  [33mstroke-width[39m=[32m"2"[39m
                [36m/>[39m
              [36m</svg>[39m
            [36m</button>[39m
          [36m</div>[39m
          [36m<div[39m
            [33mclass[39m=[32m"relative inline-block"[39m
          [36m>[39m
            [36m<button[39m
              [33maria-label[39m=[32m"Rectangle (R)"[39m
              [33mclass[39m=[32m"inline-flex items-center justify-center font-medium rounded-md focus:outline-none focus:ring-2 focus:ring-offset-2 transition-colors duration-200 disabled:opacity-50 disabled:cursor-not-allowed px-3 py-1.5 text-sm text-gray-600 hover:text-gray-900 hover:bg-gray-100 focus:ring-gray-500 w-10 h-10 flex items-center justify-center"[39m
              [33mdata-testid[39m=[32m"tool-rectangle"[39m
              [33mtitle[39m=[32m"Rectangle (R)"[39m
            [36m>[39m
              [36m<svg[39m
                [33mclass[39m=[32m"w-5 h-5"[39m
                [33mfill[39m=[32m"none"[39m
                [33mstroke[39m=[32m"currentColor"[39m
                [33mviewBox[39m=[32m"0 0 24 24"[39m
              [36m>[39m
                [36m<rect[39m
                  [33mheight[39m=[32m"18"[39m
                  [33mrx[39m=[32m"2"[39m
                  [33mry[39m=[32m"2"[39m
                  [33mstroke-width[39m=[32m"2"[39m
                  [33mwidth[39m=[32m"18"[39m
                  [33mx[39m=[32m"3"[39m
                  [33my[39m=[32m"3"[39m
                [36m/>[39m
              [36m</svg>[39m
            [36m</button>[39m
          [36m</div>[39m
          [36m<div[39m
            [33mclass[39m=[32m"relative inline-block"[39m
          [36m>[39m
            [36m<button[39m
              [33maria-label[39m=[32m"Circle (C)"[39m
              [33mclass[39m=[32m"inline-flex items-center justify-center font-medium rounded-md focus:outline-none focus:ring-2 focus:ring-offset-2 transition-colors duration-200 disabled:opacity-50 disabled:cursor-not-allowed px-3 py-1.5 text-sm text-gray-600 hover:text-gray-900 hover:bg-gray-100 focus:ring-gray-500 w-10 h-10 flex items-center justify-center"[39m
              [33mdata-testid[39m=[32m"tool-circle"[39m
              [33mtitle[39m=[32m"Circle (C)"[39m
            [36m>[39m
              [36m<svg[39m
                [33mclass[39m=[32m"w-5 h-5"[39m
                [33mfill[39m=[32m"none"[39m
                [33mstroke[39m=[32m"currentColor"[39m
                [33mviewBox[39m=[32m"0 0 24 24"[39m
              [36m>[39m
                [36m<circle[39m
                  [33mcx[39m=[32m"12"[39m
                  [33mcy[39m=[32m"12"[39m
                  [33mr[39m=[32m"9"[39m
                  [33mstroke-width[39m=[32m"2"[39m
                [36m/>[39m
              [36m<...

    Ignored nodes: comments, script, style
    [36m<div[39m
      [33mclass[39m=[32m"absolute top-4 left-4 z-40"[39m
    [36m>[39m
      [36m<div[39m
        [33mclass[39m=[32m"flex flex-col gap-1 bg-white shadow-lg rounded-lg border p-2"[39m
      [36m>[39m
        [36m<div[39m
          [33mclass[39m=[32m"relative inline-block"[39m
        [36m>[39m
          [36m<button[39m
            [33maria-label[39m=[32m"Select (V)"[39m
            [33mclass[39m=[32m"inline-flex items-center justify-center font-medium rounded-md focus:outline-none focus:ring-2 focus:ring-offset-2 transition-colors duration-200 disabled:opacity-50 disabled:cursor-not-allowed px-3 py-1.5 text-sm text-gray-600 hover:text-gray-900 hover:bg-gray-100 focus:ring-gray-500 w-10 h-10 flex items-center justify-center"[39m
            [33mdata-testid[39m=[32m"tool-select"[39m
            [33mtitle[39m=[32m"Select (V)"[39m
          [36m>[39m
            [36m<svg[39m
              [33mclass[39m=[32m"w-5 h-5"[39m
              [33mfill[39m=[32m"none"[39m
              [33mstroke[39m=[32m"currentColor"[39m
              [33mviewBox[39m=[32m"0 0 24 24"[39m
            [36m>[39m
              [36m<path[39m
                [33md[39m=[32m"M12 3l7 7-7 7-7-7z"[39m
                [33mstroke-linecap[39m=[32m"round"[39m
                [33mstroke-linejoin[39m=[32m"round"[39m
                [33mstroke-width[39m=[32m"2"[39m
              [36m/>[39m
            [36m</svg>[39m
          [36m</button>[39m
        [36m</div>[39m
        [36m<div[39m
          [33mclass[39m=[32m"relative inline-block"[39m
        [36m>[39m
          [36m<button[39m
            [33maria-label[39m=[32m"Hand tool (H)"[39m
            [33mclass[39m=[32m"inline-flex items-center justify-center font-medium rounded-md focus:outline-none focus:ring-2 focus:ring-offset-2 transition-colors duration-200 disabled:opacity-50 disabled:cursor-not-allowed px-3 py-1.5 text-sm text-gray-600 hover:text-gray-900 hover:bg-gray-100 focus:ring-gray-500 w-10 h-10 flex items-center justify-center"[39m
            [33mdata-testid[39m=[32m"tool-pan"[39m
            [33mtitle[39m=[32m"Hand tool (H)"[39m
          [36m>[39m
            [36m<svg[39m
              [33mclass[39m=[32m"w-5 h-5"[39m
              [33mfill[39m=[32m"none"[39m
              [33mstroke[39m=[32m"currentColor"[39m
              [33mviewBox[39m=[32m"0 0 24 24"[39m
            [36m>[39m
              [36m<path[39m
                [33md[39m=[32m"M7 11.5V14m0-2.5v-6a1.5 1.5 0 113 0m-3 6a1.5 1.5 0 00-3 0v2a7.5 7.5 0 0015 0v-5a1.5 1.5 0 00-3 0m-6-3V11m0-5.5v-1a1.5 1.5 0 013 0v1m0 0V11m0-5.5a1.5 1.5 0 013 0v3m0 0V11"[39m
                [33mstroke-linecap[39m=[32m"round"[39m
                [33mstroke-linejoin[39m=[32m"round"[39m
                [33mstroke-width[39m=[32m"2"[39m
              [36m/>[39m
            [36m</svg>[39m
          [36m</button>[39m
        [36m</div>[39m
        [36m<div[39m
          [33mclass[39m=[32m"relative inline-block"[39m
        [36m>[39m
          [36m<button[39m
            [33maria-label[39m=[32m"Sticky note (S)"[39m
            [33mclass[39m=[32m"inline-flex items-center justify-center font-medium rounded-md focus:outline-none focus:ring-2 focus:ring-offset-2 transition-colors duration-200 disabled:opacity-50 disabled:cursor-not-allowed px-3 py-1.5 text-sm text-gray-600 hover:text-gray-900 hover:bg-gray-100 focus:ring-gray-500 w-10 h-10 flex items-center justify-center bg-blue-50 text-blue-600 ring-2 ring-blue-200"[39m
            [33mdata-testid[39m=[32m"tool-sticky_note"[39m
            [33mtitle[39m=[32m"Sticky note (S)"[39m
          [36m>[39m
            [36m<svg[39m
              [33mclass[39m=[32m"w-5 h-5"[39m
              [33mfill[39m=[32m"none"[39m
              [33mstroke[39m=[32m"currentColor"[39m
              [33mviewBox[39m=[32m"0 0 24 24"[39m
            [36m>[39m
              [36m<path[39m
                [33md[39m=[32m"M19 11H5m14 0a2 2 0 012 2v6a2 2 0 01-2 2H5a2 2 0 01-2-2v-6a2 2 0 012-2m14 0V9a2 2 0 00-2-2M5 11V9a2 2 0 012-2m0 0V5a2 2 0 012-2h6a2 2 0 012 2v2M7 7h10"[39m
                [33mstroke-linecap[39m=[32m"round"[39m
                [33mstroke-linejoin[39m=[32m"round"[39m
                [33mstroke-width[39m=[32m"2"[39m
              [36m/>[39m
            [36m</svg>[39m
          [36m</button>[39m
        [36m</div>[39m
        [36m<div[39m
          [33mclass[39m=[32m"relative inline-block"[39m
        [36m>[39m
          [36m<button[39m
            [33maria-label[39m=[32m"Rectangle (R)"[39m
            [33mclass[39m=[32m"inline-flex items-center justify-center font-medium rounded-md focus:outline-none focus:ring-2 focus:ring-offset-2 transition-colors duration-200 disabled:opacity-50 disabled:cursor-not-allowed px-3 py-1.5 text-sm text-gray-600 hover:text-gray-900 hover:bg-gray-100 focus:ring-gray-500 w-10 h-10 flex items-center justify-center"[39m
            [33mdata-testid[39m=[32m"tool-rectangle"[39m
            [33mtitle[39m=[32m"Rectangle (R)"[39m
          [36m>[39m
            [36m<svg[39m
              [33mclass[39m=[32m"w-5 h-5"[39m
              [33mfill[39m=[32m"none"[39m
              [33mstroke[39m=[32m"currentColor"[39m
              [33mviewBox[39m=[32m"0 0 24 24"[39m
            [36m>[39m
              [36m<rect[39m
                [33mheight[39m=[32m"18"[39m
                [33mrx[39m=[32m"2"[39m
                [33mry[39m=[32m"2"[39m
                [33mstroke-width[39m=[32m"2"[39m
                [33mwidth[39m=[32m"18"[39m
                [33mx[39m=[32m"3"[39m
                [33my[39m=[32m"3"[39m
              [36m/>[39m
            [36m</svg>[39m
          [36m</button>[39m
        [36m</div>[39m
        [36m<div[39m
          [33mclass[39m=[32m"relative inline-block"[39m
        [36m>[39m
          [36m<button[39m
            [33maria-label[39m=[32m"Circle (C)"[39m
            [33mclass[39m=[32m"inline-flex items-center justify-center font-medium rounded-md focus:outline-none focus:ring-2 focus:ring-offset-2 transition-colors duration-200 disabled:opacity-50 disabled:cursor-not-allowed px-3 py-1.5 text-sm text-gray-600 hover:text-gray-900 hover:bg-gray-100 focus:ring-gray-500 w-10 h-10 flex items-center justify-center"[39m
            [33mdata-testid[39m=[32m"tool-circle"[39m
            [33mtitle[39m=[32m"Circle (C)"[39m
          [36m>[39m
            [36m<svg[39m
              [33mclass[39m=[32m"w-5 h-5"[39m
              [33mfill[39m=[32m"none"[39m
              [33mstroke[39m=[32m"currentColor"[39m
              [33mviewBox[39m=[32m"0 0 24 24"[39m
            [36m>[39m
              [36m<circle[39m
                [33mcx[39m=[32m"12"[39m
                [33mcy[39m=[32m"12"[39m
                [33mr[39m=[32m"9"[39m
                [33mstroke-width[39m=[32m"2"[39m
              [36m/>[39m
            [36m</svg>[39m
          [36m</button>[39m
        [36m</div>[39m
        [36m<div[39m
          [33mclass[39m=[32m"relative inline-block"[39m
        [36m>[39m
          [36m<button[39m
            [33maria-label[39m=[32m"Text (T)"[39m
            [33mclass[39m=[32m"inline-flex items-center justify-center font-medium rounded-md focus:outline-none focus:ring-2 focus:ring-offset...

    Ignored nodes: comments, script, style
    [36m<div[39m
      [33mclass[39m=[32m"flex flex-col gap-1 bg-white shadow-lg rounded-lg border p-2"[39m
    [36m>[39m
      [36m<div[39m
        [33mclass[39m=[32m"relative inline-block"[39m
      [36m>[39m
        [36m<button[39m
          [33maria-label[39m=[32m"Select (V)"[39m
          [33mclass[39m=[32m"inline-flex items-center justify-center font-medium rounded-md focus:outline-none focus:ring-2 focus:ring-offset-2 transition-colors duration-200 disabled:opacity-50 disabled:cursor-not-allowed px-3 py-1.5 text-sm text-gray-600 hover:text-gray-900 hover:bg-gray-100 focus:ring-gray-500 w-10 h-10 flex items-center justify-center"[39m
          [33mdata-testid[39m=[32m"tool-select"[39m
          [33mtitle[39m=[32m"Select (V)"[39m
        [36m>[39m
          [36m<svg[39m
            [33mclass[39m=[32m"w-5 h-5"[39m
            [33mfill[39m=[32m"none"[39m
            [33mstroke[39m=[32m"currentColor"[39m
            [33mviewBox[39m=[32m"0 0 24 24"[39m
          [36m>[39m
            [36m<path[39m
              [33md[39m=[32m"M12 3l7 7-7 7-7-7z"[39m
              [33mstroke-linecap[39m=[32m"round"[39m
              [33mstroke-linejoin[39m=[32m"round"[39m
              [33mstroke-width[39m=[32m"2"[39m
            [36m/>[39m
          [36m</svg>[39m
        [36m</button>[39m
      [36m</div>[39m
      [36m<div[39m
        [33mclass[39m=[32m"relative inline-block"[39m
      [36m>[39m
        [36m<button[39m
          [33maria-label[39m=[32m"Hand tool (H)"[39m
          [33mclass[39m=[32m"inline-flex items-center justify-center font-medium rounded-md focus:outline-none focus:ring-2 focus:ring-offset-2 transition-colors duration-200 disabled:opacity-50 disabled:cursor-not-allowed px-3 py-1.5 text-sm text-gray-600 hover:text-gray-900 hover:bg-gray-100 focus:ring-gray-500 w-10 h-10 flex items-center justify-center"[39m
          [33mdata-testid[39m=[32m"tool-pan"[39m
          [33mtitle[39m=[32m"Hand tool (H)"[39m
        [36m>[39m
          [36m<svg[39m
            [33mclass[39m=[32m"w-5 h-5"[39m
            [33mfill[39m=[32m"none"[39m
            [33mstroke[39m=[32m"currentColor"[39m
            [33mviewBox[39m=[32m"0 0 24 24"[39m
          [36m>[39m
            [36m<path[39m
              [33md[39m=[32m"M7 11.5V14m0-2.5v-6a1.5 1.5 0 113 0m-3 6a1.5 1.5 0 00-3 0v2a7.5 7.5 0 0015 0v-5a1.5 1.5 0 00-3 0m-6-3V11m0-5.5v-1a1.5 1.5 0 013 0v1m0 0V11m0-5.5a1.5 1.5 0 013 0v3m0 0V11"[39m
              [33mstroke-linecap[39m=[32m"round"[39m
              [33mstroke-linejoin[39m=[32m"round"[39m
              [33mstroke-width[39m=[32m"2"[39m
            [36m/>[39m
          [36m</svg>[39m
        [36m</button>[39m
      [36m</div>[39m
      [36m<div[39m
        [33mclass[39m=[32m"relative inline-block"[39m
      [36m>[39m
        [36m<button[39m
          [33maria-label[39m=[32m"Sticky note (S)"[39m
          [33mclass[39m=[32m"inline-flex items-center justify-center font-medium rounded-md focus:outline-none focus:ring-2 focus:ring-offset-2 transition-colors duration-200 disabled:opacity-50 disabled:cursor-not-allowed px-3 py-1.5 text-sm text-gray-600 hover:text-gray-900 hover:bg-gray-100 focus:ring-gray-500 w-10 h-10 flex items-center justify-center bg-blue-50 text-blue-600 ring-2 ring-blue-200"[39m
          [33mdata-testid[39m=[32m"tool-sticky_note"[39m
          [33mtitle[39m=[32m"Sticky note (S)"[39m
        [36m>[39m
          [36m<svg[39m
            [33mclass[39m=[32m"w-5 h-5"[39m
            [33mfill[39m=[32m"none"[39m
            [33mstroke[39m=[32m"currentColor"[39m
            [33mviewBox[39m=[32m"0 0 24 24"[39m
          [36m>[39m
            [36m<path[39m
              [33md[39m=[32m"M19 11H5m14 0a2 2 0 012 2v6a2 2 0 01-2 2H5a2 2 0 01-2-2v-6a2 2 0 012-2m14 0V9a2 2 0 00-2-2M5 11V9a2 2 0 012-2m0 0V5a2 2 0 012-2h6a2 2 0 012 2v2M7 7h10"[39m
              [33mstroke-linecap[39m=[32m"round"[39m
              [33mstroke-linejoin[39m=[32m"round"[39m
              [33mstroke-width[39m=[32m"2"[39m
            [36m/>[39m
          [36m</svg>[39m
        [36m</button>[39m
      [36m</div>[39m
      [36m<div[39m
        [33mclass[39m=[32m"relative inline-block"[39m
      [36m>[39m
        [36m<button[39m
          [33maria-label[39m=[32m"Rectangle (R)"[39m
          [33mclass[39m=[32m"inline-flex items-center justify-center font-medium rounded-md focus:outline-none focus:ring-2 focus:ring-offset-2 transition-colors duration-200 disabled:opacity-50 disabled:cursor-not-allowed px-3 py-1.5 text-sm text-gray-600 hover:text-gray-900 hover:bg-gray-100 focus:ring-gray-500 w-10 h-10 flex items-center justify-center"[39m
          [33mdata-testid[39m=[32m"tool-rectangle"[39m
          [33mtitle[39m=[32m"Rectangle (R)"[39m
        [36m>[39m
          [36m<svg[39m
            [33mclass[39m=[32m"w-5 h-5"[39m
            [33mfill[39m=[32m"none"[39m
            [33mstroke[39m=[32m"currentColor"[39m
            [33mviewBox[39m=[32m"0 0 24 24"[39m
          [36m>[39m
            [36m<rect[39m
              [33mheight[39m=[32m"18"[39m
              [33mrx[39m=[32m"2"[39m
              [33mry[39m=[32m"2"[39m
              [33mstroke-width[39m=[32m"2"[39m
              [33mwidth[39m=[32m"18"[39m
              [33mx[39m=[32m"3"[39m
              [33my[39m=[32m"3"[39m
            [36m/>[39m
          [36m</svg>[39m
        [36m</button>[39m
      [36m</div>[39m
      [36m<div[39m
        [33mclass[39m=[32m"relative inline-block"[39m
      [36m>[39m
        [36m<button[39m
          [33maria-label[39m=[32m"Circle (C)"[39m
          [33mclass[39m=[32m"inline-flex items-center justify-center font-medium rounded-md focus:outline-none focus:ring-2 focus:ring-offset-2 transition-colors duration-200 disabled:opacity-50 disabled:cursor-not-allowed px-3 py-1.5 text-sm text-gray-600 hover:text-gray-900 hover:bg-gray-100 focus:ring-gray-500 w-10 h-10 flex items-center justify-center"[39m
          [33mdata-testid[39m=[32m"tool-circle"[39m
          [33mtitle[39m=[32m"Circle (C)"[39m
        [36m>[39m
          [36m<svg[39m
            [33mclass[39m=[32m"w-5 h-5"[39m
            [33mfill[39m=[32m"none"[39m
            [33mstroke[39m=[32m"currentColor"[39m
            [33mviewBox[39m=[32m"0 0 24 24"[39m
          [36m>[39m
            [36m<circle[39m
              [33mcx[39m=[32m"12"[39m
              [33mcy[39m=[32m"12"[39m
              [33mr[39m=[32m"9"[39m
              [33mstroke-width[39m=[32m"2"[39m
            [36m/>[39m
          [36m</svg>[39m
        [36m</button>[39m
      [36m</div>[39m
      [36m<div[39m
        [33mclass[39m=[32m"relative inline-block"[39m
      [36m>[39m
        [36m<button[39m
          [33maria-label[39m=[32m"Text (T)"[39m
          [33mclass[39m=[32m"inline-flex items-center justify-center font-medium rounded-md focus:outline-none focus:ring-2 focus:ring-offset-2 transition-colors duration-200 disabled:opacity-50 disabled:cursor-not-allowed px-3 py-1.5 text-sm text-gray-600 hover:text-gray-900 hover:bg-gray-100 focus:ring-gray-500 w-10 h-10 flex items-center justify-center"[39m
          [33mdata-testid[39m=[32m"tool-text"[39m
          [33mtitle[39m=[32m"Text (T)"[39m
        [36m>[39m
          [36m<svg...

    Ignored nodes: comments, script, style
    [36m<div[39m
      [33mclass[39m=[32m"relative inline-block"[39m
    [36m>[39m
      [36m<button[39m
        [33maria-label[39m=[32m"Select (V)"[39m
        [33mclass[39m=[32m"inline-flex items-center justify-center font-medium rounded-md focus:outline-none focus:ring-2 focus:ring-offset-2 transition-colors duration-200 disabled:opacity-50 disabled:cursor-not-allowed px-3 py-1.5 text-sm text-gray-600 hover:text-gray-900 hover:bg-gray-100 focus:ring-gray-500 w-10 h-10 flex items-center justify-center"[39m
        [33mdata-testid[39m=[32m"tool-select"[39m
        [33mtitle[39m=[32m"Select (V)"[39m
      [36m>[39m
        [36m<svg[39m
          [33mclass[39m=[32m"w-5 h-5"[39m
          [33mfill[39m=[32m"none"[39m
          [33mstroke[39m=[32m"currentColor"[39m
          [33mviewBox[39m=[32m"0 0 24 24"[39m
        [36m>[39m
          [36m<path[39m
            [33md[39m=[32m"M12 3l7 7-7 7-7-7z"[39m
            [33mstroke-linecap[39m=[32m"round"[39m
            [33mstroke-linejoin[39m=[32m"round"[39m
            [33mstroke-width[39m=[32m"2"[39m
          [36m/>[39m
        [36m</svg>[39m
      [36m</button>[39m
    [36m</div>[39m

    Ignored nodes: comments, script, style
    [36m<div[39m
      [33mclass[39m=[32m"relative inline-block"[39m
    [36m>[39m
      [36m<button[39m
        [33maria-label[39m=[32m"Hand tool (H)"[39m
        [33mclass[39m=[32m"inline-flex items-center justify-center font-medium rounded-md focus:outline-none focus:ring-2 focus:ring-offset-2 transition-colors duration-200 disabled:opacity-50 disabled:cursor-not-allowed px-3 py-1.5 text-sm text-gray-600 hover:text-gray-900 hover:bg-gray-100 focus:ring-gray-500 w-10 h-10 flex items-center justify-center"[39m
        [33mdata-testid[39m=[32m"tool-pan"[39m
        [33mtitle[39m=[32m"Hand tool (H)"[39m
      [36m>[39m
        [36m<svg[39m
          [33mclass[39m=[32m"w-5 h-5"[39m
          [33mfill[39m=[32m"none"[39m
          [33mstroke[39m=[32m"currentColor"[39m
          [33mviewBox[39m=[32m"0 0 24 24"[39m
        [36m>[39m
          [36m<path[39m
            [33md[39m=[32m"M7 11.5V14m0-2.5v-6a1.5 1.5 0 113 0m-3 6a1.5 1.5 0 00-3 0v2a7.5 7.5 0 0015 0v-5a1.5 1.5 0 00-3 0m-6-3V11m0-5.5v-1a1.5 1.5 0 013 0v1m0 0V11m0-5.5a1.5 1.5 0 013 0v3m0 0V11"[39m
            [33mstroke-linecap[39m=[32m"round"[39m
            [33mstroke-linejoin[39m=[32m"round"[39m
            [33mstroke-width[39m=[32m"2"[39m
          [36m/>[39m
        [36m</svg>[39m
      [36m</button>[39m
    [36m</div>[39m

    Ignored nodes: comments, script, style
    [36m<div[39m
      [33mclass[39m=[32m"relative inline-block"[39m
    [36m>[39m
      [36m<button[39m
        [33maria-label[39m=[32m"Sticky note (S)"[39m
        [33mclass[39m=[32m"inline-flex items-center justify-center font-medium rounded-md focus:outline-none focus:ring-2 focus:ring-offset-2 transition-colors duration-200 disabled:opacity-50 disabled:cursor-not-allowed px-3 py-1.5 text-sm text-gray-600 hover:text-gray-900 hover:bg-gray-100 focus:ring-gray-500 w-10 h-10 flex items-center justify-center bg-blue-50 text-blue-600 ring-2 ring-blue-200"[39m
        [33mdata-testid[39m=[32m"tool-sticky_note"[39m
        [33mtitle[39m=[32m"Sticky note (S)"[39m
      [36m>[39m
        [36m<svg[39m
          [33mclass[39m=[32m"w-5 h-5"[39m
          [33mfill[39m=[32m"none"[39m
          [33mstroke[39m=[32m"currentColor"[39m
          [33mviewBox[39m=[32m"0 0 24 24"[39m
        [36m>[39m
          [36m<path[39m
            [33md[39m=[32m"M19 11H5m14 0a2 2 0 012 2v6a2 2 0 01-2 2H5a2 2 0 01-2-2v-6a2 2 0 012-2m14 0V9a2 2 0 00-2-2M5 11V9a2 2 0 012-2m0 0V5a2 2 0 012-2h6a2 2 0 012 2v2M7 7h10"[39m
            [33mstroke-linecap[39m=[32m"round"[39m
            [33mstroke-linejoin[39m=[32m"round"[39m
            [33mstroke-width[39m=[32m"2"[39m
          [36m/>[39m
        [36m</svg>[39m
      [36m</button>[39m
    [36m</div>[39m

    Ignored nodes: comments, script, style
    [36m<div[39m
      [33mclass[39m=[32m"relative inline-block"[39m
    [36m>[39m
      [36m<button[39m
        [33maria-label[39m=[32m"Rectangle (R)"[39m
        [33mclass[39m=[32m"inline-flex items-center justify-center font-medium rounded-md focus:outline-none focus:ring-2 focus:ring-offset-2 transition-colors duration-200 disabled:opacity-50 disabled:cursor-not-allowed px-3 py-1.5 text-sm text-gray-600 hover:text-gray-900 hover:bg-gray-100 focus:ring-gray-500 w-10 h-10 flex items-center justify-center"[39m
        [33mdata-testid[39m=[32m"tool-rectangle"[39m
        [33mtitle[39m=[32m"Rectangle (R)"[39m
      [36m>[39m
        [36m<svg[39m
          [33mclass[39m=[32m"w-5 h-5"[39m
          [33mfill[39m=[32m"none"[39m
          [33mstroke[39m=[32m"currentColor"[39m
          [33mviewBox[39m=[32m"0 0 24 24"[39m
        [36m>[39m
          [36m<rect[39m
            [33mheight[39m=[32m"18"[39m
            [33mrx[39m=[32m"2"[39m
            [33mry[39m=[32m"2"[39m
            [33mstroke-width[39m=[32m"2"[39m
            [33mwidth[39m=[32m"18"[39m
            [33mx[39m=[32m"3"[39m
            [33my[39m=[32m"3"[39m
          [36m/>[39m
        [36m</svg>[39m
      [36m</button>[39m
    [36m</div>[39m

    Ignored nodes: comments, script, style
    [36m<div[39m
      [33mclass[39m=[32m"relative inline-block"[39m
    [36m>[39m
      [36m<button[39m
        [33maria-label[39m=[32m"Circle (C)"[39m
        [33mclass[39m=[32m"inline-flex items-center justify-center font-medium rounded-md focus:outline-none focus:ring-2 focus:ring-offset-2 transition-colors duration-200 disabled:opacity-50 disabled:cursor-not-allowed px-3 py-1.5 text-sm text-gray-600 hover:text-gray-900 hover:bg-gray-100 focus:ring-gray-500 w-10 h-10 flex items-center justify-center"[39m
        [33mdata-testid[39m=[32m"tool-circle"[39m
        [33mtitle[39m=[32m"Circle (C)"[39m
      [36m>[39m
        [36m<svg[39m
          [33mclass[39m=[32m"w-5 h-5"[39m
          [33mfill[39m=[32m"none"[39m
          [33mstroke[39m=[32m"currentColor"[39m
          [33mviewBox[39m=[32m"0 0 24 24"[39m
        [36m>[39m
          [36m<circle[39m
            [33mcx[39m=[32m"12"[39m
            [33mcy[39m=[32m"12"[39m
            [33mr[39m=[32m"9"[39m
            [33mstroke-width[39m=[32m"2"[39m
          [36m/>[39m
        [36m</svg>[39m
      [36m</button>[39m
    [36m</div>[39m

    Ignored nodes: comments, script, style
    [36m<div[39m
      [33mclass[39m=[32m"relative inline-block"[39m
    [36m>[39m
      [36m<button[39m
        [33maria-label[39m=[32m"Text (T)"[39m
        [33mclass[39m=[32m"inline-flex items-center justify-center font-medium rounded-md focus:outline-none focus:ring-2 focus:ring-offset-2 transition-colors duration-200 disabled:opacity-50 disabled:cursor-not-allowed px-3 py-1.5 text-sm text-gray-600 hover:text-gray-900 hover:bg-gray-100 focus:ring-gray-500 w-10 h-10 flex items-center justify-center"[39m
        [33mdata-testid[39m=[32m"tool-text"[39m
        [33mtitle[39m=[32m"Text (T)"[39m
      [36m>[39m
        [36m<svg[39m
          [33mclass[39m=[32m"w-5 h-5"[39m
          [33mfill[39m=[32m"none"[39m
          [33mstroke[39m=[32m"currentColor"[39m
          [33mviewBox[39m=[32m"0 0 24 24"[39m
        [36m>[39m
          [36m<path[39m
            [33md[39m=[32m"M4 5h16M4 19h16M10 5v14M14 5v14"[39m
            [33mstroke-linecap[39m=[32m"round"[39m
            [33mstroke-linejoin[39m=[32m"round"[39m
            [33mstroke-width[39m=[32m"2"[39m
          [36m/>[39m
        [36m</svg>[39m
      [36m</button>[39m
    [36m</div>[39m

    Ignored nodes: comments, script, style
    [36m<div[39m
      [33mclass[39m=[32m"relative inline-block"[39m
    [36m>[39m
      [36m<button[39m
        [33maria-label[39m=[32m"Line (L)"[39m
        [33mclass[39m=[32m"inline-flex items-center justify-center font-medium rounded-md focus:outline-none focus:ring-2 focus:ring-offset-2 transition-colors duration-200 disabled:opacity-50 disabled:cursor-not-allowed px-3 py-1.5 text-sm text-gray-600 hover:text-gray-900 hover:bg-gray-100 focus:ring-gray-500 w-10 h-10 flex items-center justify-center"[39m
        [33mdata-testid[39m=[32m"tool-line"[39m
        [33mtitle[39m=[32m"Line (L)"[39m
      [36m>[39m
        [36m<svg[39m
          [33mclass[39m=[32m"w-5 h-5"[39m
          [33mfill[39m=[32m"none"[39m
          [33mstroke[39m=[32m"currentColor"[39m
          [33mviewBox[39m=[32m"0 0 24 24"[39m
        [36m>[39m
          [36m<path[39m
            [33md[39m=[32m"M4 20L20 4"[39m
            [33mstroke-linecap[39m=[32m"round"[39m
            [33mstroke-linejoin[39m=[32m"round"[39m
            [33mstroke-width[39m=[32m"2"[39m
          [36m/>[39m
        [36m</svg>[39m
      [36m</button>[39m
    [36m</div>[39m

    Ignored nodes: comments, script, style
    [36m<div[39m
      [33mclass[39m=[32m"relative inline-block"[39m
    [36m>[39m
      [36m<button[39m
        [33maria-label[39m=[32m"Pen (P)"[39m
        [33mclass[39m=[32m"inline-flex items-center justify-center font-medium rounded-md focus:outline-none focus:ring-2 focus:ring-offset-2 transition-colors duration-200 disabled:opacity-50 disabled:cursor-not-allowed px-3 py-1.5 text-sm text-gray-600 hover:text-gray-900 hover:bg-gray-100 focus:ring-gray-500 w-10 h-10 flex items-center justify-center"[39m
        [33mdata-testid[39m=[32m"tool-freehand"[39m
        [33mtitle[39m=[32m"Pen (P)"[39m
      [36m>[39m
        [36m<svg[39m
          [33mclass[39m=[32m"w-5 h-5"[39m
          [33mfill[39m=[32m"none"[39m
          [33mstroke[39m=[32m"currentColor"[39m
          [33mviewBox[39m=[32m"0 0 24 24"[39m
        [36m>[39m
          [36m<path[39m
            [33md[39m=[32m"M15.232 5.232l3.536 3.536m-2.036-5.036a2.5 2.5 0 113.536 3.536L6.5 21.036H3v-3.572L16.732 3.732z"[39m
            [33mstroke-linecap[39m=[32m"round"[39m
            [33mstroke-linejoin[39m=[32m"round"[39m
            [33mstroke-width[39m=[32m"2"[39m
          [36m/>[39m
        [36m</svg>[39m
      [36m</button>[39m
    [36m</div>[39m

    Ignored nodes: comments, script, style
    [36m<div[39m
      [33mclass[39m=[32m"h-px bg-gray-200 my-1"[39m
    [36m/>[39m

    Ignored nodes: comments, script, style
    [36m<div[39m
      [33mclass[39m=[32m"flex flex-col gap-1"[39m
    [36m>[39m
      [36m<div[39m
        [33mclass[39m=[32m"relative inline-block"[39m
      [36m>[39m
        [36m<button[39m
          [33mclass[39m=[32m"inline-flex items-center justify-center font-medium rounded-md focus:outline-none focus:ring-2 focus:ring-offset-2 transition-colors duration-200 disabled:opacity-50 disabled:cursor-not-allowed px-3 py-1.5 text-sm text-gray-600 hover:text-gray-900 hover:bg-gray-100 focus:ring-gray-500 w-10 h-10 flex items-center justify-center opacity-50"[39m
          [33mdisabled[39m=[32m""[39m
        [36m>[39m
          [36m<svg[39m
            [33mclass[39m=[32m"w-5 h-5"[39m
            [33mfill[39m=[32m"none"[39m
            [33mstroke[39m=[32m"currentColor"[39m
            [33mviewBox[39m=[32m"0 0 24 24"[39m
          [36m>[39m
            [36m<rect[39m
              [33mheight[39m=[32m"18"[39m
              [33mrx[39m=[32m"2"[39m
              [33mry[39m=[32m"2"[39m
              [33mstroke-width[39m=[32m"2"[39m
              [33mwidth[39m=[32m"18"[39m
              [33mx[39m=[32m"3"[39m
              [33my[39m=[32m"3"[39m
            [36m/>[39m
            [36m<circle[39m
              [33mcx[39m=[32m"8.5"[39m
              [33mcy[39m=[32m"8.5"[39m
              [33mr[39m=[32m"1.5"[39m
              [33mstroke-width[39m=[32m"2"[39m
            [36m/>[39m
            [36m<path[39m
              [33md[39m=[32m"m21 15-3.086-3.086a2 2 0 00-2.828 0L6 21"[39m
              [33mstroke-width[39m=[32m"2"[39m
            [36m/>[39m
          [36m</svg>[39m
        [36m</button>[39m
      [36m</div>[39m
      [36m<div[39m
        [33mclass[39m=[32m"relative inline-block"[39m
      [36m>[39m
        [36m<button[39m
          [33mclass[39m=[32m"inline-flex items-center justify-center font-medium rounded-md focus:outline-none focus:ring-2 focus:ring-offset-2 transition-colors duration-200 disabled:opacity-50 disabled:cursor-not-allowed px-3 py-1.5 text-sm text-gray-600 hover:text-gray-900 hover:bg-gray-100 focus:ring-gray-500 w-10 h-10 flex items-center justify-center opacity-50"[39m
          [33mdisabled[39m=[32m""[39m
        [36m>[39m
          [36m<svg[39m
            [33mclass[39m=[32m"w-5 h-5"[39m
            [33mfill[39m=[32m"none"[39m
            [33mstroke[39m=[32m"currentColor"[39m
            [33mviewBox[39m=[32m"0 0 24 24"[39m
          [36m>[39m
            [36m<path[39m
              [33md[39m=[32m"M13.828 10.172a4 4 0 00-5.656 0l-4 4a4 4 0 105.656 5.656l1.102-1.101m-.758-4.899a4 4 0 005.656 0l4-4a4 4 0 00-5.656-5.656l-1.1 1.1"[39m
              [33mstroke-linecap[39m=[32m"round"[39m
              [33mstroke-linejoin[39m=[32m"round"[39m
              [33mstroke-width[39m=[32m"2"[39m
            [36m/>[39m
          [36m</svg>[39m
        [36m</button>[39m
      [36m</div>[39m
      [36m<div[39m
        [33mclass[39m=[32m"relative inline-block"[39m
      [36m>[39m
        [36m<button[39m
          [33mclass[39m=[32m"inline-flex items-center justify-center font-medium rounded-md focus:outline-none focus:ring-2 focus:ring-offset-2 transition-colors duration-200 disabled:opacity-50 disabled:cursor-not-allowed px-3 py-1.5 text-sm text-gray-600 hover:text-gray-900 hover:bg-gray-100 focus:ring-gray-500 w-10 h-10 flex items-center justify-center opacity-50"[39m
          [33mdisabled[39m=[32m""[39m
        [36m>[39m
          [36m<svg[39m
            [33mclass[39m=[32m"w-5 h-5"[39m
            [33mfill[39m=[32m"none"[39m
            [33mstroke[39m=[32m"currentColor"[39m
            [33mviewBox[39m=[32m"0 0 24 24"[39m
          [36m>[39m
            [36m<path[39m
              [33md[39m=[32m"M15.232 5.232l3.536 3.536m-2.036-5.036a2.5 2.5 0 113.536 3.536L6.5 21.036H3v-3.572L16.732 3.732z"[39m
              [33mstroke-linecap[39m=[32m"round"[39m
              [33mstroke-linejoin[39m=[32m"round"[39m
              [33mstroke-width[39m=[32m"2"[39m
            [36m/>[39m
          [36m</svg>[39m
        [36m</button>[39m
      [36m</div>[39m
    [36m</div>[39m

    Ignored nodes: comments, script, style
    [36m<div[39m
      [33mclass[39m=[32m"relative inline-block"[39m
    [36m>[39m
      [36m<button[39m
        [33mclass[39m=[32m"inline-flex items-center justify-center font-medium rounded-md focus:outline-none focus:ring-2 focus:ring-offset-2 transition-colors duration-200 disabled:opacity-50 disabled:cursor-not-allowed px-3 py-1.5 text-sm text-gray-600 hover:text-gray-900 hover:bg-gray-100 focus:ring-gray-500 w-10 h-10 flex items-center justify-center opacity-50"[39m
        [33mdisabled[39m=[32m""[39m
      [36m>[39m
        [36m<svg[39m
          [33mclass[39m=[32m"w-5 h-5"[39m
          [33mfill[39m=[32m"none"[39m
          [33mstroke[39m=[32m"currentColor"[39m
          [33mviewBox[39m=[32m"0 0 24 24"[39m
        [36m>[39m
          [36m<rect[39m
            [33mheight[39m=[32m"18"[39m
            [33mrx[39m=[32m"2"[39m
            [33mry[39m=[32m"2"[39m
            [33mstroke-width[39m=[32m"2"[39m
            [33mwidth[39m=[32m"18"[39m
            [33mx[39m=[32m"3"[39m
            [33my[39m=[32m"3"[39m
          [36m/>[39m
          [36m<circle[39m
            [33mcx[39m=[32m"8.5"[39m
            [33mcy[39m=[32m"8.5"[39m
            [33mr[39m=[32m"1.5"[39m
            [33mstroke-width[39m=[32m"2"[39m
          [36m/>[39m
          [36m<path[39m
            [33md[39m=[32m"m21 15-3.086-3.086a2 2 0 00-2.828 0L6 21"[39m
            [33mstroke-width[39m=[32m"2"[39m
          [36m/>[39m
        [36m</svg>[39m
      [36m</button>[39m
    [36m</div>[39m

    Ignored nodes: comments, script, style
    [36m<div[39m
      [33mclass[39m=[32m"relative inline-block"[39m
    [36m>[39m
      [36m<button[39m
        [33mclass[39m=[32m"inline-flex items-center justify-center font-medium rounded-md focus:outline-none focus:ring-2 focus:ring-offset-2 transition-colors duration-200 disabled:opacity-50 disabled:cursor-not-allowed px-3 py-1.5 text-sm text-gray-600 hover:text-gray-900 hover:bg-gray-100 focus:ring-gray-500 w-10 h-10 flex items-center justify-center opacity-50"[39m
        [33mdisabled[39m=[32m""[39m
      [36m>[39m
        [36m<svg[39m
          [33mclass[39m=[32m"w-5 h-5"[39m
          [33mfill[39m=[32m"none"[39m
          [33mstroke[39m=[32m"currentColor"[39m
          [33mviewBox[39m=[32m"0 0 24 24"[39m
        [36m>[39m
          [36m<path[39m
            [33md[39m=[32m"M13.828 10.172a4 4 0 00-5.656 0l-4 4a4 4 0 105.656 5.656l1.102-1.101m-.758-4.899a4 4 0 005.656 0l4-4a4 4 0 00-5.656-5.656l-1.1 1.1"[39m
            [33mstroke-linecap[39m=[32m"round"[39m
            [33mstroke-linejoin[39m=[32m"round"[39m
            [33mstroke-width[39m=[32m"2"[39m
          [36m/>[39m
        [36m</svg>[39m
      [36m</button>[39m
    [36m</div>[39m

    Ignored nodes: comments, script, style
    [36m<div[39m
      [33mclass[39m=[32m"relative inline-block"[39m
    [36m>[39m
      [36m<button[39m
        [33mclass[39m=[32m"inline-flex items-center justify-center font-medium rounded-md focus:outline-none focus:ring-2 focus:ring-offset-2 transition-colors duration-200 disabled:opacity-50 disabled:cursor-not-allowed px-3 py-1.5 text-sm text-gray-600 hover:text-gray-900 hover:bg-gray-100 focus:ring-gray-500 w-10 h-10 flex items-center justify-center opacity-50"[39m
        [33mdisabled[39m=[32m""[39m
      [36m>[39m
        [36m<svg[39m
          [33mclass[39m=[32m"w-5 h-5"[39m
          [33mfill[39m=[32m"none"[39m
          [33mstroke[39m=[32m"currentColor"[39m
          [33mviewBox[39m=[32m"0 0 24 24"[39m
        [36m>[39m
          [36m<path[39m
            [33md[39m=[32m"M15.232 5.232l3.536 3.536m-2.036-5.036a2.5 2.5 0 113.536 3.536L6.5 21.036H3v-3.572L16.732 3.732z"[39m
            [33mstroke-linecap[39m=[32m"round"[39m
            [33mstroke-linejoin[39m=[32m"round"[39m
            [33mstroke-width[39m=[32m"2"[39m
          [36m/>[39m
        [36m</svg>[39m
      [36m</button>[39m
    [36m</div>[39m

    Ignored nodes: comments, script, style
    [36m<div[39m
      [33mclass[39m=[32m"mt-2 bg-white shadow-lg rounded-lg border p-2 text-xs text-gray-600"[39m
    [36m>[39m
      [36m<div[39m
        [33mclass[39m=[32m"font-medium"[39m
      [36m>[39m
        [0mCurrent Tool[0m
      [36m</div>[39m
      [36m<div[39m
        [33mclass[39m=[32m"capitalize"[39m
      [36m>[39m
        [0msticky note[0m
      [36m</div>[39m
      [36m<div[39m
        [33mclass[39m=[32m"text-gray-400"[39m
      [36m>[39m
        [0mPress [0m
        [0mS[0m
      [36m</div>[39m
    [36m</div>[39m

    Ignored nodes: comments, script, style
    [36m<div[39m
      [33mclass[39m=[32m"font-medium"[39m
    [36m>[39m
      [0mCurrent Tool[0m
    [36m</div>[39m

    Ignored nodes: comments, script, style
    [36m<div[39m
      [33mclass[39m=[32m"capitalize"[39m
    [36m>[39m
      [0msticky note[0m
    [36m</div>[39m

    Ignored nodes: comments, script, style
    [36m<div[39m
      [33mclass[39m=[32m"text-gray-400"[39m
    [36m>[39m
      [0mPress [0m
      [0mS[0m
    [36m</div>[39m

    Ignored nodes: comments, script, style
    [36m<div[39m
      [33mstyle[39m=[32m"position: fixed; right: 16px; top: 88px; z-index: 100;"[39m
    [36m>[39m
      [36m<div[39m
        [33mclass[39m=[32m"absolute top-4 right-4 z-40"[39m
      [36m>[39m
        [36m<div[39m
          [33mclass[39m=[32m"bg-white shadow-lg rounded-lg border p-3"[39m
        [36m>[39m
          [36m<div[39m
            [33mclass[39m=[32m"flex items-center justify-between mb-2"[39m
          [36m>[39m
            [36m<div[39m
              [33mclass[39m=[32m"flex items-center gap-2"[39m
            [36m>[39m
              [36m<div[39m
                [33mclass[39m=[32m"w-2 h-2 rounded-full bg-red-500"[39m
              [36m/>[39m
              [36m<span[39m
                [33mclass[39m=[32m"text-sm font-medium"[39m
              [36m>[39m
                [0mOffline[0m
              [36m</span>[39m
            [36m</div>[39m
            [36m<button[39m
              [33mclass[39m=[32m"inline-flex items-center justify-center font-medium rounded-md focus:outline-none focus:ring-2 focus:ring-offset-2 transition-colors duration-200 disabled:opacity-50 disabled:cursor-not-allowed px-2 py-1 text-xs text-gray-600 hover:text-gray-900 hover:bg-gray-100 focus:ring-gray-500 p-1"[39m
            [36m>[39m
              [36m<svg[39m
                [33mclass[39m=[32m"w-4 h-4"[39m
                [33mfill[39m=[32m"none"[39m
                [33mstroke[39m=[32m"currentColor"[39m
                [33mviewBox[39m=[32m"0 0 24 24"[39m
              [36m>[39m
                [36m<path[39m
                  [33md[39m=[32m"M10.325 4.317c.426-1.756 2.924-1.756 3.35 0a1.724 1.724 0 002.573 1.066c1.543-.94 3.31.826 2.37 2.37a1.724 1.724 0 001.065 2.572c1.756.426 1.756 2.924 0 3.35a1.724 1.724 0 00-1.066 2.573c.94 1.543-.826 3.31-2.37 2.37a1.724 1.724 0 00-2.572 1.065c-.426 1.756-2.924 1.756-3.35 0a1.724 1.724 0 00-2.573-1.066c-1.543.94-3.31-.826-2.37-2.37a1.724 1.724 0 00-1.065-2.572c-1.756-.426-1.756-2.924 0-3.35a1.724 1.724 0 001.066-2.573c-.94-1.543.826-3.31 2.37-2.37.996.608 2.296.07 2.572-1.065z"[39m
                  [33mstroke-linecap[39m=[32m"round"[39m
                  [33mstroke-linejoin[39m=[32m"round"[39m
                  [33mstroke-width[39m=[32m"2"[39m
                [36m/>[39m
                [36m<path[39m
                  [33md[39m=[32m"M15 12a3 3 0 11-6 0 3 3 0 016 0z"[39m
                  [33mstroke-linecap[39m=[32m"round"[39m
                  [33mstroke-linejoin[39m=[32m"round"[39m
                  [33mstroke-width[39m=[32m"2"[39m
                [36m/>[39m
              [36m</svg>[39m
            [36m</button>[39m
          [36m</div>[39m
          [36m<div[39m
            [33mclass[39m=[32m"flex items-center gap-2"[39m
          [36m>[39m
            [36m<div[39m
              [33mclass[39m=[32m"text-sm text-gray-500"[39m
            [36m>[39m
              [0mNo active collaborators[0m
            [36m</div>[39m
          [36m</div>[39m
          [36m<div[39m
            [33mclass[39m=[32m"mt-2 pt-2 border-t"[39m
          [36m>[39m
            [36m<button[39m
              [33mclass[39m=[32m"inline-flex items-center justify-center font-medium rounded-md focus:outline-none focus:ring-2 focus:ring-offset-2 transition-colors duration-200 disabled:opacity-50 disabled:cursor-not-allowed px-3 py-1.5 text-sm border border-gray-300 bg-white text-gray-700 hover:bg-gray-50 focus:ring-blue-500 w-full flex items-center gap-2"[39m
            [36m>[39m
              [36m<svg[39m
                [33mclass[39m=[32m"w-4 h-4"[39m
                [33mfill[39m=[32m"none"[39m
                [33mstroke[39m=[32m"currentColor"[39m
                [33mviewBox[39m=[32m"0 0 24 24"[39m
              [36m>[39m
                [36m<path[39m
                  [33md[39m=[32m"M12 6v6m0 0v6m0-6h6m-6 0H6"[39m
                  [33mstroke-linecap[39m=[32m"round"[39m
                  [33mstroke-linejoin[39m=[32m"round"[39m
                  [33mstroke-width[39m=[32m"2"[39m
                [36m/>[39m
              [36m</svg>[39m
              [0mInvite others[0m
            [36m</button>[39m
          [36m</div>[39m
        [36m</div>[39m
      [36m</div>[39m
    [36m</div>[39m

    Ignored nodes: comments, script, style
    [36m<div[39m
      [33mclass[39m=[32m"absolute top-4 right-4 z-40"[39m
    [36m>[39m
      [36m<div[39m
        [33mclass[39m=[32m"bg-white shadow-lg rounded-lg border p-3"[39m
      [36m>[39m
        [36m<div[39m
          [33mclass[39m=[32m"flex items-center justify-between mb-2"[39m
        [36m>[39m
          [36m<div[39m
            [33mclass[39m=[32m"flex items-center gap-2"[39m
          [36m>[39m
            [36m<div[39m
              [33mclass[39m=[32m"w-2 h-2 rounded-full bg-red-500"[39m
            [36m/>[39m
            [36m<span[39m
              [33mclass[39m=[32m"text-sm font-medium"[39m
            [36m>[39m
              [0mOffline[0m
            [36m</span>[39m
          [36m</div>[39m
          [36m<button[39m
            [33mclass[39m=[32m"inline-flex items-center justify-center font-medium rounded-md focus:outline-none focus:ring-2 focus:ring-offset-2 transition-colors duration-200 disabled:opacity-50 disabled:cursor-not-allowed px-2 py-1 text-xs text-gray-600 hover:text-gray-900 hover:bg-gray-100 focus:ring-gray-500 p-1"[39m
          [36m>[39m
            [36m<svg[39m
              [33mclass[39m=[32m"w-4 h-4"[39m
              [33mfill[39m=[32m"none"[39m
              [33mstroke[39m=[32m"currentColor"[39m
              [33mviewBox[39m=[32m"0 0 24 24"[39m
            [36m>[39m
              [36m<path[39m
                [33md[39m=[32m"M10.325 4.317c.426-1.756 2.924-1.756 3.35 0a1.724 1.724 0 002.573 1.066c1.543-.94 3.31.826 2.37 2.37a1.724 1.724 0 001.065 2.572c1.756.426 1.756 2.924 0 3.35a1.724 1.724 0 00-1.066 2.573c.94 1.543-.826 3.31-2.37 2.37a1.724 1.724 0 00-2.572 1.065c-.426 1.756-2.924 1.756-3.35 0a1.724 1.724 0 00-2.573-1.066c-1.543.94-3.31-.826-2.37-2.37a1.724 1.724 0 00-1.065-2.572c-1.756-.426-1.756-2.924 0-3.35a1.724 1.724 0 001.066-2.573c-.94-1.543.826-3.31 2.37-2.37.996.608 2.296.07 2.572-1.065z"[39m
                [33mstroke-linecap[39m=[32m"round"[39m
                [33mstroke-linejoin[39m=[32m"round"[39m
                [33mstroke-width[39m=[32m"2"[39m
              [36m/>[39m
              [36m<path[39m
                [33md[39m=[32m"M15 12a3 3 0 11-6 0 3 3 0 016 0z"[39m
                [33mstroke-linecap[39m=[32m"round"[39m
                [33mstroke-linejoin[39m=[32m"round"[39m
                [33mstroke-width[39m=[32m"2"[39m
              [36m/>[39m
            [36m</svg>[39m
          [36m</button>[39m
        [36m</div>[39m
        [36m<div[39m
          [33mclass[39m=[32m"flex items-center gap-2"[39m
        [36m>[39m
          [36m<div[39m
            [33mclass[39m=[32m"text-sm text-gray-500"[39m
          [36m>[39m
            [0mNo active collaborators[0m
          [36m</div>[39m
        [36m</div>[39m
        [36m<div[39m
          [33mclass[39m=[32m"mt-2 pt-2 border-t"[39m
        [36m>[39m
          [36m<button[39m
            [33mclass[39m=[32m"inline-flex items-center justify-center font-medium rounded-md focus:outline-none focus:ring-2 focus:ring-offset-2 transition-colors duration-200 disabled:opacity-50 disabled:cursor-not-allowed px-3 py-1.5 text-sm border border-gray-300 bg-white text-gray-700 hover:bg-gray-50 focus:ring-blue-500 w-full flex items-center gap-2"[39m
          [36m>[39m
            [36m<svg[39m
              [33mclass[39m=[32m"w-4 h-4"[39m
              [33mfill[39m=[32m"none"[39m
              [33mstroke[39m=[32m"currentColor"[39m
              [33mviewBox[39m=[32m"0 0 24 24"[39m
            [36m>[39m
              [36m<path[39m
                [33md[39m=[32m"M12 6v6m0 0v6m0-6h6m-6 0H6"[39m
                [33mstroke-linecap[39m=[32m"round"[39m
                [33mstroke-linejoin[39m=[32m"round"[39m
                [33mstroke-width[39m=[32m"2"[39m
              [36m/>[39m
            [36m</svg>[39m
            [0mInvite others[0m
          [36m</button>[39m
        [36m</div>[39m
      [36m</div>[39m
    [36m</div>[39m

    Ignored nodes: comments, script, style
    [36m<div[39m
      [33mclass[39m=[32m"bg-white shadow-lg rounded-lg border p-3"[39m
    [36m>[39m
      [36m<div[39m
        [33mclass[39m=[32m"flex items-center justify-between mb-2"[39m
      [36m>[39m
        [36m<div[39m
          [33mclass[39m=[32m"flex items-center gap-2"[39m
        [36m>[39m
          [36m<div[39m
            [33mclass[39m=[32m"w-2 h-2 rounded-full bg-red-500"[39m
          [36m/>[39m
          [36m<span[39m
            [33mclass[39m=[32m"text-sm font-medium"[39m
          [36m>[39m
            [0mOffline[0m
          [36m</span>[39m
        [36m</div>[39m
        [36m<button[39m
          [33mclass[39m=[32m"inline-flex items-center justify-center font-medium rounded-md focus:outline-none focus:ring-2 focus:ring-offset-2 transition-colors duration-200 disabled:opacity-50 disabled:cursor-not-allowed px-2 py-1 text-xs text-gray-600 hover:text-gray-900 hover:bg-gray-100 focus:ring-gray-500 p-1"[39m
        [36m>[39m
          [36m<svg[39m
            [33mclass[39m=[32m"w-4 h-4"[39m
            [33mfill[39m=[32m"none"[39m
            [33mstroke[39m=[32m"currentColor"[39m
            [33mviewBox[39m=[32m"0 0 24 24"[39m
          [36m>[39m
            [36m<path[39m
              [33md[39m=[32m"M10.325 4.317c.426-1.756 2.924-1.756 3.35 0a1.724 1.724 0 002.573 1.066c1.543-.94 3.31.826 2.37 2.37a1.724 1.724 0 001.065 2.572c1.756.426 1.756 2.924 0 3.35a1.724 1.724 0 00-1.066 2.573c.94 1.543-.826 3.31-2.37 2.37a1.724 1.724 0 00-2.572 1.065c-.426 1.756-2.924 1.756-3.35 0a1.724 1.724 0 00-2.573-1.066c-1.543.94-3.31-.826-2.37-2.37a1.724 1.724 0 00-1.065-2.572c-1.756-.426-1.756-2.924 0-3.35a1.724 1.724 0 001.066-2.573c-.94-1.543.826-3.31 2.37-2.37.996.608 2.296.07 2.572-1.065z"[39m
              [33mstroke-linecap[39m=[32m"round"[39m
              [33mstroke-linejoin[39m=[32m"round"[39m
              [33mstroke-width[39m=[32m"2"[39m
            [36m/>[39m
            [36m<path[39m
              [33md[39m=[32m"M15 12a3 3 0 11-6 0 3 3 0 016 0z"[39m
              [33mstroke-linecap[39m=[32m"round"[39m
              [33mstroke-linejoin[39m=[32m"round"[39m
              [33mstroke-width[39m=[32m"2"[39m
            [36m/>[39m
          [36m</svg>[39m
        [36m</button>[39m
      [36m</div>[39m
      [36m<div[39m
        [33mclass[39m=[32m"flex items-center gap-2"[39m
      [36m>[39m
        [36m<div[39m
          [33mclass[39m=[32m"text-sm text-gray-500"[39m
        [36m>[39m
          [0mNo active collaborators[0m
        [36m</div>[39m
      [36m</div>[39m
      [36m<div[39m
        [33mclass[39m=[32m"mt-2 pt-2 border-t"[39m
      [36m>[39m
        [36m<button[39m
          [33mclass[39m=[32m"inline-flex items-center justify-center font-medium rounded-md focus:outline-none focus:ring-2 focus:ring-offset-2 transition-colors duration-200 disabled:opacity-50 disabled:cursor-not-allowed px-3 py-1.5 text-sm border border-gray-300 bg-white text-gray-700 hover:bg-gray-50 focus:ring-blue-500 w-full flex items-center gap-2"[39m
        [36m>[39m
          [36m<svg[39m
            [33mclass[39m=[32m"w-4 h-4"[39m
            [33mfill[39m=[32m"none"[39m
            [33mstroke[39m=[32m"currentColor"[39m
            [33mviewBox[39m=[32m"0 0 24 24"[39m
          [36m>[39m
            [36m<path[39m
              [33md[39m=[32m"M12 6v6m0 0v6m0-6h6m-6 0H6"[39m
              [33mstroke-linecap[39m=[32m"round"[39m
              [33mstroke-linejoin[39m=[32m"round"[39m
              [33mstroke-width[39m=[32m"2"[39m
            [36m/>[39m
          [36m</svg>[39m
          [0mInvite others[0m
        [36m</button>[39m
      [36m</div>[39m
    [36m</div>[39m

    Ignored nodes: comments, script, style
    [36m<div[39m
      [33mclass[39m=[32m"flex items-center justify-between mb-2"[39m
    [36m>[39m
      [36m<div[39m
        [33mclass[39m=[32m"flex items-center gap-2"[39m
      [36m>[39m
        [36m<div[39m
          [33mclass[39m=[32m"w-2 h-2 rounded-full bg-red-500"[39m
        [36m/>[39m
        [36m<span[39m
          [33mclass[39m=[32m"text-sm font-medium"[39m
        [36m>[39m
          [0mOffline[0m
        [36m</span>[39m
      [36m</div>[39m
      [36m<button[39m
        [33mclass[39m=[32m"inline-flex items-center justify-center font-medium rounded-md focus:outline-none focus:ring-2 focus:ring-offset-2 transition-colors duration-200 disabled:opacity-50 disabled:cursor-not-allowed px-2 py-1 text-xs text-gray-600 hover:text-gray-900 hover:bg-gray-100 focus:ring-gray-500 p-1"[39m
      [36m>[39m
        [36m<svg[39m
          [33mclass[39m=[32m"w-4 h-4"[39m
          [33mfill[39m=[32m"none"[39m
          [33mstroke[39m=[32m"currentColor"[39m
          [33mviewBox[39m=[32m"0 0 24 24"[39m
        [36m>[39m
          [36m<path[39m
            [33md[39m=[32m"M10.325 4.317c.426-1.756 2.924-1.756 3.35 0a1.724 1.724 0 002.573 1.066c1.543-.94 3.31.826 2.37 2.37a1.724 1.724 0 001.065 2.572c1.756.426 1.756 2.924 0 3.35a1.724 1.724 0 00-1.066 2.573c.94 1.543-.826 3.31-2.37 2.37a1.724 1.724 0 00-2.572 1.065c-.426 1.756-2.924 1.756-3.35 0a1.724 1.724 0 00-2.573-1.066c-1.543.94-3.31-.826-2.37-2.37a1.724 1.724 0 00-1.065-2.572c-1.756-.426-1.756-2.924 0-3.35a1.724 1.724 0 001.066-2.573c-.94-1.543.826-3.31 2.37-2.37.996.608 2.296.07 2.572-1.065z"[39m
            [33mstroke-linecap[39m=[32m"round"[39m
            [33mstroke-linejoin[39m=[32m"round"[39m
            [33mstroke-width[39m=[32m"2"[39m
          [36m/>[39m
          [36m<path[39m
            [33md[39m=[32m"M15 12a3 3 0 11-6 0 3 3 0 016 0z"[39m
            [33mstroke-linecap[39m=[32m"round"[39m
            [33mstroke-linejoin[39m=[32m"round"[39m
            [33mstroke-width[39m=[32m"2"[39m
          [36m/>[39m
        [36m</svg>[39m
      [36m</button>[39m
    [36m</div>[39m

    Ignored nodes: comments, script, style
    [36m<div[39m
      [33mclass[39m=[32m"flex items-center gap-2"[39m
    [36m>[39m
      [36m<div[39m
        [33mclass[39m=[32m"w-2 h-2 rounded-full bg-red-500"[39m
      [36m/>[39m
      [36m<span[39m
        [33mclass[39m=[32m"text-sm font-medium"[39m
      [36m>[39m
        [0mOffline[0m
      [36m</span>[39m
    [36m</div>[39m

    Ignored nodes: comments, script, style
    [36m<div[39m
      [33mclass[39m=[32m"w-2 h-2 rounded-full bg-red-500"[39m
    [36m/>[39m

    Ignored nodes: comments, script, style
    [36m<span[39m
      [33mclass[39m=[32m"text-sm font-medium"[39m
    [36m>[39m
      [0mOffline[0m
    [36m</span>[39m

    Ignored nodes: comments, script, style
    [36m<div[39m
      [33mclass[39m=[32m"flex items-center gap-2"[39m
    [36m>[39m
      [36m<div[39m
        [33mclass[39m=[32m"text-sm text-gray-500"[39m
      [36m>[39m
        [0mNo active collaborators[0m
      [36m</div>[39m
    [36m</div>[39m

    Ignored nodes: comments, script, style
    [36m<div[39m
      [33mclass[39m=[32m"text-sm text-gray-500"[39m
    [36m>[39m
      [0mNo active collaborators[0m
    [36m</div>[39m

    Ignored nodes: comments, script, style
    [36m<div[39m
      [33mclass[39m=[32m"mt-2 pt-2 border-t"[39m
    [36m>[39m
      [36m<button[39m
        [33mclass[39m=[32m"inline-flex items-center justify-center font-medium rounded-md focus:outline-none focus:ring-2 focus:ring-offset-2 transition-colors duration-200 disabled:opacity-50 disabled:cursor-not-allowed px-3 py-1.5 text-sm border border-gray-300 bg-white text-gray-700 hover:bg-gray-50 focus:ring-blue-500 w-full flex items-center gap-2"[39m
      [36m>[39m
        [36m<svg[39m
          [33mclass[39m=[32m"w-4 h-4"[39m
          [33mfill[39m=[32m"none"[39m
          [33mstroke[39m=[32m"currentColor"[39m
          [33mviewBox[39m=[32m"0 0 24 24"[39m
        [36m>[39m
          [36m<path[39m
            [33md[39m=[32m"M12 6v6m0 0v6m0-6h6m-6 0H6"[39m
            [33mstroke-linecap[39m=[32m"round"[39m
            [33mstroke-linejoin[39m=[32m"round"[39m
            [33mstroke-width[39m=[32m"2"[39m
          [36m/>[39m
        [36m</svg>[39m
        [0mInvite others[0m
      [36m</button>[39m
    [36m</div>[39m

    Ignored nodes: comments, script, style
    [36m<div[39m
      [33mclass[39m=[32m"absolute bottom-4 right-4 bg-white shadow-lg rounded-lg px-3 py-2 text-sm text-gray-600 border"[39m
      [33mstyle[39m=[32m"z-index: 100;"[39m
    [36m>[39m
      [36m<span>[39m
        [0mBoard: [0m
        [0mtest-board-123[0m
      [36m</span>[39m
    [36m</div>[39m

    Ignored nodes: comments, script, style
    [36m<span>[39m
      [0mBoard: [0m
      [0mtest-board-123[0m
    [36m</span>[39m

    Ignored nodes: comments, script, style
    [36m<div[39m
      [33mclass[39m=[32m"sr-only"[39m
    [36m>[39m
      [36m<div>[39m
        [0mUse V for select, S for sticky note, R for rectangle, C for circle, T for text[0m
      [36m</div>[39m
      [36m<div>[39m
        [0mUse Ctrl+A to select all, Escape to clear selection[0m
      [36m</div>[39m
      [36m<div>[39m
        [0mUse Delete to remove selected elements[0m
      [36m</div>[39m
      [36m<div>[39m
        [0mUse Ctrl+Plus/Minus to zoom, Ctrl+0 to reset zoom[0m
      [36m</div>[39m
    [36m</div>[39m

    Ignored nodes: comments, script, style
    [36m<div>[39m
      [0mUse V for select, S for sticky note, R for rectangle, C for circle, T for text[0m
    [36m</div>[39m

    Ignored nodes: comments, script, style
    [36m<div>[39m
      [0mUse Ctrl+A to select all, Escape to clear selection[0m
    [36m</div>[39m

    Ignored nodes: comments, script, style
    [36m<div>[39m
      [0mUse Delete to remove selected elements[0m
    [36m</div>[39m

    Ignored nodes: comments, script, style
    [36m<div>[39m
      [0mUse Ctrl+Plus/Minus to zoom, Ctrl+0 to reset zoom[0m
    [36m</div>[39m

    (If this is intentional, then use the `*AllBy*` variant of the query (like `queryAllByText`, `getAllByText`, or `findAllByText`)).

    Ignored nodes: comments, script, style
    [36m<body>[39m
      [36m<div>[39m
        [36m<div[39m
          [33mclass[39m=[32m"fixed inset-0 overflow-hidden bg-white focus:outline-none"[39m
          [33mstyle[39m=[32m"margin: 0px; padding: 0px;"[39m
          [33mtabindex[39m=[32m"0"[39m
        [36m>[39m
          [36m<div[39m
            [33mclass[39m=[32m"canvas-container fixed inset-0 cursor-crosshair touch-none select-none bg-gray-50 w-full h-full"[39m
            [33mstyle[39m=[32m"position: fixed; inset: 0; top: 0px; right: 0px; bottom: 0px; left: 0px; width: 100%; height: 100%; margin: 0px; padding: 0px; will-change: transform; transform: translateZ(0); z-index: 0;"[39m
          [36m>[39m
            [36m<canvas[39m
              [33mclass[39m=[32m"absolute inset-0 pointer-events-none z-0"[39m
              [33mstyle[39m=[32m"mix-blend-mode: multiply;"[39m
            [36m/>[39m
            [36m<div[39m
              [33mclass[39m=[32m"absolute inset-0 flex items-center justify-center bg-white bg-opacity-75 z-50"[39m
            [36m>[39m
              [36m<div[39m
                [33mclass[39m=[32m"animate-spin rounded-full border-2 border-gray-300 border-t-blue-600 w-8 h-8"[39m
              [36m/>[39m
            [36m</div>[39m
          [36m</div>[39m
          [36m<div[39m
            [33mclass[39m=[32m"toolbar"[39m
            [33mstyle[39m=[32m"position: fixed; top: 16px; left: 50%; transform: translateX(-50%); z-index: 100;"[39m
          [36m>[39m
            [36m<div[39m
              [33mclass[39m=[32m"absolute top-4 left-1/2 transform -translate-x-1/2 z-40 flex items-center gap-2 bg-white shadow-lg rounded-lg border p-2"[39m
            [36m>[39m
              [36m<div[39m
                [33mclass[39m=[32m"flex items-center gap-1"[39m
              [36m>[39m
                [36m<div[39m
                  [33mclass[39m=[32m"relative inline-block"[39m
                [36m>[39m
                  [36m<button[39m
                    [33mclass[39m=[32m"inline-flex items-center justify-center font-medium rounded-md focus:outline-none focus:ring-2 focus:ring-offset-2 transition-colors duration-200 disabled:opacity-50 disabled:cursor-not-allowed px-3 py-1.5 text-sm text-gray-600 hover:text-gray-900 hover:bg-gray-100 focus:ring-gray-500"[39m
                    [33mdisabled[39m=[32m""[39m
                  [36m>[39m
                    [36m<svg[39m
                      [33mclass[39m=[32m"w-4 h-4"[39m
                      [33mfill[39m=[32m"none"[39m
                      [33mstroke[39m=[32m"currentColor"[39m
                      [33mviewBox[39m=[32m"0 0 24 24"[39m
                    [36m>[39m
                      [36m<path[39m
                        [33md[39m=[32m"M3 10h10a8 8 0 018 8v2M3 10l6 6m-6-6l6-6"[39m
                        [33mstroke-linecap[39m=[32m"round"[39m
                        [33mstroke-linejoin[39m=[32m"round"[39m
                        [33mstroke-width[39m=[32m"2"[39m
                      [36m/>[39m
                    [36m</svg>[39m
                  [36m</button>[39m
                [36m</div>[39m
                [36m<div[39m
                  [33mclass[39m=[32m"relative inline-block"[39m
                [36m>[39m
                  [36m<button[39m
                    [33mclass[39m=[32m"inline-flex items-center justify-center font-medium rounded-md focus:outline-none focus:ring-2 focus:ring-offset-2 transition-colors duration-200 disabled:opacity-50 disabled:cursor-not-allowed px-3 py-1.5 text-sm text-gray-600 hover:text-gray-900 hover:bg-gray-100 focus:ring-gray-500"[39m
                    [33mdisabled[39m=[32m""[39m
                  [36m>[39m
                    [36m<svg[39m
                      [33mclass[39m=[32m"w-4 h-4"[39m
                      [33mfill[39m=[32m"none"[39m
                      [33mstroke[39m=[32m"currentColor"[39m
                      [33mviewBox[39m=[32m"0 0 24 24"[39m
                    [36m>[39m
                      [36m<path[39m
                        [33md[39m=[32m"M21 10h-10a8 8 0 00-8 8v2m18-10l-6 6m6-6l-6-6"[39m
                        [33mstroke-linecap[39m=[32m"round"[39m
                        [33mstroke-linejoin[39m=[32m"round"[39m
                        [33mstroke-width[39m=[32m"2"[39m
                      [36m/>[39m
                    [36m</svg>[39m
                  [36m</button>[39m
                [36m</div>[39m
                [36m<div[39m
                  [33mclass[39m=[32m"w-px h-6 bg-gray-200 mx-1"[39m
                [36m/>[39m
              [36m</div>[39m
              [36m<div[39m
                [33mclass[39m=[32m"flex items-center gap-1"[39m
              [36m>[39m
                [36m<div[39m
                  [33mclass[39m=[32m"relative inline-block"[39m
                [36m>[39m
                  [36m<button[39m
                    [33mclass[39m=[32m"inline-flex items-center justify-center font-medium rounded-md focus:outline-none focus:ring-2 focus:ring-offset-2 transition-colors duration-200 disabled:opacity-50 disabled:cursor-not-allowed px-3 py-1.5 text-sm text-gray-600 hover:text-gray-900 hover:bg-gray-100 focus:ring-gray-500"[39m
                  [36m>[39m
                    [36m<svg[39m
                      [33mclass[39m=[32m"w-4 h-4"[39m
                      [33mfill[39m=[32m"none"[39m
                      [33mstroke[39m=[32m"currentColor"[39m
                      [33mviewBox[39m=[32m"0 0 24 24"[39m
                    [36m>[39m
                      [36m<circle[39m
                        [33mcx[39m=[32m"11"[39m
                        [33mcy[39m=[32m"11"[39m
                        [33mr[39m=[32m"8"[39m
                        [33mstroke-width[39m=[32m"2"[39m
                      [36m/>[39m
                      [36m<path[39m
                        [33md[39m=[32m"m21 21-4.35-4.35M8 11h6"[39m
                        [33mstroke-width[39m=[32m"2"[39m
                      [36m/>[39m
                    [36m</svg>[39m
                  [36m</button>[39m
                [36m</div>[39m
                [36m<div[39m
                  [33mclass[39m=[32m"relative inline-block"[39m
                [36m>[39m
                  [36m<button[39m
                    [33mclass[39m=[32m"inline-flex items-center justify-center font-medium rounded-md focus:outline-none focus:ring-2 focus:ring-offset-2 transition-colors duration-200 disabled:opacity-50 disabled:cursor-not-allowed px-3 py-1.5 text-sm text-gray-600 hover:text-gray-900 hover:bg-gray-100 focus:ring-gray-500 min-w-16 text-sm font-mono"[39m
                  [36m>[39m
                    [0m100[0m
                    [0m%[0m
                  [36m</button>[39m
                [36m</div>[39m
                [36m<div[39m
                  [33mclass[39m=[32m"relative inline-block"[39m
                [36m>[39m
                  [36m<button[39m
                    [33mclass[39m=[32m"inline-flex items-center justify-center font-medium rounded-md focus:outline-none focus:ring-2 focus:ring-offset-2 transition-colors duration-200 disabled:opacity-50 disabled:cursor-not-allowed px-3 py-1.5 text-sm text-gray-600 hover:text-gray-900 hover:bg-gray-100 focus:ring-gray-500"[39m
                  [36m...

      207 |       await user.click(stickyNoteBtn)
      208 |
    > 209 |       const canvasContainer = screen.getByRole('generic', { hidden: true })
          |                                      ^
      210 |       
      211 |       // Simulate click to create element
      212 |       fireEvent.mouseDown(canvasContainer, { 

      at Object.getElementError (node_modules/@testing-library/react/node_modules/@testing-library/dom/dist/config.js:37:19)
      at getElementError (node_modules/@testing-library/react/node_modules/@testing-library/dom/dist/query-helpers.js:20:35)
      at getMultipleElementsFoundError (node_modules/@testing-library/react/node_modules/@testing-library/dom/dist/query-helpers.js:23:10)
      at node_modules/@testing-library/react/node_modules/@testing-library/dom/dist/query-helpers.js:55:13
      at node_modules/@testing-library/react/node_modules/@testing-library/dom/dist/query-helpers.js:95:19
      at Object.getByRole (src/__tests__/integration/whiteboard-integration.test.tsx:209:38)

  ● Whiteboard Integration Tests › Zoom and Pan Controls › should update camera state when zoom buttons are clicked

    TestingLibraryElementError: Unable to find an accessible element with the role "button" and name `/zoom in/i`

    Here are the accessible roles:

      button:

      Name "":
      [36m<button[39m
        [33mclass[39m=[32m"inline-flex items-center justify-center font-medium rounded-md focus:outline-none focus:ring-2 focus:ring-offset-2 transition-colors duration-200 disabled:opacity-50 disabled:cursor-not-allowed px-3 py-1.5 text-sm text-gray-600 hover:text-gray-900 hover:bg-gray-100 focus:ring-gray-500"[39m
        [33mdisabled[39m=[32m""[39m
      [36m/>[39m

      Name "":
      [36m<button[39m
        [33mclass[39m=[32m"inline-flex items-center justify-center font-medium rounded-md focus:outline-none focus:ring-2 focus:ring-offset-2 transition-colors duration-200 disabled:opacity-50 disabled:cursor-not-allowed px-3 py-1.5 text-sm text-gray-600 hover:text-gray-900 hover:bg-gray-100 focus:ring-gray-500"[39m
        [33mdisabled[39m=[32m""[39m
      [36m/>[39m

      Name "":
      [36m<button[39m
        [33mclass[39m=[32m"inline-flex items-center justify-center font-medium rounded-md focus:outline-none focus:ring-2 focus:ring-offset-2 transition-colors duration-200 disabled:opacity-50 disabled:cursor-not-allowed px-3 py-1.5 text-sm text-gray-600 hover:text-gray-900 hover:bg-gray-100 focus:ring-gray-500"[39m
      [36m/>[39m

      Name "100%":
      [36m<button[39m
        [33mclass[39m=[32m"inline-flex items-center justify-center font-medium rounded-md focus:outline-none focus:ring-2 focus:ring-offset-2 transition-colors duration-200 disabled:opacity-50 disabled:cursor-not-allowed px-3 py-1.5 text-sm text-gray-600 hover:text-gray-900 hover:bg-gray-100 focus:ring-gray-500 min-w-16 text-sm font-mono"[39m
      [36m/>[39m

      Name "":
      [36m<button[39m
        [33mclass[39m=[32m"inline-flex items-center justify-center font-medium rounded-md focus:outline-none focus:ring-2 focus:ring-offset-2 transition-colors duration-200 disabled:opacity-50 disabled:cursor-not-allowed px-3 py-1.5 text-sm text-gray-600 hover:text-gray-900 hover:bg-gray-100 focus:ring-gray-500"[39m
      [36m/>[39m

      Name "":
      [36m<button[39m
        [33mclass[39m=[32m"inline-flex items-center justify-center font-medium rounded-md focus:outline-none focus:ring-2 focus:ring-offset-2 transition-colors duration-200 disabled:opacity-50 disabled:cursor-not-allowed px-3 py-1.5 text-sm text-gray-600 hover:text-gray-900 hover:bg-gray-100 focus:ring-gray-500"[39m
        [33mdisabled[39m=[32m""[39m
      [36m/>[39m

      Name "":
      [36m<button[39m
        [33mclass[39m=[32m"inline-flex items-center justify-center font-medium rounded-md focus:outline-none focus:ring-2 focus:ring-offset-2 transition-colors duration-200 disabled:opacity-50 disabled:cursor-not-allowed px-3 py-1.5 text-sm text-gray-600 hover:text-gray-900 hover:bg-gray-100 focus:ring-gray-500 bg-blue-50 text-blue-600"[39m
      [36m/>[39m

      Name "":
      [36m<button[39m
        [33mclass[39m=[32m"inline-flex items-center justify-center font-medium rounded-md focus:outline-none focus:ring-2 focus:ring-offset-2 transition-colors duration-200 disabled:opacity-50 disabled:cursor-not-allowed px-3 py-1.5 text-sm text-gray-600 hover:text-gray-900 hover:bg-gray-100 focus:ring-gray-500"[39m
        [33mdisabled[39m=[32m""[39m
      [36m/>[39m

      Name "":
      [36m<button[39m
        [33mclass[39m=[32m"inline-flex items-center justify-center font-medium rounded-md focus:outline-none focus:ring-2 focus:ring-offset-2 transition-colors duration-200 disabled:opacity-50 disabled:cursor-not-allowed px-3 py-1.5 text-sm text-gray-600 hover:text-gray-900 hover:bg-gray-100 focus:ring-gray-500"[39m
      [36m/>[39m

      Name "Select (V)":
      [36m<button[39m
        [33maria-label[39m=[32m"Select (V)"[39m
        [33mclass[39m=[32m"inline-flex items-center justify-center font-medium rounded-md focus:outline-none focus:ring-2 focus:ring-offset-2 transition-colors duration-200 disabled:opacity-50 disabled:cursor-not-allowed px-3 py-1.5 text-sm text-gray-600 hover:text-gray-900 hover:bg-gray-100 focus:ring-gray-500 w-10 h-10 flex items-center justify-center bg-blue-50 text-blue-600 ring-2 ring-blue-200"[39m
        [33mdata-testid[39m=[32m"tool-select"[39m
        [33mtitle[39m=[32m"Select (V)"[39m
      [36m/>[39m

      Name "Hand tool (H)":
      [36m<button[39m
        [33maria-label[39m=[32m"Hand tool (H)"[39m
        [33mclass[39m=[32m"inline-flex items-center justify-center font-medium rounded-md focus:outline-none focus:ring-2 focus:ring-offset-2 transition-colors duration-200 disabled:opacity-50 disabled:cursor-not-allowed px-3 py-1.5 text-sm text-gray-600 hover:text-gray-900 hover:bg-gray-100 focus:ring-gray-500 w-10 h-10 flex items-center justify-center"[39m
        [33mdata-testid[39m=[32m"tool-pan"[39m
        [33mtitle[39m=[32m"Hand tool (H)"[39m
      [36m/>[39m

      Name "Sticky note (S)":
      [36m<button[39m
        [33maria-label[39m=[32m"Sticky note (S)"[39m
        [33mclass[39m=[32m"inline-flex items-center justify-center font-medium rounded-md focus:outline-none focus:ring-2 focus:ring-offset-2 transition-colors duration-200 disabled:opacity-50 disabled:cursor-not-allowed px-3 py-1.5 text-sm text-gray-600 hover:text-gray-900 hover:bg-gray-100 focus:ring-gray-500 w-10 h-10 flex items-center justify-center"[39m
        [33mdata-testid[39m=[32m"tool-sticky_note"[39m
        [33mtitle[39m=[32m"Sticky note (S)"[39m
      [36m/>[39m

      Name "Rectangle (R)":
      [36m<button[39m
        [33maria-label[39m=[32m"Rectangle (R)"[39m
        [33mclass[39m=[32m"inline-flex items-center justify-center font-medium rounded-md focus:outline-none focus:ring-2 focus:ring-offset-2 transition-colors duration-200 disabled:opacity-50 disabled:cursor-not-allowed px-3 py-1.5 text-sm text-gray-600 hover:text-gray-900 hover:bg-gray-100 focus:ring-gray-500 w-10 h-10 flex items-center justify-center"[39m
        [33mdata-testid[39m=[32m"tool-rectangle"[39m
        [33mtitle[39m=[32m"Rectangle (R)"[39m
      [36m/>[39m

      Name "Circle (C)":
      [36m<button[39m
        [33maria-label[39m=[32m"Circle (C)"[39m
        [33mclass[39m=[32m"inline-flex items-center justify-center font-medium rounded-md focus:outline-none focus:ring-2 focus:ring-offset-2 transition-colors duration-200 disabled:opacity-50 disabled:cursor-not-allowed px-3 py-1.5 text-sm text-gray-600 hover:text-gray-900 hover:bg-gray-100 focus:ring-gray-500 w-10 h-10 flex items-center justify-center"[39m
        [33mdata-testid[39m=[32m"tool-circle"[39m
        [33mtitle[39m=[32m"Circle (C)"[39m
      [36m/>[39m

      Name "Text (T)":
      [36m<button[39m
        [33maria-label[39m=[32m"Text (T)"[39m
        [33mclass[39m=[32m"inline-flex items-center justify-center font-medium rounded-md focus:outline-none focus:ring-2 focus:ring-offset-2 transition-colors duration-200 disabled:opacity-50 disabled:cursor-not-allowed px-3 py-1.5 text-sm text-gray-600 hover:text-gray-900 hover:bg-gray-100 focus:ring-gray-500 w-10 h-10 flex items-center justify-center"[39m
        [33mdata-testid[39m=[32m"tool-text"[39m
        [33mtitle[39m=[32m"Text (T)"[39m
      [36m/>[39m

      Name "Line (L)":
      [36m<button[39m
        [33maria-label[39m=[32m"Line (L)"[39m
        [33mclass[39m=[32m"inline-flex items-center justify-center font-medium rounded-md focus:outline-none focus:ring-2 focus:ring-offset-2 transition-colors duration-200 disabled:opacity-50 disabled:cursor-not-allowed px-3 py-1.5 text-sm text-gray-600 hover:text-gray-900 hover:bg-gray-100 focus:ring-gray-500 w-10 h-10 flex items-center justify-center"[39m
        [33mdata-testid[39m=[32m"tool-line"[39m
        [33mtitle[39m=[32m"Line (L)"[39m
      [36m/>[39m

      Name "Pen (P)":
      [36m<button[39m
        [33maria-label[39m=[32m"Pen (P)"[39m
        [33mclass[39m=[32m"inline-flex items-center justify-center font-medium rounded-md focus:outline-none focus:ring-2 focus:ring-offset-2 transition-colors duration-200 disabled:opacity-50 disabled:cursor-not-allowed px-3 py-1.5 text-sm text-gray-600 hover:text-gray-900 hover:bg-gray-100 focus:ring-gray-500 w-10 h-10 flex items-center justify-center"[39m
        [33mdata-testid[39m=[32m"tool-freehand"[39m
        [33mtitle[39m=[32m"Pen (P)"[39m
      [36m/>[39m

      Name "":
      [36m<button[39m
        [33mclass[39m=[32m"inline-flex items-center justify-center font-medium rounded-md focus:outline-none focus:ring-2 focus:ring-offset-2 transition-colors duration-200 disabled:opacity-50 disabled:cursor-not-allowed px-3 py-1.5 text-sm text-gray-600 hover:text-gray-900 hover:bg-gray-100 focus:ring-gray-500 w-10 h-10 flex items-center justify-center opacity-50"[39m
        [33mdisabled[39m=[32m""[39m
      [36m/>[39m

      Name "":
      [36m<button[39m
        [33mclass[39m=[32m"inline-flex items-center justify-center font-medium rounded-md focus:outline-none focus:ring-2 focus:ring-offset-2 transition-colors duration-200 disabled:opacity-50 disabled:cursor-not-allowed px-3 py-1.5 text-sm text-gray-600 hover:text-gray-900 hover:bg-gray-100 focus:ring-gray-500 w-10 h-10 flex items-center justify-center opacity-50"[39m
        [33mdisabled[39m=[32m""[39m
      [36m/>[39m

      Name "":
      [36m<button[39m
        [33mclass[39m=[32m"inline-flex items-center justify-center font-medium rounded-md focus:outline-none focus:ring-2 focus:ring-offset-2 transition-colors duration-200 disabled:opacity-50 disabled:cursor-not-allowed px-3 py-1.5 text-sm text-gray-600 hover:text-gray-900 hover:bg-gray-100 focus:ring-gray-500 w-10 h-10 flex items-center justify-center opacity-50"[39m
        [33mdisabled[39m=[32m""[39m
      [36m/>[39m

      Name "":
      [36m<button[39m
        [33mclass[39m=[32m"inline-flex items-center justify-center font-medium rounded-md focus:outline-none focus:ring-2 focus:ring-offset-2 transition-colors duration-200 disabled:opacity-50 disabled:cursor-not-allowed px-2 py-1 text-xs text-gray-600 hover:text-gray-900 hover:bg-gray-100 focus:ring-gray-500 p-1"[39m
      [36m/>[39m

      Name "Invite others":
      [36m<button[39m
        [33mclass[39m=[32m"inline-flex items-center justify-center font-medium rounded-md focus:outline-none focus:ring-2 focus:ring-offset-2 transition-colors duration-200 disabled:opacity-50 disabled:cursor-not-allowed px-3 py-1.5 text-sm border border-gray-300 bg-white text-gray-700 hover:bg-gray-50 focus:ring-blue-500 w-full flex items-center gap-2"[39m
      [36m/>[39m

      --------------------------------------------------

    Ignored nodes: comments, script, style
    [36m<body>[39m
      [36m<div>[39m
        [36m<div[39m
          [33mclass[39m=[32m"fixed inset-0 overflow-hidden bg-white focus:outline-none"[39m
          [33mstyle[39m=[32m"margin: 0px; padding: 0px;"[39m
          [33mtabindex[39m=[32m"0"[39m
        [36m>[39m
          [36m<div[39m
            [33mclass[39m=[32m"canvas-container fixed inset-0 cursor-crosshair touch-none select-none bg-gray-50 w-full h-full"[39m
            [33mstyle[39m=[32m"position: fixed; inset: 0; top: 0px; right: 0px; bottom: 0px; left: 0px; width: 100%; height: 100%; margin: 0px; padding: 0px; will-change: transform; transform: translateZ(0); z-index: 0;"[39m
          [36m>[39m
            [36m<canvas[39m
              [33mclass[39m=[32m"absolute inset-0 pointer-events-none z-0"[39m
              [33mstyle[39m=[32m"mix-blend-mode: multiply;"[39m
            [36m/>[39m
            [36m<div[39m
              [33mclass[39m=[32m"absolute inset-0 flex items-center justify-center bg-white bg-opacity-75 z-50"[39m
            [36m>[39m
              [36m<div[39m
                [33mclass[39m=[32m"animate-spin rounded-full border-2 border-gray-300 border-t-blue-600 w-8 h-8"[39m
              [36m/>[39m
            [36m</div>[39m
          [36m</div>[39m
          [36m<div[39m
            [33mclass[39m=[32m"toolbar"[39m
            [33mstyle[39m=[32m"position: fixed; top: 16px; left: 50%; transform: translateX(-50%); z-index: 100;"[39m
          [36m>[39m
            [36m<div[39m
              [33mclass[39m=[32m"absolute top-4 left-1/2 transform -translate-x-1/2 z-40 flex items-center gap-2 bg-white shadow-lg rounded-lg border p-2"[39m
            [36m>[39m
              [36m<div[39m
                [33mclass[39m=[32m"flex items-center gap-1"[39m
              [36m>[39m
                [36m<div[39m
                  [33mclass[39m=[32m"relative inline-block"[39m
                [36m>[39m
                  [36m<button[39m
                    [33mclass[39m=[32m"inline-flex items-center justify-center font-medium rounded-md focus:outline-none focus:ring-2 focus:ring-offset-2 transition-colors duration-200 disabled:opacity-50 disabled:cursor-not-allowed px-3 py-1.5 text-sm text-gray-600 hover:text-gray-900 hover:bg-gray-100 focus:ring-gray-500"[39m
                    [33mdisabled[39m=[32m""[39m
                  [36m>[39m
                    [36m<svg[39m
                      [33mclass[39m=[32m"w-4 h-4"[39m
                      [33mfill[39m=[32m"none"[39m
                      [33mstroke[39m=[32m"currentColor"[39m
                      [33mviewBox[39m=[32m"0 0 24 24"[39m
                    [36m>[39m
                      [36m<path[39m
                        [33md[39m=[32m"M3 10h10a8 8 0 018 8v2M3 10l6 6m-6-6l6-6"[39m
                        [33mstroke-linecap[39m=[32m"round"[39m
                        [33mstroke-linejoin[39m=[32m"round"[39m
                        [33mstroke-width[39m=[32m"2"[39m
                      [36m/>[39m
                    [36m</svg>[39m
                  [36m</button>[39m
                [36m</div>[39m
                [36m<div[39m
                  [33mclass[39m=[32m"relative inline-block"[39m
                [36m>[39m
                  [36m<button[39m
                    [33mclass[39m=[32m"inline-flex items-center justify-center font-medium rounded-md focus:outline-none focus:ring-2 focus:ring-offset-2 transition-colors duration-200 disabled:opacity-50 disabled:cursor-not-allowed px-3 py-1.5 text-sm text-gray-600 hover:text-gray-900 hover:bg-gray-100 focus:ring-gray-500"[39m
                    [33mdisabled[39m=[32m""[39m
                  [36m>[39m
                    [36m<svg[39m
                      [33mclass[39m=[32m"w-4 h-4"[39m
                      [33mfill[39m=[32m"none"[39m
                      [33mstroke[39m=[32m"currentColor"[39m
                      [33mviewBox[39m=[32m"0 0 24 24"[39m
                    [36m>[39m
                      [36m<path[39m
                        [33md[39m=[32m"M21 10h-10a8 8 0 00-8 8v2m18-10l-6 6m6-6l-6-6"[39m
                        [33mstroke-linecap[39m=[32m"round"[39m
                        [33mstroke-linejoin[39m=[32m"round"[39m
                        [33mstroke-width[39m=[32m"2"[39m
                      [36m/>[39m
                    [36m</svg>[39m
                  [36m</button>[39m
                [36m</div>[39m
                [36m<div[39m
                  [33mclass[39m=[32m"w-px h-6 bg-gray-200 mx-1"[39m
                [36m/>[39m
              [36m</div>[39m
              [36m<div[39m
                [33mclass[39m=[32m"flex items-center gap-1"[39m
              [36m>[39m
                [36m<div[39m
                  [33mclass[39m=[32m"relative inline-block"[39m
                [36m>[39m
                  [36m<button[39m
                    [33mclass[39m=[32m"inline-flex items-center justify-center font-medium rounded-md focus:outline-none focus:ring-2 focus:ring-offset-2 transition-colors duration-200 disabled:opacity-50 disabled:cursor-not-allowed px-3 py-1.5 text-sm text-gray-600 hover:text-gray-900 hover:bg-gray-100 focus:ring-gray-500"[39m
                  [36m>[39m
                    [36m<svg[39m
                      [33mclass[39m=[32m"w-4 h-4"[39m
                      [33mfill[39m=[32m"none"[39m
                      [33mstroke[39m=[32m"currentColor"[39m
                      [33mviewBox[39m=[32m"0 0 24 24"[39m
                    [36m>[39m
                      [36m<circle[39m
                        [33mcx[39m=[32m"11"[39m
                        [33mcy[39m=[32m"11"[39m
                        [33mr[39m=[32m"8"[39m
                        [33mstroke-width[39m=[32m"2"[39m
                      [36m/>[39m
                      [36m<path[39m
                        [33md[39m=[32m"m21 21-4.35-4.35M8 11h6"[39m
                        [33mstroke-width[39m=[32m"2"[39m
                      [36m/>[39m
                    [36m</svg>[39m
                  [36m</button>[39m
                [36m</div>[39m
                [36m<div[39m
                  [33mclass[39m=[32m"relative inline-block"[39m
                [36m>[39m
                  [36m<button[39m
                    [33mclass[39m=[32m"inline-flex items-center justify-center font-medium rounded-md focus:outline-none focus:ring-2 focus:ring-offset-2 transition-colors duration-200 disabled:opacity-50 disabled:cursor-not-allowed px-3 py-1.5 text-sm text-gray-600 hover:text-gray-900 hover:bg-gray-100 focus:ring-gray-500 min-w-16 text-sm font-mono"[39m
                  [36m>[39m
                    [0m100[0m
                    [0m%[0m
                  [36m</button>[39m
                [36m</div>[39m
                [36m<div[39m
                  [33mclass[39m=[32m"relative inline-block"[39m
                [36m>[39m
                  [36m<button[39m
                    [33mclass[39m=[32m"inline-flex items-center justify-center font-medium rounded-md focus:outline-none focus:ring-2 focus:ring-offset-2 transition-colors duration-200 disabled:opacity-50 disabled:cursor-not-allowed px-3 py-1.5 text-sm text-gray-600 hover:text-gray-900 hover:bg-gray-100 focus:ring-gray-500"[39m
                  [36m...

      231 |
      232 |       // Click zoom in button
    > 233 |       const zoomInBtn = screen.getByRole('button', { name: /zoom in/i })
          |                                ^
      234 |       await user.click(zoomInBtn)
      235 |
      236 |       await waitFor(() => {

      at Object.getElementError (node_modules/@testing-library/react/node_modules/@testing-library/dom/dist/config.js:37:19)
      at node_modules/@testing-library/react/node_modules/@testing-library/dom/dist/query-helpers.js:76:38
      at node_modules/@testing-library/react/node_modules/@testing-library/dom/dist/query-helpers.js:52:17
      at node_modules/@testing-library/react/node_modules/@testing-library/dom/dist/query-helpers.js:95:19
      at Object.getByRole (src/__tests__/integration/whiteboard-integration.test.tsx:233:32)

  ● Whiteboard Integration Tests › Zoom and Pan Controls › should reset zoom when reset zoom button is clicked

    TestingLibraryElementError: Unable to find an accessible element with the role "button" and name `/reset zoom/i`

    Here are the accessible roles:

      button:

      Name "":
      [36m<button[39m
        [33mclass[39m=[32m"inline-flex items-center justify-center font-medium rounded-md focus:outline-none focus:ring-2 focus:ring-offset-2 transition-colors duration-200 disabled:opacity-50 disabled:cursor-not-allowed px-3 py-1.5 text-sm text-gray-600 hover:text-gray-900 hover:bg-gray-100 focus:ring-gray-500"[39m
        [33mdisabled[39m=[32m""[39m
      [36m/>[39m

      Name "":
      [36m<button[39m
        [33mclass[39m=[32m"inline-flex items-center justify-center font-medium rounded-md focus:outline-none focus:ring-2 focus:ring-offset-2 transition-colors duration-200 disabled:opacity-50 disabled:cursor-not-allowed px-3 py-1.5 text-sm text-gray-600 hover:text-gray-900 hover:bg-gray-100 focus:ring-gray-500"[39m
        [33mdisabled[39m=[32m""[39m
      [36m/>[39m

      Name "":
      [36m<button[39m
        [33mclass[39m=[32m"inline-flex items-center justify-center font-medium rounded-md focus:outline-none focus:ring-2 focus:ring-offset-2 transition-colors duration-200 disabled:opacity-50 disabled:cursor-not-allowed px-3 py-1.5 text-sm text-gray-600 hover:text-gray-900 hover:bg-gray-100 focus:ring-gray-500"[39m
      [36m/>[39m

      Name "100%":
      [36m<button[39m
        [33mclass[39m=[32m"inline-flex items-center justify-center font-medium rounded-md focus:outline-none focus:ring-2 focus:ring-offset-2 transition-colors duration-200 disabled:opacity-50 disabled:cursor-not-allowed px-3 py-1.5 text-sm text-gray-600 hover:text-gray-900 hover:bg-gray-100 focus:ring-gray-500 min-w-16 text-sm font-mono"[39m
      [36m/>[39m

      Name "":
      [36m<button[39m
        [33mclass[39m=[32m"inline-flex items-center justify-center font-medium rounded-md focus:outline-none focus:ring-2 focus:ring-offset-2 transition-colors duration-200 disabled:opacity-50 disabled:cursor-not-allowed px-3 py-1.5 text-sm text-gray-600 hover:text-gray-900 hover:bg-gray-100 focus:ring-gray-500"[39m
      [36m/>[39m

      Name "":
      [36m<button[39m
        [33mclass[39m=[32m"inline-flex items-center justify-center font-medium rounded-md focus:outline-none focus:ring-2 focus:ring-offset-2 transition-colors duration-200 disabled:opacity-50 disabled:cursor-not-allowed px-3 py-1.5 text-sm text-gray-600 hover:text-gray-900 hover:bg-gray-100 focus:ring-gray-500"[39m
        [33mdisabled[39m=[32m""[39m
      [36m/>[39m

      Name "":
      [36m<button[39m
        [33mclass[39m=[32m"inline-flex items-center justify-center font-medium rounded-md focus:outline-none focus:ring-2 focus:ring-offset-2 transition-colors duration-200 disabled:opacity-50 disabled:cursor-not-allowed px-3 py-1.5 text-sm text-gray-600 hover:text-gray-900 hover:bg-gray-100 focus:ring-gray-500 bg-blue-50 text-blue-600"[39m
      [36m/>[39m

      Name "":
      [36m<button[39m
        [33mclass[39m=[32m"inline-flex items-center justify-center font-medium rounded-md focus:outline-none focus:ring-2 focus:ring-offset-2 transition-colors duration-200 disabled:opacity-50 disabled:cursor-not-allowed px-3 py-1.5 text-sm text-gray-600 hover:text-gray-900 hover:bg-gray-100 focus:ring-gray-500"[39m
        [33mdisabled[39m=[32m""[39m
      [36m/>[39m

      Name "":
      [36m<button[39m
        [33mclass[39m=[32m"inline-flex items-center justify-center font-medium rounded-md focus:outline-none focus:ring-2 focus:ring-offset-2 transition-colors duration-200 disabled:opacity-50 disabled:cursor-not-allowed px-3 py-1.5 text-sm text-gray-600 hover:text-gray-900 hover:bg-gray-100 focus:ring-gray-500"[39m
      [36m/>[39m

      Name "Select (V)":
      [36m<button[39m
        [33maria-label[39m=[32m"Select (V)"[39m
        [33mclass[39m=[32m"inline-flex items-center justify-center font-medium rounded-md focus:outline-none focus:ring-2 focus:ring-offset-2 transition-colors duration-200 disabled:opacity-50 disabled:cursor-not-allowed px-3 py-1.5 text-sm text-gray-600 hover:text-gray-900 hover:bg-gray-100 focus:ring-gray-500 w-10 h-10 flex items-center justify-center bg-blue-50 text-blue-600 ring-2 ring-blue-200"[39m
        [33mdata-testid[39m=[32m"tool-select"[39m
        [33mtitle[39m=[32m"Select (V)"[39m
      [36m/>[39m

      Name "Hand tool (H)":
      [36m<button[39m
        [33maria-label[39m=[32m"Hand tool (H)"[39m
        [33mclass[39m=[32m"inline-flex items-center justify-center font-medium rounded-md focus:outline-none focus:ring-2 focus:ring-offset-2 transition-colors duration-200 disabled:opacity-50 disabled:cursor-not-allowed px-3 py-1.5 text-sm text-gray-600 hover:text-gray-900 hover:bg-gray-100 focus:ring-gray-500 w-10 h-10 flex items-center justify-center"[39m
        [33mdata-testid[39m=[32m"tool-pan"[39m
        [33mtitle[39m=[32m"Hand tool (H)"[39m
      [36m/>[39m

      Name "Sticky note (S)":
      [36m<button[39m
        [33maria-label[39m=[32m"Sticky note (S)"[39m
        [33mclass[39m=[32m"inline-flex items-center justify-center font-medium rounded-md focus:outline-none focus:ring-2 focus:ring-offset-2 transition-colors duration-200 disabled:opacity-50 disabled:cursor-not-allowed px-3 py-1.5 text-sm text-gray-600 hover:text-gray-900 hover:bg-gray-100 focus:ring-gray-500 w-10 h-10 flex items-center justify-center"[39m
        [33mdata-testid[39m=[32m"tool-sticky_note"[39m
        [33mtitle[39m=[32m"Sticky note (S)"[39m
      [36m/>[39m

      Name "Rectangle (R)":
      [36m<button[39m
        [33maria-label[39m=[32m"Rectangle (R)"[39m
        [33mclass[39m=[32m"inline-flex items-center justify-center font-medium rounded-md focus:outline-none focus:ring-2 focus:ring-offset-2 transition-colors duration-200 disabled:opacity-50 disabled:cursor-not-allowed px-3 py-1.5 text-sm text-gray-600 hover:text-gray-900 hover:bg-gray-100 focus:ring-gray-500 w-10 h-10 flex items-center justify-center"[39m
        [33mdata-testid[39m=[32m"tool-rectangle"[39m
        [33mtitle[39m=[32m"Rectangle (R)"[39m
      [36m/>[39m

      Name "Circle (C)":
      [36m<button[39m
        [33maria-label[39m=[32m"Circle (C)"[39m
        [33mclass[39m=[32m"inline-flex items-center justify-center font-medium rounded-md focus:outline-none focus:ring-2 focus:ring-offset-2 transition-colors duration-200 disabled:opacity-50 disabled:cursor-not-allowed px-3 py-1.5 text-sm text-gray-600 hover:text-gray-900 hover:bg-gray-100 focus:ring-gray-500 w-10 h-10 flex items-center justify-center"[39m
        [33mdata-testid[39m=[32m"tool-circle"[39m
        [33mtitle[39m=[32m"Circle (C)"[39m
      [36m/>[39m

      Name "Text (T)":
      [36m<button[39m
        [33maria-label[39m=[32m"Text (T)"[39m
        [33mclass[39m=[32m"inline-flex items-center justify-center font-medium rounded-md focus:outline-none focus:ring-2 focus:ring-offset-2 transition-colors duration-200 disabled:opacity-50 disabled:cursor-not-allowed px-3 py-1.5 text-sm text-gray-600 hover:text-gray-900 hover:bg-gray-100 focus:ring-gray-500 w-10 h-10 flex items-center justify-center"[39m
        [33mdata-testid[39m=[32m"tool-text"[39m
        [33mtitle[39m=[32m"Text (T)"[39m
      [36m/>[39m

      Name "Line (L)":
      [36m<button[39m
        [33maria-label[39m=[32m"Line (L)"[39m
        [33mclass[39m=[32m"inline-flex items-center justify-center font-medium rounded-md focus:outline-none focus:ring-2 focus:ring-offset-2 transition-colors duration-200 disabled:opacity-50 disabled:cursor-not-allowed px-3 py-1.5 text-sm text-gray-600 hover:text-gray-900 hover:bg-gray-100 focus:ring-gray-500 w-10 h-10 flex items-center justify-center"[39m
        [33mdata-testid[39m=[32m"tool-line"[39m
        [33mtitle[39m=[32m"Line (L)"[39m
      [36m/>[39m

      Name "Pen (P)":
      [36m<button[39m
        [33maria-label[39m=[32m"Pen (P)"[39m
        [33mclass[39m=[32m"inline-flex items-center justify-center font-medium rounded-md focus:outline-none focus:ring-2 focus:ring-offset-2 transition-colors duration-200 disabled:opacity-50 disabled:cursor-not-allowed px-3 py-1.5 text-sm text-gray-600 hover:text-gray-900 hover:bg-gray-100 focus:ring-gray-500 w-10 h-10 flex items-center justify-center"[39m
        [33mdata-testid[39m=[32m"tool-freehand"[39m
        [33mtitle[39m=[32m"Pen (P)"[39m
      [36m/>[39m

      Name "":
      [36m<button[39m
        [33mclass[39m=[32m"inline-flex items-center justify-center font-medium rounded-md focus:outline-none focus:ring-2 focus:ring-offset-2 transition-colors duration-200 disabled:opacity-50 disabled:cursor-not-allowed px-3 py-1.5 text-sm text-gray-600 hover:text-gray-900 hover:bg-gray-100 focus:ring-gray-500 w-10 h-10 flex items-center justify-center opacity-50"[39m
        [33mdisabled[39m=[32m""[39m
      [36m/>[39m

      Name "":
      [36m<button[39m
        [33mclass[39m=[32m"inline-flex items-center justify-center font-medium rounded-md focus:outline-none focus:ring-2 focus:ring-offset-2 transition-colors duration-200 disabled:opacity-50 disabled:cursor-not-allowed px-3 py-1.5 text-sm text-gray-600 hover:text-gray-900 hover:bg-gray-100 focus:ring-gray-500 w-10 h-10 flex items-center justify-center opacity-50"[39m
        [33mdisabled[39m=[32m""[39m
      [36m/>[39m

      Name "":
      [36m<button[39m
        [33mclass[39m=[32m"inline-flex items-center justify-center font-medium rounded-md focus:outline-none focus:ring-2 focus:ring-offset-2 transition-colors duration-200 disabled:opacity-50 disabled:cursor-not-allowed px-3 py-1.5 text-sm text-gray-600 hover:text-gray-900 hover:bg-gray-100 focus:ring-gray-500 w-10 h-10 flex items-center justify-center opacity-50"[39m
        [33mdisabled[39m=[32m""[39m
      [36m/>[39m

      Name "":
      [36m<button[39m
        [33mclass[39m=[32m"inline-flex items-center justify-center font-medium rounded-md focus:outline-none focus:ring-2 focus:ring-offset-2 transition-colors duration-200 disabled:opacity-50 disabled:cursor-not-allowed px-2 py-1 text-xs text-gray-600 hover:text-gray-900 hover:bg-gray-100 focus:ring-gray-500 p-1"[39m
      [36m/>[39m

      Name "Invite others":
      [36m<button[39m
        [33mclass[39m=[32m"inline-flex items-center justify-center font-medium rounded-md focus:outline-none focus:ring-2 focus:ring-offset-2 transition-colors duration-200 disabled:opacity-50 disabled:cursor-not-allowed px-3 py-1.5 text-sm border border-gray-300 bg-white text-gray-700 hover:bg-gray-50 focus:ring-blue-500 w-full flex items-center gap-2"[39m
      [36m/>[39m

      --------------------------------------------------

    Ignored nodes: comments, script, style
    [36m<body>[39m
      [36m<div>[39m
        [36m<div[39m
          [33mclass[39m=[32m"fixed inset-0 overflow-hidden bg-white focus:outline-none"[39m
          [33mstyle[39m=[32m"margin: 0px; padding: 0px;"[39m
          [33mtabindex[39m=[32m"0"[39m
        [36m>[39m
          [36m<div[39m
            [33mclass[39m=[32m"canvas-container fixed inset-0 cursor-crosshair touch-none select-none bg-gray-50 w-full h-full"[39m
            [33mstyle[39m=[32m"position: fixed; inset: 0; top: 0px; right: 0px; bottom: 0px; left: 0px; width: 100%; height: 100%; margin: 0px; padding: 0px; will-change: transform; transform: translateZ(0); z-index: 0;"[39m
          [36m>[39m
            [36m<canvas[39m
              [33mclass[39m=[32m"absolute inset-0 pointer-events-none z-0"[39m
              [33mstyle[39m=[32m"mix-blend-mode: multiply;"[39m
            [36m/>[39m
            [36m<div[39m
              [33mclass[39m=[32m"absolute inset-0 flex items-center justify-center bg-white bg-opacity-75 z-50"[39m
            [36m>[39m
              [36m<div[39m
                [33mclass[39m=[32m"animate-spin rounded-full border-2 border-gray-300 border-t-blue-600 w-8 h-8"[39m
              [36m/>[39m
            [36m</div>[39m
          [36m</div>[39m
          [36m<div[39m
            [33mclass[39m=[32m"toolbar"[39m
            [33mstyle[39m=[32m"position: fixed; top: 16px; left: 50%; transform: translateX(-50%); z-index: 100;"[39m
          [36m>[39m
            [36m<div[39m
              [33mclass[39m=[32m"absolute top-4 left-1/2 transform -translate-x-1/2 z-40 flex items-center gap-2 bg-white shadow-lg rounded-lg border p-2"[39m
            [36m>[39m
              [36m<div[39m
                [33mclass[39m=[32m"flex items-center gap-1"[39m
              [36m>[39m
                [36m<div[39m
                  [33mclass[39m=[32m"relative inline-block"[39m
                [36m>[39m
                  [36m<button[39m
                    [33mclass[39m=[32m"inline-flex items-center justify-center font-medium rounded-md focus:outline-none focus:ring-2 focus:ring-offset-2 transition-colors duration-200 disabled:opacity-50 disabled:cursor-not-allowed px-3 py-1.5 text-sm text-gray-600 hover:text-gray-900 hover:bg-gray-100 focus:ring-gray-500"[39m
                    [33mdisabled[39m=[32m""[39m
                  [36m>[39m
                    [36m<svg[39m
                      [33mclass[39m=[32m"w-4 h-4"[39m
                      [33mfill[39m=[32m"none"[39m
                      [33mstroke[39m=[32m"currentColor"[39m
                      [33mviewBox[39m=[32m"0 0 24 24"[39m
                    [36m>[39m
                      [36m<path[39m
                        [33md[39m=[32m"M3 10h10a8 8 0 018 8v2M3 10l6 6m-6-6l6-6"[39m
                        [33mstroke-linecap[39m=[32m"round"[39m
                        [33mstroke-linejoin[39m=[32m"round"[39m
                        [33mstroke-width[39m=[32m"2"[39m
                      [36m/>[39m
                    [36m</svg>[39m
                  [36m</button>[39m
                [36m</div>[39m
                [36m<div[39m
                  [33mclass[39m=[32m"relative inline-block"[39m
                [36m>[39m
                  [36m<button[39m
                    [33mclass[39m=[32m"inline-flex items-center justify-center font-medium rounded-md focus:outline-none focus:ring-2 focus:ring-offset-2 transition-colors duration-200 disabled:opacity-50 disabled:cursor-not-allowed px-3 py-1.5 text-sm text-gray-600 hover:text-gray-900 hover:bg-gray-100 focus:ring-gray-500"[39m
                    [33mdisabled[39m=[32m""[39m
                  [36m>[39m
                    [36m<svg[39m
                      [33mclass[39m=[32m"w-4 h-4"[39m
                      [33mfill[39m=[32m"none"[39m
                      [33mstroke[39m=[32m"currentColor"[39m
                      [33mviewBox[39m=[32m"0 0 24 24"[39m
                    [36m>[39m
                      [36m<path[39m
                        [33md[39m=[32m"M21 10h-10a8 8 0 00-8 8v2m18-10l-6 6m6-6l-6-6"[39m
                        [33mstroke-linecap[39m=[32m"round"[39m
                        [33mstroke-linejoin[39m=[32m"round"[39m
                        [33mstroke-width[39m=[32m"2"[39m
                      [36m/>[39m
                    [36m</svg>[39m
                  [36m</button>[39m
                [36m</div>[39m
                [36m<div[39m
                  [33mclass[39m=[32m"w-px h-6 bg-gray-200 mx-1"[39m
                [36m/>[39m
              [36m</div>[39m
              [36m<div[39m
                [33mclass[39m=[32m"flex items-center gap-1"[39m
              [36m>[39m
                [36m<div[39m
                  [33mclass[39m=[32m"relative inline-block"[39m
                [36m>[39m
                  [36m<button[39m
                    [33mclass[39m=[32m"inline-flex items-center justify-center font-medium rounded-md focus:outline-none focus:ring-2 focus:ring-offset-2 transition-colors duration-200 disabled:opacity-50 disabled:cursor-not-allowed px-3 py-1.5 text-sm text-gray-600 hover:text-gray-900 hover:bg-gray-100 focus:ring-gray-500"[39m
                  [36m>[39m
                    [36m<svg[39m
                      [33mclass[39m=[32m"w-4 h-4"[39m
                      [33mfill[39m=[32m"none"[39m
                      [33mstroke[39m=[32m"currentColor"[39m
                      [33mviewBox[39m=[32m"0 0 24 24"[39m
                    [36m>[39m
                      [36m<circle[39m
                        [33mcx[39m=[32m"11"[39m
                        [33mcy[39m=[32m"11"[39m
                        [33mr[39m=[32m"8"[39m
                        [33mstroke-width[39m=[32m"2"[39m
                      [36m/>[39m
                      [36m<path[39m
                        [33md[39m=[32m"m21 21-4.35-4.35M8 11h6"[39m
                        [33mstroke-width[39m=[32m"2"[39m
                      [36m/>[39m
                    [36m</svg>[39m
                  [36m</button>[39m
                [36m</div>[39m
                [36m<div[39m
                  [33mclass[39m=[32m"relative inline-block"[39m
                [36m>[39m
                  [36m<button[39m
                    [33mclass[39m=[32m"inline-flex items-center justify-center font-medium rounded-md focus:outline-none focus:ring-2 focus:ring-offset-2 transition-colors duration-200 disabled:opacity-50 disabled:cursor-not-allowed px-3 py-1.5 text-sm text-gray-600 hover:text-gray-900 hover:bg-gray-100 focus:ring-gray-500 min-w-16 text-sm font-mono"[39m
                  [36m>[39m
                    [0m100[0m
                    [0m%[0m
                  [36m</button>[39m
                [36m</div>[39m
                [36m<div[39m
                  [33mclass[39m=[32m"relative inline-block"[39m
                [36m>[39m
                  [36m<button[39m
                    [33mclass[39m=[32m"inline-flex items-center justify-center font-medium rounded-md focus:outline-none focus:ring-2 focus:ring-offset-2 transition-colors duration-200 disabled:opacity-50 disabled:cursor-not-allowed px-3 py-1.5 text-sm text-gray-600 hover:text-gray-900 hover:bg-gray-100 focus:ring-gray-500"[39m
                  [36m...

      246 |       useCanvasStore.getState().updateCamera({ zoom: 2.5 })
      247 |       
    > 248 |       const resetZoomBtn = screen.getByRole('button', { name: /reset zoom/i })
          |                                   ^
      249 |       await user.click(resetZoomBtn)
      250 |
      251 |       await waitFor(() => {

      at Object.getElementError (node_modules/@testing-library/react/node_modules/@testing-library/dom/dist/config.js:37:19)
      at node_modules/@testing-library/react/node_modules/@testing-library/dom/dist/query-helpers.js:76:38
      at node_modules/@testing-library/react/node_modules/@testing-library/dom/dist/query-helpers.js:52:17
      at node_modules/@testing-library/react/node_modules/@testing-library/dom/dist/query-helpers.js:95:19
      at Object.getByRole (src/__tests__/integration/whiteboard-integration.test.tsx:248:35)

  ● Whiteboard Integration Tests › Grid Toggle › should toggle grid visibility

    TestingLibraryElementError: Unable to find an accessible element with the role "button" and name `/toggle grid/i`

    Here are the accessible roles:

      button:

      Name "":
      [36m<button[39m
        [33mclass[39m=[32m"inline-flex items-center justify-center font-medium rounded-md focus:outline-none focus:ring-2 focus:ring-offset-2 transition-colors duration-200 disabled:opacity-50 disabled:cursor-not-allowed px-3 py-1.5 text-sm text-gray-600 hover:text-gray-900 hover:bg-gray-100 focus:ring-gray-500"[39m
        [33mdisabled[39m=[32m""[39m
      [36m/>[39m

      Name "":
      [36m<button[39m
        [33mclass[39m=[32m"inline-flex items-center justify-center font-medium rounded-md focus:outline-none focus:ring-2 focus:ring-offset-2 transition-colors duration-200 disabled:opacity-50 disabled:cursor-not-allowed px-3 py-1.5 text-sm text-gray-600 hover:text-gray-900 hover:bg-gray-100 focus:ring-gray-500"[39m
        [33mdisabled[39m=[32m""[39m
      [36m/>[39m

      Name "":
      [36m<button[39m
        [33mclass[39m=[32m"inline-flex items-center justify-center font-medium rounded-md focus:outline-none focus:ring-2 focus:ring-offset-2 transition-colors duration-200 disabled:opacity-50 disabled:cursor-not-allowed px-3 py-1.5 text-sm text-gray-600 hover:text-gray-900 hover:bg-gray-100 focus:ring-gray-500"[39m
      [36m/>[39m

      Name "100%":
      [36m<button[39m
        [33mclass[39m=[32m"inline-flex items-center justify-center font-medium rounded-md focus:outline-none focus:ring-2 focus:ring-offset-2 transition-colors duration-200 disabled:opacity-50 disabled:cursor-not-allowed px-3 py-1.5 text-sm text-gray-600 hover:text-gray-900 hover:bg-gray-100 focus:ring-gray-500 min-w-16 text-sm font-mono"[39m
      [36m/>[39m

      Name "":
      [36m<button[39m
        [33mclass[39m=[32m"inline-flex items-center justify-center font-medium rounded-md focus:outline-none focus:ring-2 focus:ring-offset-2 transition-colors duration-200 disabled:opacity-50 disabled:cursor-not-allowed px-3 py-1.5 text-sm text-gray-600 hover:text-gray-900 hover:bg-gray-100 focus:ring-gray-500"[39m
      [36m/>[39m

      Name "":
      [36m<button[39m
        [33mclass[39m=[32m"inline-flex items-center justify-center font-medium rounded-md focus:outline-none focus:ring-2 focus:ring-offset-2 transition-colors duration-200 disabled:opacity-50 disabled:cursor-not-allowed px-3 py-1.5 text-sm text-gray-600 hover:text-gray-900 hover:bg-gray-100 focus:ring-gray-500"[39m
        [33mdisabled[39m=[32m""[39m
      [36m/>[39m

      Name "":
      [36m<button[39m
        [33mclass[39m=[32m"inline-flex items-center justify-center font-medium rounded-md focus:outline-none focus:ring-2 focus:ring-offset-2 transition-colors duration-200 disabled:opacity-50 disabled:cursor-not-allowed px-3 py-1.5 text-sm text-gray-600 hover:text-gray-900 hover:bg-gray-100 focus:ring-gray-500 bg-blue-50 text-blue-600"[39m
      [36m/>[39m

      Name "":
      [36m<button[39m
        [33mclass[39m=[32m"inline-flex items-center justify-center font-medium rounded-md focus:outline-none focus:ring-2 focus:ring-offset-2 transition-colors duration-200 disabled:opacity-50 disabled:cursor-not-allowed px-3 py-1.5 text-sm text-gray-600 hover:text-gray-900 hover:bg-gray-100 focus:ring-gray-500"[39m
        [33mdisabled[39m=[32m""[39m
      [36m/>[39m

      Name "":
      [36m<button[39m
        [33mclass[39m=[32m"inline-flex items-center justify-center font-medium rounded-md focus:outline-none focus:ring-2 focus:ring-offset-2 transition-colors duration-200 disabled:opacity-50 disabled:cursor-not-allowed px-3 py-1.5 text-sm text-gray-600 hover:text-gray-900 hover:bg-gray-100 focus:ring-gray-500"[39m
      [36m/>[39m

      Name "Select (V)":
      [36m<button[39m
        [33maria-label[39m=[32m"Select (V)"[39m
        [33mclass[39m=[32m"inline-flex items-center justify-center font-medium rounded-md focus:outline-none focus:ring-2 focus:ring-offset-2 transition-colors duration-200 disabled:opacity-50 disabled:cursor-not-allowed px-3 py-1.5 text-sm text-gray-600 hover:text-gray-900 hover:bg-gray-100 focus:ring-gray-500 w-10 h-10 flex items-center justify-center bg-blue-50 text-blue-600 ring-2 ring-blue-200"[39m
        [33mdata-testid[39m=[32m"tool-select"[39m
        [33mtitle[39m=[32m"Select (V)"[39m
      [36m/>[39m

      Name "Hand tool (H)":
      [36m<button[39m
        [33maria-label[39m=[32m"Hand tool (H)"[39m
        [33mclass[39m=[32m"inline-flex items-center justify-center font-medium rounded-md focus:outline-none focus:ring-2 focus:ring-offset-2 transition-colors duration-200 disabled:opacity-50 disabled:cursor-not-allowed px-3 py-1.5 text-sm text-gray-600 hover:text-gray-900 hover:bg-gray-100 focus:ring-gray-500 w-10 h-10 flex items-center justify-center"[39m
        [33mdata-testid[39m=[32m"tool-pan"[39m
        [33mtitle[39m=[32m"Hand tool (H)"[39m
      [36m/>[39m

      Name "Sticky note (S)":
      [36m<button[39m
        [33maria-label[39m=[32m"Sticky note (S)"[39m
        [33mclass[39m=[32m"inline-flex items-center justify-center font-medium rounded-md focus:outline-none focus:ring-2 focus:ring-offset-2 transition-colors duration-200 disabled:opacity-50 disabled:cursor-not-allowed px-3 py-1.5 text-sm text-gray-600 hover:text-gray-900 hover:bg-gray-100 focus:ring-gray-500 w-10 h-10 flex items-center justify-center"[39m
        [33mdata-testid[39m=[32m"tool-sticky_note"[39m
        [33mtitle[39m=[32m"Sticky note (S)"[39m
      [36m/>[39m

      Name "Rectangle (R)":
      [36m<button[39m
        [33maria-label[39m=[32m"Rectangle (R)"[39m
        [33mclass[39m=[32m"inline-flex items-center justify-center font-medium rounded-md focus:outline-none focus:ring-2 focus:ring-offset-2 transition-colors duration-200 disabled:opacity-50 disabled:cursor-not-allowed px-3 py-1.5 text-sm text-gray-600 hover:text-gray-900 hover:bg-gray-100 focus:ring-gray-500 w-10 h-10 flex items-center justify-center"[39m
        [33mdata-testid[39m=[32m"tool-rectangle"[39m
        [33mtitle[39m=[32m"Rectangle (R)"[39m
      [36m/>[39m

      Name "Circle (C)":
      [36m<button[39m
        [33maria-label[39m=[32m"Circle (C)"[39m
        [33mclass[39m=[32m"inline-flex items-center justify-center font-medium rounded-md focus:outline-none focus:ring-2 focus:ring-offset-2 transition-colors duration-200 disabled:opacity-50 disabled:cursor-not-allowed px-3 py-1.5 text-sm text-gray-600 hover:text-gray-900 hover:bg-gray-100 focus:ring-gray-500 w-10 h-10 flex items-center justify-center"[39m
        [33mdata-testid[39m=[32m"tool-circle"[39m
        [33mtitle[39m=[32m"Circle (C)"[39m
      [36m/>[39m

      Name "Text (T)":
      [36m<button[39m
        [33maria-label[39m=[32m"Text (T)"[39m
        [33mclass[39m=[32m"inline-flex items-center justify-center font-medium rounded-md focus:outline-none focus:ring-2 focus:ring-offset-2 transition-colors duration-200 disabled:opacity-50 disabled:cursor-not-allowed px-3 py-1.5 text-sm text-gray-600 hover:text-gray-900 hover:bg-gray-100 focus:ring-gray-500 w-10 h-10 flex items-center justify-center"[39m
        [33mdata-testid[39m=[32m"tool-text"[39m
        [33mtitle[39m=[32m"Text (T)"[39m
      [36m/>[39m

      Name "Line (L)":
      [36m<button[39m
        [33maria-label[39m=[32m"Line (L)"[39m
        [33mclass[39m=[32m"inline-flex items-center justify-center font-medium rounded-md focus:outline-none focus:ring-2 focus:ring-offset-2 transition-colors duration-200 disabled:opacity-50 disabled:cursor-not-allowed px-3 py-1.5 text-sm text-gray-600 hover:text-gray-900 hover:bg-gray-100 focus:ring-gray-500 w-10 h-10 flex items-center justify-center"[39m
        [33mdata-testid[39m=[32m"tool-line"[39m
        [33mtitle[39m=[32m"Line (L)"[39m
      [36m/>[39m

      Name "Pen (P)":
      [36m<button[39m
        [33maria-label[39m=[32m"Pen (P)"[39m
        [33mclass[39m=[32m"inline-flex items-center justify-center font-medium rounded-md focus:outline-none focus:ring-2 focus:ring-offset-2 transition-colors duration-200 disabled:opacity-50 disabled:cursor-not-allowed px-3 py-1.5 text-sm text-gray-600 hover:text-gray-900 hover:bg-gray-100 focus:ring-gray-500 w-10 h-10 flex items-center justify-center"[39m
        [33mdata-testid[39m=[32m"tool-freehand"[39m
        [33mtitle[39m=[32m"Pen (P)"[39m
      [36m/>[39m

      Name "":
      [36m<button[39m
        [33mclass[39m=[32m"inline-flex items-center justify-center font-medium rounded-md focus:outline-none focus:ring-2 focus:ring-offset-2 transition-colors duration-200 disabled:opacity-50 disabled:cursor-not-allowed px-3 py-1.5 text-sm text-gray-600 hover:text-gray-900 hover:bg-gray-100 focus:ring-gray-500 w-10 h-10 flex items-center justify-center opacity-50"[39m
        [33mdisabled[39m=[32m""[39m
      [36m/>[39m

      Name "":
      [36m<button[39m
        [33mclass[39m=[32m"inline-flex items-center justify-center font-medium rounded-md focus:outline-none focus:ring-2 focus:ring-offset-2 transition-colors duration-200 disabled:opacity-50 disabled:cursor-not-allowed px-3 py-1.5 text-sm text-gray-600 hover:text-gray-900 hover:bg-gray-100 focus:ring-gray-500 w-10 h-10 flex items-center justify-center opacity-50"[39m
        [33mdisabled[39m=[32m""[39m
      [36m/>[39m

      Name "":
      [36m<button[39m
        [33mclass[39m=[32m"inline-flex items-center justify-center font-medium rounded-md focus:outline-none focus:ring-2 focus:ring-offset-2 transition-colors duration-200 disabled:opacity-50 disabled:cursor-not-allowed px-3 py-1.5 text-sm text-gray-600 hover:text-gray-900 hover:bg-gray-100 focus:ring-gray-500 w-10 h-10 flex items-center justify-center opacity-50"[39m
        [33mdisabled[39m=[32m""[39m
      [36m/>[39m

      Name "":
      [36m<button[39m
        [33mclass[39m=[32m"inline-flex items-center justify-center font-medium rounded-md focus:outline-none focus:ring-2 focus:ring-offset-2 transition-colors duration-200 disabled:opacity-50 disabled:cursor-not-allowed px-2 py-1 text-xs text-gray-600 hover:text-gray-900 hover:bg-gray-100 focus:ring-gray-500 p-1"[39m
      [36m/>[39m

      Name "Invite others":
      [36m<button[39m
        [33mclass[39m=[32m"inline-flex items-center justify-center font-medium rounded-md focus:outline-none focus:ring-2 focus:ring-offset-2 transition-colors duration-200 disabled:opacity-50 disabled:cursor-not-allowed px-3 py-1.5 text-sm border border-gray-300 bg-white text-gray-700 hover:bg-gray-50 focus:ring-blue-500 w-full flex items-center gap-2"[39m
      [36m/>[39m

      --------------------------------------------------

    Ignored nodes: comments, script, style
    [36m<body>[39m
      [36m<div>[39m
        [36m<div[39m
          [33mclass[39m=[32m"fixed inset-0 overflow-hidden bg-white focus:outline-none"[39m
          [33mstyle[39m=[32m"margin: 0px; padding: 0px;"[39m
          [33mtabindex[39m=[32m"0"[39m
        [36m>[39m
          [36m<div[39m
            [33mclass[39m=[32m"canvas-container fixed inset-0 cursor-crosshair touch-none select-none bg-gray-50 w-full h-full"[39m
            [33mstyle[39m=[32m"position: fixed; inset: 0; top: 0px; right: 0px; bottom: 0px; left: 0px; width: 100%; height: 100%; margin: 0px; padding: 0px; will-change: transform; transform: translateZ(0); z-index: 0;"[39m
          [36m>[39m
            [36m<canvas[39m
              [33mclass[39m=[32m"absolute inset-0 pointer-events-none z-0"[39m
              [33mstyle[39m=[32m"mix-blend-mode: multiply;"[39m
            [36m/>[39m
            [36m<div[39m
              [33mclass[39m=[32m"absolute inset-0 flex items-center justify-center bg-white bg-opacity-75 z-50"[39m
            [36m>[39m
              [36m<div[39m
                [33mclass[39m=[32m"animate-spin rounded-full border-2 border-gray-300 border-t-blue-600 w-8 h-8"[39m
              [36m/>[39m
            [36m</div>[39m
          [36m</div>[39m
          [36m<div[39m
            [33mclass[39m=[32m"toolbar"[39m
            [33mstyle[39m=[32m"position: fixed; top: 16px; left: 50%; transform: translateX(-50%); z-index: 100;"[39m
          [36m>[39m
            [36m<div[39m
              [33mclass[39m=[32m"absolute top-4 left-1/2 transform -translate-x-1/2 z-40 flex items-center gap-2 bg-white shadow-lg rounded-lg border p-2"[39m
            [36m>[39m
              [36m<div[39m
                [33mclass[39m=[32m"flex items-center gap-1"[39m
              [36m>[39m
                [36m<div[39m
                  [33mclass[39m=[32m"relative inline-block"[39m
                [36m>[39m
                  [36m<button[39m
                    [33mclass[39m=[32m"inline-flex items-center justify-center font-medium rounded-md focus:outline-none focus:ring-2 focus:ring-offset-2 transition-colors duration-200 disabled:opacity-50 disabled:cursor-not-allowed px-3 py-1.5 text-sm text-gray-600 hover:text-gray-900 hover:bg-gray-100 focus:ring-gray-500"[39m
                    [33mdisabled[39m=[32m""[39m
                  [36m>[39m
                    [36m<svg[39m
                      [33mclass[39m=[32m"w-4 h-4"[39m
                      [33mfill[39m=[32m"none"[39m
                      [33mstroke[39m=[32m"currentColor"[39m
                      [33mviewBox[39m=[32m"0 0 24 24"[39m
                    [36m>[39m
                      [36m<path[39m
                        [33md[39m=[32m"M3 10h10a8 8 0 018 8v2M3 10l6 6m-6-6l6-6"[39m
                        [33mstroke-linecap[39m=[32m"round"[39m
                        [33mstroke-linejoin[39m=[32m"round"[39m
                        [33mstroke-width[39m=[32m"2"[39m
                      [36m/>[39m
                    [36m</svg>[39m
                  [36m</button>[39m
                [36m</div>[39m
                [36m<div[39m
                  [33mclass[39m=[32m"relative inline-block"[39m
                [36m>[39m
                  [36m<button[39m
                    [33mclass[39m=[32m"inline-flex items-center justify-center font-medium rounded-md focus:outline-none focus:ring-2 focus:ring-offset-2 transition-colors duration-200 disabled:opacity-50 disabled:cursor-not-allowed px-3 py-1.5 text-sm text-gray-600 hover:text-gray-900 hover:bg-gray-100 focus:ring-gray-500"[39m
                    [33mdisabled[39m=[32m""[39m
                  [36m>[39m
                    [36m<svg[39m
                      [33mclass[39m=[32m"w-4 h-4"[39m
                      [33mfill[39m=[32m"none"[39m
                      [33mstroke[39m=[32m"currentColor"[39m
                      [33mviewBox[39m=[32m"0 0 24 24"[39m
                    [36m>[39m
                      [36m<path[39m
                        [33md[39m=[32m"M21 10h-10a8 8 0 00-8 8v2m18-10l-6 6m6-6l-6-6"[39m
                        [33mstroke-linecap[39m=[32m"round"[39m
                        [33mstroke-linejoin[39m=[32m"round"[39m
                        [33mstroke-width[39m=[32m"2"[39m
                      [36m/>[39m
                    [36m</svg>[39m
                  [36m</button>[39m
                [36m</div>[39m
                [36m<div[39m
                  [33mclass[39m=[32m"w-px h-6 bg-gray-200 mx-1"[39m
                [36m/>[39m
              [36m</div>[39m
              [36m<div[39m
                [33mclass[39m=[32m"flex items-center gap-1"[39m
              [36m>[39m
                [36m<div[39m
                  [33mclass[39m=[32m"relative inline-block"[39m
                [36m>[39m
                  [36m<button[39m
                    [33mclass[39m=[32m"inline-flex items-center justify-center font-medium rounded-md focus:outline-none focus:ring-2 focus:ring-offset-2 transition-colors duration-200 disabled:opacity-50 disabled:cursor-not-allowed px-3 py-1.5 text-sm text-gray-600 hover:text-gray-900 hover:bg-gray-100 focus:ring-gray-500"[39m
                  [36m>[39m
                    [36m<svg[39m
                      [33mclass[39m=[32m"w-4 h-4"[39m
                      [33mfill[39m=[32m"none"[39m
                      [33mstroke[39m=[32m"currentColor"[39m
                      [33mviewBox[39m=[32m"0 0 24 24"[39m
                    [36m>[39m
                      [36m<circle[39m
                        [33mcx[39m=[32m"11"[39m
                        [33mcy[39m=[32m"11"[39m
                        [33mr[39m=[32m"8"[39m
                        [33mstroke-width[39m=[32m"2"[39m
                      [36m/>[39m
                      [36m<path[39m
                        [33md[39m=[32m"m21 21-4.35-4.35M8 11h6"[39m
                        [33mstroke-width[39m=[32m"2"[39m
                      [36m/>[39m
                    [36m</svg>[39m
                  [36m</button>[39m
                [36m</div>[39m
                [36m<div[39m
                  [33mclass[39m=[32m"relative inline-block"[39m
                [36m>[39m
                  [36m<button[39m
                    [33mclass[39m=[32m"inline-flex items-center justify-center font-medium rounded-md focus:outline-none focus:ring-2 focus:ring-offset-2 transition-colors duration-200 disabled:opacity-50 disabled:cursor-not-allowed px-3 py-1.5 text-sm text-gray-600 hover:text-gray-900 hover:bg-gray-100 focus:ring-gray-500 min-w-16 text-sm font-mono"[39m
                  [36m>[39m
                    [0m100[0m
                    [0m%[0m
                  [36m</button>[39m
                [36m</div>[39m
                [36m<div[39m
                  [33mclass[39m=[32m"relative inline-block"[39m
                [36m>[39m
                  [36m<button[39m
                    [33mclass[39m=[32m"inline-flex items-center justify-center font-medium rounded-md focus:outline-none focus:ring-2 focus:ring-offset-2 transition-colors duration-200 disabled:opacity-50 disabled:cursor-not-allowed px-3 py-1.5 text-sm text-gray-600 hover:text-gray-900 hover:bg-gray-100 focus:ring-gray-500"[39m
                  [36m...

      261 |       const initialGridVisible = useCanvasStore.getState().isGridVisible
      262 |       
    > 263 |       const gridBtn = screen.getByRole('button', { name: /toggle grid/i })
          |                              ^
      264 |       await user.click(gridBtn)
      265 |
      266 |       expect(useCanvasStore.getState().isGridVisible).toBe(!initialGridVisible)

      at Object.getElementError (node_modules/@testing-library/react/node_modules/@testing-library/dom/dist/config.js:37:19)
      at node_modules/@testing-library/react/node_modules/@testing-library/dom/dist/query-helpers.js:76:38
      at node_modules/@testing-library/react/node_modules/@testing-library/dom/dist/query-helpers.js:52:17
      at node_modules/@testing-library/react/node_modules/@testing-library/dom/dist/query-helpers.js:95:19
      at Object.getByRole (src/__tests__/integration/whiteboard-integration.test.tsx:263:30)

  ● Whiteboard Integration Tests › Grid Toggle › should show grid visual indicator when grid is enabled

    TestingLibraryElementError: Unable to find an accessible element with the role "button" and name `/toggle grid/i`

    Here are the accessible roles:

      button:

      Name "":
      [36m<button[39m
        [33mclass[39m=[32m"inline-flex items-center justify-center font-medium rounded-md focus:outline-none focus:ring-2 focus:ring-offset-2 transition-colors duration-200 disabled:opacity-50 disabled:cursor-not-allowed px-3 py-1.5 text-sm text-gray-600 hover:text-gray-900 hover:bg-gray-100 focus:ring-gray-500"[39m
        [33mdisabled[39m=[32m""[39m
      [36m/>[39m

      Name "":
      [36m<button[39m
        [33mclass[39m=[32m"inline-flex items-center justify-center font-medium rounded-md focus:outline-none focus:ring-2 focus:ring-offset-2 transition-colors duration-200 disabled:opacity-50 disabled:cursor-not-allowed px-3 py-1.5 text-sm text-gray-600 hover:text-gray-900 hover:bg-gray-100 focus:ring-gray-500"[39m
        [33mdisabled[39m=[32m""[39m
      [36m/>[39m

      Name "":
      [36m<button[39m
        [33mclass[39m=[32m"inline-flex items-center justify-center font-medium rounded-md focus:outline-none focus:ring-2 focus:ring-offset-2 transition-colors duration-200 disabled:opacity-50 disabled:cursor-not-allowed px-3 py-1.5 text-sm text-gray-600 hover:text-gray-900 hover:bg-gray-100 focus:ring-gray-500"[39m
      [36m/>[39m

      Name "100%":
      [36m<button[39m
        [33mclass[39m=[32m"inline-flex items-center justify-center font-medium rounded-md focus:outline-none focus:ring-2 focus:ring-offset-2 transition-colors duration-200 disabled:opacity-50 disabled:cursor-not-allowed px-3 py-1.5 text-sm text-gray-600 hover:text-gray-900 hover:bg-gray-100 focus:ring-gray-500 min-w-16 text-sm font-mono"[39m
      [36m/>[39m

      Name "":
      [36m<button[39m
        [33mclass[39m=[32m"inline-flex items-center justify-center font-medium rounded-md focus:outline-none focus:ring-2 focus:ring-offset-2 transition-colors duration-200 disabled:opacity-50 disabled:cursor-not-allowed px-3 py-1.5 text-sm text-gray-600 hover:text-gray-900 hover:bg-gray-100 focus:ring-gray-500"[39m
      [36m/>[39m

      Name "":
      [36m<button[39m
        [33mclass[39m=[32m"inline-flex items-center justify-center font-medium rounded-md focus:outline-none focus:ring-2 focus:ring-offset-2 transition-colors duration-200 disabled:opacity-50 disabled:cursor-not-allowed px-3 py-1.5 text-sm text-gray-600 hover:text-gray-900 hover:bg-gray-100 focus:ring-gray-500"[39m
        [33mdisabled[39m=[32m""[39m
      [36m/>[39m

      Name "":
      [36m<button[39m
        [33mclass[39m=[32m"inline-flex items-center justify-center font-medium rounded-md focus:outline-none focus:ring-2 focus:ring-offset-2 transition-colors duration-200 disabled:opacity-50 disabled:cursor-not-allowed px-3 py-1.5 text-sm text-gray-600 hover:text-gray-900 hover:bg-gray-100 focus:ring-gray-500 bg-blue-50 text-blue-600"[39m
      [36m/>[39m

      Name "":
      [36m<button[39m
        [33mclass[39m=[32m"inline-flex items-center justify-center font-medium rounded-md focus:outline-none focus:ring-2 focus:ring-offset-2 transition-colors duration-200 disabled:opacity-50 disabled:cursor-not-allowed px-3 py-1.5 text-sm text-gray-600 hover:text-gray-900 hover:bg-gray-100 focus:ring-gray-500"[39m
        [33mdisabled[39m=[32m""[39m
      [36m/>[39m

      Name "":
      [36m<button[39m
        [33mclass[39m=[32m"inline-flex items-center justify-center font-medium rounded-md focus:outline-none focus:ring-2 focus:ring-offset-2 transition-colors duration-200 disabled:opacity-50 disabled:cursor-not-allowed px-3 py-1.5 text-sm text-gray-600 hover:text-gray-900 hover:bg-gray-100 focus:ring-gray-500"[39m
      [36m/>[39m

      Name "Select (V)":
      [36m<button[39m
        [33maria-label[39m=[32m"Select (V)"[39m
        [33mclass[39m=[32m"inline-flex items-center justify-center font-medium rounded-md focus:outline-none focus:ring-2 focus:ring-offset-2 transition-colors duration-200 disabled:opacity-50 disabled:cursor-not-allowed px-3 py-1.5 text-sm text-gray-600 hover:text-gray-900 hover:bg-gray-100 focus:ring-gray-500 w-10 h-10 flex items-center justify-center bg-blue-50 text-blue-600 ring-2 ring-blue-200"[39m
        [33mdata-testid[39m=[32m"tool-select"[39m
        [33mtitle[39m=[32m"Select (V)"[39m
      [36m/>[39m

      Name "Hand tool (H)":
      [36m<button[39m
        [33maria-label[39m=[32m"Hand tool (H)"[39m
        [33mclass[39m=[32m"inline-flex items-center justify-center font-medium rounded-md focus:outline-none focus:ring-2 focus:ring-offset-2 transition-colors duration-200 disabled:opacity-50 disabled:cursor-not-allowed px-3 py-1.5 text-sm text-gray-600 hover:text-gray-900 hover:bg-gray-100 focus:ring-gray-500 w-10 h-10 flex items-center justify-center"[39m
        [33mdata-testid[39m=[32m"tool-pan"[39m
        [33mtitle[39m=[32m"Hand tool (H)"[39m
      [36m/>[39m

      Name "Sticky note (S)":
      [36m<button[39m
        [33maria-label[39m=[32m"Sticky note (S)"[39m
        [33mclass[39m=[32m"inline-flex items-center justify-center font-medium rounded-md focus:outline-none focus:ring-2 focus:ring-offset-2 transition-colors duration-200 disabled:opacity-50 disabled:cursor-not-allowed px-3 py-1.5 text-sm text-gray-600 hover:text-gray-900 hover:bg-gray-100 focus:ring-gray-500 w-10 h-10 flex items-center justify-center"[39m
        [33mdata-testid[39m=[32m"tool-sticky_note"[39m
        [33mtitle[39m=[32m"Sticky note (S)"[39m
      [36m/>[39m

      Name "Rectangle (R)":
      [36m<button[39m
        [33maria-label[39m=[32m"Rectangle (R)"[39m
        [33mclass[39m=[32m"inline-flex items-center justify-center font-medium rounded-md focus:outline-none focus:ring-2 focus:ring-offset-2 transition-colors duration-200 disabled:opacity-50 disabled:cursor-not-allowed px-3 py-1.5 text-sm text-gray-600 hover:text-gray-900 hover:bg-gray-100 focus:ring-gray-500 w-10 h-10 flex items-center justify-center"[39m
        [33mdata-testid[39m=[32m"tool-rectangle"[39m
        [33mtitle[39m=[32m"Rectangle (R)"[39m
      [36m/>[39m

      Name "Circle (C)":
      [36m<button[39m
        [33maria-label[39m=[32m"Circle (C)"[39m
        [33mclass[39m=[32m"inline-flex items-center justify-center font-medium rounded-md focus:outline-none focus:ring-2 focus:ring-offset-2 transition-colors duration-200 disabled:opacity-50 disabled:cursor-not-allowed px-3 py-1.5 text-sm text-gray-600 hover:text-gray-900 hover:bg-gray-100 focus:ring-gray-500 w-10 h-10 flex items-center justify-center"[39m
        [33mdata-testid[39m=[32m"tool-circle"[39m
        [33mtitle[39m=[32m"Circle (C)"[39m
      [36m/>[39m

      Name "Text (T)":
      [36m<button[39m
        [33maria-label[39m=[32m"Text (T)"[39m
        [33mclass[39m=[32m"inline-flex items-center justify-center font-medium rounded-md focus:outline-none focus:ring-2 focus:ring-offset-2 transition-colors duration-200 disabled:opacity-50 disabled:cursor-not-allowed px-3 py-1.5 text-sm text-gray-600 hover:text-gray-900 hover:bg-gray-100 focus:ring-gray-500 w-10 h-10 flex items-center justify-center"[39m
        [33mdata-testid[39m=[32m"tool-text"[39m
        [33mtitle[39m=[32m"Text (T)"[39m
      [36m/>[39m

      Name "Line (L)":
      [36m<button[39m
        [33maria-label[39m=[32m"Line (L)"[39m
        [33mclass[39m=[32m"inline-flex items-center justify-center font-medium rounded-md focus:outline-none focus:ring-2 focus:ring-offset-2 transition-colors duration-200 disabled:opacity-50 disabled:cursor-not-allowed px-3 py-1.5 text-sm text-gray-600 hover:text-gray-900 hover:bg-gray-100 focus:ring-gray-500 w-10 h-10 flex items-center justify-center"[39m
        [33mdata-testid[39m=[32m"tool-line"[39m
        [33mtitle[39m=[32m"Line (L)"[39m
      [36m/>[39m

      Name "Pen (P)":
      [36m<button[39m
        [33maria-label[39m=[32m"Pen (P)"[39m
        [33mclass[39m=[32m"inline-flex items-center justify-center font-medium rounded-md focus:outline-none focus:ring-2 focus:ring-offset-2 transition-colors duration-200 disabled:opacity-50 disabled:cursor-not-allowed px-3 py-1.5 text-sm text-gray-600 hover:text-gray-900 hover:bg-gray-100 focus:ring-gray-500 w-10 h-10 flex items-center justify-center"[39m
        [33mdata-testid[39m=[32m"tool-freehand"[39m
        [33mtitle[39m=[32m"Pen (P)"[39m
      [36m/>[39m

      Name "":
      [36m<button[39m
        [33mclass[39m=[32m"inline-flex items-center justify-center font-medium rounded-md focus:outline-none focus:ring-2 focus:ring-offset-2 transition-colors duration-200 disabled:opacity-50 disabled:cursor-not-allowed px-3 py-1.5 text-sm text-gray-600 hover:text-gray-900 hover:bg-gray-100 focus:ring-gray-500 w-10 h-10 flex items-center justify-center opacity-50"[39m
        [33mdisabled[39m=[32m""[39m
      [36m/>[39m

      Name "":
      [36m<button[39m
        [33mclass[39m=[32m"inline-flex items-center justify-center font-medium rounded-md focus:outline-none focus:ring-2 focus:ring-offset-2 transition-colors duration-200 disabled:opacity-50 disabled:cursor-not-allowed px-3 py-1.5 text-sm text-gray-600 hover:text-gray-900 hover:bg-gray-100 focus:ring-gray-500 w-10 h-10 flex items-center justify-center opacity-50"[39m
        [33mdisabled[39m=[32m""[39m
      [36m/>[39m

      Name "":
      [36m<button[39m
        [33mclass[39m=[32m"inline-flex items-center justify-center font-medium rounded-md focus:outline-none focus:ring-2 focus:ring-offset-2 transition-colors duration-200 disabled:opacity-50 disabled:cursor-not-allowed px-3 py-1.5 text-sm text-gray-600 hover:text-gray-900 hover:bg-gray-100 focus:ring-gray-500 w-10 h-10 flex items-center justify-center opacity-50"[39m
        [33mdisabled[39m=[32m""[39m
      [36m/>[39m

      Name "":
      [36m<button[39m
        [33mclass[39m=[32m"inline-flex items-center justify-center font-medium rounded-md focus:outline-none focus:ring-2 focus:ring-offset-2 transition-colors duration-200 disabled:opacity-50 disabled:cursor-not-allowed px-2 py-1 text-xs text-gray-600 hover:text-gray-900 hover:bg-gray-100 focus:ring-gray-500 p-1"[39m
      [36m/>[39m

      Name "Invite others":
      [36m<button[39m
        [33mclass[39m=[32m"inline-flex items-center justify-center font-medium rounded-md focus:outline-none focus:ring-2 focus:ring-offset-2 transition-colors duration-200 disabled:opacity-50 disabled:cursor-not-allowed px-3 py-1.5 text-sm border border-gray-300 bg-white text-gray-700 hover:bg-gray-50 focus:ring-blue-500 w-full flex items-center gap-2"[39m
      [36m/>[39m

      --------------------------------------------------

    Ignored nodes: comments, script, style
    [36m<body>[39m
      [36m<div>[39m
        [36m<div[39m
          [33mclass[39m=[32m"fixed inset-0 overflow-hidden bg-white focus:outline-none"[39m
          [33mstyle[39m=[32m"margin: 0px; padding: 0px;"[39m
          [33mtabindex[39m=[32m"0"[39m
        [36m>[39m
          [36m<div[39m
            [33mclass[39m=[32m"canvas-container fixed inset-0 cursor-crosshair touch-none select-none bg-gray-50 w-full h-full"[39m
            [33mstyle[39m=[32m"position: fixed; inset: 0; top: 0px; right: 0px; bottom: 0px; left: 0px; width: 100%; height: 100%; margin: 0px; padding: 0px; will-change: transform; transform: translateZ(0); z-index: 0;"[39m
          [36m>[39m
            [36m<canvas[39m
              [33mclass[39m=[32m"absolute inset-0 pointer-events-none z-0"[39m
              [33mstyle[39m=[32m"mix-blend-mode: multiply;"[39m
            [36m/>[39m
            [36m<div[39m
              [33mclass[39m=[32m"absolute inset-0 flex items-center justify-center bg-white bg-opacity-75 z-50"[39m
            [36m>[39m
              [36m<div[39m
                [33mclass[39m=[32m"animate-spin rounded-full border-2 border-gray-300 border-t-blue-600 w-8 h-8"[39m
              [36m/>[39m
            [36m</div>[39m
          [36m</div>[39m
          [36m<div[39m
            [33mclass[39m=[32m"toolbar"[39m
            [33mstyle[39m=[32m"position: fixed; top: 16px; left: 50%; transform: translateX(-50%); z-index: 100;"[39m
          [36m>[39m
            [36m<div[39m
              [33mclass[39m=[32m"absolute top-4 left-1/2 transform -translate-x-1/2 z-40 flex items-center gap-2 bg-white shadow-lg rounded-lg border p-2"[39m
            [36m>[39m
              [36m<div[39m
                [33mclass[39m=[32m"flex items-center gap-1"[39m
              [36m>[39m
                [36m<div[39m
                  [33mclass[39m=[32m"relative inline-block"[39m
                [36m>[39m
                  [36m<button[39m
                    [33mclass[39m=[32m"inline-flex items-center justify-center font-medium rounded-md focus:outline-none focus:ring-2 focus:ring-offset-2 transition-colors duration-200 disabled:opacity-50 disabled:cursor-not-allowed px-3 py-1.5 text-sm text-gray-600 hover:text-gray-900 hover:bg-gray-100 focus:ring-gray-500"[39m
                    [33mdisabled[39m=[32m""[39m
                  [36m>[39m
                    [36m<svg[39m
                      [33mclass[39m=[32m"w-4 h-4"[39m
                      [33mfill[39m=[32m"none"[39m
                      [33mstroke[39m=[32m"currentColor"[39m
                      [33mviewBox[39m=[32m"0 0 24 24"[39m
                    [36m>[39m
                      [36m<path[39m
                        [33md[39m=[32m"M3 10h10a8 8 0 018 8v2M3 10l6 6m-6-6l6-6"[39m
                        [33mstroke-linecap[39m=[32m"round"[39m
                        [33mstroke-linejoin[39m=[32m"round"[39m
                        [33mstroke-width[39m=[32m"2"[39m
                      [36m/>[39m
                    [36m</svg>[39m
                  [36m</button>[39m
                [36m</div>[39m
                [36m<div[39m
                  [33mclass[39m=[32m"relative inline-block"[39m
                [36m>[39m
                  [36m<button[39m
                    [33mclass[39m=[32m"inline-flex items-center justify-center font-medium rounded-md focus:outline-none focus:ring-2 focus:ring-offset-2 transition-colors duration-200 disabled:opacity-50 disabled:cursor-not-allowed px-3 py-1.5 text-sm text-gray-600 hover:text-gray-900 hover:bg-gray-100 focus:ring-gray-500"[39m
                    [33mdisabled[39m=[32m""[39m
                  [36m>[39m
                    [36m<svg[39m
                      [33mclass[39m=[32m"w-4 h-4"[39m
                      [33mfill[39m=[32m"none"[39m
                      [33mstroke[39m=[32m"currentColor"[39m
                      [33mviewBox[39m=[32m"0 0 24 24"[39m
                    [36m>[39m
                      [36m<path[39m
                        [33md[39m=[32m"M21 10h-10a8 8 0 00-8 8v2m18-10l-6 6m6-6l-6-6"[39m
                        [33mstroke-linecap[39m=[32m"round"[39m
                        [33mstroke-linejoin[39m=[32m"round"[39m
                        [33mstroke-width[39m=[32m"2"[39m
                      [36m/>[39m
                    [36m</svg>[39m
                  [36m</button>[39m
                [36m</div>[39m
                [36m<div[39m
                  [33mclass[39m=[32m"w-px h-6 bg-gray-200 mx-1"[39m
                [36m/>[39m
              [36m</div>[39m
              [36m<div[39m
                [33mclass[39m=[32m"flex items-center gap-1"[39m
              [36m>[39m
                [36m<div[39m
                  [33mclass[39m=[32m"relative inline-block"[39m
                [36m>[39m
                  [36m<button[39m
                    [33mclass[39m=[32m"inline-flex items-center justify-center font-medium rounded-md focus:outline-none focus:ring-2 focus:ring-offset-2 transition-colors duration-200 disabled:opacity-50 disabled:cursor-not-allowed px-3 py-1.5 text-sm text-gray-600 hover:text-gray-900 hover:bg-gray-100 focus:ring-gray-500"[39m
                  [36m>[39m
                    [36m<svg[39m
                      [33mclass[39m=[32m"w-4 h-4"[39m
                      [33mfill[39m=[32m"none"[39m
                      [33mstroke[39m=[32m"currentColor"[39m
                      [33mviewBox[39m=[32m"0 0 24 24"[39m
                    [36m>[39m
                      [36m<circle[39m
                        [33mcx[39m=[32m"11"[39m
                        [33mcy[39m=[32m"11"[39m
                        [33mr[39m=[32m"8"[39m
                        [33mstroke-width[39m=[32m"2"[39m
                      [36m/>[39m
                      [36m<path[39m
                        [33md[39m=[32m"m21 21-4.35-4.35M8 11h6"[39m
                        [33mstroke-width[39m=[32m"2"[39m
                      [36m/>[39m
                    [36m</svg>[39m
                  [36m</button>[39m
                [36m</div>[39m
                [36m<div[39m
                  [33mclass[39m=[32m"relative inline-block"[39m
                [36m>[39m
                  [36m<button[39m
                    [33mclass[39m=[32m"inline-flex items-center justify-center font-medium rounded-md focus:outline-none focus:ring-2 focus:ring-offset-2 transition-colors duration-200 disabled:opacity-50 disabled:cursor-not-allowed px-3 py-1.5 text-sm text-gray-600 hover:text-gray-900 hover:bg-gray-100 focus:ring-gray-500 min-w-16 text-sm font-mono"[39m
                  [36m>[39m
                    [0m100[0m
                    [0m%[0m
                  [36m</button>[39m
                [36m</div>[39m
                [36m<div[39m
                  [33mclass[39m=[32m"relative inline-block"[39m
                [36m>[39m
                  [36m<button[39m
                    [33mclass[39m=[32m"inline-flex items-center justify-center font-medium rounded-md focus:outline-none focus:ring-2 focus:ring-offset-2 transition-colors duration-200 disabled:opacity-50 disabled:cursor-not-allowed px-3 py-1.5 text-sm text-gray-600 hover:text-gray-900 hover:bg-gray-100 focus:ring-gray-500"[39m
                  [36m...

      276 |       }
      277 |
    > 278 |       const gridBtn = screen.getByRole('button', { name: /toggle grid/i })
          |                              ^
      279 |       expect(gridBtn).toHaveClass('bg-blue-50', 'text-blue-600')
      280 |     })
      281 |   })

      at Object.getElementError (node_modules/@testing-library/react/node_modules/@testing-library/dom/dist/config.js:37:19)
      at node_modules/@testing-library/react/node_modules/@testing-library/dom/dist/query-helpers.js:76:38
      at node_modules/@testing-library/react/node_modules/@testing-library/dom/dist/query-helpers.js:52:17
      at node_modules/@testing-library/react/node_modules/@testing-library/dom/dist/query-helpers.js:95:19
      at Object.getByRole (src/__tests__/integration/whiteboard-integration.test.tsx:278:30)

  ● Whiteboard Integration Tests › Error Handling › should show loading state during initialization

    TestingLibraryElementError: Found multiple elements with the role "generic"

    Here are the matching elements:

    Ignored nodes: comments, script, style
    [36m<div>[39m
      [36m<div[39m
        [33mclass[39m=[32m"fixed inset-0 overflow-hidden bg-white focus:outline-none"[39m
        [33mstyle[39m=[32m"margin: 0px; padding: 0px;"[39m
        [33mtabindex[39m=[32m"0"[39m
      [36m>[39m
        [36m<div[39m
          [33mclass[39m=[32m"canvas-container fixed inset-0 cursor-crosshair touch-none select-none bg-gray-50 w-full h-full"[39m
          [33mstyle[39m=[32m"position: fixed; inset: 0; top: 0px; right: 0px; bottom: 0px; left: 0px; width: 100%; height: 100%; margin: 0px; padding: 0px; will-change: transform; transform: translateZ(0); z-index: 0;"[39m
        [36m>[39m
          [36m<canvas[39m
            [33mclass[39m=[32m"absolute inset-0 pointer-events-none z-0"[39m
            [33mstyle[39m=[32m"mix-blend-mode: multiply;"[39m
          [36m/>[39m
          [36m<div[39m
            [33mclass[39m=[32m"absolute inset-0 flex items-center justify-center bg-white bg-opacity-75 z-50"[39m
          [36m>[39m
            [36m<div[39m
              [33mclass[39m=[32m"animate-spin rounded-full border-2 border-gray-300 border-t-blue-600 w-8 h-8"[39m
            [36m/>[39m
          [36m</div>[39m
        [36m</div>[39m
        [36m<div[39m
          [33mclass[39m=[32m"toolbar"[39m
          [33mstyle[39m=[32m"position: fixed; top: 16px; left: 50%; transform: translateX(-50%); z-index: 100;"[39m
        [36m>[39m
          [36m<div[39m
            [33mclass[39m=[32m"absolute top-4 left-1/2 transform -translate-x-1/2 z-40 flex items-center gap-2 bg-white shadow-lg rounded-lg border p-2"[39m
          [36m>[39m
            [36m<div[39m
              [33mclass[39m=[32m"flex items-center gap-1"[39m
            [36m>[39m
              [36m<div[39m
                [33mclass[39m=[32m"relative inline-block"[39m
              [36m>[39m
                [36m<button[39m
                  [33mclass[39m=[32m"inline-flex items-center justify-center font-medium rounded-md focus:outline-none focus:ring-2 focus:ring-offset-2 transition-colors duration-200 disabled:opacity-50 disabled:cursor-not-allowed px-3 py-1.5 text-sm text-gray-600 hover:text-gray-900 hover:bg-gray-100 focus:ring-gray-500"[39m
                  [33mdisabled[39m=[32m""[39m
                [36m>[39m
                  [36m<svg[39m
                    [33mclass[39m=[32m"w-4 h-4"[39m
                    [33mfill[39m=[32m"none"[39m
                    [33mstroke[39m=[32m"currentColor"[39m
                    [33mviewBox[39m=[32m"0 0 24 24"[39m
                  [36m>[39m
                    [36m<path[39m
                      [33md[39m=[32m"M3 10h10a8 8 0 018 8v2M3 10l6 6m-6-6l6-6"[39m
                      [33mstroke-linecap[39m=[32m"round"[39m
                      [33mstroke-linejoin[39m=[32m"round"[39m
                      [33mstroke-width[39m=[32m"2"[39m
                    [36m/>[39m
                  [36m</svg>[39m
                [36m</button>[39m
              [36m</div>[39m
              [36m<div[39m
                [33mclass[39m=[32m"relative inline-block"[39m
              [36m>[39m
                [36m<button[39m
                  [33mclass[39m=[32m"inline-flex items-center justify-center font-medium rounded-md focus:outline-none focus:ring-2 focus:ring-offset-2 transition-colors duration-200 disabled:opacity-50 disabled:cursor-not-allowed px-3 py-1.5 text-sm text-gray-600 hover:text-gray-900 hover:bg-gray-100 focus:ring-gray-500"[39m
                  [33mdisabled[39m=[32m""[39m
                [36m>[39m
                  [36m<svg[39m
                    [33mclass[39m=[32m"w-4 h-4"[39m
                    [33mfill[39m=[32m"none"[39m
                    [33mstroke[39m=[32m"currentColor"[39m
                    [33mviewBox[39m=[32m"0 0 24 24"[39m
                  [36m>[39m
                    [36m<path[39m
                      [33md[39m=[32m"M21 10h-10a8 8 0 00-8 8v2m18-10l-6 6m6-6l-6-6"[39m
                      [33mstroke-linecap[39m=[32m"round"[39m
                      [33mstroke-linejoin[39m=[32m"round"[39m
                      [33mstroke-width[39m=[32m"2"[39m
                    [36m/>[39m
                  [36m</svg>[39m
                [36m</button>[39m
              [36m</div>[39m
              [36m<div[39m
                [33mclass[39m=[32m"w-px h-6 bg-gray-200 mx-1"[39m
              [36m/>[39m
            [36m</div>[39m
            [36m<div[39m
              [33mclass[39m=[32m"flex items-center gap-1"[39m
            [36m>[39m
              [36m<div[39m
                [33mclass[39m=[32m"relative inline-block"[39m
              [36m>[39m
                [36m<button[39m
                  [33mclass[39m=[32m"inline-flex items-center justify-center font-medium rounded-md focus:outline-none focus:ring-2 focus:ring-offset-2 transition-colors duration-200 disabled:opacity-50 disabled:cursor-not-allowed px-3 py-1.5 text-sm text-gray-600 hover:text-gray-900 hover:bg-gray-100 focus:ring-gray-500"[39m
                [36m>[39m
                  [36m<svg[39m
                    [33mclass[39m=[32m"w-4 h-4"[39m
                    [33mfill[39m=[32m"none"[39m
                    [33mstroke[39m=[32m"currentColor"[39m
                    [33mviewBox[39m=[32m"0 0 24 24"[39m
                  [36m>[39m
                    [36m<circle[39m
                      [33mcx[39m=[32m"11"[39m
                      [33mcy[39m=[32m"11"[39m
                      [33mr[39m=[32m"8"[39m
                      [33mstroke-width[39m=[32m"2"[39m
                    [36m/>[39m
                    [36m<path[39m
                      [33md[39m=[32m"m21 21-4.35-4.35M8 11h6"[39m
                      [33mstroke-width[39m=[32m"2"[39m
                    [36m/>[39m
                  [36m</svg>[39m
                [36m</button>[39m
              [36m</div>[39m
              [36m<div[39m
                [33mclass[39m=[32m"relative inline-block"[39m
              [36m>[39m
                [36m<button[39m
                  [33mclass[39m=[32m"inline-flex items-center justify-center font-medium rounded-md focus:outline-none focus:ring-2 focus:ring-offset-2 transition-colors duration-200 disabled:opacity-50 disabled:cursor-not-allowed px-3 py-1.5 text-sm text-gray-600 hover:text-gray-900 hover:bg-gray-100 focus:ring-gray-500 min-w-16 text-sm font-mono"[39m
                [36m>[39m
                  [0m100[0m
                  [0m%[0m
                [36m</button>[39m
              [36m</div>[39m
              [36m<div[39m
                [33mclass[39m=[32m"relative inline-block"[39m
              [36m>[39m
                [36m<button[39m
                  [33mclass[39m=[32m"inline-flex items-center justify-center font-medium rounded-md focus:outline-none focus:ring-2 focus:ring-offset-2 transition-colors duration-200 disabled:opacity-50 disabled:cursor-not-allowed px-3 py-1.5 text-sm text-gray-600 hover:text-gray-900 hover:bg-gray-100 focus:ring-gray-500"[39m
                [36m>[39m
                  [36m<svg[39m
                    [33mclass[39m=[32m"w-4 h-4"[39m
                    [33mfill[39m=[32m"none"[39m
                    [33mstroke[39m=[32m"currentColor"[39m
                    [33mviewBox[39m=[32m"0 0 24 24"[39m
                  ...

    Ignored nodes: comments, script, style
    [36m<div[39m
      [33mclass[39m=[32m"fixed inset-0 overflow-hidden bg-white focus:outline-none"[39m
      [33mstyle[39m=[32m"margin: 0px; padding: 0px;"[39m
      [33mtabindex[39m=[32m"0"[39m
    [36m>[39m
      [36m<div[39m
        [33mclass[39m=[32m"canvas-container fixed inset-0 cursor-crosshair touch-none select-none bg-gray-50 w-full h-full"[39m
        [33mstyle[39m=[32m"position: fixed; inset: 0; top: 0px; right: 0px; bottom: 0px; left: 0px; width: 100%; height: 100%; margin: 0px; padding: 0px; will-change: transform; transform: translateZ(0); z-index: 0;"[39m
      [36m>[39m
        [36m<canvas[39m
          [33mclass[39m=[32m"absolute inset-0 pointer-events-none z-0"[39m
          [33mstyle[39m=[32m"mix-blend-mode: multiply;"[39m
        [36m/>[39m
        [36m<div[39m
          [33mclass[39m=[32m"absolute inset-0 flex items-center justify-center bg-white bg-opacity-75 z-50"[39m
        [36m>[39m
          [36m<div[39m
            [33mclass[39m=[32m"animate-spin rounded-full border-2 border-gray-300 border-t-blue-600 w-8 h-8"[39m
          [36m/>[39m
        [36m</div>[39m
      [36m</div>[39m
      [36m<div[39m
        [33mclass[39m=[32m"toolbar"[39m
        [33mstyle[39m=[32m"position: fixed; top: 16px; left: 50%; transform: translateX(-50%); z-index: 100;"[39m
      [36m>[39m
        [36m<div[39m
          [33mclass[39m=[32m"absolute top-4 left-1/2 transform -translate-x-1/2 z-40 flex items-center gap-2 bg-white shadow-lg rounded-lg border p-2"[39m
        [36m>[39m
          [36m<div[39m
            [33mclass[39m=[32m"flex items-center gap-1"[39m
          [36m>[39m
            [36m<div[39m
              [33mclass[39m=[32m"relative inline-block"[39m
            [36m>[39m
              [36m<button[39m
                [33mclass[39m=[32m"inline-flex items-center justify-center font-medium rounded-md focus:outline-none focus:ring-2 focus:ring-offset-2 transition-colors duration-200 disabled:opacity-50 disabled:cursor-not-allowed px-3 py-1.5 text-sm text-gray-600 hover:text-gray-900 hover:bg-gray-100 focus:ring-gray-500"[39m
                [33mdisabled[39m=[32m""[39m
              [36m>[39m
                [36m<svg[39m
                  [33mclass[39m=[32m"w-4 h-4"[39m
                  [33mfill[39m=[32m"none"[39m
                  [33mstroke[39m=[32m"currentColor"[39m
                  [33mviewBox[39m=[32m"0 0 24 24"[39m
                [36m>[39m
                  [36m<path[39m
                    [33md[39m=[32m"M3 10h10a8 8 0 018 8v2M3 10l6 6m-6-6l6-6"[39m
                    [33mstroke-linecap[39m=[32m"round"[39m
                    [33mstroke-linejoin[39m=[32m"round"[39m
                    [33mstroke-width[39m=[32m"2"[39m
                  [36m/>[39m
                [36m</svg>[39m
              [36m</button>[39m
            [36m</div>[39m
            [36m<div[39m
              [33mclass[39m=[32m"relative inline-block"[39m
            [36m>[39m
              [36m<button[39m
                [33mclass[39m=[32m"inline-flex items-center justify-center font-medium rounded-md focus:outline-none focus:ring-2 focus:ring-offset-2 transition-colors duration-200 disabled:opacity-50 disabled:cursor-not-allowed px-3 py-1.5 text-sm text-gray-600 hover:text-gray-900 hover:bg-gray-100 focus:ring-gray-500"[39m
                [33mdisabled[39m=[32m""[39m
              [36m>[39m
                [36m<svg[39m
                  [33mclass[39m=[32m"w-4 h-4"[39m
                  [33mfill[39m=[32m"none"[39m
                  [33mstroke[39m=[32m"currentColor"[39m
                  [33mviewBox[39m=[32m"0 0 24 24"[39m
                [36m>[39m
                  [36m<path[39m
                    [33md[39m=[32m"M21 10h-10a8 8 0 00-8 8v2m18-10l-6 6m6-6l-6-6"[39m
                    [33mstroke-linecap[39m=[32m"round"[39m
                    [33mstroke-linejoin[39m=[32m"round"[39m
                    [33mstroke-width[39m=[32m"2"[39m
                  [36m/>[39m
                [36m</svg>[39m
              [36m</button>[39m
            [36m</div>[39m
            [36m<div[39m
              [33mclass[39m=[32m"w-px h-6 bg-gray-200 mx-1"[39m
            [36m/>[39m
          [36m</div>[39m
          [36m<div[39m
            [33mclass[39m=[32m"flex items-center gap-1"[39m
          [36m>[39m
            [36m<div[39m
              [33mclass[39m=[32m"relative inline-block"[39m
            [36m>[39m
              [36m<button[39m
                [33mclass[39m=[32m"inline-flex items-center justify-center font-medium rounded-md focus:outline-none focus:ring-2 focus:ring-offset-2 transition-colors duration-200 disabled:opacity-50 disabled:cursor-not-allowed px-3 py-1.5 text-sm text-gray-600 hover:text-gray-900 hover:bg-gray-100 focus:ring-gray-500"[39m
              [36m>[39m
                [36m<svg[39m
                  [33mclass[39m=[32m"w-4 h-4"[39m
                  [33mfill[39m=[32m"none"[39m
                  [33mstroke[39m=[32m"currentColor"[39m
                  [33mviewBox[39m=[32m"0 0 24 24"[39m
                [36m>[39m
                  [36m<circle[39m
                    [33mcx[39m=[32m"11"[39m
                    [33mcy[39m=[32m"11"[39m
                    [33mr[39m=[32m"8"[39m
                    [33mstroke-width[39m=[32m"2"[39m
                  [36m/>[39m
                  [36m<path[39m
                    [33md[39m=[32m"m21 21-4.35-4.35M8 11h6"[39m
                    [33mstroke-width[39m=[32m"2"[39m
                  [36m/>[39m
                [36m</svg>[39m
              [36m</button>[39m
            [36m</div>[39m
            [36m<div[39m
              [33mclass[39m=[32m"relative inline-block"[39m
            [36m>[39m
              [36m<button[39m
                [33mclass[39m=[32m"inline-flex items-center justify-center font-medium rounded-md focus:outline-none focus:ring-2 focus:ring-offset-2 transition-colors duration-200 disabled:opacity-50 disabled:cursor-not-allowed px-3 py-1.5 text-sm text-gray-600 hover:text-gray-900 hover:bg-gray-100 focus:ring-gray-500 min-w-16 text-sm font-mono"[39m
              [36m>[39m
                [0m100[0m
                [0m%[0m
              [36m</button>[39m
            [36m</div>[39m
            [36m<div[39m
              [33mclass[39m=[32m"relative inline-block"[39m
            [36m>[39m
              [36m<button[39m
                [33mclass[39m=[32m"inline-flex items-center justify-center font-medium rounded-md focus:outline-none focus:ring-2 focus:ring-offset-2 transition-colors duration-200 disabled:opacity-50 disabled:cursor-not-allowed px-3 py-1.5 text-sm text-gray-600 hover:text-gray-900 hover:bg-gray-100 focus:ring-gray-500"[39m
              [36m>[39m
                [36m<svg[39m
                  [33mclass[39m=[32m"w-4 h-4"[39m
                  [33mfill[39m=[32m"none"[39m
                  [33mstroke[39m=[32m"currentColor"[39m
                  [33mviewBox[39m=[32m"0 0 24 24"[39m
                [36m>[39m
                  [36m<circle[39m
                    [33mcx[39m=[32m"11"[39m
                    [33mcy[39m=[32m"11"[39m
                    [33mr[39m=[32m"8"[39m
                    [33mstroke-width[39m=[32m"2"[39m
                  [36m/>[39m
                  [36m<p...

    Ignored nodes: comments, script, style
    [36m<div[39m
      [33mclass[39m=[32m"canvas-container fixed inset-0 cursor-crosshair touch-none select-none bg-gray-50 w-full h-full"[39m
      [33mstyle[39m=[32m"position: fixed; inset: 0; top: 0px; right: 0px; bottom: 0px; left: 0px; width: 100%; height: 100%; margin: 0px; padding: 0px; will-change: transform; transform: translateZ(0); z-index: 0;"[39m
    [36m>[39m
      [36m<canvas[39m
        [33mclass[39m=[32m"absolute inset-0 pointer-events-none z-0"[39m
        [33mstyle[39m=[32m"mix-blend-mode: multiply;"[39m
      [36m/>[39m
      [36m<div[39m
        [33mclass[39m=[32m"absolute inset-0 flex items-center justify-center bg-white bg-opacity-75 z-50"[39m
      [36m>[39m
        [36m<div[39m
          [33mclass[39m=[32m"animate-spin rounded-full border-2 border-gray-300 border-t-blue-600 w-8 h-8"[39m
        [36m/>[39m
      [36m</div>[39m
    [36m</div>[39m

    Ignored nodes: comments, script, style
    [36m<div[39m
      [33mclass[39m=[32m"absolute inset-0 flex items-center justify-center bg-white bg-opacity-75 z-50"[39m
    [36m>[39m
      [36m<div[39m
        [33mclass[39m=[32m"animate-spin rounded-full border-2 border-gray-300 border-t-blue-600 w-8 h-8"[39m
      [36m/>[39m
    [36m</div>[39m

    Ignored nodes: comments, script, style
    [36m<div[39m
      [33mclass[39m=[32m"animate-spin rounded-full border-2 border-gray-300 border-t-blue-600 w-8 h-8"[39m
    [36m/>[39m

    Ignored nodes: comments, script, style
    [36m<div[39m
      [33mclass[39m=[32m"toolbar"[39m
      [33mstyle[39m=[32m"position: fixed; top: 16px; left: 50%; transform: translateX(-50%); z-index: 100;"[39m
    [36m>[39m
      [36m<div[39m
        [33mclass[39m=[32m"absolute top-4 left-1/2 transform -translate-x-1/2 z-40 flex items-center gap-2 bg-white shadow-lg rounded-lg border p-2"[39m
      [36m>[39m
        [36m<div[39m
          [33mclass[39m=[32m"flex items-center gap-1"[39m
        [36m>[39m
          [36m<div[39m
            [33mclass[39m=[32m"relative inline-block"[39m
          [36m>[39m
            [36m<button[39m
              [33mclass[39m=[32m"inline-flex items-center justify-center font-medium rounded-md focus:outline-none focus:ring-2 focus:ring-offset-2 transition-colors duration-200 disabled:opacity-50 disabled:cursor-not-allowed px-3 py-1.5 text-sm text-gray-600 hover:text-gray-900 hover:bg-gray-100 focus:ring-gray-500"[39m
              [33mdisabled[39m=[32m""[39m
            [36m>[39m
              [36m<svg[39m
                [33mclass[39m=[32m"w-4 h-4"[39m
                [33mfill[39m=[32m"none"[39m
                [33mstroke[39m=[32m"currentColor"[39m
                [33mviewBox[39m=[32m"0 0 24 24"[39m
              [36m>[39m
                [36m<path[39m
                  [33md[39m=[32m"M3 10h10a8 8 0 018 8v2M3 10l6 6m-6-6l6-6"[39m
                  [33mstroke-linecap[39m=[32m"round"[39m
                  [33mstroke-linejoin[39m=[32m"round"[39m
                  [33mstroke-width[39m=[32m"2"[39m
                [36m/>[39m
              [36m</svg>[39m
            [36m</button>[39m
          [36m</div>[39m
          [36m<div[39m
            [33mclass[39m=[32m"relative inline-block"[39m
          [36m>[39m
            [36m<button[39m
              [33mclass[39m=[32m"inline-flex items-center justify-center font-medium rounded-md focus:outline-none focus:ring-2 focus:ring-offset-2 transition-colors duration-200 disabled:opacity-50 disabled:cursor-not-allowed px-3 py-1.5 text-sm text-gray-600 hover:text-gray-900 hover:bg-gray-100 focus:ring-gray-500"[39m
              [33mdisabled[39m=[32m""[39m
            [36m>[39m
              [36m<svg[39m
                [33mclass[39m=[32m"w-4 h-4"[39m
                [33mfill[39m=[32m"none"[39m
                [33mstroke[39m=[32m"currentColor"[39m
                [33mviewBox[39m=[32m"0 0 24 24"[39m
              [36m>[39m
                [36m<path[39m
                  [33md[39m=[32m"M21 10h-10a8 8 0 00-8 8v2m18-10l-6 6m6-6l-6-6"[39m
                  [33mstroke-linecap[39m=[32m"round"[39m
                  [33mstroke-linejoin[39m=[32m"round"[39m
                  [33mstroke-width[39m=[32m"2"[39m
                [36m/>[39m
              [36m</svg>[39m
            [36m</button>[39m
          [36m</div>[39m
          [36m<div[39m
            [33mclass[39m=[32m"w-px h-6 bg-gray-200 mx-1"[39m
          [36m/>[39m
        [36m</div>[39m
        [36m<div[39m
          [33mclass[39m=[32m"flex items-center gap-1"[39m
        [36m>[39m
          [36m<div[39m
            [33mclass[39m=[32m"relative inline-block"[39m
          [36m>[39m
            [36m<button[39m
              [33mclass[39m=[32m"inline-flex items-center justify-center font-medium rounded-md focus:outline-none focus:ring-2 focus:ring-offset-2 transition-colors duration-200 disabled:opacity-50 disabled:cursor-not-allowed px-3 py-1.5 text-sm text-gray-600 hover:text-gray-900 hover:bg-gray-100 focus:ring-gray-500"[39m
            [36m>[39m
              [36m<svg[39m
                [33mclass[39m=[32m"w-4 h-4"[39m
                [33mfill[39m=[32m"none"[39m
                [33mstroke[39m=[32m"currentColor"[39m
                [33mviewBox[39m=[32m"0 0 24 24"[39m
              [36m>[39m
                [36m<circle[39m
                  [33mcx[39m=[32m"11"[39m
                  [33mcy[39m=[32m"11"[39m
                  [33mr[39m=[32m"8"[39m
                  [33mstroke-width[39m=[32m"2"[39m
                [36m/>[39m
                [36m<path[39m
                  [33md[39m=[32m"m21 21-4.35-4.35M8 11h6"[39m
                  [33mstroke-width[39m=[32m"2"[39m
                [36m/>[39m
              [36m</svg>[39m
            [36m</button>[39m
          [36m</div>[39m
          [36m<div[39m
            [33mclass[39m=[32m"relative inline-block"[39m
          [36m>[39m
            [36m<button[39m
              [33mclass[39m=[32m"inline-flex items-center justify-center font-medium rounded-md focus:outline-none focus:ring-2 focus:ring-offset-2 transition-colors duration-200 disabled:opacity-50 disabled:cursor-not-allowed px-3 py-1.5 text-sm text-gray-600 hover:text-gray-900 hover:bg-gray-100 focus:ring-gray-500 min-w-16 text-sm font-mono"[39m
            [36m>[39m
              [0m100[0m
              [0m%[0m
            [36m</button>[39m
          [36m</div>[39m
          [36m<div[39m
            [33mclass[39m=[32m"relative inline-block"[39m
          [36m>[39m
            [36m<button[39m
              [33mclass[39m=[32m"inline-flex items-center justify-center font-medium rounded-md focus:outline-none focus:ring-2 focus:ring-offset-2 transition-colors duration-200 disabled:opacity-50 disabled:cursor-not-allowed px-3 py-1.5 text-sm text-gray-600 hover:text-gray-900 hover:bg-gray-100 focus:ring-gray-500"[39m
            [36m>[39m
              [36m<svg[39m
                [33mclass[39m=[32m"w-4 h-4"[39m
                [33mfill[39m=[32m"none"[39m
                [33mstroke[39m=[32m"currentColor"[39m
                [33mviewBox[39m=[32m"0 0 24 24"[39m
              [36m>[39m
                [36m<circle[39m
                  [33mcx[39m=[32m"11"[39m
                  [33mcy[39m=[32m"11"[39m
                  [33mr[39m=[32m"8"[39m
                  [33mstroke-width[39m=[32m"2"[39m
                [36m/>[39m
                [36m<path[39m
                  [33md[39m=[32m"m21 21-4.35-4.35M11 8v6M8 11h6"[39m
                  [33mstroke-width[39m=[32m"2"[39m
                [36m/>[39m
              [36m</svg>[39m
            [36m</button>[39m
          [36m</div>[39m
          [36m<div[39m
            [33mclass[39m=[32m"w-px h-6 bg-gray-200 mx-1"[39m
          [36m/>[39m
        [36m</div>[39m
        [36m<div[39m
          [33mclass[39m=[32m"flex items-center gap-1"[39m
        [36m>[39m
          [36m<div[39m
            [33mclass[39m=[32m"relative inline-block"[39m
          [36m>[39m
            [36m<button[39m
              [33mclass[39m=[32m"inline-flex items-center justify-center font-medium rounded-md focus:outline-none focus:ring-2 focus:ring-offset-2 transition-colors duration-200 disabled:opacity-50 disabled:cursor-not-allowed px-3 py-1.5 text-sm text-gray-600 hover:text-gray-900 hover:bg-gray-100 focus:ring-gray-500"[39m
              [33mdisabled[39m=[32m""[39m
            [36m>[39m
              [36m<svg[39m
                [33mclass[39m=[32m"w-4 h-4"[39m
                [33mfill[39m=[32m"none"[39m
                [33mstroke[39m=[32m"currentColor"[39m
                [33mviewBox[39m=[32m"0 0 24 24"[39m
              [36m>[39m
                [36m<path[39m
                  [33md[39m=[32m"M4 8V4m0 0h4M4 4l5 5m11-1V4m0 0h-4m4 0l-5 5M4 16v4m0 0h4m-4 0l5-5m11 5l-5-5m5 5v-4m0 4h-4"[39m
                  [33mstroke-linecap[39m=[32m"round"[39m
                  [33mstroke-linejoin[39m=[32m"round"[39m
                  [33mstroke-width[39m=[32m"2"[39m
                [36m/>[39m
              [36m</svg>[39m
            [36m</button>[39m
          [36m</div>[39m
          [36m<div[39m
            [33mclass[39m=[32m"relative inline-block"[39m
          [36m>[39m
            [36m<button[39m
              [33mclass[39m=[32m"inline-flex items-center justify-center font-medium rounded-md focus:outline-none focus:ring-2 focus:ring-offset-2 transition-colors duration-200 disabled:opacity-50 disabled:cursor-not-allowed px-3 py-1.5 text-sm text-gray-600 hover:text-gray-900 hover:bg-gray-100 focus:ring-gray-500 bg-blue-50 text-blue-600"[39m
            [36m>[39m
              [36m<svg[39m
                [33mclass[39m=[32m"w-4 h-4"[39m
                [33mfill[39m=[32m"none"[39m
                [33mstroke[39m=[32m"currentColor"[39m
                [33mviewBox[39m=[32m"0 0 24 24"[39m
              [36m>[39m
                [36m<rect[39m
                  [33mheight[39m=[32m"7"[39m
                  [33mstroke-width[39m=[32m"2"[39m
                  [33mwidth[39m=[32m"7"[39m
                  [33mx[39m=[32m"3"[39m
                  [33my[39m=[32m"3"[39m
                [36m/>[39m
                [36m<rect[39m
                  [33mheight[39m=[32m"7"[39m
                  [33mstroke-width[39m=[32m"2"[39m
                  [33mwidth[39m=[32m"7"[39m
                  [33mx[39m=[32m"14"[39m
                  [33my[39m=[32m"3"[39m
                [36m/>[39m
                [36m<rect[39m
                  [33mheight[39m=[32m"7"[39m
                  [33mstroke-width[39m=[32m"2"[39m
                  [33mwidth[39m=[32m"7"[39m
                  [33mx[39m=[32m"14"[39m
                  [33my[39m=[32m"14"[39m
                [36m/>[39m
                [36m<rect[39m
                  [33mheight[39m=[32m"7"[39m
                  [33mstroke-width[39m=[32m"2"[39m
                  [33mwidth[39m=[32m"7"[39m
                  [33mx[39m=[32m"3"[39m
                  [33my[39m=[32m"14"[39m
                [36m/>[39m
              [36m</svg>[39m
            [36m</button>[39m
          [36m</div>[39m
          [36m<div[39m
            [33mclass[39m=[32m"w-px h-6 bg-gray-200 mx-1"[39m
          [36m/>[39m
        [36m</div>[39m
        [36m<div[39m
          [33mclass[39m=[32m"flex items-center gap-1"[39m
        [36m>[39m
          [36m<div[39m
            [33mclass[39m=[32m"relative inline-block"[39m
          [36m>[39m
            [36m<button[39m
              [33mclass[39m=[32m"inline-flex items-center justify-center font-medium rounded-md focus:outline-none focus:ring-2 focus:ring-offset-2 transition-colors duration-200 disabled:opacity-50 disabled:cursor-not-allowed px-3 py-1.5 text-sm text-gray-600 hover:text-gray-900 hover:bg-gray-100 focus:ring-gray-500"[39m
              [33mdisabled[39m=[32m""[39m
            [36m>[39m
              [36m<svg[39m
                [33mclass[39m=[32m"w-4 h-4"[39m
                [33mfill[39m=[32m"none"[39m
                [33mstroke[39m=[32m"currentColor"[39m
                [33mviewBox[39m=[32m"0 0 24 24"[39m
              [36m>[39m
                [36m<path[39m
                  [33md[39m=[32m"M12 10v6m0 0l-3-3m3 3l3-3M3 17V7a2 2 0 012-2h6l2 2h6a2 2 0 012 2v10a2 2 0 01-2 2H5a2 2 0 01-2-2z"[39m
                  [33mstroke-linecap[39m=[32m"round"[39m
                  [33mstroke-linejoin[39m=[32m"round"[39m
                  [33mstroke-width[39m=[32m"2"[39m
                [36m/>[39m
              [36m</svg>[39m
            [36m</button>[39m
          [36m</div>[39m
          [36m<div[39m
            [33mclass[39m=[32m"w-px h-6 bg-gray-200 mx-1"[39m
          [36m/>[39m
        [36m</div>[39m
        [36m<div[39m
          [33mclass[39m=[32m"flex items-center gap-2"[39m
        [36m>[39m
          [36m<div[39m
            [33mclass[39m=[32m"relative inline-block"[39m
          [36m>[39m
            [36m<div[39m
              [33mclass[39m=[32m"w-2 h-2 rounded-full bg-red-500"[39m
            [36m/>[39m
          [36m</div>[39m
          [36m<div[39m
            [33mclass[39m=[32m"relative inline-block"[39m
          [36m>[39m
            [36m<button[39m
              [33mclass[39m=[32m"inline-flex items-center justify-center font-medium rounded-md focus:outline-none focus:ring-2 focus:ring-offset-2 transition-colors duration-200 disabled:opacity-50 disabled:cursor-not-allowed px-3 py-1.5 text-sm text-gray-600 hover:text-gray-900 hover:bg-gray-100 focus:ring-gray-500"[39m
            [36m>[39m
              [36m<svg[39m
                [33mclass[39m=[32m"w-4 h-4"[39m
                [33mfill[39m=[32m"none"[39m
                [33mstroke[39m=[32m"currentColor"[39m
                [33mviewBox[39m=[32m"0 0 24 24"[39m
              [36m>[39m
                [36m<path[39m
                  [33md[39m=[32m"M8.684 13.342C8.886 12.938 9 12.482 9 12c0-.482-.114-.938-.316-1.342m0 2.684a3 3 0 110-2.684m0 2.684l6.632 3.316m-6.632-6l6.632-3.316m0 0a3 3 0 105.367-2.684 3 3 0 00-5.367 2.684zm0 9.316a3 3 0 105.367 2.684 3 3 0 00-5.367-2.684z"[39m
                  [33mstroke-linecap[39m=[32m"round"[39m
                  [33mstroke-linejoin[39m=[32m"round"[39m
                  [33mstroke-width[39m=[32m"2"[39m
                [36m/>[39m
              [36m</svg>[39m
            [36m</button>[39m
          [36m</div>[39m
        [36m</div>[39m
        [36m<div[39m
          [33mclass[39m=[32m"text-xs text-gray-400 px-2"[39m
        [36m>[39m
          [0m0[0m
          [0m elements[0m
        [36m</div>[39m
      [36m</div>[39m
    [36m</div>[39m

    Ignored nodes: comments, script, style
    [36m<div[39m
      [33mclass[39m=[32m"absolute top-4 left-1/2 transform -translate-x-1/2 z-40 flex items-center gap-2 bg-white shadow-lg rounded-lg border p-2"[39m
    [36m>[39m
      [36m<div[39m
        [33mclass[39m=[32m"flex items-center gap-1"[39m
      [36m>[39m
        [36m<div[39m
          [33mclass[39m=[32m"relative inline-block"[39m
        [36m>[39m
          [36m<button[39m
            [33mclass[39m=[32m"inline-flex items-center justify-center font-medium rounded-md focus:outline-none focus:ring-2 focus:ring-offset-2 transition-colors duration-200 disabled:opacity-50 disabled:cursor-not-allowed px-3 py-1.5 text-sm text-gray-600 hover:text-gray-900 hover:bg-gray-100 focus:ring-gray-500"[39m
            [33mdisabled[39m=[32m""[39m
          [36m>[39m
            [36m<svg[39m
              [33mclass[39m=[32m"w-4 h-4"[39m
              [33mfill[39m=[32m"none"[39m
              [33mstroke[39m=[32m"currentColor"[39m
              [33mviewBox[39m=[32m"0 0 24 24"[39m
            [36m>[39m
              [36m<path[39m
                [33md[39m=[32m"M3 10h10a8 8 0 018 8v2M3 10l6 6m-6-6l6-6"[39m
                [33mstroke-linecap[39m=[32m"round"[39m
                [33mstroke-linejoin[39m=[32m"round"[39m
                [33mstroke-width[39m=[32m"2"[39m
              [36m/>[39m
            [36m</svg>[39m
          [36m</button>[39m
        [36m</div>[39m
        [36m<div[39m
          [33mclass[39m=[32m"relative inline-block"[39m
        [36m>[39m
          [36m<button[39m
            [33mclass[39m=[32m"inline-flex items-center justify-center font-medium rounded-md focus:outline-none focus:ring-2 focus:ring-offset-2 transition-colors duration-200 disabled:opacity-50 disabled:cursor-not-allowed px-3 py-1.5 text-sm text-gray-600 hover:text-gray-900 hover:bg-gray-100 focus:ring-gray-500"[39m
            [33mdisabled[39m=[32m""[39m
          [36m>[39m
            [36m<svg[39m
              [33mclass[39m=[32m"w-4 h-4"[39m
              [33mfill[39m=[32m"none"[39m
              [33mstroke[39m=[32m"currentColor"[39m
              [33mviewBox[39m=[32m"0 0 24 24"[39m
            [36m>[39m
              [36m<path[39m
                [33md[39m=[32m"M21 10h-10a8 8 0 00-8 8v2m18-10l-6 6m6-6l-6-6"[39m
                [33mstroke-linecap[39m=[32m"round"[39m
                [33mstroke-linejoin[39m=[32m"round"[39m
                [33mstroke-width[39m=[32m"2"[39m
              [36m/>[39m
            [36m</svg>[39m
          [36m</button>[39m
        [36m</div>[39m
        [36m<div[39m
          [33mclass[39m=[32m"w-px h-6 bg-gray-200 mx-1"[39m
        [36m/>[39m
      [36m</div>[39m
      [36m<div[39m
        [33mclass[39m=[32m"flex items-center gap-1"[39m
      [36m>[39m
        [36m<div[39m
          [33mclass[39m=[32m"relative inline-block"[39m
        [36m>[39m
          [36m<button[39m
            [33mclass[39m=[32m"inline-flex items-center justify-center font-medium rounded-md focus:outline-none focus:ring-2 focus:ring-offset-2 transition-colors duration-200 disabled:opacity-50 disabled:cursor-not-allowed px-3 py-1.5 text-sm text-gray-600 hover:text-gray-900 hover:bg-gray-100 focus:ring-gray-500"[39m
          [36m>[39m
            [36m<svg[39m
              [33mclass[39m=[32m"w-4 h-4"[39m
              [33mfill[39m=[32m"none"[39m
              [33mstroke[39m=[32m"currentColor"[39m
              [33mviewBox[39m=[32m"0 0 24 24"[39m
            [36m>[39m
              [36m<circle[39m
                [33mcx[39m=[32m"11"[39m
                [33mcy[39m=[32m"11"[39m
                [33mr[39m=[32m"8"[39m
                [33mstroke-width[39m=[32m"2"[39m
              [36m/>[39m
              [36m<path[39m
                [33md[39m=[32m"m21 21-4.35-4.35M8 11h6"[39m
                [33mstroke-width[39m=[32m"2"[39m
              [36m/>[39m
            [36m</svg>[39m
          [36m</button>[39m
        [36m</div>[39m
        [36m<div[39m
          [33mclass[39m=[32m"relative inline-block"[39m
        [36m>[39m
          [36m<button[39m
            [33mclass[39m=[32m"inline-flex items-center justify-center font-medium rounded-md focus:outline-none focus:ring-2 focus:ring-offset-2 transition-colors duration-200 disabled:opacity-50 disabled:cursor-not-allowed px-3 py-1.5 text-sm text-gray-600 hover:text-gray-900 hover:bg-gray-100 focus:ring-gray-500 min-w-16 text-sm font-mono"[39m
          [36m>[39m
            [0m100[0m
            [0m%[0m
          [36m</button>[39m
        [36m</div>[39m
        [36m<div[39m
          [33mclass[39m=[32m"relative inline-block"[39m
        [36m>[39m
          [36m<button[39m
            [33mclass[39m=[32m"inline-flex items-center justify-center font-medium rounded-md focus:outline-none focus:ring-2 focus:ring-offset-2 transition-colors duration-200 disabled:opacity-50 disabled:cursor-not-allowed px-3 py-1.5 text-sm text-gray-600 hover:text-gray-900 hover:bg-gray-100 focus:ring-gray-500"[39m
          [36m>[39m
            [36m<svg[39m
              [33mclass[39m=[32m"w-4 h-4"[39m
              [33mfill[39m=[32m"none"[39m
              [33mstroke[39m=[32m"currentColor"[39m
              [33mviewBox[39m=[32m"0 0 24 24"[39m
            [36m>[39m
              [36m<circle[39m
                [33mcx[39m=[32m"11"[39m
                [33mcy[39m=[32m"11"[39m
                [33mr[39m=[32m"8"[39m
                [33mstroke-width[39m=[32m"2"[39m
              [36m/>[39m
              [36m<path[39m
                [33md[39m=[32m"m21 21-4.35-4.35M11 8v6M8 11h6"[39m
                [33mstroke-width[39m=[32m"2"[39m
              [36m/>[39m
            [36m</svg>[39m
          [36m</button>[39m
        [36m</div>[39m
        [36m<div[39m
          [33mclass[39m=[32m"w-px h-6 bg-gray-200 mx-1"[39m
        [36m/>[39m
      [36m</div>[39m
      [36m<div[39m
        [33mclass[39m=[32m"flex items-center gap-1"[39m
      [36m>[39m
        [36m<div[39m
          [33mclass[39m=[32m"relative inline-block"[39m
        [36m>[39m
          [36m<button[39m
            [33mclass[39m=[32m"inline-flex items-center justify-center font-medium rounded-md focus:outline-none focus:ring-2 focus:ring-offset-2 transition-colors duration-200 disabled:opacity-50 disabled:cursor-not-allowed px-3 py-1.5 text-sm text-gray-600 hover:text-gray-900 hover:bg-gray-100 focus:ring-gray-500"[39m
            [33mdisabled[39m=[32m""[39m
          [36m>[39m
            [36m<svg[39m
              [33mclass[39m=[32m"w-4 h-4"[39m
              [33mfill[39m=[32m"none"[39m
              [33mstroke[39m=[32m"currentColor"[39m
              [33mviewBox[39m=[32m"0 0 24 24"[39m
            [36m>[39m
              [36m<path[39m
                [33md[39m=[32m"M4 8V4m0 0h4M4 4l5 5m11-1V4m0 0h-4m4 0l-5 5M4 16v4m0 0h4m-4 0l5-5m11 5l-5-5m5 5v-4m0 4h-4"[39m
                [33mstroke-linecap[39m=[32m"round"[39m
                [33mstroke-linejoin[39m=[32m"round"[39m
                [33mstroke-width[39m=[32m"2"[39m
              [36m/>[39m
            [36m</svg>[39m
          [36m</button>[39m
        [36m</div>[39m
        [36m<div[39m
          [33mclass[39m=[32m"relative inline-block"[39m
        [36m>[39m
          [36m<button[39m
            [33mclass[39m=[32m"inline-flex items-center justify-center font-medium rounded-md focus:outline-none focus:ring-2 focus:ring-offset-2 transition-colors duration-200 disabled:opacity-50 disabled:cursor-not-allowed px-3 py-1.5 text-sm text-gray-600 hover:text-gray-900 hover:bg-gray-100 focus:ring-gray-500 bg-blue-50 text-blue-600"[39m
          [36m>[39m
            [36m<svg[39m
              [33mclass[39m=[32m"w-4 h-4"[39m
              [33mfill[39m=[32m"none"[39m
              [33mstroke[39m=[32m"currentColor"[39m
              [33mviewBox[39m=[32m"0 0 24 24"[39m
            [36m>[39m
              [36m<rect[39m
                [33mheight[39m=[32m"7"[39m
                [33mstroke-width[39m=[32m"2"[39m
                [33mwidth[39m=[32m"7"[39m
                [33mx[39m=[32m"3"[39m
                [33my[39m=[32m"3"[39m
              [36m/>[39m
              [36m<rect[39m
                [33mheight[39m=[32m"7"[39m
                [33mstroke-width[39m=[32m"2"[39m
                [33mwidth[39m=[32m"7"[39m
                [33mx[39m=[32m"14"[39m
                [33my[39m=[32m"3"[39m
              [36m/>[39m
              [36m<rect[39m
                [33mheight[39m=[32m"7"[39m
                [33mstroke-width[39m=[32m"2"[39m
                [33mwidth[39m=[32m"7"[39m
                [33mx[39m=[32m"14"[39m
                [33my[39m=[32m"14"[39m
              [36m/>[39m
              [36m<rect[39m
                [33mheight[39m=[32m"7"[39m
                [33mstroke-width[39m=[32m"2"[39m
                [33mwidth[39m=[32m"7"[39m
                [33mx[39m=[32m"3"[39m
                [33my[39m=[32m"14"[39m
              [36m/>[39m
            [36m</svg>[39m
          [36m</button>[39m
        [36m</div>[39m
        [36m<div[39m
          [33mclass[39m=[32m"w-px h-6 bg-gray-200 mx-1"[39m
        [36m/>[39m
      [36m</div>[39m
      [36m<div[39m
        [33mclass[39m=[32m"flex items-center gap-1"[39m
      [36m>[39m
        [36m<div[39m
          [33mclass[39m=[32m"relative inline-block"[39m
        [36m>[39m
          [36m<button[39m
            [33mclass[39m=[32m"inline-flex items-center justify-center font-medium rounded-md focus:outline-none focus:ring-2 focus:ring-offset-2 transition-colors duration-200 disabled:opacity-50 disabled:cursor-not-allowed px-3 py-1.5 text-sm text-gray-600 hover:text-gray-900 hover:bg-gray-100 focus:ring-gray-500"[39m
            [33mdisabled[39m=[32m""[39m
          [36m>[39m
            [36m<svg[39m
              [33mclass[39m=[32m"w-4 h-4"[39m
              [33mfill[39m=[32m"none"[39m
              [33mstroke[39m=[32m"currentColor"[39m
              [33mviewBox[39m=[32m"0 0 24 24"[39m
            [36m>[39m
              [36m<path[39m
                [33md[39m=[32m"M12 10v6m0 0l-3-3m3 3l3-3M3 17V7a2 2 0 012-2h6l2 2h6a2 2 0 012 2v10a2 2 0 01-2 2H5a2 2 0 01-2-2z"[39m
                [33mstroke-linecap[39m=[32m"round"[39m
                [33mstroke-linejoin[39m=[32m"round"[39m
                [33mstroke-width[39m=[32m"2"[39m
              [36m/>[39m
            [36m</svg>[39m
          [36m</button>[39m
        [36m</div>[39m
        [36m<div[39m
          [33mclass[39m=[32m"w-px h-6 bg-gray-200 mx-1"[39m
        [36m/>[39m
      [36m</div>[39m
      [36m<div[39m
        [33mclass[39m=[32m"flex items-center gap-2"[39m
      [36m>[39m
        [36m<div[39m
          [33mclass[39m=[32m"relative inline-block"[39m
        [36m>[39m
          [36m<div[39m
            [33mclass[39m=[32m"w-2 h-2 rounded-full bg-red-500"[39m
          [36m/>[39m
        [36m</div>[39m
        [36m<div[39m
          [33mclass[39m=[32m"relative inline-block"[39m
        [36m>[39m
          [36m<button[39m
            [33mclass[39m=[32m"inline-flex items-center justify-center font-medium rounded-md focus:outline-none focus:ring-2 focus:ring-offset-2 transition-colors duration-200 disabled:opacity-50 disabled:cursor-not-allowed px-3 py-1.5 text-sm text-gray-600 hover:text-gray-900 hover:bg-gray-100 focus:ring-gray-500"[39m
          [36m>[39m
            [36m<svg[39m
              [33mclass[39m=[32m"w-4 h-4"[39m
              [33mfill[39m=[32m"none"[39m
              [33mstroke[39m=[32m"currentColor"[39m
              [33mviewBox[39m=[32m"0 0 24 24"[39m
            [36m>[39m
              [36m<path[39m
                [33md[39m=[32m"M8.684 13.342C8.886 12.938 9 12.482 9 12c0-.482-.114-.938-.316-1.342m0 2.684a3 3 0 110-2.684m0 2.684l6.632 3.316m-6.632-6l6.632-3.316m0 0a3 3 0 105.367-2.684 3 3 0 00-5.367 2.684zm0 9.316a3 3 0 105.367 2.684 3 3 0 00-5.367-2.684z"[39m
                [33mstroke-linecap[39m=[32m"round"[39m
                [33mstroke-linejoin[39m=[32m"round"[39m
                [33mstroke-width[39m=[32m"2"[39m
              [36m/>[39m
            [36m</svg>[39m
          [36m</button>[39m
        [36m</div>[39m
      [36m</div>[39m
      [36m<div[39m
        [33mclass[39m=[32m"text-xs text-gray-400 px-2"[39m
      [36m>[39m
        [0m0[0m
        [0m elements[0m
      [36m</div>[39m
    [36m</div>[39m

    Ignored nodes: comments, script, style
    [36m<div[39m
      [33mclass[39m=[32m"flex items-center gap-1"[39m
    [36m>[39m
      [36m<div[39m
        [33mclass[39m=[32m"relative inline-block"[39m
      [36m>[39m
        [36m<button[39m
          [33mclass[39m=[32m"inline-flex items-center justify-center font-medium rounded-md focus:outline-none focus:ring-2 focus:ring-offset-2 transition-colors duration-200 disabled:opacity-50 disabled:cursor-not-allowed px-3 py-1.5 text-sm text-gray-600 hover:text-gray-900 hover:bg-gray-100 focus:ring-gray-500"[39m
          [33mdisabled[39m=[32m""[39m
        [36m>[39m
          [36m<svg[39m
            [33mclass[39m=[32m"w-4 h-4"[39m
            [33mfill[39m=[32m"none"[39m
            [33mstroke[39m=[32m"currentColor"[39m
            [33mviewBox[39m=[32m"0 0 24 24"[39m
          [36m>[39m
            [36m<path[39m
              [33md[39m=[32m"M3 10h10a8 8 0 018 8v2M3 10l6 6m-6-6l6-6"[39m
              [33mstroke-linecap[39m=[32m"round"[39m
              [33mstroke-linejoin[39m=[32m"round"[39m
              [33mstroke-width[39m=[32m"2"[39m
            [36m/>[39m
          [36m</svg>[39m
        [36m</button>[39m
      [36m</div>[39m
      [36m<div[39m
        [33mclass[39m=[32m"relative inline-block"[39m
      [36m>[39m
        [36m<button[39m
          [33mclass[39m=[32m"inline-flex items-center justify-center font-medium rounded-md focus:outline-none focus:ring-2 focus:ring-offset-2 transition-colors duration-200 disabled:opacity-50 disabled:cursor-not-allowed px-3 py-1.5 text-sm text-gray-600 hover:text-gray-900 hover:bg-gray-100 focus:ring-gray-500"[39m
          [33mdisabled[39m=[32m""[39m
        [36m>[39m
          [36m<svg[39m
            [33mclass[39m=[32m"w-4 h-4"[39m
            [33mfill[39m=[32m"none"[39m
            [33mstroke[39m=[32m"currentColor"[39m
            [33mviewBox[39m=[32m"0 0 24 24"[39m
          [36m>[39m
            [36m<path[39m
              [33md[39m=[32m"M21 10h-10a8 8 0 00-8 8v2m18-10l-6 6m6-6l-6-6"[39m
              [33mstroke-linecap[39m=[32m"round"[39m
              [33mstroke-linejoin[39m=[32m"round"[39m
              [33mstroke-width[39m=[32m"2"[39m
            [36m/>[39m
          [36m</svg>[39m
        [36m</button>[39m
      [36m</div>[39m
      [36m<div[39m
        [33mclass[39m=[32m"w-px h-6 bg-gray-200 mx-1"[39m
      [36m/>[39m
    [36m</div>[39m

    Ignored nodes: comments, script, style
    [36m<div[39m
      [33mclass[39m=[32m"relative inline-block"[39m
    [36m>[39m
      [36m<button[39m
        [33mclass[39m=[32m"inline-flex items-center justify-center font-medium rounded-md focus:outline-none focus:ring-2 focus:ring-offset-2 transition-colors duration-200 disabled:opacity-50 disabled:cursor-not-allowed px-3 py-1.5 text-sm text-gray-600 hover:text-gray-900 hover:bg-gray-100 focus:ring-gray-500"[39m
        [33mdisabled[39m=[32m""[39m
      [36m>[39m
        [36m<svg[39m
          [33mclass[39m=[32m"w-4 h-4"[39m
          [33mfill[39m=[32m"none"[39m
          [33mstroke[39m=[32m"currentColor"[39m
          [33mviewBox[39m=[32m"0 0 24 24"[39m
        [36m>[39m
          [36m<path[39m
            [33md[39m=[32m"M3 10h10a8 8 0 018 8v2M3 10l6 6m-6-6l6-6"[39m
            [33mstroke-linecap[39m=[32m"round"[39m
            [33mstroke-linejoin[39m=[32m"round"[39m
            [33mstroke-width[39m=[32m"2"[39m
          [36m/>[39m
        [36m</svg>[39m
      [36m</button>[39m
    [36m</div>[39m

    Ignored nodes: comments, script, style
    [36m<div[39m
      [33mclass[39m=[32m"relative inline-block"[39m
    [36m>[39m
      [36m<button[39m
        [33mclass[39m=[32m"inline-flex items-center justify-center font-medium rounded-md focus:outline-none focus:ring-2 focus:ring-offset-2 transition-colors duration-200 disabled:opacity-50 disabled:cursor-not-allowed px-3 py-1.5 text-sm text-gray-600 hover:text-gray-900 hover:bg-gray-100 focus:ring-gray-500"[39m
        [33mdisabled[39m=[32m""[39m
      [36m>[39m
        [36m<svg[39m
          [33mclass[39m=[32m"w-4 h-4"[39m
          [33mfill[39m=[32m"none"[39m
          [33mstroke[39m=[32m"currentColor"[39m
          [33mviewBox[39m=[32m"0 0 24 24"[39m
        [36m>[39m
          [36m<path[39m
            [33md[39m=[32m"M21 10h-10a8 8 0 00-8 8v2m18-10l-6 6m6-6l-6-6"[39m
            [33mstroke-linecap[39m=[32m"round"[39m
            [33mstroke-linejoin[39m=[32m"round"[39m
            [33mstroke-width[39m=[32m"2"[39m
          [36m/>[39m
        [36m</svg>[39m
      [36m</button>[39m
    [36m</div>[39m

    Ignored nodes: comments, script, style
    [36m<div[39m
      [33mclass[39m=[32m"w-px h-6 bg-gray-200 mx-1"[39m
    [36m/>[39m

    Ignored nodes: comments, script, style
    [36m<div[39m
      [33mclass[39m=[32m"flex items-center gap-1"[39m
    [36m>[39m
      [36m<div[39m
        [33mclass[39m=[32m"relative inline-block"[39m
      [36m>[39m
        [36m<button[39m
          [33mclass[39m=[32m"inline-flex items-center justify-center font-medium rounded-md focus:outline-none focus:ring-2 focus:ring-offset-2 transition-colors duration-200 disabled:opacity-50 disabled:cursor-not-allowed px-3 py-1.5 text-sm text-gray-600 hover:text-gray-900 hover:bg-gray-100 focus:ring-gray-500"[39m
        [36m>[39m
          [36m<svg[39m
            [33mclass[39m=[32m"w-4 h-4"[39m
            [33mfill[39m=[32m"none"[39m
            [33mstroke[39m=[32m"currentColor"[39m
            [33mviewBox[39m=[32m"0 0 24 24"[39m
          [36m>[39m
            [36m<circle[39m
              [33mcx[39m=[32m"11"[39m
              [33mcy[39m=[32m"11"[39m
              [33mr[39m=[32m"8"[39m
              [33mstroke-width[39m=[32m"2"[39m
            [36m/>[39m
            [36m<path[39m
              [33md[39m=[32m"m21 21-4.35-4.35M8 11h6"[39m
              [33mstroke-width[39m=[32m"2"[39m
            [36m/>[39m
          [36m</svg>[39m
        [36m</button>[39m
      [36m</div>[39m
      [36m<div[39m
        [33mclass[39m=[32m"relative inline-block"[39m
      [36m>[39m
        [36m<button[39m
          [33mclass[39m=[32m"inline-flex items-center justify-center font-medium rounded-md focus:outline-none focus:ring-2 focus:ring-offset-2 transition-colors duration-200 disabled:opacity-50 disabled:cursor-not-allowed px-3 py-1.5 text-sm text-gray-600 hover:text-gray-900 hover:bg-gray-100 focus:ring-gray-500 min-w-16 text-sm font-mono"[39m
        [36m>[39m
          [0m100[0m
          [0m%[0m
        [36m</button>[39m
      [36m</div>[39m
      [36m<div[39m
        [33mclass[39m=[32m"relative inline-block"[39m
      [36m>[39m
        [36m<button[39m
          [33mclass[39m=[32m"inline-flex items-center justify-center font-medium rounded-md focus:outline-none focus:ring-2 focus:ring-offset-2 transition-colors duration-200 disabled:opacity-50 disabled:cursor-not-allowed px-3 py-1.5 text-sm text-gray-600 hover:text-gray-900 hover:bg-gray-100 focus:ring-gray-500"[39m
        [36m>[39m
          [36m<svg[39m
            [33mclass[39m=[32m"w-4 h-4"[39m
            [33mfill[39m=[32m"none"[39m
            [33mstroke[39m=[32m"currentColor"[39m
            [33mviewBox[39m=[32m"0 0 24 24"[39m
          [36m>[39m
            [36m<circle[39m
              [33mcx[39m=[32m"11"[39m
              [33mcy[39m=[32m"11"[39m
              [33mr[39m=[32m"8"[39m
              [33mstroke-width[39m=[32m"2"[39m
            [36m/>[39m
            [36m<path[39m
              [33md[39m=[32m"m21 21-4.35-4.35M11 8v6M8 11h6"[39m
              [33mstroke-width[39m=[32m"2"[39m
            [36m/>[39m
          [36m</svg>[39m
        [36m</button>[39m
      [36m</div>[39m
      [36m<div[39m
        [33mclass[39m=[32m"w-px h-6 bg-gray-200 mx-1"[39m
      [36m/>[39m
    [36m</div>[39m

    Ignored nodes: comments, script, style
    [36m<div[39m
      [33mclass[39m=[32m"relative inline-block"[39m
    [36m>[39m
      [36m<button[39m
        [33mclass[39m=[32m"inline-flex items-center justify-center font-medium rounded-md focus:outline-none focus:ring-2 focus:ring-offset-2 transition-colors duration-200 disabled:opacity-50 disabled:cursor-not-allowed px-3 py-1.5 text-sm text-gray-600 hover:text-gray-900 hover:bg-gray-100 focus:ring-gray-500"[39m
      [36m>[39m
        [36m<svg[39m
          [33mclass[39m=[32m"w-4 h-4"[39m
          [33mfill[39m=[32m"none"[39m
          [33mstroke[39m=[32m"currentColor"[39m
          [33mviewBox[39m=[32m"0 0 24 24"[39m
        [36m>[39m
          [36m<circle[39m
            [33mcx[39m=[32m"11"[39m
            [33mcy[39m=[32m"11"[39m
            [33mr[39m=[32m"8"[39m
            [33mstroke-width[39m=[32m"2"[39m
          [36m/>[39m
          [36m<path[39m
            [33md[39m=[32m"m21 21-4.35-4.35M8 11h6"[39m
            [33mstroke-width[39m=[32m"2"[39m
          [36m/>[39m
        [36m</svg>[39m
      [36m</button>[39m
    [36m</div>[39m

    Ignored nodes: comments, script, style
    [36m<div[39m
      [33mclass[39m=[32m"relative inline-block"[39m
    [36m>[39m
      [36m<button[39m
        [33mclass[39m=[32m"inline-flex items-center justify-center font-medium rounded-md focus:outline-none focus:ring-2 focus:ring-offset-2 transition-colors duration-200 disabled:opacity-50 disabled:cursor-not-allowed px-3 py-1.5 text-sm text-gray-600 hover:text-gray-900 hover:bg-gray-100 focus:ring-gray-500 min-w-16 text-sm font-mono"[39m
      [36m>[39m
        [0m100[0m
        [0m%[0m
      [36m</button>[39m
    [36m</div>[39m

    Ignored nodes: comments, script, style
    [36m<div[39m
      [33mclass[39m=[32m"relative inline-block"[39m
    [36m>[39m
      [36m<button[39m
        [33mclass[39m=[32m"inline-flex items-center justify-center font-medium rounded-md focus:outline-none focus:ring-2 focus:ring-offset-2 transition-colors duration-200 disabled:opacity-50 disabled:cursor-not-allowed px-3 py-1.5 text-sm text-gray-600 hover:text-gray-900 hover:bg-gray-100 focus:ring-gray-500"[39m
      [36m>[39m
        [36m<svg[39m
          [33mclass[39m=[32m"w-4 h-4"[39m
          [33mfill[39m=[32m"none"[39m
          [33mstroke[39m=[32m"currentColor"[39m
          [33mviewBox[39m=[32m"0 0 24 24"[39m
        [36m>[39m
          [36m<circle[39m
            [33mcx[39m=[32m"11"[39m
            [33mcy[39m=[32m"11"[39m
            [33mr[39m=[32m"8"[39m
            [33mstroke-width[39m=[32m"2"[39m
          [36m/>[39m
          [36m<path[39m
            [33md[39m=[32m"m21 21-4.35-4.35M11 8v6M8 11h6"[39m
            [33mstroke-width[39m=[32m"2"[39m
          [36m/>[39m
        [36m</svg>[39m
      [36m</button>[39m
    [36m</div>[39m

    Ignored nodes: comments, script, style
    [36m<div[39m
      [33mclass[39m=[32m"w-px h-6 bg-gray-200 mx-1"[39m
    [36m/>[39m

    Ignored nodes: comments, script, style
    [36m<div[39m
      [33mclass[39m=[32m"flex items-center gap-1"[39m
    [36m>[39m
      [36m<div[39m
        [33mclass[39m=[32m"relative inline-block"[39m
      [36m>[39m
        [36m<button[39m
          [33mclass[39m=[32m"inline-flex items-center justify-center font-medium rounded-md focus:outline-none focus:ring-2 focus:ring-offset-2 transition-colors duration-200 disabled:opacity-50 disabled:cursor-not-allowed px-3 py-1.5 text-sm text-gray-600 hover:text-gray-900 hover:bg-gray-100 focus:ring-gray-500"[39m
          [33mdisabled[39m=[32m""[39m
        [36m>[39m
          [36m<svg[39m
            [33mclass[39m=[32m"w-4 h-4"[39m
            [33mfill[39m=[32m"none"[39m
            [33mstroke[39m=[32m"currentColor"[39m
            [33mviewBox[39m=[32m"0 0 24 24"[39m
          [36m>[39m
            [36m<path[39m
              [33md[39m=[32m"M4 8V4m0 0h4M4 4l5 5m11-1V4m0 0h-4m4 0l-5 5M4 16v4m0 0h4m-4 0l5-5m11 5l-5-5m5 5v-4m0 4h-4"[39m
              [33mstroke-linecap[39m=[32m"round"[39m
              [33mstroke-linejoin[39m=[32m"round"[39m
              [33mstroke-width[39m=[32m"2"[39m
            [36m/>[39m
          [36m</svg>[39m
        [36m</button>[39m
      [36m</div>[39m
      [36m<div[39m
        [33mclass[39m=[32m"relative inline-block"[39m
      [36m>[39m
        [36m<button[39m
          [33mclass[39m=[32m"inline-flex items-center justify-center font-medium rounded-md focus:outline-none focus:ring-2 focus:ring-offset-2 transition-colors duration-200 disabled:opacity-50 disabled:cursor-not-allowed px-3 py-1.5 text-sm text-gray-600 hover:text-gray-900 hover:bg-gray-100 focus:ring-gray-500 bg-blue-50 text-blue-600"[39m
        [36m>[39m
          [36m<svg[39m
            [33mclass[39m=[32m"w-4 h-4"[39m
            [33mfill[39m=[32m"none"[39m
            [33mstroke[39m=[32m"currentColor"[39m
            [33mviewBox[39m=[32m"0 0 24 24"[39m
          [36m>[39m
            [36m<rect[39m
              [33mheight[39m=[32m"7"[39m
              [33mstroke-width[39m=[32m"2"[39m
              [33mwidth[39m=[32m"7"[39m
              [33mx[39m=[32m"3"[39m
              [33my[39m=[32m"3"[39m
            [36m/>[39m
            [36m<rect[39m
              [33mheight[39m=[32m"7"[39m
              [33mstroke-width[39m=[32m"2"[39m
              [33mwidth[39m=[32m"7"[39m
              [33mx[39m=[32m"14"[39m
              [33my[39m=[32m"3"[39m
            [36m/>[39m
            [36m<rect[39m
              [33mheight[39m=[32m"7"[39m
              [33mstroke-width[39m=[32m"2"[39m
              [33mwidth[39m=[32m"7"[39m
              [33mx[39m=[32m"14"[39m
              [33my[39m=[32m"14"[39m
            [36m/>[39m
            [36m<rect[39m
              [33mheight[39m=[32m"7"[39m
              [33mstroke-width[39m=[32m"2"[39m
              [33mwidth[39m=[32m"7"[39m
              [33mx[39m=[32m"3"[39m
              [33my[39m=[32m"14"[39m
            [36m/>[39m
          [36m</svg>[39m
        [36m</button>[39m
      [36m</div>[39m
      [36m<div[39m
        [33mclass[39m=[32m"w-px h-6 bg-gray-200 mx-1"[39m
      [36m/>[39m
    [36m</div>[39m

    Ignored nodes: comments, script, style
    [36m<div[39m
      [33mclass[39m=[32m"relative inline-block"[39m
    [36m>[39m
      [36m<button[39m
        [33mclass[39m=[32m"inline-flex items-center justify-center font-medium rounded-md focus:outline-none focus:ring-2 focus:ring-offset-2 transition-colors duration-200 disabled:opacity-50 disabled:cursor-not-allowed px-3 py-1.5 text-sm text-gray-600 hover:text-gray-900 hover:bg-gray-100 focus:ring-gray-500"[39m
        [33mdisabled[39m=[32m""[39m
      [36m>[39m
        [36m<svg[39m
          [33mclass[39m=[32m"w-4 h-4"[39m
          [33mfill[39m=[32m"none"[39m
          [33mstroke[39m=[32m"currentColor"[39m
          [33mviewBox[39m=[32m"0 0 24 24"[39m
        [36m>[39m
          [36m<path[39m
            [33md[39m=[32m"M4 8V4m0 0h4M4 4l5 5m11-1V4m0 0h-4m4 0l-5 5M4 16v4m0 0h4m-4 0l5-5m11 5l-5-5m5 5v-4m0 4h-4"[39m
            [33mstroke-linecap[39m=[32m"round"[39m
            [33mstroke-linejoin[39m=[32m"round"[39m
            [33mstroke-width[39m=[32m"2"[39m
          [36m/>[39m
        [36m</svg>[39m
      [36m</button>[39m
    [36m</div>[39m

    Ignored nodes: comments, script, style
    [36m<div[39m
      [33mclass[39m=[32m"relative inline-block"[39m
    [36m>[39m
      [36m<button[39m
        [33mclass[39m=[32m"inline-flex items-center justify-center font-medium rounded-md focus:outline-none focus:ring-2 focus:ring-offset-2 transition-colors duration-200 disabled:opacity-50 disabled:cursor-not-allowed px-3 py-1.5 text-sm text-gray-600 hover:text-gray-900 hover:bg-gray-100 focus:ring-gray-500 bg-blue-50 text-blue-600"[39m
      [36m>[39m
        [36m<svg[39m
          [33mclass[39m=[32m"w-4 h-4"[39m
          [33mfill[39m=[32m"none"[39m
          [33mstroke[39m=[32m"currentColor"[39m
          [33mviewBox[39m=[32m"0 0 24 24"[39m
        [36m>[39m
          [36m<rect[39m
            [33mheight[39m=[32m"7"[39m
            [33mstroke-width[39m=[32m"2"[39m
            [33mwidth[39m=[32m"7"[39m
            [33mx[39m=[32m"3"[39m
            [33my[39m=[32m"3"[39m
          [36m/>[39m
          [36m<rect[39m
            [33mheight[39m=[32m"7"[39m
            [33mstroke-width[39m=[32m"2"[39m
            [33mwidth[39m=[32m"7"[39m
            [33mx[39m=[32m"14"[39m
            [33my[39m=[32m"3"[39m
          [36m/>[39m
          [36m<rect[39m
            [33mheight[39m=[32m"7"[39m
            [33mstroke-width[39m=[32m"2"[39m
            [33mwidth[39m=[32m"7"[39m
            [33mx[39m=[32m"14"[39m
            [33my[39m=[32m"14"[39m
          [36m/>[39m
          [36m<rect[39m
            [33mheight[39m=[32m"7"[39m
            [33mstroke-width[39m=[32m"2"[39m
            [33mwidth[39m=[32m"7"[39m
            [33mx[39m=[32m"3"[39m
            [33my[39m=[32m"14"[39m
          [36m/>[39m
        [36m</svg>[39m
      [36m</button>[39m
    [36m</div>[39m

    Ignored nodes: comments, script, style
    [36m<div[39m
      [33mclass[39m=[32m"w-px h-6 bg-gray-200 mx-1"[39m
    [36m/>[39m

    Ignored nodes: comments, script, style
    [36m<div[39m
      [33mclass[39m=[32m"flex items-center gap-1"[39m
    [36m>[39m
      [36m<div[39m
        [33mclass[39m=[32m"relative inline-block"[39m
      [36m>[39m
        [36m<button[39m
          [33mclass[39m=[32m"inline-flex items-center justify-center font-medium rounded-md focus:outline-none focus:ring-2 focus:ring-offset-2 transition-colors duration-200 disabled:opacity-50 disabled:cursor-not-allowed px-3 py-1.5 text-sm text-gray-600 hover:text-gray-900 hover:bg-gray-100 focus:ring-gray-500"[39m
          [33mdisabled[39m=[32m""[39m
        [36m>[39m
          [36m<svg[39m
            [33mclass[39m=[32m"w-4 h-4"[39m
            [33mfill[39m=[32m"none"[39m
            [33mstroke[39m=[32m"currentColor"[39m
            [33mviewBox[39m=[32m"0 0 24 24"[39m
          [36m>[39m
            [36m<path[39m
              [33md[39m=[32m"M12 10v6m0 0l-3-3m3 3l3-3M3 17V7a2 2 0 012-2h6l2 2h6a2 2 0 012 2v10a2 2 0 01-2 2H5a2 2 0 01-2-2z"[39m
              [33mstroke-linecap[39m=[32m"round"[39m
              [33mstroke-linejoin[39m=[32m"round"[39m
              [33mstroke-width[39m=[32m"2"[39m
            [36m/>[39m
          [36m</svg>[39m
        [36m</button>[39m
      [36m</div>[39m
      [36m<div[39m
        [33mclass[39m=[32m"w-px h-6 bg-gray-200 mx-1"[39m
      [36m/>[39m
    [36m</div>[39m

    Ignored nodes: comments, script, style
    [36m<div[39m
      [33mclass[39m=[32m"relative inline-block"[39m
    [36m>[39m
      [36m<button[39m
        [33mclass[39m=[32m"inline-flex items-center justify-center font-medium rounded-md focus:outline-none focus:ring-2 focus:ring-offset-2 transition-colors duration-200 disabled:opacity-50 disabled:cursor-not-allowed px-3 py-1.5 text-sm text-gray-600 hover:text-gray-900 hover:bg-gray-100 focus:ring-gray-500"[39m
        [33mdisabled[39m=[32m""[39m
      [36m>[39m
        [36m<svg[39m
          [33mclass[39m=[32m"w-4 h-4"[39m
          [33mfill[39m=[32m"none"[39m
          [33mstroke[39m=[32m"currentColor"[39m
          [33mviewBox[39m=[32m"0 0 24 24"[39m
        [36m>[39m
          [36m<path[39m
            [33md[39m=[32m"M12 10v6m0 0l-3-3m3 3l3-3M3 17V7a2 2 0 012-2h6l2 2h6a2 2 0 012 2v10a2 2 0 01-2 2H5a2 2 0 01-2-2z"[39m
            [33mstroke-linecap[39m=[32m"round"[39m
            [33mstroke-linejoin[39m=[32m"round"[39m
            [33mstroke-width[39m=[32m"2"[39m
          [36m/>[39m
        [36m</svg>[39m
      [36m</button>[39m
    [36m</div>[39m

    Ignored nodes: comments, script, style
    [36m<div[39m
      [33mclass[39m=[32m"w-px h-6 bg-gray-200 mx-1"[39m
    [36m/>[39m

    Ignored nodes: comments, script, style
    [36m<div[39m
      [33mclass[39m=[32m"flex items-center gap-2"[39m
    [36m>[39m
      [36m<div[39m
        [33mclass[39m=[32m"relative inline-block"[39m
      [36m>[39m
        [36m<div[39m
          [33mclass[39m=[32m"w-2 h-2 rounded-full bg-red-500"[39m
        [36m/>[39m
      [36m</div>[39m
      [36m<div[39m
        [33mclass[39m=[32m"relative inline-block"[39m
      [36m>[39m
        [36m<button[39m
          [33mclass[39m=[32m"inline-flex items-center justify-center font-medium rounded-md focus:outline-none focus:ring-2 focus:ring-offset-2 transition-colors duration-200 disabled:opacity-50 disabled:cursor-not-allowed px-3 py-1.5 text-sm text-gray-600 hover:text-gray-900 hover:bg-gray-100 focus:ring-gray-500"[39m
        [36m>[39m
          [36m<svg[39m
            [33mclass[39m=[32m"w-4 h-4"[39m
            [33mfill[39m=[32m"none"[39m
            [33mstroke[39m=[32m"currentColor"[39m
            [33mviewBox[39m=[32m"0 0 24 24"[39m
          [36m>[39m
            [36m<path[39m
              [33md[39m=[32m"M8.684 13.342C8.886 12.938 9 12.482 9 12c0-.482-.114-.938-.316-1.342m0 2.684a3 3 0 110-2.684m0 2.684l6.632 3.316m-6.632-6l6.632-3.316m0 0a3 3 0 105.367-2.684 3 3 0 00-5.367 2.684zm0 9.316a3 3 0 105.367 2.684 3 3 0 00-5.367-2.684z"[39m
              [33mstroke-linecap[39m=[32m"round"[39m
              [33mstroke-linejoin[39m=[32m"round"[39m
              [33mstroke-width[39m=[32m"2"[39m
            [36m/>[39m
          [36m</svg>[39m
        [36m</button>[39m
      [36m</div>[39m
    [36m</div>[39m

    Ignored nodes: comments, script, style
    [36m<div[39m
      [33mclass[39m=[32m"relative inline-block"[39m
    [36m>[39m
      [36m<div[39m
        [33mclass[39m=[32m"w-2 h-2 rounded-full bg-red-500"[39m
      [36m/>[39m
    [36m</div>[39m

    Ignored nodes: comments, script, style
    [36m<div[39m
      [33mclass[39m=[32m"w-2 h-2 rounded-full bg-red-500"[39m
    [36m/>[39m

    Ignored nodes: comments, script, style
    [36m<div[39m
      [33mclass[39m=[32m"relative inline-block"[39m
    [36m>[39m
      [36m<button[39m
        [33mclass[39m=[32m"inline-flex items-center justify-center font-medium rounded-md focus:outline-none focus:ring-2 focus:ring-offset-2 transition-colors duration-200 disabled:opacity-50 disabled:cursor-not-allowed px-3 py-1.5 text-sm text-gray-600 hover:text-gray-900 hover:bg-gray-100 focus:ring-gray-500"[39m
      [36m>[39m
        [36m<svg[39m
          [33mclass[39m=[32m"w-4 h-4"[39m
          [33mfill[39m=[32m"none"[39m
          [33mstroke[39m=[32m"currentColor"[39m
          [33mviewBox[39m=[32m"0 0 24 24"[39m
        [36m>[39m
          [36m<path[39m
            [33md[39m=[32m"M8.684 13.342C8.886 12.938 9 12.482 9 12c0-.482-.114-.938-.316-1.342m0 2.684a3 3 0 110-2.684m0 2.684l6.632 3.316m-6.632-6l6.632-3.316m0 0a3 3 0 105.367-2.684 3 3 0 00-5.367 2.684zm0 9.316a3 3 0 105.367 2.684 3 3 0 00-5.367-2.684z"[39m
            [33mstroke-linecap[39m=[32m"round"[39m
            [33mstroke-linejoin[39m=[32m"round"[39m
            [33mstroke-width[39m=[32m"2"[39m
          [36m/>[39m
        [36m</svg>[39m
      [36m</button>[39m
    [36m</div>[39m

    Ignored nodes: comments, script, style
    [36m<div[39m
      [33mclass[39m=[32m"text-xs text-gray-400 px-2"[39m
    [36m>[39m
      [0m0[0m
      [0m elements[0m
    [36m</div>[39m

    Ignored nodes: comments, script, style
    [36m<div[39m
      [33mstyle[39m=[32m"position: fixed; left: 16px; top: 88px; z-index: 100;"[39m
    [36m>[39m
      [36m<div[39m
        [33mclass[39m=[32m"absolute top-4 left-4 z-40"[39m
      [36m>[39m
        [36m<div[39m
          [33mclass[39m=[32m"flex flex-col gap-1 bg-white shadow-lg rounded-lg border p-2"[39m
        [36m>[39m
          [36m<div[39m
            [33mclass[39m=[32m"relative inline-block"[39m
          [36m>[39m
            [36m<button[39m
              [33maria-label[39m=[32m"Select (V)"[39m
              [33mclass[39m=[32m"inline-flex items-center justify-center font-medium rounded-md focus:outline-none focus:ring-2 focus:ring-offset-2 transition-colors duration-200 disabled:opacity-50 disabled:cursor-not-allowed px-3 py-1.5 text-sm text-gray-600 hover:text-gray-900 hover:bg-gray-100 focus:ring-gray-500 w-10 h-10 flex items-center justify-center bg-blue-50 text-blue-600 ring-2 ring-blue-200"[39m
              [33mdata-testid[39m=[32m"tool-select"[39m
              [33mtitle[39m=[32m"Select (V)"[39m
            [36m>[39m
              [36m<svg[39m
                [33mclass[39m=[32m"w-5 h-5"[39m
                [33mfill[39m=[32m"none"[39m
                [33mstroke[39m=[32m"currentColor"[39m
                [33mviewBox[39m=[32m"0 0 24 24"[39m
              [36m>[39m
                [36m<path[39m
                  [33md[39m=[32m"M12 3l7 7-7 7-7-7z"[39m
                  [33mstroke-linecap[39m=[32m"round"[39m
                  [33mstroke-linejoin[39m=[32m"round"[39m
                  [33mstroke-width[39m=[32m"2"[39m
                [36m/>[39m
              [36m</svg>[39m
            [36m</button>[39m
          [36m</div>[39m
          [36m<div[39m
            [33mclass[39m=[32m"relative inline-block"[39m
          [36m>[39m
            [36m<button[39m
              [33maria-label[39m=[32m"Hand tool (H)"[39m
              [33mclass[39m=[32m"inline-flex items-center justify-center font-medium rounded-md focus:outline-none focus:ring-2 focus:ring-offset-2 transition-colors duration-200 disabled:opacity-50 disabled:cursor-not-allowed px-3 py-1.5 text-sm text-gray-600 hover:text-gray-900 hover:bg-gray-100 focus:ring-gray-500 w-10 h-10 flex items-center justify-center"[39m
              [33mdata-testid[39m=[32m"tool-pan"[39m
              [33mtitle[39m=[32m"Hand tool (H)"[39m
            [36m>[39m
              [36m<svg[39m
                [33mclass[39m=[32m"w-5 h-5"[39m
                [33mfill[39m=[32m"none"[39m
                [33mstroke[39m=[32m"currentColor"[39m
                [33mviewBox[39m=[32m"0 0 24 24"[39m
              [36m>[39m
                [36m<path[39m
                  [33md[39m=[32m"M7 11.5V14m0-2.5v-6a1.5 1.5 0 113 0m-3 6a1.5 1.5 0 00-3 0v2a7.5 7.5 0 0015 0v-5a1.5 1.5 0 00-3 0m-6-3V11m0-5.5v-1a1.5 1.5 0 013 0v1m0 0V11m0-5.5a1.5 1.5 0 013 0v3m0 0V11"[39m
                  [33mstroke-linecap[39m=[32m"round"[39m
                  [33mstroke-linejoin[39m=[32m"round"[39m
                  [33mstroke-width[39m=[32m"2"[39m
                [36m/>[39m
              [36m</svg>[39m
            [36m</button>[39m
          [36m</div>[39m
          [36m<div[39m
            [33mclass[39m=[32m"relative inline-block"[39m
          [36m>[39m
            [36m<button[39m
              [33maria-label[39m=[32m"Sticky note (S)"[39m
              [33mclass[39m=[32m"inline-flex items-center justify-center font-medium rounded-md focus:outline-none focus:ring-2 focus:ring-offset-2 transition-colors duration-200 disabled:opacity-50 disabled:cursor-not-allowed px-3 py-1.5 text-sm text-gray-600 hover:text-gray-900 hover:bg-gray-100 focus:ring-gray-500 w-10 h-10 flex items-center justify-center"[39m
              [33mdata-testid[39m=[32m"tool-sticky_note"[39m
              [33mtitle[39m=[32m"Sticky note (S)"[39m
            [36m>[39m
              [36m<svg[39m
                [33mclass[39m=[32m"w-5 h-5"[39m
                [33mfill[39m=[32m"none"[39m
                [33mstroke[39m=[32m"currentColor"[39m
                [33mviewBox[39m=[32m"0 0 24 24"[39m
              [36m>[39m
                [36m<path[39m
                  [33md[39m=[32m"M19 11H5m14 0a2 2 0 012 2v6a2 2 0 01-2 2H5a2 2 0 01-2-2v-6a2 2 0 012-2m14 0V9a2 2 0 00-2-2M5 11V9a2 2 0 012-2m0 0V5a2 2 0 012-2h6a2 2 0 012 2v2M7 7h10"[39m
                  [33mstroke-linecap[39m=[32m"round"[39m
                  [33mstroke-linejoin[39m=[32m"round"[39m
                  [33mstroke-width[39m=[32m"2"[39m
                [36m/>[39m
              [36m</svg>[39m
            [36m</button>[39m
          [36m</div>[39m
          [36m<div[39m
            [33mclass[39m=[32m"relative inline-block"[39m
          [36m>[39m
            [36m<button[39m
              [33maria-label[39m=[32m"Rectangle (R)"[39m
              [33mclass[39m=[32m"inline-flex items-center justify-center font-medium rounded-md focus:outline-none focus:ring-2 focus:ring-offset-2 transition-colors duration-200 disabled:opacity-50 disabled:cursor-not-allowed px-3 py-1.5 text-sm text-gray-600 hover:text-gray-900 hover:bg-gray-100 focus:ring-gray-500 w-10 h-10 flex items-center justify-center"[39m
              [33mdata-testid[39m=[32m"tool-rectangle"[39m
              [33mtitle[39m=[32m"Rectangle (R)"[39m
            [36m>[39m
              [36m<svg[39m
                [33mclass[39m=[32m"w-5 h-5"[39m
                [33mfill[39m=[32m"none"[39m
                [33mstroke[39m=[32m"currentColor"[39m
                [33mviewBox[39m=[32m"0 0 24 24"[39m
              [36m>[39m
                [36m<rect[39m
                  [33mheight[39m=[32m"18"[39m
                  [33mrx[39m=[32m"2"[39m
                  [33mry[39m=[32m"2"[39m
                  [33mstroke-width[39m=[32m"2"[39m
                  [33mwidth[39m=[32m"18"[39m
                  [33mx[39m=[32m"3"[39m
                  [33my[39m=[32m"3"[39m
                [36m/>[39m
              [36m</svg>[39m
            [36m</button>[39m
          [36m</div>[39m
          [36m<div[39m
            [33mclass[39m=[32m"relative inline-block"[39m
          [36m>[39m
            [36m<button[39m
              [33maria-label[39m=[32m"Circle (C)"[39m
              [33mclass[39m=[32m"inline-flex items-center justify-center font-medium rounded-md focus:outline-none focus:ring-2 focus:ring-offset-2 transition-colors duration-200 disabled:opacity-50 disabled:cursor-not-allowed px-3 py-1.5 text-sm text-gray-600 hover:text-gray-900 hover:bg-gray-100 focus:ring-gray-500 w-10 h-10 flex items-center justify-center"[39m
              [33mdata-testid[39m=[32m"tool-circle"[39m
              [33mtitle[39m=[32m"Circle (C)"[39m
            [36m>[39m
              [36m<svg[39m
                [33mclass[39m=[32m"w-5 h-5"[39m
                [33mfill[39m=[32m"none"[39m
                [33mstroke[39m=[32m"currentColor"[39m
                [33mviewBox[39m=[32m"0 0 24 24"[39m
              [36m>[39m
                [36m<circle[39m
                  [33mcx[39m=[32m"12"[39m
                  [33mcy[39m=[32m"12"[39m
                  [33mr[39m=[32m"9"[39m
                  [33mstroke-width[39m=[32m"2"[39m
                [36m/>[39m
              [36m<...

    Ignored nodes: comments, script, style
    [36m<div[39m
      [33mclass[39m=[32m"absolute top-4 left-4 z-40"[39m
    [36m>[39m
      [36m<div[39m
        [33mclass[39m=[32m"flex flex-col gap-1 bg-white shadow-lg rounded-lg border p-2"[39m
      [36m>[39m
        [36m<div[39m
          [33mclass[39m=[32m"relative inline-block"[39m
        [36m>[39m
          [36m<button[39m
            [33maria-label[39m=[32m"Select (V)"[39m
            [33mclass[39m=[32m"inline-flex items-center justify-center font-medium rounded-md focus:outline-none focus:ring-2 focus:ring-offset-2 transition-colors duration-200 disabled:opacity-50 disabled:cursor-not-allowed px-3 py-1.5 text-sm text-gray-600 hover:text-gray-900 hover:bg-gray-100 focus:ring-gray-500 w-10 h-10 flex items-center justify-center bg-blue-50 text-blue-600 ring-2 ring-blue-200"[39m
            [33mdata-testid[39m=[32m"tool-select"[39m
            [33mtitle[39m=[32m"Select (V)"[39m
          [36m>[39m
            [36m<svg[39m
              [33mclass[39m=[32m"w-5 h-5"[39m
              [33mfill[39m=[32m"none"[39m
              [33mstroke[39m=[32m"currentColor"[39m
              [33mviewBox[39m=[32m"0 0 24 24"[39m
            [36m>[39m
              [36m<path[39m
                [33md[39m=[32m"M12 3l7 7-7 7-7-7z"[39m
                [33mstroke-linecap[39m=[32m"round"[39m
                [33mstroke-linejoin[39m=[32m"round"[39m
                [33mstroke-width[39m=[32m"2"[39m
              [36m/>[39m
            [36m</svg>[39m
          [36m</button>[39m
        [36m</div>[39m
        [36m<div[39m
          [33mclass[39m=[32m"relative inline-block"[39m
        [36m>[39m
          [36m<button[39m
            [33maria-label[39m=[32m"Hand tool (H)"[39m
            [33mclass[39m=[32m"inline-flex items-center justify-center font-medium rounded-md focus:outline-none focus:ring-2 focus:ring-offset-2 transition-colors duration-200 disabled:opacity-50 disabled:cursor-not-allowed px-3 py-1.5 text-sm text-gray-600 hover:text-gray-900 hover:bg-gray-100 focus:ring-gray-500 w-10 h-10 flex items-center justify-center"[39m
            [33mdata-testid[39m=[32m"tool-pan"[39m
            [33mtitle[39m=[32m"Hand tool (H)"[39m
          [36m>[39m
            [36m<svg[39m
              [33mclass[39m=[32m"w-5 h-5"[39m
              [33mfill[39m=[32m"none"[39m
              [33mstroke[39m=[32m"currentColor"[39m
              [33mviewBox[39m=[32m"0 0 24 24"[39m
            [36m>[39m
              [36m<path[39m
                [33md[39m=[32m"M7 11.5V14m0-2.5v-6a1.5 1.5 0 113 0m-3 6a1.5 1.5 0 00-3 0v2a7.5 7.5 0 0015 0v-5a1.5 1.5 0 00-3 0m-6-3V11m0-5.5v-1a1.5 1.5 0 013 0v1m0 0V11m0-5.5a1.5 1.5 0 013 0v3m0 0V11"[39m
                [33mstroke-linecap[39m=[32m"round"[39m
                [33mstroke-linejoin[39m=[32m"round"[39m
                [33mstroke-width[39m=[32m"2"[39m
              [36m/>[39m
            [36m</svg>[39m
          [36m</button>[39m
        [36m</div>[39m
        [36m<div[39m
          [33mclass[39m=[32m"relative inline-block"[39m
        [36m>[39m
          [36m<button[39m
            [33maria-label[39m=[32m"Sticky note (S)"[39m
            [33mclass[39m=[32m"inline-flex items-center justify-center font-medium rounded-md focus:outline-none focus:ring-2 focus:ring-offset-2 transition-colors duration-200 disabled:opacity-50 disabled:cursor-not-allowed px-3 py-1.5 text-sm text-gray-600 hover:text-gray-900 hover:bg-gray-100 focus:ring-gray-500 w-10 h-10 flex items-center justify-center"[39m
            [33mdata-testid[39m=[32m"tool-sticky_note"[39m
            [33mtitle[39m=[32m"Sticky note (S)"[39m
          [36m>[39m
            [36m<svg[39m
              [33mclass[39m=[32m"w-5 h-5"[39m
              [33mfill[39m=[32m"none"[39m
              [33mstroke[39m=[32m"currentColor"[39m
              [33mviewBox[39m=[32m"0 0 24 24"[39m
            [36m>[39m
              [36m<path[39m
                [33md[39m=[32m"M19 11H5m14 0a2 2 0 012 2v6a2 2 0 01-2 2H5a2 2 0 01-2-2v-6a2 2 0 012-2m14 0V9a2 2 0 00-2-2M5 11V9a2 2 0 012-2m0 0V5a2 2 0 012-2h6a2 2 0 012 2v2M7 7h10"[39m
                [33mstroke-linecap[39m=[32m"round"[39m
                [33mstroke-linejoin[39m=[32m"round"[39m
                [33mstroke-width[39m=[32m"2"[39m
              [36m/>[39m
            [36m</svg>[39m
          [36m</button>[39m
        [36m</div>[39m
        [36m<div[39m
          [33mclass[39m=[32m"relative inline-block"[39m
        [36m>[39m
          [36m<button[39m
            [33maria-label[39m=[32m"Rectangle (R)"[39m
            [33mclass[39m=[32m"inline-flex items-center justify-center font-medium rounded-md focus:outline-none focus:ring-2 focus:ring-offset-2 transition-colors duration-200 disabled:opacity-50 disabled:cursor-not-allowed px-3 py-1.5 text-sm text-gray-600 hover:text-gray-900 hover:bg-gray-100 focus:ring-gray-500 w-10 h-10 flex items-center justify-center"[39m
            [33mdata-testid[39m=[32m"tool-rectangle"[39m
            [33mtitle[39m=[32m"Rectangle (R)"[39m
          [36m>[39m
            [36m<svg[39m
              [33mclass[39m=[32m"w-5 h-5"[39m
              [33mfill[39m=[32m"none"[39m
              [33mstroke[39m=[32m"currentColor"[39m
              [33mviewBox[39m=[32m"0 0 24 24"[39m
            [36m>[39m
              [36m<rect[39m
                [33mheight[39m=[32m"18"[39m
                [33mrx[39m=[32m"2"[39m
                [33mry[39m=[32m"2"[39m
                [33mstroke-width[39m=[32m"2"[39m
                [33mwidth[39m=[32m"18"[39m
                [33mx[39m=[32m"3"[39m
                [33my[39m=[32m"3"[39m
              [36m/>[39m
            [36m</svg>[39m
          [36m</button>[39m
        [36m</div>[39m
        [36m<div[39m
          [33mclass[39m=[32m"relative inline-block"[39m
        [36m>[39m
          [36m<button[39m
            [33maria-label[39m=[32m"Circle (C)"[39m
            [33mclass[39m=[32m"inline-flex items-center justify-center font-medium rounded-md focus:outline-none focus:ring-2 focus:ring-offset-2 transition-colors duration-200 disabled:opacity-50 disabled:cursor-not-allowed px-3 py-1.5 text-sm text-gray-600 hover:text-gray-900 hover:bg-gray-100 focus:ring-gray-500 w-10 h-10 flex items-center justify-center"[39m
            [33mdata-testid[39m=[32m"tool-circle"[39m
            [33mtitle[39m=[32m"Circle (C)"[39m
          [36m>[39m
            [36m<svg[39m
              [33mclass[39m=[32m"w-5 h-5"[39m
              [33mfill[39m=[32m"none"[39m
              [33mstroke[39m=[32m"currentColor"[39m
              [33mviewBox[39m=[32m"0 0 24 24"[39m
            [36m>[39m
              [36m<circle[39m
                [33mcx[39m=[32m"12"[39m
                [33mcy[39m=[32m"12"[39m
                [33mr[39m=[32m"9"[39m
                [33mstroke-width[39m=[32m"2"[39m
              [36m/>[39m
            [36m</svg>[39m
          [36m</button>[39m
        [36m</div>[39m
        [36m<div[39m
          [33mclass[39m=[32m"relative inline-block"[39m
        [36m>[39m
          [36m<button[39m
            [33maria-label[39m=[32m"Text (T)"[39m
            [33mclass[39m=[32m"inline-flex items-center justify-center font-medium rounded-md focus:outline-none focus:ring-2 focus:ring-offset...

    Ignored nodes: comments, script, style
    [36m<div[39m
      [33mclass[39m=[32m"flex flex-col gap-1 bg-white shadow-lg rounded-lg border p-2"[39m
    [36m>[39m
      [36m<div[39m
        [33mclass[39m=[32m"relative inline-block"[39m
      [36m>[39m
        [36m<button[39m
          [33maria-label[39m=[32m"Select (V)"[39m
          [33mclass[39m=[32m"inline-flex items-center justify-center font-medium rounded-md focus:outline-none focus:ring-2 focus:ring-offset-2 transition-colors duration-200 disabled:opacity-50 disabled:cursor-not-allowed px-3 py-1.5 text-sm text-gray-600 hover:text-gray-900 hover:bg-gray-100 focus:ring-gray-500 w-10 h-10 flex items-center justify-center bg-blue-50 text-blue-600 ring-2 ring-blue-200"[39m
          [33mdata-testid[39m=[32m"tool-select"[39m
          [33mtitle[39m=[32m"Select (V)"[39m
        [36m>[39m
          [36m<svg[39m
            [33mclass[39m=[32m"w-5 h-5"[39m
            [33mfill[39m=[32m"none"[39m
            [33mstroke[39m=[32m"currentColor"[39m
            [33mviewBox[39m=[32m"0 0 24 24"[39m
          [36m>[39m
            [36m<path[39m
              [33md[39m=[32m"M12 3l7 7-7 7-7-7z"[39m
              [33mstroke-linecap[39m=[32m"round"[39m
              [33mstroke-linejoin[39m=[32m"round"[39m
              [33mstroke-width[39m=[32m"2"[39m
            [36m/>[39m
          [36m</svg>[39m
        [36m</button>[39m
      [36m</div>[39m
      [36m<div[39m
        [33mclass[39m=[32m"relative inline-block"[39m
      [36m>[39m
        [36m<button[39m
          [33maria-label[39m=[32m"Hand tool (H)"[39m
          [33mclass[39m=[32m"inline-flex items-center justify-center font-medium rounded-md focus:outline-none focus:ring-2 focus:ring-offset-2 transition-colors duration-200 disabled:opacity-50 disabled:cursor-not-allowed px-3 py-1.5 text-sm text-gray-600 hover:text-gray-900 hover:bg-gray-100 focus:ring-gray-500 w-10 h-10 flex items-center justify-center"[39m
          [33mdata-testid[39m=[32m"tool-pan"[39m
          [33mtitle[39m=[32m"Hand tool (H)"[39m
        [36m>[39m
          [36m<svg[39m
            [33mclass[39m=[32m"w-5 h-5"[39m
            [33mfill[39m=[32m"none"[39m
            [33mstroke[39m=[32m"currentColor"[39m
            [33mviewBox[39m=[32m"0 0 24 24"[39m
          [36m>[39m
            [36m<path[39m
              [33md[39m=[32m"M7 11.5V14m0-2.5v-6a1.5 1.5 0 113 0m-3 6a1.5 1.5 0 00-3 0v2a7.5 7.5 0 0015 0v-5a1.5 1.5 0 00-3 0m-6-3V11m0-5.5v-1a1.5 1.5 0 013 0v1m0 0V11m0-5.5a1.5 1.5 0 013 0v3m0 0V11"[39m
              [33mstroke-linecap[39m=[32m"round"[39m
              [33mstroke-linejoin[39m=[32m"round"[39m
              [33mstroke-width[39m=[32m"2"[39m
            [36m/>[39m
          [36m</svg>[39m
        [36m</button>[39m
      [36m</div>[39m
      [36m<div[39m
        [33mclass[39m=[32m"relative inline-block"[39m
      [36m>[39m
        [36m<button[39m
          [33maria-label[39m=[32m"Sticky note (S)"[39m
          [33mclass[39m=[32m"inline-flex items-center justify-center font-medium rounded-md focus:outline-none focus:ring-2 focus:ring-offset-2 transition-colors duration-200 disabled:opacity-50 disabled:cursor-not-allowed px-3 py-1.5 text-sm text-gray-600 hover:text-gray-900 hover:bg-gray-100 focus:ring-gray-500 w-10 h-10 flex items-center justify-center"[39m
          [33mdata-testid[39m=[32m"tool-sticky_note"[39m
          [33mtitle[39m=[32m"Sticky note (S)"[39m
        [36m>[39m
          [36m<svg[39m
            [33mclass[39m=[32m"w-5 h-5"[39m
            [33mfill[39m=[32m"none"[39m
            [33mstroke[39m=[32m"currentColor"[39m
            [33mviewBox[39m=[32m"0 0 24 24"[39m
          [36m>[39m
            [36m<path[39m
              [33md[39m=[32m"M19 11H5m14 0a2 2 0 012 2v6a2 2 0 01-2 2H5a2 2 0 01-2-2v-6a2 2 0 012-2m14 0V9a2 2 0 00-2-2M5 11V9a2 2 0 012-2m0 0V5a2 2 0 012-2h6a2 2 0 012 2v2M7 7h10"[39m
              [33mstroke-linecap[39m=[32m"round"[39m
              [33mstroke-linejoin[39m=[32m"round"[39m
              [33mstroke-width[39m=[32m"2"[39m
            [36m/>[39m
          [36m</svg>[39m
        [36m</button>[39m
      [36m</div>[39m
      [36m<div[39m
        [33mclass[39m=[32m"relative inline-block"[39m
      [36m>[39m
        [36m<button[39m
          [33maria-label[39m=[32m"Rectangle (R)"[39m
          [33mclass[39m=[32m"inline-flex items-center justify-center font-medium rounded-md focus:outline-none focus:ring-2 focus:ring-offset-2 transition-colors duration-200 disabled:opacity-50 disabled:cursor-not-allowed px-3 py-1.5 text-sm text-gray-600 hover:text-gray-900 hover:bg-gray-100 focus:ring-gray-500 w-10 h-10 flex items-center justify-center"[39m
          [33mdata-testid[39m=[32m"tool-rectangle"[39m
          [33mtitle[39m=[32m"Rectangle (R)"[39m
        [36m>[39m
          [36m<svg[39m
            [33mclass[39m=[32m"w-5 h-5"[39m
            [33mfill[39m=[32m"none"[39m
            [33mstroke[39m=[32m"currentColor"[39m
            [33mviewBox[39m=[32m"0 0 24 24"[39m
          [36m>[39m
            [36m<rect[39m
              [33mheight[39m=[32m"18"[39m
              [33mrx[39m=[32m"2"[39m
              [33mry[39m=[32m"2"[39m
              [33mstroke-width[39m=[32m"2"[39m
              [33mwidth[39m=[32m"18"[39m
              [33mx[39m=[32m"3"[39m
              [33my[39m=[32m"3"[39m
            [36m/>[39m
          [36m</svg>[39m
        [36m</button>[39m
      [36m</div>[39m
      [36m<div[39m
        [33mclass[39m=[32m"relative inline-block"[39m
      [36m>[39m
        [36m<button[39m
          [33maria-label[39m=[32m"Circle (C)"[39m
          [33mclass[39m=[32m"inline-flex items-center justify-center font-medium rounded-md focus:outline-none focus:ring-2 focus:ring-offset-2 transition-colors duration-200 disabled:opacity-50 disabled:cursor-not-allowed px-3 py-1.5 text-sm text-gray-600 hover:text-gray-900 hover:bg-gray-100 focus:ring-gray-500 w-10 h-10 flex items-center justify-center"[39m
          [33mdata-testid[39m=[32m"tool-circle"[39m
          [33mtitle[39m=[32m"Circle (C)"[39m
        [36m>[39m
          [36m<svg[39m
            [33mclass[39m=[32m"w-5 h-5"[39m
            [33mfill[39m=[32m"none"[39m
            [33mstroke[39m=[32m"currentColor"[39m
            [33mviewBox[39m=[32m"0 0 24 24"[39m
          [36m>[39m
            [36m<circle[39m
              [33mcx[39m=[32m"12"[39m
              [33mcy[39m=[32m"12"[39m
              [33mr[39m=[32m"9"[39m
              [33mstroke-width[39m=[32m"2"[39m
            [36m/>[39m
          [36m</svg>[39m
        [36m</button>[39m
      [36m</div>[39m
      [36m<div[39m
        [33mclass[39m=[32m"relative inline-block"[39m
      [36m>[39m
        [36m<button[39m
          [33maria-label[39m=[32m"Text (T)"[39m
          [33mclass[39m=[32m"inline-flex items-center justify-center font-medium rounded-md focus:outline-none focus:ring-2 focus:ring-offset-2 transition-colors duration-200 disabled:opacity-50 disabled:cursor-not-allowed px-3 py-1.5 text-sm text-gray-600 hover:text-gray-900 hover:bg-gray-100 focus:ring-gray-500 w-10 h-10 flex items-center justify-center"[39m
          [33mdata-testid[39m=[32m"tool-text"[39m
          [33mtitle[39m=[32m"Text (T)"[39m
        [36m>[39m
          [36m<svg...

    Ignored nodes: comments, script, style
    [36m<div[39m
      [33mclass[39m=[32m"relative inline-block"[39m
    [36m>[39m
      [36m<button[39m
        [33maria-label[39m=[32m"Select (V)"[39m
        [33mclass[39m=[32m"inline-flex items-center justify-center font-medium rounded-md focus:outline-none focus:ring-2 focus:ring-offset-2 transition-colors duration-200 disabled:opacity-50 disabled:cursor-not-allowed px-3 py-1.5 text-sm text-gray-600 hover:text-gray-900 hover:bg-gray-100 focus:ring-gray-500 w-10 h-10 flex items-center justify-center bg-blue-50 text-blue-600 ring-2 ring-blue-200"[39m
        [33mdata-testid[39m=[32m"tool-select"[39m
        [33mtitle[39m=[32m"Select (V)"[39m
      [36m>[39m
        [36m<svg[39m
          [33mclass[39m=[32m"w-5 h-5"[39m
          [33mfill[39m=[32m"none"[39m
          [33mstroke[39m=[32m"currentColor"[39m
          [33mviewBox[39m=[32m"0 0 24 24"[39m
        [36m>[39m
          [36m<path[39m
            [33md[39m=[32m"M12 3l7 7-7 7-7-7z"[39m
            [33mstroke-linecap[39m=[32m"round"[39m
            [33mstroke-linejoin[39m=[32m"round"[39m
            [33mstroke-width[39m=[32m"2"[39m
          [36m/>[39m
        [36m</svg>[39m
      [36m</button>[39m
    [36m</div>[39m

    Ignored nodes: comments, script, style
    [36m<div[39m
      [33mclass[39m=[32m"relative inline-block"[39m
    [36m>[39m
      [36m<button[39m
        [33maria-label[39m=[32m"Hand tool (H)"[39m
        [33mclass[39m=[32m"inline-flex items-center justify-center font-medium rounded-md focus:outline-none focus:ring-2 focus:ring-offset-2 transition-colors duration-200 disabled:opacity-50 disabled:cursor-not-allowed px-3 py-1.5 text-sm text-gray-600 hover:text-gray-900 hover:bg-gray-100 focus:ring-gray-500 w-10 h-10 flex items-center justify-center"[39m
        [33mdata-testid[39m=[32m"tool-pan"[39m
        [33mtitle[39m=[32m"Hand tool (H)"[39m
      [36m>[39m
        [36m<svg[39m
          [33mclass[39m=[32m"w-5 h-5"[39m
          [33mfill[39m=[32m"none"[39m
          [33mstroke[39m=[32m"currentColor"[39m
          [33mviewBox[39m=[32m"0 0 24 24"[39m
        [36m>[39m
          [36m<path[39m
            [33md[39m=[32m"M7 11.5V14m0-2.5v-6a1.5 1.5 0 113 0m-3 6a1.5 1.5 0 00-3 0v2a7.5 7.5 0 0015 0v-5a1.5 1.5 0 00-3 0m-6-3V11m0-5.5v-1a1.5 1.5 0 013 0v1m0 0V11m0-5.5a1.5 1.5 0 013 0v3m0 0V11"[39m
            [33mstroke-linecap[39m=[32m"round"[39m
            [33mstroke-linejoin[39m=[32m"round"[39m
            [33mstroke-width[39m=[32m"2"[39m
          [36m/>[39m
        [36m</svg>[39m
      [36m</button>[39m
    [36m</div>[39m

    Ignored nodes: comments, script, style
    [36m<div[39m
      [33mclass[39m=[32m"relative inline-block"[39m
    [36m>[39m
      [36m<button[39m
        [33maria-label[39m=[32m"Sticky note (S)"[39m
        [33mclass[39m=[32m"inline-flex items-center justify-center font-medium rounded-md focus:outline-none focus:ring-2 focus:ring-offset-2 transition-colors duration-200 disabled:opacity-50 disabled:cursor-not-allowed px-3 py-1.5 text-sm text-gray-600 hover:text-gray-900 hover:bg-gray-100 focus:ring-gray-500 w-10 h-10 flex items-center justify-center"[39m
        [33mdata-testid[39m=[32m"tool-sticky_note"[39m
        [33mtitle[39m=[32m"Sticky note (S)"[39m
      [36m>[39m
        [36m<svg[39m
          [33mclass[39m=[32m"w-5 h-5"[39m
          [33mfill[39m=[32m"none"[39m
          [33mstroke[39m=[32m"currentColor"[39m
          [33mviewBox[39m=[32m"0 0 24 24"[39m
        [36m>[39m
          [36m<path[39m
            [33md[39m=[32m"M19 11H5m14 0a2 2 0 012 2v6a2 2 0 01-2 2H5a2 2 0 01-2-2v-6a2 2 0 012-2m14 0V9a2 2 0 00-2-2M5 11V9a2 2 0 012-2m0 0V5a2 2 0 012-2h6a2 2 0 012 2v2M7 7h10"[39m
            [33mstroke-linecap[39m=[32m"round"[39m
            [33mstroke-linejoin[39m=[32m"round"[39m
            [33mstroke-width[39m=[32m"2"[39m
          [36m/>[39m
        [36m</svg>[39m
      [36m</button>[39m
    [36m</div>[39m

    Ignored nodes: comments, script, style
    [36m<div[39m
      [33mclass[39m=[32m"relative inline-block"[39m
    [36m>[39m
      [36m<button[39m
        [33maria-label[39m=[32m"Rectangle (R)"[39m
        [33mclass[39m=[32m"inline-flex items-center justify-center font-medium rounded-md focus:outline-none focus:ring-2 focus:ring-offset-2 transition-colors duration-200 disabled:opacity-50 disabled:cursor-not-allowed px-3 py-1.5 text-sm text-gray-600 hover:text-gray-900 hover:bg-gray-100 focus:ring-gray-500 w-10 h-10 flex items-center justify-center"[39m
        [33mdata-testid[39m=[32m"tool-rectangle"[39m
        [33mtitle[39m=[32m"Rectangle (R)"[39m
      [36m>[39m
        [36m<svg[39m
          [33mclass[39m=[32m"w-5 h-5"[39m
          [33mfill[39m=[32m"none"[39m
          [33mstroke[39m=[32m"currentColor"[39m
          [33mviewBox[39m=[32m"0 0 24 24"[39m
        [36m>[39m
          [36m<rect[39m
            [33mheight[39m=[32m"18"[39m
            [33mrx[39m=[32m"2"[39m
            [33mry[39m=[32m"2"[39m
            [33mstroke-width[39m=[32m"2"[39m
            [33mwidth[39m=[32m"18"[39m
            [33mx[39m=[32m"3"[39m
            [33my[39m=[32m"3"[39m
          [36m/>[39m
        [36m</svg>[39m
      [36m</button>[39m
    [36m</div>[39m

    Ignored nodes: comments, script, style
    [36m<div[39m
      [33mclass[39m=[32m"relative inline-block"[39m
    [36m>[39m
      [36m<button[39m
        [33maria-label[39m=[32m"Circle (C)"[39m
        [33mclass[39m=[32m"inline-flex items-center justify-center font-medium rounded-md focus:outline-none focus:ring-2 focus:ring-offset-2 transition-colors duration-200 disabled:opacity-50 disabled:cursor-not-allowed px-3 py-1.5 text-sm text-gray-600 hover:text-gray-900 hover:bg-gray-100 focus:ring-gray-500 w-10 h-10 flex items-center justify-center"[39m
        [33mdata-testid[39m=[32m"tool-circle"[39m
        [33mtitle[39m=[32m"Circle (C)"[39m
      [36m>[39m
        [36m<svg[39m
          [33mclass[39m=[32m"w-5 h-5"[39m
          [33mfill[39m=[32m"none"[39m
          [33mstroke[39m=[32m"currentColor"[39m
          [33mviewBox[39m=[32m"0 0 24 24"[39m
        [36m>[39m
          [36m<circle[39m
            [33mcx[39m=[32m"12"[39m
            [33mcy[39m=[32m"12"[39m
            [33mr[39m=[32m"9"[39m
            [33mstroke-width[39m=[32m"2"[39m
          [36m/>[39m
        [36m</svg>[39m
      [36m</button>[39m
    [36m</div>[39m

    Ignored nodes: comments, script, style
    [36m<div[39m
      [33mclass[39m=[32m"relative inline-block"[39m
    [36m>[39m
      [36m<button[39m
        [33maria-label[39m=[32m"Text (T)"[39m
        [33mclass[39m=[32m"inline-flex items-center justify-center font-medium rounded-md focus:outline-none focus:ring-2 focus:ring-offset-2 transition-colors duration-200 disabled:opacity-50 disabled:cursor-not-allowed px-3 py-1.5 text-sm text-gray-600 hover:text-gray-900 hover:bg-gray-100 focus:ring-gray-500 w-10 h-10 flex items-center justify-center"[39m
        [33mdata-testid[39m=[32m"tool-text"[39m
        [33mtitle[39m=[32m"Text (T)"[39m
      [36m>[39m
        [36m<svg[39m
          [33mclass[39m=[32m"w-5 h-5"[39m
          [33mfill[39m=[32m"none"[39m
          [33mstroke[39m=[32m"currentColor"[39m
          [33mviewBox[39m=[32m"0 0 24 24"[39m
        [36m>[39m
          [36m<path[39m
            [33md[39m=[32m"M4 5h16M4 19h16M10 5v14M14 5v14"[39m
            [33mstroke-linecap[39m=[32m"round"[39m
            [33mstroke-linejoin[39m=[32m"round"[39m
            [33mstroke-width[39m=[32m"2"[39m
          [36m/>[39m
        [36m</svg>[39m
      [36m</button>[39m
    [36m</div>[39m

    Ignored nodes: comments, script, style
    [36m<div[39m
      [33mclass[39m=[32m"relative inline-block"[39m
    [36m>[39m
      [36m<button[39m
        [33maria-label[39m=[32m"Line (L)"[39m
        [33mclass[39m=[32m"inline-flex items-center justify-center font-medium rounded-md focus:outline-none focus:ring-2 focus:ring-offset-2 transition-colors duration-200 disabled:opacity-50 disabled:cursor-not-allowed px-3 py-1.5 text-sm text-gray-600 hover:text-gray-900 hover:bg-gray-100 focus:ring-gray-500 w-10 h-10 flex items-center justify-center"[39m
        [33mdata-testid[39m=[32m"tool-line"[39m
        [33mtitle[39m=[32m"Line (L)"[39m
      [36m>[39m
        [36m<svg[39m
          [33mclass[39m=[32m"w-5 h-5"[39m
          [33mfill[39m=[32m"none"[39m
          [33mstroke[39m=[32m"currentColor"[39m
          [33mviewBox[39m=[32m"0 0 24 24"[39m
        [36m>[39m
          [36m<path[39m
            [33md[39m=[32m"M4 20L20 4"[39m
            [33mstroke-linecap[39m=[32m"round"[39m
            [33mstroke-linejoin[39m=[32m"round"[39m
            [33mstroke-width[39m=[32m"2"[39m
          [36m/>[39m
        [36m</svg>[39m
      [36m</button>[39m
    [36m</div>[39m

    Ignored nodes: comments, script, style
    [36m<div[39m
      [33mclass[39m=[32m"relative inline-block"[39m
    [36m>[39m
      [36m<button[39m
        [33maria-label[39m=[32m"Pen (P)"[39m
        [33mclass[39m=[32m"inline-flex items-center justify-center font-medium rounded-md focus:outline-none focus:ring-2 focus:ring-offset-2 transition-colors duration-200 disabled:opacity-50 disabled:cursor-not-allowed px-3 py-1.5 text-sm text-gray-600 hover:text-gray-900 hover:bg-gray-100 focus:ring-gray-500 w-10 h-10 flex items-center justify-center"[39m
        [33mdata-testid[39m=[32m"tool-freehand"[39m
        [33mtitle[39m=[32m"Pen (P)"[39m
      [36m>[39m
        [36m<svg[39m
          [33mclass[39m=[32m"w-5 h-5"[39m
          [33mfill[39m=[32m"none"[39m
          [33mstroke[39m=[32m"currentColor"[39m
          [33mviewBox[39m=[32m"0 0 24 24"[39m
        [36m>[39m
          [36m<path[39m
            [33md[39m=[32m"M15.232 5.232l3.536 3.536m-2.036-5.036a2.5 2.5 0 113.536 3.536L6.5 21.036H3v-3.572L16.732 3.732z"[39m
            [33mstroke-linecap[39m=[32m"round"[39m
            [33mstroke-linejoin[39m=[32m"round"[39m
            [33mstroke-width[39m=[32m"2"[39m
          [36m/>[39m
        [36m</svg>[39m
      [36m</button>[39m
    [36m</div>[39m

    Ignored nodes: comments, script, style
    [36m<div[39m
      [33mclass[39m=[32m"h-px bg-gray-200 my-1"[39m
    [36m/>[39m

    Ignored nodes: comments, script, style
    [36m<div[39m
      [33mclass[39m=[32m"flex flex-col gap-1"[39m
    [36m>[39m
      [36m<div[39m
        [33mclass[39m=[32m"relative inline-block"[39m
      [36m>[39m
        [36m<button[39m
          [33mclass[39m=[32m"inline-flex items-center justify-center font-medium rounded-md focus:outline-none focus:ring-2 focus:ring-offset-2 transition-colors duration-200 disabled:opacity-50 disabled:cursor-not-allowed px-3 py-1.5 text-sm text-gray-600 hover:text-gray-900 hover:bg-gray-100 focus:ring-gray-500 w-10 h-10 flex items-center justify-center opacity-50"[39m
          [33mdisabled[39m=[32m""[39m
        [36m>[39m
          [36m<svg[39m
            [33mclass[39m=[32m"w-5 h-5"[39m
            [33mfill[39m=[32m"none"[39m
            [33mstroke[39m=[32m"currentColor"[39m
            [33mviewBox[39m=[32m"0 0 24 24"[39m
          [36m>[39m
            [36m<rect[39m
              [33mheight[39m=[32m"18"[39m
              [33mrx[39m=[32m"2"[39m
              [33mry[39m=[32m"2"[39m
              [33mstroke-width[39m=[32m"2"[39m
              [33mwidth[39m=[32m"18"[39m
              [33mx[39m=[32m"3"[39m
              [33my[39m=[32m"3"[39m
            [36m/>[39m
            [36m<circle[39m
              [33mcx[39m=[32m"8.5"[39m
              [33mcy[39m=[32m"8.5"[39m
              [33mr[39m=[32m"1.5"[39m
              [33mstroke-width[39m=[32m"2"[39m
            [36m/>[39m
            [36m<path[39m
              [33md[39m=[32m"m21 15-3.086-3.086a2 2 0 00-2.828 0L6 21"[39m
              [33mstroke-width[39m=[32m"2"[39m
            [36m/>[39m
          [36m</svg>[39m
        [36m</button>[39m
      [36m</div>[39m
      [36m<div[39m
        [33mclass[39m=[32m"relative inline-block"[39m
      [36m>[39m
        [36m<button[39m
          [33mclass[39m=[32m"inline-flex items-center justify-center font-medium rounded-md focus:outline-none focus:ring-2 focus:ring-offset-2 transition-colors duration-200 disabled:opacity-50 disabled:cursor-not-allowed px-3 py-1.5 text-sm text-gray-600 hover:text-gray-900 hover:bg-gray-100 focus:ring-gray-500 w-10 h-10 flex items-center justify-center opacity-50"[39m
          [33mdisabled[39m=[32m""[39m
        [36m>[39m
          [36m<svg[39m
            [33mclass[39m=[32m"w-5 h-5"[39m
            [33mfill[39m=[32m"none"[39m
            [33mstroke[39m=[32m"currentColor"[39m
            [33mviewBox[39m=[32m"0 0 24 24"[39m
          [36m>[39m
            [36m<path[39m
              [33md[39m=[32m"M13.828 10.172a4 4 0 00-5.656 0l-4 4a4 4 0 105.656 5.656l1.102-1.101m-.758-4.899a4 4 0 005.656 0l4-4a4 4 0 00-5.656-5.656l-1.1 1.1"[39m
              [33mstroke-linecap[39m=[32m"round"[39m
              [33mstroke-linejoin[39m=[32m"round"[39m
              [33mstroke-width[39m=[32m"2"[39m
            [36m/>[39m
          [36m</svg>[39m
        [36m</button>[39m
      [36m</div>[39m
      [36m<div[39m
        [33mclass[39m=[32m"relative inline-block"[39m
      [36m>[39m
        [36m<button[39m
          [33mclass[39m=[32m"inline-flex items-center justify-center font-medium rounded-md focus:outline-none focus:ring-2 focus:ring-offset-2 transition-colors duration-200 disabled:opacity-50 disabled:cursor-not-allowed px-3 py-1.5 text-sm text-gray-600 hover:text-gray-900 hover:bg-gray-100 focus:ring-gray-500 w-10 h-10 flex items-center justify-center opacity-50"[39m
          [33mdisabled[39m=[32m""[39m
        [36m>[39m
          [36m<svg[39m
            [33mclass[39m=[32m"w-5 h-5"[39m
            [33mfill[39m=[32m"none"[39m
            [33mstroke[39m=[32m"currentColor"[39m
            [33mviewBox[39m=[32m"0 0 24 24"[39m
          [36m>[39m
            [36m<path[39m
              [33md[39m=[32m"M15.232 5.232l3.536 3.536m-2.036-5.036a2.5 2.5 0 113.536 3.536L6.5 21.036H3v-3.572L16.732 3.732z"[39m
              [33mstroke-linecap[39m=[32m"round"[39m
              [33mstroke-linejoin[39m=[32m"round"[39m
              [33mstroke-width[39m=[32m"2"[39m
            [36m/>[39m
          [36m</svg>[39m
        [36m</button>[39m
      [36m</div>[39m
    [36m</div>[39m

    Ignored nodes: comments, script, style
    [36m<div[39m
      [33mclass[39m=[32m"relative inline-block"[39m
    [36m>[39m
      [36m<button[39m
        [33mclass[39m=[32m"inline-flex items-center justify-center font-medium rounded-md focus:outline-none focus:ring-2 focus:ring-offset-2 transition-colors duration-200 disabled:opacity-50 disabled:cursor-not-allowed px-3 py-1.5 text-sm text-gray-600 hover:text-gray-900 hover:bg-gray-100 focus:ring-gray-500 w-10 h-10 flex items-center justify-center opacity-50"[39m
        [33mdisabled[39m=[32m""[39m
      [36m>[39m
        [36m<svg[39m
          [33mclass[39m=[32m"w-5 h-5"[39m
          [33mfill[39m=[32m"none"[39m
          [33mstroke[39m=[32m"currentColor"[39m
          [33mviewBox[39m=[32m"0 0 24 24"[39m
        [36m>[39m
          [36m<rect[39m
            [33mheight[39m=[32m"18"[39m
            [33mrx[39m=[32m"2"[39m
            [33mry[39m=[32m"2"[39m
            [33mstroke-width[39m=[32m"2"[39m
            [33mwidth[39m=[32m"18"[39m
            [33mx[39m=[32m"3"[39m
            [33my[39m=[32m"3"[39m
          [36m/>[39m
          [36m<circle[39m
            [33mcx[39m=[32m"8.5"[39m
            [33mcy[39m=[32m"8.5"[39m
            [33mr[39m=[32m"1.5"[39m
            [33mstroke-width[39m=[32m"2"[39m
          [36m/>[39m
          [36m<path[39m
            [33md[39m=[32m"m21 15-3.086-3.086a2 2 0 00-2.828 0L6 21"[39m
            [33mstroke-width[39m=[32m"2"[39m
          [36m/>[39m
        [36m</svg>[39m
      [36m</button>[39m
    [36m</div>[39m

    Ignored nodes: comments, script, style
    [36m<div[39m
      [33mclass[39m=[32m"relative inline-block"[39m
    [36m>[39m
      [36m<button[39m
        [33mclass[39m=[32m"inline-flex items-center justify-center font-medium rounded-md focus:outline-none focus:ring-2 focus:ring-offset-2 transition-colors duration-200 disabled:opacity-50 disabled:cursor-not-allowed px-3 py-1.5 text-sm text-gray-600 hover:text-gray-900 hover:bg-gray-100 focus:ring-gray-500 w-10 h-10 flex items-center justify-center opacity-50"[39m
        [33mdisabled[39m=[32m""[39m
      [36m>[39m
        [36m<svg[39m
          [33mclass[39m=[32m"w-5 h-5"[39m
          [33mfill[39m=[32m"none"[39m
          [33mstroke[39m=[32m"currentColor"[39m
          [33mviewBox[39m=[32m"0 0 24 24"[39m
        [36m>[39m
          [36m<path[39m
            [33md[39m=[32m"M13.828 10.172a4 4 0 00-5.656 0l-4 4a4 4 0 105.656 5.656l1.102-1.101m-.758-4.899a4 4 0 005.656 0l4-4a4 4 0 00-5.656-5.656l-1.1 1.1"[39m
            [33mstroke-linecap[39m=[32m"round"[39m
            [33mstroke-linejoin[39m=[32m"round"[39m
            [33mstroke-width[39m=[32m"2"[39m
          [36m/>[39m
        [36m</svg>[39m
      [36m</button>[39m
    [36m</div>[39m

    Ignored nodes: comments, script, style
    [36m<div[39m
      [33mclass[39m=[32m"relative inline-block"[39m
    [36m>[39m
      [36m<button[39m
        [33mclass[39m=[32m"inline-flex items-center justify-center font-medium rounded-md focus:outline-none focus:ring-2 focus:ring-offset-2 transition-colors duration-200 disabled:opacity-50 disabled:cursor-not-allowed px-3 py-1.5 text-sm text-gray-600 hover:text-gray-900 hover:bg-gray-100 focus:ring-gray-500 w-10 h-10 flex items-center justify-center opacity-50"[39m
        [33mdisabled[39m=[32m""[39m
      [36m>[39m
        [36m<svg[39m
          [33mclass[39m=[32m"w-5 h-5"[39m
          [33mfill[39m=[32m"none"[39m
          [33mstroke[39m=[32m"currentColor"[39m
          [33mviewBox[39m=[32m"0 0 24 24"[39m
        [36m>[39m
          [36m<path[39m
            [33md[39m=[32m"M15.232 5.232l3.536 3.536m-2.036-5.036a2.5 2.5 0 113.536 3.536L6.5 21.036H3v-3.572L16.732 3.732z"[39m
            [33mstroke-linecap[39m=[32m"round"[39m
            [33mstroke-linejoin[39m=[32m"round"[39m
            [33mstroke-width[39m=[32m"2"[39m
          [36m/>[39m
        [36m</svg>[39m
      [36m</button>[39m
    [36m</div>[39m

    Ignored nodes: comments, script, style
    [36m<div[39m
      [33mclass[39m=[32m"mt-2 bg-white shadow-lg rounded-lg border p-2 text-xs text-gray-600"[39m
    [36m>[39m
      [36m<div[39m
        [33mclass[39m=[32m"font-medium"[39m
      [36m>[39m
        [0mCurrent Tool[0m
      [36m</div>[39m
      [36m<div[39m
        [33mclass[39m=[32m"capitalize"[39m
      [36m>[39m
        [0mselect[0m
      [36m</div>[39m
      [36m<div[39m
        [33mclass[39m=[32m"text-gray-400"[39m
      [36m>[39m
        [0mPress [0m
        [0mV[0m
      [36m</div>[39m
    [36m</div>[39m

    Ignored nodes: comments, script, style
    [36m<div[39m
      [33mclass[39m=[32m"font-medium"[39m
    [36m>[39m
      [0mCurrent Tool[0m
    [36m</div>[39m

    Ignored nodes: comments, script, style
    [36m<div[39m
      [33mclass[39m=[32m"capitalize"[39m
    [36m>[39m
      [0mselect[0m
    [36m</div>[39m

    Ignored nodes: comments, script, style
    [36m<div[39m
      [33mclass[39m=[32m"text-gray-400"[39m
    [36m>[39m
      [0mPress [0m
      [0mV[0m
    [36m</div>[39m

    Ignored nodes: comments, script, style
    [36m<div[39m
      [33mstyle[39m=[32m"position: fixed; right: 16px; top: 88px; z-index: 100;"[39m
    [36m>[39m
      [36m<div[39m
        [33mclass[39m=[32m"absolute top-4 right-4 z-40"[39m
      [36m>[39m
        [36m<div[39m
          [33mclass[39m=[32m"bg-white shadow-lg rounded-lg border p-3"[39m
        [36m>[39m
          [36m<div[39m
            [33mclass[39m=[32m"flex items-center justify-between mb-2"[39m
          [36m>[39m
            [36m<div[39m
              [33mclass[39m=[32m"flex items-center gap-2"[39m
            [36m>[39m
              [36m<div[39m
                [33mclass[39m=[32m"w-2 h-2 rounded-full bg-red-500"[39m
              [36m/>[39m
              [36m<span[39m
                [33mclass[39m=[32m"text-sm font-medium"[39m
              [36m>[39m
                [0mOffline[0m
              [36m</span>[39m
            [36m</div>[39m
            [36m<button[39m
              [33mclass[39m=[32m"inline-flex items-center justify-center font-medium rounded-md focus:outline-none focus:ring-2 focus:ring-offset-2 transition-colors duration-200 disabled:opacity-50 disabled:cursor-not-allowed px-2 py-1 text-xs text-gray-600 hover:text-gray-900 hover:bg-gray-100 focus:ring-gray-500 p-1"[39m
            [36m>[39m
              [36m<svg[39m
                [33mclass[39m=[32m"w-4 h-4"[39m
                [33mfill[39m=[32m"none"[39m
                [33mstroke[39m=[32m"currentColor"[39m
                [33mviewBox[39m=[32m"0 0 24 24"[39m
              [36m>[39m
                [36m<path[39m
                  [33md[39m=[32m"M10.325 4.317c.426-1.756 2.924-1.756 3.35 0a1.724 1.724 0 002.573 1.066c1.543-.94 3.31.826 2.37 2.37a1.724 1.724 0 001.065 2.572c1.756.426 1.756 2.924 0 3.35a1.724 1.724 0 00-1.066 2.573c.94 1.543-.826 3.31-2.37 2.37a1.724 1.724 0 00-2.572 1.065c-.426 1.756-2.924 1.756-3.35 0a1.724 1.724 0 00-2.573-1.066c-1.543.94-3.31-.826-2.37-2.37a1.724 1.724 0 00-1.065-2.572c-1.756-.426-1.756-2.924 0-3.35a1.724 1.724 0 001.066-2.573c-.94-1.543.826-3.31 2.37-2.37.996.608 2.296.07 2.572-1.065z"[39m
                  [33mstroke-linecap[39m=[32m"round"[39m
                  [33mstroke-linejoin[39m=[32m"round"[39m
                  [33mstroke-width[39m=[32m"2"[39m
                [36m/>[39m
                [36m<path[39m
                  [33md[39m=[32m"M15 12a3 3 0 11-6 0 3 3 0 016 0z"[39m
                  [33mstroke-linecap[39m=[32m"round"[39m
                  [33mstroke-linejoin[39m=[32m"round"[39m
                  [33mstroke-width[39m=[32m"2"[39m
                [36m/>[39m
              [36m</svg>[39m
            [36m</button>[39m
          [36m</div>[39m
          [36m<div[39m
            [33mclass[39m=[32m"flex items-center gap-2"[39m
          [36m>[39m
            [36m<div[39m
              [33mclass[39m=[32m"relative inline-block"[39m
            [36m>[39m
              [36m<div[39m
                [33mclass[39m=[32m"relative inline-flex items-center justify-center rounded-full bg-gray-100 overflow-hidden w-6 h-6 ring-2 ring-green-400"[39m
              [36m>[39m
                [36m<svg[39m
                  [33mclass[39m=[32m"w-3 h-3"[39m
                  [33mfill[39m=[32m"none"[39m
                  [33mstroke[39m=[32m"currentColor"[39m
                  [33mviewBox[39m=[32m"0 0 24 24"[39m
                [36m>[39m
                  [36m<path[39m
                    [33md[39m=[32m"M16 7a4 4 0 11-8 0 4 4 0 018 0zM12 14a7 7 0 00-7 7h14a7 7 0 00-7-7z"[39m
                    [33mstroke-linecap[39m=[32m"round"[39m
                    [33mstroke-linejoin[39m=[32m"round"[39m
                    [33mstroke-width[39m=[32m"2"[39m
                  [36m/>[39m
                [36m</svg>[39m
              [36m</div>[39m
            [36m</div>[39m
          [36m</div>[39m
          [36m<div[39m
            [33mclass[39m=[32m"mt-2 pt-2 border-t"[39m
          [36m>[39m
            [36m<button[39m
              [33mclass[39m=[32m"inline-flex items-center justify-center font-medium rounded-md focus:outline-none focus:ring-2 focus:ring-offset-2 transition-colors duration-200 disabled:opacity-50 disabled:cursor-not-allowed px-3 py-1.5 text-sm border border-gray-300 bg-white text-gray-700 hover:bg-gray-50 focus:ring-blue-500 w-full flex items-center gap-2"[39m
            [36m>[39m
              [36m<svg[39m
                [33mclass[39m=[32m"w-4 h-4"[39m
                [33mfill[39m=[32m"none"[39m
                [33mstroke[39m=[32m"currentColor"[39m
                [33mviewBox[39m=[32m"0 0 24 24"[39m
              [36m>[39m
                [36m<path[39m
                  [33md[39m=[32m"M12 6v6m0 0v6m0-6h6m-6 0H6"[39m
                  [33mstroke-linecap[39m=[32m"round"[39m
                  [33mstroke-linejoin[39m=[32m"round"[39m
                  [33mstroke-width[39m=[32m"2"[39m
                [36m/>[39m
              [36m</svg>[39m
              [0mInvite others[0m
            [36m</button>[39m
          [36m</div>[39m
        [36m</div>[39m
      [36m</div>[39m
    [36m</div>[39m

    Ignored nodes: comments, script, style
    [36m<div[39m
      [33mclass[39m=[32m"absolute top-4 right-4 z-40"[39m
    [36m>[39m
      [36m<div[39m
        [33mclass[39m=[32m"bg-white shadow-lg rounded-lg border p-3"[39m
      [36m>[39m
        [36m<div[39m
          [33mclass[39m=[32m"flex items-center justify-between mb-2"[39m
        [36m>[39m
          [36m<div[39m
            [33mclass[39m=[32m"flex items-center gap-2"[39m
          [36m>[39m
            [36m<div[39m
              [33mclass[39m=[32m"w-2 h-2 rounded-full bg-red-500"[39m
            [36m/>[39m
            [36m<span[39m
              [33mclass[39m=[32m"text-sm font-medium"[39m
            [36m>[39m
              [0mOffline[0m
            [36m</span>[39m
          [36m</div>[39m
          [36m<button[39m
            [33mclass[39m=[32m"inline-flex items-center justify-center font-medium rounded-md focus:outline-none focus:ring-2 focus:ring-offset-2 transition-colors duration-200 disabled:opacity-50 disabled:cursor-not-allowed px-2 py-1 text-xs text-gray-600 hover:text-gray-900 hover:bg-gray-100 focus:ring-gray-500 p-1"[39m
          [36m>[39m
            [36m<svg[39m
              [33mclass[39m=[32m"w-4 h-4"[39m
              [33mfill[39m=[32m"none"[39m
              [33mstroke[39m=[32m"currentColor"[39m
              [33mviewBox[39m=[32m"0 0 24 24"[39m
            [36m>[39m
              [36m<path[39m
                [33md[39m=[32m"M10.325 4.317c.426-1.756 2.924-1.756 3.35 0a1.724 1.724 0 002.573 1.066c1.543-.94 3.31.826 2.37 2.37a1.724 1.724 0 001.065 2.572c1.756.426 1.756 2.924 0 3.35a1.724 1.724 0 00-1.066 2.573c.94 1.543-.826 3.31-2.37 2.37a1.724 1.724 0 00-2.572 1.065c-.426 1.756-2.924 1.756-3.35 0a1.724 1.724 0 00-2.573-1.066c-1.543.94-3.31-.826-2.37-2.37a1.724 1.724 0 00-1.065-2.572c-1.756-.426-1.756-2.924 0-3.35a1.724 1.724 0 001.066-2.573c-.94-1.543.826-3.31 2.37-2.37.996.608 2.296.07 2.572-1.065z"[39m
                [33mstroke-linecap[39m=[32m"round"[39m
                [33mstroke-linejoin[39m=[32m"round"[39m
                [33mstroke-width[39m=[32m"2"[39m
              [36m/>[39m
              [36m<path[39m
                [33md[39m=[32m"M15 12a3 3 0 11-6 0 3 3 0 016 0z"[39m
                [33mstroke-linecap[39m=[32m"round"[39m
                [33mstroke-linejoin[39m=[32m"round"[39m
                [33mstroke-width[39m=[32m"2"[39m
              [36m/>[39m
            [36m</svg>[39m
          [36m</button>[39m
        [36m</div>[39m
        [36m<div[39m
          [33mclass[39m=[32m"flex items-center gap-2"[39m
        [36m>[39m
          [36m<div[39m
            [33mclass[39m=[32m"relative inline-block"[39m
          [36m>[39m
            [36m<div[39m
              [33mclass[39m=[32m"relative inline-flex items-center justify-center rounded-full bg-gray-100 overflow-hidden w-6 h-6 ring-2 ring-green-400"[39m
            [36m>[39m
              [36m<svg[39m
                [33mclass[39m=[32m"w-3 h-3"[39m
                [33mfill[39m=[32m"none"[39m
                [33mstroke[39m=[32m"currentColor"[39m
                [33mviewBox[39m=[32m"0 0 24 24"[39m
              [36m>[39m
                [36m<path[39m
                  [33md[39m=[32m"M16 7a4 4 0 11-8 0 4 4 0 018 0zM12 14a7 7 0 00-7 7h14a7 7 0 00-7-7z"[39m
                  [33mstroke-linecap[39m=[32m"round"[39m
                  [33mstroke-linejoin[39m=[32m"round"[39m
                  [33mstroke-width[39m=[32m"2"[39m
                [36m/>[39m
              [36m</svg>[39m
            [36m</div>[39m
          [36m</div>[39m
        [36m</div>[39m
        [36m<div[39m
          [33mclass[39m=[32m"mt-2 pt-2 border-t"[39m
        [36m>[39m
          [36m<button[39m
            [33mclass[39m=[32m"inline-flex items-center justify-center font-medium rounded-md focus:outline-none focus:ring-2 focus:ring-offset-2 transition-colors duration-200 disabled:opacity-50 disabled:cursor-not-allowed px-3 py-1.5 text-sm border border-gray-300 bg-white text-gray-700 hover:bg-gray-50 focus:ring-blue-500 w-full flex items-center gap-2"[39m
          [36m>[39m
            [36m<svg[39m
              [33mclass[39m=[32m"w-4 h-4"[39m
              [33mfill[39m=[32m"none"[39m
              [33mstroke[39m=[32m"currentColor"[39m
              [33mviewBox[39m=[32m"0 0 24 24"[39m
            [36m>[39m
              [36m<path[39m
                [33md[39m=[32m"M12 6v6m0 0v6m0-6h6m-6 0H6"[39m
                [33mstroke-linecap[39m=[32m"round"[39m
                [33mstroke-linejoin[39m=[32m"round"[39m
                [33mstroke-width[39m=[32m"2"[39m
              [36m/>[39m
            [36m</svg>[39m
            [0mInvite others[0m
          [36m</button>[39m
        [36m</div>[39m
      [36m</div>[39m
    [36m</div>[39m

    Ignored nodes: comments, script, style
    [36m<div[39m
      [33mclass[39m=[32m"bg-white shadow-lg rounded-lg border p-3"[39m
    [36m>[39m
      [36m<div[39m
        [33mclass[39m=[32m"flex items-center justify-between mb-2"[39m
      [36m>[39m
        [36m<div[39m
          [33mclass[39m=[32m"flex items-center gap-2"[39m
        [36m>[39m
          [36m<div[39m
            [33mclass[39m=[32m"w-2 h-2 rounded-full bg-red-500"[39m
          [36m/>[39m
          [36m<span[39m
            [33mclass[39m=[32m"text-sm font-medium"[39m
          [36m>[39m
            [0mOffline[0m
          [36m</span>[39m
        [36m</div>[39m
        [36m<button[39m
          [33mclass[39m=[32m"inline-flex items-center justify-center font-medium rounded-md focus:outline-none focus:ring-2 focus:ring-offset-2 transition-colors duration-200 disabled:opacity-50 disabled:cursor-not-allowed px-2 py-1 text-xs text-gray-600 hover:text-gray-900 hover:bg-gray-100 focus:ring-gray-500 p-1"[39m
        [36m>[39m
          [36m<svg[39m
            [33mclass[39m=[32m"w-4 h-4"[39m
            [33mfill[39m=[32m"none"[39m
            [33mstroke[39m=[32m"currentColor"[39m
            [33mviewBox[39m=[32m"0 0 24 24"[39m
          [36m>[39m
            [36m<path[39m
              [33md[39m=[32m"M10.325 4.317c.426-1.756 2.924-1.756 3.35 0a1.724 1.724 0 002.573 1.066c1.543-.94 3.31.826 2.37 2.37a1.724 1.724 0 001.065 2.572c1.756.426 1.756 2.924 0 3.35a1.724 1.724 0 00-1.066 2.573c.94 1.543-.826 3.31-2.37 2.37a1.724 1.724 0 00-2.572 1.065c-.426 1.756-2.924 1.756-3.35 0a1.724 1.724 0 00-2.573-1.066c-1.543.94-3.31-.826-2.37-2.37a1.724 1.724 0 00-1.065-2.572c-1.756-.426-1.756-2.924 0-3.35a1.724 1.724 0 001.066-2.573c-.94-1.543.826-3.31 2.37-2.37.996.608 2.296.07 2.572-1.065z"[39m
              [33mstroke-linecap[39m=[32m"round"[39m
              [33mstroke-linejoin[39m=[32m"round"[39m
              [33mstroke-width[39m=[32m"2"[39m
            [36m/>[39m
            [36m<path[39m
              [33md[39m=[32m"M15 12a3 3 0 11-6 0 3 3 0 016 0z"[39m
              [33mstroke-linecap[39m=[32m"round"[39m
              [33mstroke-linejoin[39m=[32m"round"[39m
              [33mstroke-width[39m=[32m"2"[39m
            [36m/>[39m
          [36m</svg>[39m
        [36m</button>[39m
      [36m</div>[39m
      [36m<div[39m
        [33mclass[39m=[32m"flex items-center gap-2"[39m
      [36m>[39m
        [36m<div[39m
          [33mclass[39m=[32m"relative inline-block"[39m
        [36m>[39m
          [36m<div[39m
            [33mclass[39m=[32m"relative inline-flex items-center justify-center rounded-full bg-gray-100 overflow-hidden w-6 h-6 ring-2 ring-green-400"[39m
          [36m>[39m
            [36m<svg[39m
              [33mclass[39m=[32m"w-3 h-3"[39m
              [33mfill[39m=[32m"none"[39m
              [33mstroke[39m=[32m"currentColor"[39m
              [33mviewBox[39m=[32m"0 0 24 24"[39m
            [36m>[39m
              [36m<path[39m
                [33md[39m=[32m"M16 7a4 4 0 11-8 0 4 4 0 018 0zM12 14a7 7 0 00-7 7h14a7 7 0 00-7-7z"[39m
                [33mstroke-linecap[39m=[32m"round"[39m
                [33mstroke-linejoin[39m=[32m"round"[39m
                [33mstroke-width[39m=[32m"2"[39m
              [36m/>[39m
            [36m</svg>[39m
          [36m</div>[39m
        [36m</div>[39m
      [36m</div>[39m
      [36m<div[39m
        [33mclass[39m=[32m"mt-2 pt-2 border-t"[39m
      [36m>[39m
        [36m<button[39m
          [33mclass[39m=[32m"inline-flex items-center justify-center font-medium rounded-md focus:outline-none focus:ring-2 focus:ring-offset-2 transition-colors duration-200 disabled:opacity-50 disabled:cursor-not-allowed px-3 py-1.5 text-sm border border-gray-300 bg-white text-gray-700 hover:bg-gray-50 focus:ring-blue-500 w-full flex items-center gap-2"[39m
        [36m>[39m
          [36m<svg[39m
            [33mclass[39m=[32m"w-4 h-4"[39m
            [33mfill[39m=[32m"none"[39m
            [33mstroke[39m=[32m"currentColor"[39m
            [33mviewBox[39m=[32m"0 0 24 24"[39m
          [36m>[39m
            [36m<path[39m
              [33md[39m=[32m"M12 6v6m0 0v6m0-6h6m-6 0H6"[39m
              [33mstroke-linecap[39m=[32m"round"[39m
              [33mstroke-linejoin[39m=[32m"round"[39m
              [33mstroke-width[39m=[32m"2"[39m
            [36m/>[39m
          [36m</svg>[39m
          [0mInvite others[0m
        [36m</button>[39m
      [36m</div>[39m
    [36m</div>[39m

    Ignored nodes: comments, script, style
    [36m<div[39m
      [33mclass[39m=[32m"flex items-center justify-between mb-2"[39m
    [36m>[39m
      [36m<div[39m
        [33mclass[39m=[32m"flex items-center gap-2"[39m
      [36m>[39m
        [36m<div[39m
          [33mclass[39m=[32m"w-2 h-2 rounded-full bg-red-500"[39m
        [36m/>[39m
        [36m<span[39m
          [33mclass[39m=[32m"text-sm font-medium"[39m
        [36m>[39m
          [0mOffline[0m
        [36m</span>[39m
      [36m</div>[39m
      [36m<button[39m
        [33mclass[39m=[32m"inline-flex items-center justify-center font-medium rounded-md focus:outline-none focus:ring-2 focus:ring-offset-2 transition-colors duration-200 disabled:opacity-50 disabled:cursor-not-allowed px-2 py-1 text-xs text-gray-600 hover:text-gray-900 hover:bg-gray-100 focus:ring-gray-500 p-1"[39m
      [36m>[39m
        [36m<svg[39m
          [33mclass[39m=[32m"w-4 h-4"[39m
          [33mfill[39m=[32m"none"[39m
          [33mstroke[39m=[32m"currentColor"[39m
          [33mviewBox[39m=[32m"0 0 24 24"[39m
        [36m>[39m
          [36m<path[39m
            [33md[39m=[32m"M10.325 4.317c.426-1.756 2.924-1.756 3.35 0a1.724 1.724 0 002.573 1.066c1.543-.94 3.31.826 2.37 2.37a1.724 1.724 0 001.065 2.572c1.756.426 1.756 2.924 0 3.35a1.724 1.724 0 00-1.066 2.573c.94 1.543-.826 3.31-2.37 2.37a1.724 1.724 0 00-2.572 1.065c-.426 1.756-2.924 1.756-3.35 0a1.724 1.724 0 00-2.573-1.066c-1.543.94-3.31-.826-2.37-2.37a1.724 1.724 0 00-1.065-2.572c-1.756-.426-1.756-2.924 0-3.35a1.724 1.724 0 001.066-2.573c-.94-1.543.826-3.31 2.37-2.37.996.608 2.296.07 2.572-1.065z"[39m
            [33mstroke-linecap[39m=[32m"round"[39m
            [33mstroke-linejoin[39m=[32m"round"[39m
            [33mstroke-width[39m=[32m"2"[39m
          [36m/>[39m
          [36m<path[39m
            [33md[39m=[32m"M15 12a3 3 0 11-6 0 3 3 0 016 0z"[39m
            [33mstroke-linecap[39m=[32m"round"[39m
            [33mstroke-linejoin[39m=[32m"round"[39m
            [33mstroke-width[39m=[32m"2"[39m
          [36m/>[39m
        [36m</svg>[39m
      [36m</button>[39m
    [36m</div>[39m

    Ignored nodes: comments, script, style
    [36m<div[39m
      [33mclass[39m=[32m"flex items-center gap-2"[39m
    [36m>[39m
      [36m<div[39m
        [33mclass[39m=[32m"w-2 h-2 rounded-full bg-red-500"[39m
      [36m/>[39m
      [36m<span[39m
        [33mclass[39m=[32m"text-sm font-medium"[39m
      [36m>[39m
        [0mOffline[0m
      [36m</span>[39m
    [36m</div>[39m

    Ignored nodes: comments, script, style
    [36m<div[39m
      [33mclass[39m=[32m"w-2 h-2 rounded-full bg-red-500"[39m
    [36m/>[39m

    Ignored nodes: comments, script, style
    [36m<span[39m
      [33mclass[39m=[32m"text-sm font-medium"[39m
    [36m>[39m
      [0mOffline[0m
    [36m</span>[39m

    Ignored nodes: comments, script, style
    [36m<div[39m
      [33mclass[39m=[32m"flex items-center gap-2"[39m
    [36m>[39m
      [36m<div[39m
        [33mclass[39m=[32m"relative inline-block"[39m
      [36m>[39m
        [36m<div[39m
          [33mclass[39m=[32m"relative inline-flex items-center justify-center rounded-full bg-gray-100 overflow-hidden w-6 h-6 ring-2 ring-green-400"[39m
        [36m>[39m
          [36m<svg[39m
            [33mclass[39m=[32m"w-3 h-3"[39m
            [33mfill[39m=[32m"none"[39m
            [33mstroke[39m=[32m"currentColor"[39m
            [33mviewBox[39m=[32m"0 0 24 24"[39m
          [36m>[39m
            [36m<path[39m
              [33md[39m=[32m"M16 7a4 4 0 11-8 0 4 4 0 018 0zM12 14a7 7 0 00-7 7h14a7 7 0 00-7-7z"[39m
              [33mstroke-linecap[39m=[32m"round"[39m
              [33mstroke-linejoin[39m=[32m"round"[39m
              [33mstroke-width[39m=[32m"2"[39m
            [36m/>[39m
          [36m</svg>[39m
        [36m</div>[39m
      [36m</div>[39m
    [36m</div>[39m

    Ignored nodes: comments, script, style
    [36m<div[39m
      [33mclass[39m=[32m"relative inline-block"[39m
    [36m>[39m
      [36m<div[39m
        [33mclass[39m=[32m"relative inline-flex items-center justify-center rounded-full bg-gray-100 overflow-hidden w-6 h-6 ring-2 ring-green-400"[39m
      [36m>[39m
        [36m<svg[39m
          [33mclass[39m=[32m"w-3 h-3"[39m
          [33mfill[39m=[32m"none"[39m
          [33mstroke[39m=[32m"currentColor"[39m
          [33mviewBox[39m=[32m"0 0 24 24"[39m
        [36m>[39m
          [36m<path[39m
            [33md[39m=[32m"M16 7a4 4 0 11-8 0 4 4 0 018 0zM12 14a7 7 0 00-7 7h14a7 7 0 00-7-7z"[39m
            [33mstroke-linecap[39m=[32m"round"[39m
            [33mstroke-linejoin[39m=[32m"round"[39m
            [33mstroke-width[39m=[32m"2"[39m
          [36m/>[39m
        [36m</svg>[39m
      [36m</div>[39m
    [36m</div>[39m

    Ignored nodes: comments, script, style
    [36m<div[39m
      [33mclass[39m=[32m"relative inline-flex items-center justify-center rounded-full bg-gray-100 overflow-hidden w-6 h-6 ring-2 ring-green-400"[39m
    [36m>[39m
      [36m<svg[39m
        [33mclass[39m=[32m"w-3 h-3"[39m
        [33mfill[39m=[32m"none"[39m
        [33mstroke[39m=[32m"currentColor"[39m
        [33mviewBox[39m=[32m"0 0 24 24"[39m
      [36m>[39m
        [36m<path[39m
          [33md[39m=[32m"M16 7a4 4 0 11-8 0 4 4 0 018 0zM12 14a7 7 0 00-7 7h14a7 7 0 00-7-7z"[39m
          [33mstroke-linecap[39m=[32m"round"[39m
          [33mstroke-linejoin[39m=[32m"round"[39m
          [33mstroke-width[39m=[32m"2"[39m
        [36m/>[39m
      [36m</svg>[39m
    [36m</div>[39m

    Ignored nodes: comments, script, style
    [36m<div[39m
      [33mclass[39m=[32m"mt-2 pt-2 border-t"[39m
    [36m>[39m
      [36m<button[39m
        [33mclass[39m=[32m"inline-flex items-center justify-center font-medium rounded-md focus:outline-none focus:ring-2 focus:ring-offset-2 transition-colors duration-200 disabled:opacity-50 disabled:cursor-not-allowed px-3 py-1.5 text-sm border border-gray-300 bg-white text-gray-700 hover:bg-gray-50 focus:ring-blue-500 w-full flex items-center gap-2"[39m
      [36m>[39m
        [36m<svg[39m
          [33mclass[39m=[32m"w-4 h-4"[39m
          [33mfill[39m=[32m"none"[39m
          [33mstroke[39m=[32m"currentColor"[39m
          [33mviewBox[39m=[32m"0 0 24 24"[39m
        [36m>[39m
          [36m<path[39m
            [33md[39m=[32m"M12 6v6m0 0v6m0-6h6m-6 0H6"[39m
            [33mstroke-linecap[39m=[32m"round"[39m
            [33mstroke-linejoin[39m=[32m"round"[39m
            [33mstroke-width[39m=[32m"2"[39m
          [36m/>[39m
        [36m</svg>[39m
        [0mInvite others[0m
      [36m</button>[39m
    [36m</div>[39m

    Ignored nodes: comments, script, style
    [36m<div[39m
      [33mclass[39m=[32m"absolute bottom-4 right-4 bg-white shadow-lg rounded-lg px-3 py-2 text-sm text-gray-600 border"[39m
      [33mstyle[39m=[32m"z-index: 100;"[39m
    [36m>[39m
      [36m<span>[39m
        [0mBoard: [0m
        [0mtest-board-123[0m
      [36m</span>[39m
    [36m</div>[39m

    Ignored nodes: comments, script, style
    [36m<span>[39m
      [0mBoard: [0m
      [0mtest-board-123[0m
    [36m</span>[39m

    Ignored nodes: comments, script, style
    [36m<div[39m
      [33mclass[39m=[32m"sr-only"[39m
    [36m>[39m
      [36m<div>[39m
        [0mUse V for select, S for sticky note, R for rectangle, C for circle, T for text[0m
      [36m</div>[39m
      [36m<div>[39m
        [0mUse Ctrl+A to select all, Escape to clear selection[0m
      [36m</div>[39m
      [36m<div>[39m
        [0mUse Delete to remove selected elements[0m
      [36m</div>[39m
      [36m<div>[39m
        [0mUse Ctrl+Plus/Minus to zoom, Ctrl+0 to reset zoom[0m
      [36m</div>[39m
    [36m</div>[39m

    Ignored nodes: comments, script, style
    [36m<div>[39m
      [0mUse V for select, S for sticky note, R for rectangle, C for circle, T for text[0m
    [36m</div>[39m

    Ignored nodes: comments, script, style
    [36m<div>[39m
      [0mUse Ctrl+A to select all, Escape to clear selection[0m
    [36m</div>[39m

    Ignored nodes: comments, script, style
    [36m<div>[39m
      [0mUse Delete to remove selected elements[0m
    [36m</div>[39m

    Ignored nodes: comments, script, style
    [36m<div>[39m
      [0mUse Ctrl+Plus/Minus to zoom, Ctrl+0 to reset zoom[0m
    [36m</div>[39m

    (If this is intentional, then use the `*AllBy*` variant of the query (like `queryAllByText`, `getAllByText`, or `findAllByText`)).

    Ignored nodes: comments, script, style
    [36m<body>[39m
      [36m<div>[39m
        [36m<div[39m
          [33mclass[39m=[32m"fixed inset-0 overflow-hidden bg-white focus:outline-none"[39m
          [33mstyle[39m=[32m"margin: 0px; padding: 0px;"[39m
          [33mtabindex[39m=[32m"0"[39m
        [36m>[39m
          [36m<div[39m
            [33mclass[39m=[32m"canvas-container fixed inset-0 cursor-crosshair touch-none select-none bg-gray-50 w-full h-full"[39m
            [33mstyle[39m=[32m"position: fixed; inset: 0; top: 0px; right: 0px; bottom: 0px; left: 0px; width: 100%; height: 100%; margin: 0px; padding: 0px; will-change: transform; transform: translateZ(0); z-index: 0;"[39m
          [36m>[39m
            [36m<canvas[39m
              [33mclass[39m=[32m"absolute inset-0 pointer-events-none z-0"[39m
              [33mstyle[39m=[32m"mix-blend-mode: multiply;"[39m
            [36m/>[39m
            [36m<div[39m
              [33mclass[39m=[32m"absolute inset-0 flex items-center justify-center bg-white bg-opacity-75 z-50"[39m
            [36m>[39m
              [36m<div[39m
                [33mclass[39m=[32m"animate-spin rounded-full border-2 border-gray-300 border-t-blue-600 w-8 h-8"[39m
              [36m/>[39m
            [36m</div>[39m
          [36m</div>[39m
          [36m<div[39m
            [33mclass[39m=[32m"toolbar"[39m
            [33mstyle[39m=[32m"position: fixed; top: 16px; left: 50%; transform: translateX(-50%); z-index: 100;"[39m
          [36m>[39m
            [36m<div[39m
              [33mclass[39m=[32m"absolute top-4 left-1/2 transform -translate-x-1/2 z-40 flex items-center gap-2 bg-white shadow-lg rounded-lg border p-2"[39m
            [36m>[39m
              [36m<div[39m
                [33mclass[39m=[32m"flex items-center gap-1"[39m
              [36m>[39m
                [36m<div[39m
                  [33mclass[39m=[32m"relative inline-block"[39m
                [36m>[39m
                  [36m<button[39m
                    [33mclass[39m=[32m"inline-flex items-center justify-center font-medium rounded-md focus:outline-none focus:ring-2 focus:ring-offset-2 transition-colors duration-200 disabled:opacity-50 disabled:cursor-not-allowed px-3 py-1.5 text-sm text-gray-600 hover:text-gray-900 hover:bg-gray-100 focus:ring-gray-500"[39m
                    [33mdisabled[39m=[32m""[39m
                  [36m>[39m
                    [36m<svg[39m
                      [33mclass[39m=[32m"w-4 h-4"[39m
                      [33mfill[39m=[32m"none"[39m
                      [33mstroke[39m=[32m"currentColor"[39m
                      [33mviewBox[39m=[32m"0 0 24 24"[39m
                    [36m>[39m
                      [36m<path[39m
                        [33md[39m=[32m"M3 10h10a8 8 0 018 8v2M3 10l6 6m-6-6l6-6"[39m
                        [33mstroke-linecap[39m=[32m"round"[39m
                        [33mstroke-linejoin[39m=[32m"round"[39m
                        [33mstroke-width[39m=[32m"2"[39m
                      [36m/>[39m
                    [36m</svg>[39m
                  [36m</button>[39m
                [36m</div>[39m
                [36m<div[39m
                  [33mclass[39m=[32m"relative inline-block"[39m
                [36m>[39m
                  [36m<button[39m
                    [33mclass[39m=[32m"inline-flex items-center justify-center font-medium rounded-md focus:outline-none focus:ring-2 focus:ring-offset-2 transition-colors duration-200 disabled:opacity-50 disabled:cursor-not-allowed px-3 py-1.5 text-sm text-gray-600 hover:text-gray-900 hover:bg-gray-100 focus:ring-gray-500"[39m
                    [33mdisabled[39m=[32m""[39m
                  [36m>[39m
                    [36m<svg[39m
                      [33mclass[39m=[32m"w-4 h-4"[39m
                      [33mfill[39m=[32m"none"[39m
                      [33mstroke[39m=[32m"currentColor"[39m
                      [33mviewBox[39m=[32m"0 0 24 24"[39m
                    [36m>[39m
                      [36m<path[39m
                        [33md[39m=[32m"M21 10h-10a8 8 0 00-8 8v2m18-10l-6 6m6-6l-6-6"[39m
                        [33mstroke-linecap[39m=[32m"round"[39m
                        [33mstroke-linejoin[39m=[32m"round"[39m
                        [33mstroke-width[39m=[32m"2"[39m
                      [36m/>[39m
                    [36m</svg>[39m
                  [36m</button>[39m
                [36m</div>[39m
                [36m<div[39m
                  [33mclass[39m=[32m"w-px h-6 bg-gray-200 mx-1"[39m
                [36m/>[39m
              [36m</div>[39m
              [36m<div[39m
                [33mclass[39m=[32m"flex items-center gap-1"[39m
              [36m>[39m
                [36m<div[39m
                  [33mclass[39m=[32m"relative inline-block"[39m
                [36m>[39m
                  [36m<button[39m
                    [33mclass[39m=[32m"inline-flex items-center justify-center font-medium rounded-md focus:outline-none focus:ring-2 focus:ring-offset-2 transition-colors duration-200 disabled:opacity-50 disabled:cursor-not-allowed px-3 py-1.5 text-sm text-gray-600 hover:text-gray-900 hover:bg-gray-100 focus:ring-gray-500"[39m
                  [36m>[39m
                    [36m<svg[39m
                      [33mclass[39m=[32m"w-4 h-4"[39m
                      [33mfill[39m=[32m"none"[39m
                      [33mstroke[39m=[32m"currentColor"[39m
                      [33mviewBox[39m=[32m"0 0 24 24"[39m
                    [36m>[39m
                      [36m<circle[39m
                        [33mcx[39m=[32m"11"[39m
                        [33mcy[39m=[32m"11"[39m
                        [33mr[39m=[32m"8"[39m
                        [33mstroke-width[39m=[32m"2"[39m
                      [36m/>[39m
                      [36m<path[39m
                        [33md[39m=[32m"m21 21-4.35-4.35M8 11h6"[39m
                        [33mstroke-width[39m=[32m"2"[39m
                      [36m/>[39m
                    [36m</svg>[39m
                  [36m</button>[39m
                [36m</div>[39m
                [36m<div[39m
                  [33mclass[39m=[32m"relative inline-block"[39m
                [36m>[39m
                  [36m<button[39m
                    [33mclass[39m=[32m"inline-flex items-center justify-center font-medium rounded-md focus:outline-none focus:ring-2 focus:ring-offset-2 transition-colors duration-200 disabled:opacity-50 disabled:cursor-not-allowed px-3 py-1.5 text-sm text-gray-600 hover:text-gray-900 hover:bg-gray-100 focus:ring-gray-500 min-w-16 text-sm font-mono"[39m
                  [36m>[39m
                    [0m100[0m
                    [0m%[0m
                  [36m</button>[39m
                [36m</div>[39m
                [36m<div[39m
                  [33mclass[39m=[32m"relative inline-block"[39m
                [36m>[39m
                  [36m<button[39m
                    [33mclass[39m=[32m"inline-flex items-center justify-center font-medium rounded-md focus:outline-none focus:ring-2 focus:ring-offset-2 transition-colors duration-200 disabled:opacity-50 disabled:cursor-not-allowed px-3 py-1.5 text-sm text-gray-600 hover:text-gray-900 hover:bg-gray-100 focus:ring-gray-500"[39m
                  [36m...

      329 |
      330 |       // Should show loading spinner initially
    > 331 |       const loadingSpinner = screen.queryByRole('generic', { hidden: true })
          |                                     ^
      332 |       expect(loadingSpinner).toBeInTheDocument()
      333 |     })
      334 |   })

      at Object.getElementError (node_modules/@testing-library/react/node_modules/@testing-library/dom/dist/config.js:37:19)
      at getElementError (node_modules/@testing-library/react/node_modules/@testing-library/dom/dist/query-helpers.js:20:35)
      at getMultipleElementsFoundError (node_modules/@testing-library/react/node_modules/@testing-library/dom/dist/query-helpers.js:23:10)
      at node_modules/@testing-library/react/node_modules/@testing-library/dom/dist/query-helpers.js:55:13
      at node_modules/@testing-library/react/node_modules/@testing-library/dom/dist/query-helpers.js:95:19
      at Object.queryByRole (src/__tests__/integration/whiteboard-integration.test.tsx:331:37)

Test Suites: 9 failed, 8 passed, 17 total
Tests:       59 failed, 247 passed, 306 total
Snapshots:   0 total
Time:        3.35 s
Ran all test suites.
